mGBA 0.10.5; 240x160; save=/workspace/DungeonCrawlerCarlemon/artifacts/n04/run-opq45k_3/boss-loss.sav; read-only RAM diagnostics
frame=720 map=34.4 pos=8,5 flags=7
party=2 HP=38/38,30/30 battle=0 battlers=0 outcome=0 PP=0,0 trial=1 donut-ability=0
persistent PP=8,2 status=0,0
growth level/xp/item=11/748/0,10/1058/0 stats maxHP/attack,maxHP/magic=38/26,30/15 foesHP=0,0
pattern trainer=0 turn=0 foePP=0,0 foeAtkDef=0,0 CarlAtk=0 foeLevel=0
support PP=0,0 Carl-defense=0 enemy-attack=0,0
party action uses=8,40 / 2,40
frame=721 map=34.4 pos=8,5 flags=7
party=2 HP=38/38,30/30 battle=0 battlers=0 outcome=0 PP=0,0 trial=1 donut-ability=0
persistent PP=8,2 status=0,0
growth level/xp/item=11/748/0,10/1058/0 stats maxHP/attack,maxHP/magic=38/26,30/15 foesHP=0,0
pattern trainer=0 turn=0 foePP=0,0 foeAtkDef=0,0 CarlAtk=0 foeLevel=0
support PP=0,0 Carl-defense=0 enemy-attack=0,0
party action uses=8,40 / 2,40
frame=1081 map=34.4 pos=8,5 flags=7
party=2 HP=38/38,30/30 battle=0 battlers=0 outcome=0 PP=0,0 trial=1 donut-ability=0
persistent PP=8,2 status=0,0
growth level/xp/item=11/748/0,10/1058/0 stats maxHP/attack,maxHP/magic=38/26,30/15 foesHP=0,0
pattern trainer=0 turn=0 foePP=0,0 foeAtkDef=0,0 CarlAtk=0 foeLevel=0
support PP=0,0 Carl-defense=0 enemy-attack=0,0
party action uses=8,40 / 2,40
frame=1082 map=34.4 pos=8,5 flags=7
party=2 HP=38/38,30/30 battle=0 battlers=0 outcome=0 PP=0,0 trial=1 donut-ability=0
persistent PP=8,2 status=0,0
growth level/xp/item=11/748/0,10/1058/0 stats maxHP/attack,maxHP/magic=38/26,30/15 foesHP=0,0
pattern trainer=0 turn=0 foePP=0,0 foeAtkDef=0,0 CarlAtk=0 foeLevel=0
support PP=0,0 Carl-defense=0 enemy-attack=0,0
party action uses=8,40 / 2,40
frame=1262 map=34.4 pos=8,5 flags=7
party=2 HP=38/38,30/30 battle=0 battlers=0 outcome=0 PP=0,0 trial=1 donut-ability=0
persistent PP=8,2 status=0,0
growth level/xp/item=11/748/0,10/1058/0 stats maxHP/attack,maxHP/magic=38/26,30/15 foesHP=0,0
pattern trainer=0 turn=0 foePP=0,0 foeAtkDef=0,0 CarlAtk=0 foeLevel=0
support PP=0,0 Carl-defense=0 enemy-attack=0,0
party action uses=8,40 / 2,40
frame=1263 map=34.4 pos=8,5 flags=7
party=2 HP=38/38,30/30 battle=0 battlers=0 outcome=0 PP=0,0 trial=1 donut-ability=0
persistent PP=8,2 status=0,0
growth level/xp/item=11/748/0,10/1058/0 stats maxHP/attack,maxHP/magic=38/26,30/15 foesHP=0,0
pattern trainer=0 turn=0 foePP=0,0 foeAtkDef=0,0 CarlAtk=0 foeLevel=0
support PP=0,0 Carl-defense=0 enemy-attack=0,0
party action uses=8,40 / 2,40
frame=1443 map=34.4 pos=8,5 flags=7
party=2 HP=38/38,30/30 battle=0 battlers=0 outcome=0 PP=0,0 trial=1 donut-ability=0
persistent PP=8,2 status=0,0
growth level/xp/item=11/748/0,10/1058/0 stats maxHP/attack,maxHP/magic=38/26,30/15 foesHP=0,0
pattern trainer=0 turn=0 foePP=0,0 foeAtkDef=0,0 CarlAtk=0 foeLevel=0
support PP=0,0 Carl-defense=0 enemy-attack=0,0
party action uses=8,40 / 2,40
frame=1444 map=34.4 pos=8,5 flags=7
party=2 HP=38/38,30/30 battle=0 battlers=0 outcome=0 PP=0,0 trial=1 donut-ability=0
persistent PP=8,2 status=0,0
growth level/xp/item=11/748/0,10/1058/0 stats maxHP/attack,maxHP/magic=38/26,30/15 foesHP=0,0
pattern trainer=0 turn=0 foePP=0,0 foeAtkDef=0,0 CarlAtk=0 foeLevel=0
support PP=0,0 Carl-defense=0 enemy-attack=0,0
party action uses=8,40 / 2,40
frame=2044 map=34.4 pos=8,5 flags=7
party=2 HP=38/38,30/30 battle=0 battlers=0 outcome=0 PP=0,0 trial=1 donut-ability=0
persistent PP=8,2 status=0,0
growth level/xp/item=11/748/0,10/1058/0 stats maxHP/attack,maxHP/magic=38/26,30/15 foesHP=0,0
pattern trainer=0 turn=0 foePP=0,0 foeAtkDef=0,0 CarlAtk=0 foeLevel=0
support PP=0,0 Carl-defense=0 enemy-attack=0,0
party action uses=8,40 / 2,40
frame=2044 map=34.4 pos=8,5 flags=7
party=2 HP=38/38,30/30 battle=0 battlers=0 outcome=0 PP=0,0 trial=1 donut-ability=0
persistent PP=8,2 status=0,0
growth level/xp/item=11/748/0,10/1058/0 stats maxHP/attack,maxHP/magic=38/26,30/15 foesHP=0,0
pattern trainer=0 turn=0 foePP=0,0 foeAtkDef=0,0 CarlAtk=0 foeLevel=0
support PP=0,0 Carl-defense=0 enemy-attack=0,0
party action uses=8,40 / 2,40
PASS expect 34 4 8 5 7
frame=2044 map=34.4 pos=8,5 flags=7
party=2 HP=38/38,30/30 battle=0 battlers=0 outcome=0 PP=0,0 trial=1 donut-ability=0
persistent PP=8,2 status=0,0
growth level/xp/item=11/748/0,10/1058/0 stats maxHP/attack,maxHP/magic=38/26,30/15 foesHP=0,0
pattern trainer=0 turn=0 foePP=0,0 foeAtkDef=0,0 CarlAtk=0 foeLevel=0
support PP=0,0 Carl-defense=0 enemy-attack=0,0
party action uses=8,40 / 2,40
PASS duo healthy
frame=2044 map=34.4 pos=8,5 flags=7
party=2 HP=38/38,30/30 battle=0 battlers=0 outcome=0 PP=0,0 trial=1 donut-ability=0
persistent PP=8,2 status=0,0
growth level/xp/item=11/748/0,10/1058/0 stats maxHP/attack,maxHP/magic=38/26,30/15 foesHP=0,0
pattern trainer=0 turn=0 foePP=0,0 foeAtkDef=0,0 CarlAtk=0 foeLevel=0
support PP=0,0 Carl-defense=0 enemy-attack=0,0
party action uses=8,40 / 2,40
PASS uses 8 40 2 40
frame=2044 map=34.4 pos=8,5 flags=7
party=2 HP=38/38,30/30 battle=0 battlers=0 outcome=0 PP=0,0 trial=1 donut-ability=0
persistent PP=8,2 status=0,0
growth level/xp/item=11/748/0,10/1058/0 stats maxHP/attack,maxHP/magic=38/26,30/15 foesHP=0,0
PASS growth 11 748 0 10 1058 0
pattern trainer=0 turn=0 foePP=0,0 foeAtkDef=0,0 CarlAtk=0 foeLevel=0
support PP=0,0 Carl-defense=0 enemy-attack=0,0
party action uses=8,40 / 2,40
frame=2044 map=34.4 pos=8,5 flags=7
party=2 HP=38/38,30/30 battle=0 battlers=0 outcome=0 PP=0,0 trial=1 donut-ability=0
persistent PP=8,2 status=0,0
growth level/xp/item=11/748/0,10/1058/0 stats maxHP/attack,maxHP/magic=38/26,30/15 foesHP=0,0
PASS flag 2138 0
pattern trainer=0 turn=0 foePP=0,0 foeAtkDef=0,0 CarlAtk=0 foeLevel=0
support PP=0,0 Carl-defense=0 enemy-attack=0,0
party action uses=8,40 / 2,40
frame=2044 map=34.4 pos=8,5 flags=7
party=2 HP=38/38,30/30 battle=0 battlers=0 outcome=0 PP=0,0 trial=1 donut-ability=0
persistent PP=8,2 status=0,0
growth level/xp/item=11/748/0,10/1058/0 stats maxHP/attack,maxHP/magic=38/26,30/15 foesHP=0,0
PASS flag 47 0
pattern trainer=0 turn=0 foePP=0,0 foeAtkDef=0,0 CarlAtk=0 foeLevel=0
support PP=0,0 Carl-defense=0 enemy-attack=0,0
party action uses=8,40 / 2,40
PASS tile 11 3 12816
PASS tile 12 3 12817
PASS tile 13 3 12818
PASS tile 11 4 12823
PASS tile 12 4 13848
PASS tile 13 4 12825
frame=2044 map=34.4 pos=8,5 flags=7
party=2 HP=38/38,30/30 battle=0 battlers=0 outcome=0 PP=0,0 trial=1 donut-ability=0
persistent PP=8,2 status=0,0
growth level/xp/item=11/748/0,10/1058/0 stats maxHP/attack,maxHP/magic=38/26,30/15 foesHP=0,0
PASS flag 48 0
pattern trainer=0 turn=0 foePP=0,0 foeAtkDef=0,0 CarlAtk=0 foeLevel=0
support PP=0,0 Carl-defense=0 enemy-attack=0,0
party action uses=8,40 / 2,40
frame=2045 map=34.4 pos=8,5 flags=7
party=2 HP=38/38,30/30 battle=0 battlers=0 outcome=0 PP=0,0 trial=1 donut-ability=0
persistent PP=8,2 status=0,0
growth level/xp/item=11/748/0,10/1058/0 stats maxHP/attack,maxHP/magic=38/26,30/15 foesHP=0,0
pattern trainer=858 turn=0 foePP=0,0 foeAtkDef=0,0 CarlAtk=0 foeLevel=0
support PP=0,0 Carl-defense=0 enemy-attack=0,0
party action uses=8,40 / 2,40
frame=2445 map=34.4 pos=8,5 flags=7
party=2 HP=38/38,30/30 battle=0 battlers=0 outcome=0 PP=0,0 trial=1 donut-ability=0
persistent PP=8,2 status=0,0
growth level/xp/item=11/748/0,10/1058/0 stats maxHP/attack,maxHP/magic=38/26,30/15 foesHP=0,0
pattern trainer=858 turn=0 foePP=0,0 foeAtkDef=0,0 CarlAtk=0 foeLevel=0
support PP=0,0 Carl-defense=0 enemy-attack=0,0
party action uses=8,40 / 2,40
frame=2446 map=34.4 pos=8,5 flags=7
party=2 HP=38/38,30/30 battle=0 battlers=0 outcome=0 PP=0,0 trial=1 donut-ability=0
persistent PP=8,2 status=0,0
growth level/xp/item=11/748/0,10/1058/0 stats maxHP/attack,maxHP/magic=38/26,30/15 foesHP=0,0
pattern trainer=858 turn=0 foePP=0,0 foeAtkDef=0,0 CarlAtk=0 foeLevel=0
support PP=0,0 Carl-defense=0 enemy-attack=0,0
party action uses=8,40 / 2,40
frame=2846 map=34.4 pos=8,5 flags=7
party=2 HP=38/38,30/30 battle=0 battlers=0 outcome=0 PP=0,0 trial=1 donut-ability=0
persistent PP=8,2 status=0,0
growth level/xp/item=11/748/0,10/1058/0 stats maxHP/attack,maxHP/magic=38/26,30/15 foesHP=0,0
pattern trainer=858 turn=0 foePP=0,0 foeAtkDef=0,0 CarlAtk=0 foeLevel=0
support PP=0,0 Carl-defense=0 enemy-attack=0,0
party action uses=8,40 / 2,40
frame=2847 map=34.4 pos=8,5 flags=7
party=2 HP=38/38,30/30 battle=0 battlers=0 outcome=0 PP=0,0 trial=1 donut-ability=0
persistent PP=8,2 status=0,0
growth level/xp/item=11/748/0,10/1058/0 stats maxHP/attack,maxHP/magic=38/26,30/15 foesHP=0,0
pattern trainer=858 turn=0 foePP=0,0 foeAtkDef=0,0 CarlAtk=0 foeLevel=0
support PP=0,0 Carl-defense=0 enemy-attack=0,0
party action uses=8,40 / 2,40
frame=3747 map=34.4 pos=8,5 flags=7
party=2 HP=38/38,30/30 battle=1 battlers=4 outcome=0 PP=8,2 trial=1 donut-ability=0
persistent PP=8,2 status=0,0
growth level/xp/item=11/748/0,10/1058/0 stats maxHP/attack,maxHP/magic=38/26,30/15 foesHP=42,30
pattern trainer=858 turn=0 foePP=40,40 foeAtkDef=6,6 CarlAtk=6 foeLevel=12
support PP=40,40 Carl-defense=6 enemy-attack=6,6
party action uses=8,40 / 2,40
frame=3748 map=34.4 pos=8,5 flags=7
party=2 HP=38/38,30/30 battle=1 battlers=4 outcome=0 PP=8,2 trial=1 donut-ability=0
persistent PP=8,2 status=0,0
growth level/xp/item=11/748/0,10/1058/0 stats maxHP/attack,maxHP/magic=38/26,30/15 foesHP=42,30
pattern trainer=858 turn=0 foePP=40,40 foeAtkDef=6,6 CarlAtk=6 foeLevel=12
support PP=40,40 Carl-defense=6 enemy-attack=6,6
party action uses=8,40 / 2,40
frame=4348 map=34.4 pos=8,5 flags=7
party=2 HP=38/38,30/30 battle=1 battlers=4 outcome=0 PP=8,2 trial=1 donut-ability=0
persistent PP=8,2 status=0,0
growth level/xp/item=11/748/0,10/1058/0 stats maxHP/attack,maxHP/magic=38/26,30/15 foesHP=42,30
pattern trainer=858 turn=0 foePP=40,40 foeAtkDef=6,6 CarlAtk=6 foeLevel=12
support PP=40,40 Carl-defense=6 enemy-attack=6,6
party action uses=8,40 / 2,40
frame=4349 map=34.4 pos=8,5 flags=7
party=2 HP=38/38,30/30 battle=1 battlers=4 outcome=0 PP=8,2 trial=1 donut-ability=0
persistent PP=8,2 status=0,0
growth level/xp/item=11/748/0,10/1058/0 stats maxHP/attack,maxHP/magic=38/26,30/15 foesHP=42,30
pattern trainer=858 turn=0 foePP=40,40 foeAtkDef=6,6 CarlAtk=6 foeLevel=12
support PP=40,40 Carl-defense=6 enemy-attack=6,6
party action uses=8,40 / 2,40
frame=4949 map=34.4 pos=8,5 flags=7
party=2 HP=38/38,30/30 battle=1 battlers=4 outcome=0 PP=8,2 trial=1 donut-ability=0
persistent PP=8,2 status=0,0
growth level/xp/item=11/748/0,10/1058/0 stats maxHP/attack,maxHP/magic=38/26,30/15 foesHP=42,30
pattern trainer=858 turn=0 foePP=40,40 foeAtkDef=6,6 CarlAtk=6 foeLevel=12
support PP=40,40 Carl-defense=6 enemy-attack=6,6
party action uses=8,40 / 2,40
frame=4949 map=34.4 pos=8,5 flags=7
party=2 HP=38/38,30/30 battle=1 battlers=4 outcome=0 PP=8,2 trial=1 donut-ability=0
persistent PP=8,2 status=0,0
growth level/xp/item=11/748/0,10/1058/0 stats maxHP/attack,maxHP/magic=38/26,30/15 foesHP=42,30
pattern trainer=858 turn=0 foePP=40,40 foeAtkDef=6,6 CarlAtk=6 foeLevel=12
support PP=40,40 Carl-defense=6 enemy-attack=6,6
party action uses=8,40 / 2,40
PASS battle 1 4 0 8 2 1 0
pilot frame=4949 turn=0 actor=0 menu=1 selection=0 key=1
pilot turn=0 HP=38,30 foeHP=42,30 foeAtk=6 foeDef=6 CarlAtk=6
pilot frame=4961 turn=0 actor=0 menu=2 selection=1 key=16
pilot frame=4973 turn=0 actor=0 menu=2 selection=1 key=1
pilot frame=4985 turn=0 actor=2 menu=1 selection=0 key=1
pilot frame=4997 turn=0 actor=2 menu=2 selection=1 key=16
pilot frame=5009 turn=0 actor=2 menu=2 selection=1 key=1
pilot turn=1 HP=35,30 foeHP=42,30 foeAtk=6 foeDef=6 CarlAtk=6
pilot frame=6737 turn=1 actor=0 menu=1 selection=0 key=1
pilot frame=6749 turn=1 actor=0 menu=2 selection=1 key=1
pilot frame=6761 turn=1 actor=2 menu=1 selection=0 key=1
pilot frame=6773 turn=1 actor=2 menu=2 selection=1 key=1
pilot turn=2 HP=27,27 foeHP=42,30 foeAtk=5 foeDef=6 CarlAtk=6
pilot frame=8225 turn=2 actor=0 menu=1 selection=0 key=1
pilot frame=8237 turn=2 actor=0 menu=2 selection=1 key=1
pilot frame=8249 turn=2 actor=2 menu=1 selection=0 key=1
pilot frame=8261 turn=2 actor=2 menu=2 selection=1 key=1
pilot turn=3 HP=27,24 foeHP=42,30 foeAtk=5 foeDef=6 CarlAtk=6
pilot frame=9989 turn=3 actor=0 menu=1 selection=0 key=1
pilot frame=10001 turn=3 actor=0 menu=2 selection=0 key=32
pilot frame=10013 turn=3 actor=0 menu=2 selection=0 key=1
pilot frame=10025 turn=3 actor=0 menu=3 selection=1 key=1
pilot frame=10037 turn=3 actor=2 menu=1 selection=0 key=1
pilot frame=10049 turn=3 actor=2 menu=2 selection=0 key=32
pilot frame=10061 turn=3 actor=2 menu=2 selection=0 key=1
pilot turn=4 HP=22,21 foeHP=30,24 foeAtk=5 foeDef=6 CarlAtk=6
pilot frame=10937 turn=4 actor=0 menu=1 selection=0 key=1
pilot frame=10949 turn=4 actor=0 menu=2 selection=0 key=1
pilot frame=10961 turn=4 actor=0 menu=3 selection=1 key=1
pilot frame=10973 turn=4 actor=2 menu=1 selection=0 key=1
pilot frame=10985 turn=4 actor=2 menu=2 selection=0 key=1
pilot turn=5 HP=19,21 foeHP=17,18 foeAtk=6 foeDef=6 CarlAtk=6
pilot frame=12149 turn=5 actor=0 menu=1 selection=0 key=1
pilot frame=12161 turn=5 actor=0 menu=2 selection=0 key=1
pilot frame=12173 turn=5 actor=0 menu=3 selection=1 key=1
pilot frame=12185 turn=5 actor=2 menu=1 selection=0 key=1
pilot frame=12197 turn=5 actor=2 menu=2 selection=1 key=16
pilot frame=12209 turn=5 actor=2 menu=2 selection=1 key=1
pilot turn=6 HP=11,21 foeHP=7,18 foeAtk=5 foeDef=6 CarlAtk=6
pilot frame=13445 turn=6 actor=0 menu=1 selection=0 key=1
pilot frame=13457 turn=6 actor=0 menu=2 selection=0 key=1
pilot frame=13469 turn=6 actor=0 menu=3 selection=1 key=1
pilot frame=13481 turn=6 actor=2 menu=1 selection=0 key=1
pilot frame=13493 turn=6 actor=2 menu=2 selection=1 key=1
pilot turn=7 HP=11,18 foeHP=0,18 foeAtk=6 foeDef=6 CarlAtk=6
pilot frame=15449 turn=7 actor=0 menu=1 selection=0 key=1
pilot frame=15461 turn=7 actor=0 menu=2 selection=0 key=1
pilot frame=15473 turn=7 actor=0 menu=3 selection=3 key=1
pilot frame=15485 turn=7 actor=2 menu=1 selection=0 key=1
pilot frame=15497 turn=7 actor=2 menu=2 selection=1 key=1
pilot turn=8 HP=11,15 foeHP=0,4 foeAtk=6 foeDef=6 CarlAtk=6
pilot frame=16301 turn=8 actor=0 menu=1 selection=0 key=1
pilot frame=16313 turn=8 actor=0 menu=2 selection=0 key=1
pilot frame=16325 turn=8 actor=0 menu=3 selection=3 key=1
pilot frame=16337 turn=8 actor=2 menu=1 selection=0 key=1
pilot frame=16349 turn=8 actor=2 menu=2 selection=1 key=1
pilot completed policy=fortify frames=13084 outcome=1 incapacitation=0
frame=18633 map=34.4 pos=8,5 flags=7
party=2 HP=14/41,15/30 battle=0 battlers=4 outcome=1 PP=2,0 trial=1 donut-ability=0
persistent PP=2,0 status=0,0
growth level/xp/item=12/974/0,10/1284/0 stats maxHP/attack,maxHP/magic=41/28,30/15 foesHP=0,0
pattern trainer=858 turn=8 foePP=36,37 foeAtkDef=6,6 CarlAtk=6 foeLevel=12
support PP=37,33 Carl-defense=9 enemy-attack=6,6
party action uses=2,37 / 0,33
frame=18634 map=34.4 pos=8,5 flags=7
party=2 HP=14/41,15/30 battle=0 battlers=4 outcome=1 PP=2,0 trial=1 donut-ability=0
persistent PP=2,0 status=0,0
growth level/xp/item=12/974/0,10/1284/0 stats maxHP/attack,maxHP/magic=41/28,30/15 foesHP=0,0
pattern trainer=858 turn=8 foePP=36,37 foeAtkDef=6,6 CarlAtk=6 foeLevel=12
support PP=37,33 Carl-defense=9 enemy-attack=6,6
party action uses=2,37 / 0,33
frame=19034 map=34.4 pos=8,5 flags=7
party=2 HP=14/41,15/30 battle=0 battlers=4 outcome=1 PP=2,0 trial=1 donut-ability=0
persistent PP=2,0 status=0,0
growth level/xp/item=12/974/0,10/1284/0 stats maxHP/attack,maxHP/magic=41/28,30/15 foesHP=0,0
pattern trainer=858 turn=8 foePP=36,37 foeAtkDef=6,6 CarlAtk=6 foeLevel=12
support PP=37,33 Carl-defense=9 enemy-attack=6,6
party action uses=2,37 / 0,33
frame=19035 map=34.4 pos=8,5 flags=7
party=2 HP=14/41,15/30 battle=0 battlers=4 outcome=1 PP=2,0 trial=1 donut-ability=0
persistent PP=2,0 status=0,0
growth level/xp/item=12/974/0,10/1284/0 stats maxHP/attack,maxHP/magic=41/28,30/15 foesHP=0,0
pattern trainer=858 turn=8 foePP=36,37 foeAtkDef=6,6 CarlAtk=6 foeLevel=12
support PP=37,33 Carl-defense=9 enemy-attack=6,6
party action uses=2,37 / 0,33
frame=19435 map=34.4 pos=8,5 flags=7
party=2 HP=14/41,15/30 battle=0 battlers=4 outcome=1 PP=2,0 trial=1 donut-ability=0
persistent PP=2,0 status=0,0
growth level/xp/item=12/974/0,10/1284/0 stats maxHP/attack,maxHP/magic=41/28,30/15 foesHP=0,0
pattern trainer=858 turn=8 foePP=36,37 foeAtkDef=6,6 CarlAtk=6 foeLevel=12
support PP=37,33 Carl-defense=9 enemy-attack=6,6
party action uses=2,37 / 0,33
frame=19436 map=34.4 pos=8,5 flags=7
party=2 HP=14/41,15/30 battle=0 battlers=4 outcome=1 PP=2,0 trial=1 donut-ability=0
persistent PP=2,0 status=0,0
growth level/xp/item=12/974/0,10/1284/0 stats maxHP/attack,maxHP/magic=41/28,30/15 foesHP=0,0
pattern trainer=858 turn=8 foePP=36,37 foeAtkDef=6,6 CarlAtk=6 foeLevel=12
support PP=37,33 Carl-defense=9 enemy-attack=6,6
party action uses=2,37 / 0,33
frame=19836 map=34.4 pos=8,5 flags=7
party=2 HP=14/41,15/30 battle=0 battlers=4 outcome=1 PP=2,0 trial=1 donut-ability=0
persistent PP=2,0 status=0,0
growth level/xp/item=12/974/0,10/1284/0 stats maxHP/attack,maxHP/magic=41/28,30/15 foesHP=0,0
pattern trainer=858 turn=8 foePP=36,37 foeAtkDef=6,6 CarlAtk=6 foeLevel=12
support PP=37,33 Carl-defense=9 enemy-attack=6,6
party action uses=2,37 / 0,33
frame=19837 map=34.4 pos=8,5 flags=7
party=2 HP=14/41,15/30 battle=0 battlers=4 outcome=1 PP=2,0 trial=1 donut-ability=0
persistent PP=2,0 status=0,0
growth level/xp/item=12/974/0,10/1284/0 stats maxHP/attack,maxHP/magic=41/28,30/15 foesHP=0,0
pattern trainer=858 turn=8 foePP=36,37 foeAtkDef=6,6 CarlAtk=6 foeLevel=12
support PP=37,33 Carl-defense=9 enemy-attack=6,6
party action uses=2,37 / 0,33
frame=20237 map=34.4 pos=8,5 flags=7
party=2 HP=14/41,15/30 battle=0 battlers=4 outcome=1 PP=2,0 trial=1 donut-ability=0
persistent PP=2,0 status=0,0
growth level/xp/item=12/974/0,10/1284/0 stats maxHP/attack,maxHP/magic=41/28,30/15 foesHP=0,0
pattern trainer=858 turn=8 foePP=36,37 foeAtkDef=6,6 CarlAtk=6 foeLevel=12
support PP=37,33 Carl-defense=9 enemy-attack=6,6
party action uses=2,37 / 0,33
frame=20238 map=34.4 pos=8,5 flags=7
party=2 HP=14/41,15/30 battle=0 battlers=4 outcome=1 PP=2,0 trial=1 donut-ability=0
persistent PP=2,0 status=0,0
growth level/xp/item=12/974/0,10/1284/0 stats maxHP/attack,maxHP/magic=41/28,30/15 foesHP=0,0
pattern trainer=858 turn=8 foePP=36,37 foeAtkDef=6,6 CarlAtk=6 foeLevel=12
support PP=37,33 Carl-defense=9 enemy-attack=6,6
party action uses=2,37 / 0,33
frame=20638 map=34.4 pos=8,5 flags=7
party=2 HP=14/41,15/30 battle=0 battlers=4 outcome=1 PP=2,0 trial=1 donut-ability=0
persistent PP=2,0 status=0,0
growth level/xp/item=12/974/0,10/1284/0 stats maxHP/attack,maxHP/magic=41/28,30/15 foesHP=0,0
pattern trainer=858 turn=8 foePP=36,37 foeAtkDef=6,6 CarlAtk=6 foeLevel=12
support PP=37,33 Carl-defense=9 enemy-attack=6,6
party action uses=2,37 / 0,33
frame=20639 map=34.4 pos=8,5 flags=7
party=2 HP=14/41,15/30 battle=0 battlers=4 outcome=1 PP=2,0 trial=1 donut-ability=0
persistent PP=2,0 status=0,0
growth level/xp/item=12/974/0,10/1284/0 stats maxHP/attack,maxHP/magic=41/28,30/15 foesHP=0,0
pattern trainer=858 turn=8 foePP=36,37 foeAtkDef=6,6 CarlAtk=6 foeLevel=12
support PP=37,33 Carl-defense=9 enemy-attack=6,6
party action uses=2,37 / 0,33
frame=21039 map=34.4 pos=8,5 flags=7
party=2 HP=14/41,15/30 battle=0 battlers=4 outcome=1 PP=2,0 trial=1 donut-ability=0
persistent PP=2,0 status=0,0
growth level/xp/item=12/974/0,10/1284/0 stats maxHP/attack,maxHP/magic=41/28,30/15 foesHP=0,0
pattern trainer=858 turn=8 foePP=36,37 foeAtkDef=6,6 CarlAtk=6 foeLevel=12
support PP=37,33 Carl-defense=9 enemy-attack=6,6
party action uses=2,37 / 0,33
frame=21040 map=34.4 pos=8,5 flags=7
party=2 HP=14/41,15/30 battle=0 battlers=4 outcome=1 PP=2,0 trial=1 donut-ability=0
persistent PP=2,0 status=0,0
growth level/xp/item=12/974/0,10/1284/0 stats maxHP/attack,maxHP/magic=41/28,30/15 foesHP=0,0
pattern trainer=858 turn=8 foePP=36,37 foeAtkDef=6,6 CarlAtk=6 foeLevel=12
support PP=37,33 Carl-defense=9 enemy-attack=6,6
party action uses=2,37 / 0,33
frame=21160 map=34.4 pos=8,5 flags=7
party=2 HP=14/41,15/30 battle=0 battlers=4 outcome=1 PP=2,0 trial=1 donut-ability=0
persistent PP=2,0 status=0,0
growth level/xp/item=12/974/0,10/1284/0 stats maxHP/attack,maxHP/magic=41/28,30/15 foesHP=0,0
pattern trainer=858 turn=8 foePP=36,37 foeAtkDef=6,6 CarlAtk=6 foeLevel=12
support PP=37,33 Carl-defense=9 enemy-attack=6,6
party action uses=2,37 / 0,33
frame=21160 map=34.4 pos=8,5 flags=7
party=2 HP=14/41,15/30 battle=0 battlers=4 outcome=1 PP=2,0 trial=1 donut-ability=0
persistent PP=2,0 status=0,0
growth level/xp/item=12/974/0,10/1284/0 stats maxHP/attack,maxHP/magic=41/28,30/15 foesHP=0,0
pattern trainer=858 turn=8 foePP=36,37 foeAtkDef=6,6 CarlAtk=6 foeLevel=12
support PP=37,33 Carl-defense=9 enemy-attack=6,6
party action uses=2,37 / 0,33
PASS expect 34 4 8 5 7
frame=21160 map=34.4 pos=8,5 flags=7
party=2 HP=14/41,15/30 battle=0 battlers=4 outcome=1 PP=2,0 trial=1 donut-ability=0
persistent PP=2,0 status=0,0
growth level/xp/item=12/974/0,10/1284/0 stats maxHP/attack,maxHP/magic=41/28,30/15 foesHP=0,0
PASS flag 2138 1
pattern trainer=858 turn=8 foePP=36,37 foeAtkDef=6,6 CarlAtk=6 foeLevel=12
support PP=37,33 Carl-defense=9 enemy-attack=6,6
party action uses=2,37 / 0,33
frame=21160 map=34.4 pos=8,5 flags=7
party=2 HP=14/41,15/30 battle=0 battlers=4 outcome=1 PP=2,0 trial=1 donut-ability=0
persistent PP=2,0 status=0,0
growth level/xp/item=12/974/0,10/1284/0 stats maxHP/attack,maxHP/magic=41/28,30/15 foesHP=0,0
PASS flag 37 1
pattern trainer=858 turn=8 foePP=36,37 foeAtkDef=6,6 CarlAtk=6 foeLevel=12
support PP=37,33 Carl-defense=9 enemy-attack=6,6
party action uses=2,37 / 0,33
frame=21160 map=34.4 pos=8,5 flags=7
party=2 HP=14/41,15/30 battle=0 battlers=4 outcome=1 PP=2,0 trial=1 donut-ability=0
persistent PP=2,0 status=0,0
growth level/xp/item=12/974/0,10/1284/0 stats maxHP/attack,maxHP/magic=41/28,30/15 foesHP=0,0
PASS flag 47 1
pattern trainer=858 turn=8 foePP=36,37 foeAtkDef=6,6 CarlAtk=6 foeLevel=12
support PP=37,33 Carl-defense=9 enemy-attack=6,6
party action uses=2,37 / 0,33
frame=21160 map=34.4 pos=8,5 flags=7
party=2 HP=14/41,15/30 battle=0 battlers=4 outcome=1 PP=2,0 trial=1 donut-ability=0
persistent PP=2,0 status=0,0
growth level/xp/item=12/974/0,10/1284/0 stats maxHP/attack,maxHP/magic=41/28,30/15 foesHP=0,0
PASS flag 48 0
pattern trainer=858 turn=8 foePP=36,37 foeAtkDef=6,6 CarlAtk=6 foeLevel=12
support PP=37,33 Carl-defense=9 enemy-attack=6,6
party action uses=2,37 / 0,33
frame=21160 map=34.4 pos=8,5 flags=7
party=2 HP=14/41,15/30 battle=0 battlers=4 outcome=1 PP=2,0 trial=1 donut-ability=0
persistent PP=2,0 status=0,0
growth level/xp/item=12/974/0,10/1284/0 stats maxHP/attack,maxHP/magic=41/28,30/15 foesHP=0,0
PASS growth 12 974 0 10 1284 0
pattern trainer=858 turn=8 foePP=36,37 foeAtkDef=6,6 CarlAtk=6 foeLevel=12
support PP=37,33 Carl-defense=9 enemy-attack=6,6
party action uses=2,37 / 0,33
frame=21161 map=34.4 pos=8,5 flags=7
party=2 HP=14/41,15/30 battle=0 battlers=4 outcome=1 PP=2,0 trial=1 donut-ability=0
persistent PP=2,0 status=0,0
growth level/xp/item=12/974/0,10/1284/0 stats maxHP/attack,maxHP/magic=41/28,30/15 foesHP=0,0
pattern trainer=858 turn=8 foePP=36,37 foeAtkDef=6,6 CarlAtk=6 foeLevel=12
support PP=37,33 Carl-defense=9 enemy-attack=6,6
party action uses=2,37 / 0,33
frame=21561 map=34.4 pos=8,5 flags=7
party=2 HP=14/41,15/30 battle=0 battlers=4 outcome=1 PP=2,0 trial=1 donut-ability=0
persistent PP=2,0 status=0,0
growth level/xp/item=12/974/0,10/1284/0 stats maxHP/attack,maxHP/magic=41/28,30/15 foesHP=0,0
pattern trainer=858 turn=8 foePP=36,37 foeAtkDef=6,6 CarlAtk=6 foeLevel=12
support PP=37,33 Carl-defense=9 enemy-attack=6,6
party action uses=2,37 / 0,33
frame=21562 map=34.4 pos=8,5 flags=7
party=2 HP=14/41,15/30 battle=0 battlers=4 outcome=1 PP=2,0 trial=1 donut-ability=0
persistent PP=2,0 status=0,0
growth level/xp/item=12/974/0,10/1284/0 stats maxHP/attack,maxHP/magic=41/28,30/15 foesHP=0,0
pattern trainer=858 turn=8 foePP=36,37 foeAtkDef=6,6 CarlAtk=6 foeLevel=12
support PP=37,33 Carl-defense=9 enemy-attack=6,6
party action uses=2,37 / 0,33
frame=21682 map=34.4 pos=8,5 flags=7
party=2 HP=14/41,15/30 battle=0 battlers=4 outcome=1 PP=2,0 trial=1 donut-ability=0
persistent PP=2,0 status=0,0
growth level/xp/item=12/974/0,10/1284/0 stats maxHP/attack,maxHP/magic=41/28,30/15 foesHP=0,0
pattern trainer=858 turn=8 foePP=36,37 foeAtkDef=6,6 CarlAtk=6 foeLevel=12
support PP=37,33 Carl-defense=9 enemy-attack=6,6
party action uses=2,37 / 0,33
frame=21683 map=34.4 pos=8,5 flags=7
party=2 HP=14/41,15/30 battle=0 battlers=4 outcome=1 PP=2,0 trial=1 donut-ability=0
persistent PP=2,0 status=0,0
growth level/xp/item=12/974/0,10/1284/0 stats maxHP/attack,maxHP/magic=41/28,30/15 foesHP=0,0
pattern trainer=858 turn=8 foePP=36,37 foeAtkDef=6,6 CarlAtk=6 foeLevel=12
support PP=37,33 Carl-defense=9 enemy-attack=6,6
party action uses=2,37 / 0,33
frame=21803 map=34.4 pos=8,5 flags=7
party=2 HP=14/41,15/30 battle=0 battlers=4 outcome=1 PP=2,0 trial=1 donut-ability=0
persistent PP=2,0 status=0,0
growth level/xp/item=12/974/0,10/1284/0 stats maxHP/attack,maxHP/magic=41/28,30/15 foesHP=0,0
pattern trainer=858 turn=8 foePP=36,37 foeAtkDef=6,6 CarlAtk=6 foeLevel=12
support PP=37,33 Carl-defense=9 enemy-attack=6,6
party action uses=2,37 / 0,33
frame=21804 map=34.4 pos=8,5 flags=7
party=2 HP=14/41,15/30 battle=0 battlers=4 outcome=1 PP=2,0 trial=1 donut-ability=0
persistent PP=2,0 status=0,0
growth level/xp/item=12/974/0,10/1284/0 stats maxHP/attack,maxHP/magic=41/28,30/15 foesHP=0,0
pattern trainer=858 turn=8 foePP=36,37 foeAtkDef=6,6 CarlAtk=6 foeLevel=12
support PP=37,33 Carl-defense=9 enemy-attack=6,6
party action uses=2,37 / 0,33
frame=21924 map=34.4 pos=8,5 flags=7
party=2 HP=14/41,15/30 battle=0 battlers=4 outcome=1 PP=2,0 trial=1 donut-ability=0
persistent PP=2,0 status=0,0
growth level/xp/item=12/974/0,10/1284/0 stats maxHP/attack,maxHP/magic=41/28,30/15 foesHP=0,0
pattern trainer=858 turn=8 foePP=36,37 foeAtkDef=6,6 CarlAtk=6 foeLevel=12
support PP=37,33 Carl-defense=9 enemy-attack=6,6
party action uses=2,37 / 0,33
frame=21925 map=34.4 pos=8,5 flags=7
party=2 HP=14/41,15/30 battle=0 battlers=4 outcome=1 PP=2,0 trial=1 donut-ability=0
persistent PP=2,0 status=0,0
growth level/xp/item=12/974/0,10/1284/0 stats maxHP/attack,maxHP/magic=41/28,30/15 foesHP=0,0
pattern trainer=858 turn=8 foePP=36,37 foeAtkDef=6,6 CarlAtk=6 foeLevel=12
support PP=37,33 Carl-defense=9 enemy-attack=6,6
party action uses=2,37 / 0,33
frame=22045 map=34.4 pos=8,5 flags=7
party=2 HP=14/41,15/30 battle=0 battlers=4 outcome=1 PP=2,0 trial=1 donut-ability=0
persistent PP=2,0 status=0,0
growth level/xp/item=12/974/0,10/1284/0 stats maxHP/attack,maxHP/magic=41/28,30/15 foesHP=0,0
pattern trainer=858 turn=8 foePP=36,37 foeAtkDef=6,6 CarlAtk=6 foeLevel=12
support PP=37,33 Carl-defense=9 enemy-attack=6,6
party action uses=2,37 / 0,33
frame=22045 map=34.4 pos=8,5 flags=7
party=2 HP=14/41,15/30 battle=0 battlers=4 outcome=1 PP=2,0 trial=1 donut-ability=0
persistent PP=2,0 status=0,0
growth level/xp/item=12/974/0,10/1284/0 stats maxHP/attack,maxHP/magic=41/28,30/15 foesHP=0,0
pattern trainer=858 turn=8 foePP=36,37 foeAtkDef=6,6 CarlAtk=6 foeLevel=12
support PP=37,33 Carl-defense=9 enemy-attack=6,6
party action uses=2,37 / 0,33
PASS expect 34 4 8 5 7
frame=22045 map=34.4 pos=8,5 flags=7
party=2 HP=14/41,15/30 battle=0 battlers=4 outcome=1 PP=2,0 trial=1 donut-ability=0
persistent PP=2,0 status=0,0
growth level/xp/item=12/974/0,10/1284/0 stats maxHP/attack,maxHP/magic=41/28,30/15 foesHP=0,0
PASS flag 2138 1
pattern trainer=858 turn=8 foePP=36,37 foeAtkDef=6,6 CarlAtk=6 foeLevel=12
support PP=37,33 Carl-defense=9 enemy-attack=6,6
party action uses=2,37 / 0,33
frame=22045 map=34.4 pos=8,5 flags=7
party=2 HP=14/41,15/30 battle=0 battlers=4 outcome=1 PP=2,0 trial=1 donut-ability=0
persistent PP=2,0 status=0,0
growth level/xp/item=12/974/0,10/1284/0 stats maxHP/attack,maxHP/magic=41/28,30/15 foesHP=0,0
PASS flag 37 1
pattern trainer=858 turn=8 foePP=36,37 foeAtkDef=6,6 CarlAtk=6 foeLevel=12
support PP=37,33 Carl-defense=9 enemy-attack=6,6
party action uses=2,37 / 0,33
frame=22045 map=34.4 pos=8,5 flags=7
party=2 HP=14/41,15/30 battle=0 battlers=4 outcome=1 PP=2,0 trial=1 donut-ability=0
persistent PP=2,0 status=0,0
growth level/xp/item=12/974/0,10/1284/0 stats maxHP/attack,maxHP/magic=41/28,30/15 foesHP=0,0
PASS flag 47 1
pattern trainer=858 turn=8 foePP=36,37 foeAtkDef=6,6 CarlAtk=6 foeLevel=12
support PP=37,33 Carl-defense=9 enemy-attack=6,6
party action uses=2,37 / 0,33
frame=22045 map=34.4 pos=8,5 flags=7
party=2 HP=14/41,15/30 battle=0 battlers=4 outcome=1 PP=2,0 trial=1 donut-ability=0
persistent PP=2,0 status=0,0
growth level/xp/item=12/974/0,10/1284/0 stats maxHP/attack,maxHP/magic=41/28,30/15 foesHP=0,0
PASS flag 48 0
pattern trainer=858 turn=8 foePP=36,37 foeAtkDef=6,6 CarlAtk=6 foeLevel=12
support PP=37,33 Carl-defense=9 enemy-attack=6,6
party action uses=2,37 / 0,33
frame=22045 map=34.4 pos=8,5 flags=7
party=2 HP=14/41,15/30 battle=0 battlers=4 outcome=1 PP=2,0 trial=1 donut-ability=0
persistent PP=2,0 status=0,0
growth level/xp/item=12/974/0,10/1284/0 stats maxHP/attack,maxHP/magic=41/28,30/15 foesHP=0,0
PASS growth 12 974 0 10 1284 0
pattern trainer=858 turn=8 foePP=36,37 foeAtkDef=6,6 CarlAtk=6 foeLevel=12
support PP=37,33 Carl-defense=9 enemy-attack=6,6
party action uses=2,37 / 0,33
frame=22046 map=34.4 pos=8,5 flags=7
party=2 HP=14/41,15/30 battle=0 battlers=4 outcome=1 PP=2,0 trial=1 donut-ability=0
persistent PP=2,0 status=0,0
growth level/xp/item=12/974/0,10/1284/0 stats maxHP/attack,maxHP/magic=41/28,30/15 foesHP=0,0
pattern trainer=858 turn=8 foePP=36,37 foeAtkDef=6,6 CarlAtk=6 foeLevel=12
support PP=37,33 Carl-defense=9 enemy-attack=6,6
party action uses=2,37 / 0,33
frame=22166 map=34.4 pos=8,5 flags=7
party=2 HP=14/41,15/30 battle=0 battlers=4 outcome=1 PP=2,0 trial=1 donut-ability=0
persistent PP=2,0 status=0,0
growth level/xp/item=12/974/0,10/1284/0 stats maxHP/attack,maxHP/magic=41/28,30/15 foesHP=0,0
pattern trainer=858 turn=8 foePP=36,37 foeAtkDef=6,6 CarlAtk=6 foeLevel=12
support PP=37,33 Carl-defense=9 enemy-attack=6,6
party action uses=2,37 / 0,33
frame=22167 map=34.4 pos=8,5 flags=7
party=2 HP=14/41,15/30 battle=0 battlers=4 outcome=1 PP=2,0 trial=1 donut-ability=0
persistent PP=2,0 status=0,0
growth level/xp/item=12/974/0,10/1284/0 stats maxHP/attack,maxHP/magic=41/28,30/15 foesHP=0,0
pattern trainer=858 turn=8 foePP=36,37 foeAtkDef=6,6 CarlAtk=6 foeLevel=12
support PP=37,33 Carl-defense=9 enemy-attack=6,6
party action uses=2,37 / 0,33
frame=22187 map=34.4 pos=8,5 flags=7
party=2 HP=14/41,15/30 battle=0 battlers=4 outcome=1 PP=2,0 trial=1 donut-ability=0
persistent PP=2,0 status=0,0
growth level/xp/item=12/974/0,10/1284/0 stats maxHP/attack,maxHP/magic=41/28,30/15 foesHP=0,0
pattern trainer=858 turn=8 foePP=36,37 foeAtkDef=6,6 CarlAtk=6 foeLevel=12
support PP=37,33 Carl-defense=9 enemy-attack=6,6
party action uses=2,37 / 0,33
frame=22188 map=34.4 pos=8,5 flags=7
party=2 HP=14/41,15/30 battle=0 battlers=4 outcome=1 PP=2,0 trial=1 donut-ability=0
persistent PP=2,0 status=0,0
growth level/xp/item=12/974/0,10/1284/0 stats maxHP/attack,maxHP/magic=41/28,30/15 foesHP=0,0
pattern trainer=858 turn=8 foePP=36,37 foeAtkDef=6,6 CarlAtk=6 foeLevel=12
support PP=37,33 Carl-defense=9 enemy-attack=6,6
party action uses=2,37 / 0,33
frame=22208 map=34.4 pos=8,5 flags=7
party=2 HP=14/41,15/30 battle=0 battlers=4 outcome=1 PP=2,0 trial=1 donut-ability=0
persistent PP=2,0 status=0,0
growth level/xp/item=12/974/0,10/1284/0 stats maxHP/attack,maxHP/magic=41/28,30/15 foesHP=0,0
pattern trainer=858 turn=8 foePP=36,37 foeAtkDef=6,6 CarlAtk=6 foeLevel=12
support PP=37,33 Carl-defense=9 enemy-attack=6,6
party action uses=2,37 / 0,33
frame=22209 map=34.4 pos=8,5 flags=7
party=2 HP=14/41,15/30 battle=0 battlers=4 outcome=1 PP=2,0 trial=1 donut-ability=0
persistent PP=2,0 status=0,0
growth level/xp/item=12/974/0,10/1284/0 stats maxHP/attack,maxHP/magic=41/28,30/15 foesHP=0,0
pattern trainer=858 turn=8 foePP=36,37 foeAtkDef=6,6 CarlAtk=6 foeLevel=12
support PP=37,33 Carl-defense=9 enemy-attack=6,6
party action uses=2,37 / 0,33
frame=22369 map=34.4 pos=8,5 flags=7
party=2 HP=14/41,15/30 battle=0 battlers=4 outcome=1 PP=2,0 trial=1 donut-ability=0
persistent PP=2,0 status=0,0
growth level/xp/item=12/974/0,10/1284/0 stats maxHP/attack,maxHP/magic=41/28,30/15 foesHP=0,0
pattern trainer=858 turn=8 foePP=36,37 foeAtkDef=6,6 CarlAtk=6 foeLevel=12
support PP=37,33 Carl-defense=9 enemy-attack=6,6
party action uses=2,37 / 0,33
frame=22370 map=34.4 pos=8,5 flags=7
party=2 HP=14/41,15/30 battle=0 battlers=4 outcome=1 PP=2,0 trial=1 donut-ability=0
persistent PP=2,0 status=0,0
growth level/xp/item=12/974/0,10/1284/0 stats maxHP/attack,maxHP/magic=41/28,30/15 foesHP=0,0
pattern trainer=858 turn=8 foePP=36,37 foeAtkDef=6,6 CarlAtk=6 foeLevel=12
support PP=37,33 Carl-defense=9 enemy-attack=6,6
party action uses=2,37 / 0,33
frame=22550 map=34.4 pos=8,5 flags=7
party=2 HP=14/41,15/30 battle=0 battlers=4 outcome=1 PP=2,0 trial=1 donut-ability=0
persistent PP=2,0 status=0,0
growth level/xp/item=12/974/0,10/1284/0 stats maxHP/attack,maxHP/magic=41/28,30/15 foesHP=0,0
pattern trainer=858 turn=8 foePP=36,37 foeAtkDef=6,6 CarlAtk=6 foeLevel=12
support PP=37,33 Carl-defense=9 enemy-attack=6,6
party action uses=2,37 / 0,33
frame=22551 map=34.4 pos=8,5 flags=7
party=2 HP=14/41,15/30 battle=0 battlers=4 outcome=1 PP=2,0 trial=1 donut-ability=0
persistent PP=2,0 status=0,0
growth level/xp/item=12/974/0,10/1284/0 stats maxHP/attack,maxHP/magic=41/28,30/15 foesHP=0,0
pattern trainer=858 turn=8 foePP=36,37 foeAtkDef=6,6 CarlAtk=6 foeLevel=12
support PP=37,33 Carl-defense=9 enemy-attack=6,6
party action uses=2,37 / 0,33
frame=23151 map=34.4 pos=8,5 flags=7
party=2 HP=14/41,15/30 battle=0 battlers=4 outcome=1 PP=2,0 trial=1 donut-ability=0
persistent PP=2,0 status=0,0
growth level/xp/item=12/974/0,10/1284/0 stats maxHP/attack,maxHP/magic=41/28,30/15 foesHP=0,0
pattern trainer=858 turn=8 foePP=36,37 foeAtkDef=6,6 CarlAtk=6 foeLevel=12
support PP=37,33 Carl-defense=9 enemy-attack=6,6
party action uses=2,37 / 0,33
frame=23152 map=34.4 pos=8,5 flags=7
party=2 HP=14/41,15/30 battle=0 battlers=4 outcome=1 PP=2,0 trial=1 donut-ability=0
persistent PP=2,0 status=0,0
growth level/xp/item=12/974/0,10/1284/0 stats maxHP/attack,maxHP/magic=41/28,30/15 foesHP=0,0
pattern trainer=858 turn=8 foePP=36,37 foeAtkDef=6,6 CarlAtk=6 foeLevel=12
support PP=37,33 Carl-defense=9 enemy-attack=6,6
party action uses=2,37 / 0,33
frame=23752 map=34.4 pos=8,5 flags=7
party=2 HP=14/41,15/30 battle=0 battlers=4 outcome=1 PP=2,0 trial=1 donut-ability=0
persistent PP=2,0 status=0,0
growth level/xp/item=12/974/0,10/1284/0 stats maxHP/attack,maxHP/magic=41/28,30/15 foesHP=0,0
pattern trainer=858 turn=8 foePP=36,37 foeAtkDef=6,6 CarlAtk=6 foeLevel=12
support PP=37,33 Carl-defense=9 enemy-attack=6,6
party action uses=2,37 / 0,33
frame=23752 map=34.4 pos=8,5 flags=7
party=2 HP=14/41,15/30 battle=0 battlers=4 outcome=1 PP=2,0 trial=1 donut-ability=0
persistent PP=2,0 status=0,0
growth level/xp/item=12/974/0,10/1284/0 stats maxHP/attack,maxHP/magic=41/28,30/15 foesHP=0,0
pattern trainer=858 turn=8 foePP=36,37 foeAtkDef=6,6 CarlAtk=6 foeLevel=12
support PP=37,33 Carl-defense=9 enemy-attack=6,6
party action uses=2,37 / 0,33
PASS expect 34 4 8 5 7
frame=23752 map=34.4 pos=8,5 flags=7
party=2 HP=14/41,15/30 battle=0 battlers=4 outcome=1 PP=2,0 trial=1 donut-ability=0
persistent PP=2,0 status=0,0
growth level/xp/item=12/974/0,10/1284/0 stats maxHP/attack,maxHP/magic=41/28,30/15 foesHP=0,0
PASS flag 2138 1
pattern trainer=858 turn=8 foePP=36,37 foeAtkDef=6,6 CarlAtk=6 foeLevel=12
support PP=37,33 Carl-defense=9 enemy-attack=6,6
party action uses=2,37 / 0,33
frame=23752 map=34.4 pos=8,5 flags=7
party=2 HP=14/41,15/30 battle=0 battlers=4 outcome=1 PP=2,0 trial=1 donut-ability=0
persistent PP=2,0 status=0,0
growth level/xp/item=12/974/0,10/1284/0 stats maxHP/attack,maxHP/magic=41/28,30/15 foesHP=0,0
PASS flag 37 1
pattern trainer=858 turn=8 foePP=36,37 foeAtkDef=6,6 CarlAtk=6 foeLevel=12
support PP=37,33 Carl-defense=9 enemy-attack=6,6
party action uses=2,37 / 0,33
frame=23752 map=34.4 pos=8,5 flags=7
party=2 HP=14/41,15/30 battle=0 battlers=4 outcome=1 PP=2,0 trial=1 donut-ability=0
persistent PP=2,0 status=0,0
growth level/xp/item=12/974/0,10/1284/0 stats maxHP/attack,maxHP/magic=41/28,30/15 foesHP=0,0
PASS flag 47 1
pattern trainer=858 turn=8 foePP=36,37 foeAtkDef=6,6 CarlAtk=6 foeLevel=12
support PP=37,33 Carl-defense=9 enemy-attack=6,6
party action uses=2,37 / 0,33
frame=23752 map=34.4 pos=8,5 flags=7
party=2 HP=14/41,15/30 battle=0 battlers=4 outcome=1 PP=2,0 trial=1 donut-ability=0
persistent PP=2,0 status=0,0
growth level/xp/item=12/974/0,10/1284/0 stats maxHP/attack,maxHP/magic=41/28,30/15 foesHP=0,0
PASS flag 48 0
pattern trainer=858 turn=8 foePP=36,37 foeAtkDef=6,6 CarlAtk=6 foeLevel=12
support PP=37,33 Carl-defense=9 enemy-attack=6,6
party action uses=2,37 / 0,33
frame=23752 map=34.4 pos=8,5 flags=7
party=2 HP=14/41,15/30 battle=0 battlers=4 outcome=1 PP=2,0 trial=1 donut-ability=0
persistent PP=2,0 status=0,0
growth level/xp/item=12/974/0,10/1284/0 stats maxHP/attack,maxHP/magic=41/28,30/15 foesHP=0,0
PASS growth 12 974 0 10 1284 0
pattern trainer=858 turn=8 foePP=36,37 foeAtkDef=6,6 CarlAtk=6 foeLevel=12
support PP=37,33 Carl-defense=9 enemy-attack=6,6
party action uses=2,37 / 0,33
result=0 assertions=33
