mGBA 0.10.5; 240x160; save=/workspace/DungeonCrawlerCarlemon/artifacts/floor1/g01e/gameplay-8gfum35y/howler-first.sav; read-only RAM diagnostics
frame=720 map=34.3 pos=5,5 flags=7
party=2 HP=33/33,28/28 battle=0 battlers=0 outcome=0 PP=0,0 trial=1 donut-ability=0
persistent PP=8,2 status=0,0
growth level/xp/item=9/495/0,9/805/0 stats maxHP/attack,maxHP/magic=33/23,28/14 foesHP=0,0
pattern trainer=0 turn=0 foePP=0,0 foeAtkDef=0,0 CarlAtk=0 foeLevel=0
support PP=0,0 Carl-defense=0 enemy-attack=0,0
party action uses=8,40 / 2,40
frame=721 map=34.3 pos=5,5 flags=7
party=2 HP=33/33,28/28 battle=0 battlers=0 outcome=0 PP=0,0 trial=1 donut-ability=0
persistent PP=8,2 status=0,0
growth level/xp/item=9/495/0,9/805/0 stats maxHP/attack,maxHP/magic=33/23,28/14 foesHP=0,0
pattern trainer=0 turn=0 foePP=0,0 foeAtkDef=0,0 CarlAtk=0 foeLevel=0
support PP=0,0 Carl-defense=0 enemy-attack=0,0
party action uses=8,40 / 2,40
frame=1081 map=34.3 pos=5,5 flags=7
party=2 HP=33/33,28/28 battle=0 battlers=0 outcome=0 PP=0,0 trial=1 donut-ability=0
persistent PP=8,2 status=0,0
growth level/xp/item=9/495/0,9/805/0 stats maxHP/attack,maxHP/magic=33/23,28/14 foesHP=0,0
pattern trainer=0 turn=0 foePP=0,0 foeAtkDef=0,0 CarlAtk=0 foeLevel=0
support PP=0,0 Carl-defense=0 enemy-attack=0,0
party action uses=8,40 / 2,40
frame=1082 map=34.3 pos=5,5 flags=7
party=2 HP=33/33,28/28 battle=0 battlers=0 outcome=0 PP=0,0 trial=1 donut-ability=0
persistent PP=8,2 status=0,0
growth level/xp/item=9/495/0,9/805/0 stats maxHP/attack,maxHP/magic=33/23,28/14 foesHP=0,0
pattern trainer=0 turn=0 foePP=0,0 foeAtkDef=0,0 CarlAtk=0 foeLevel=0
support PP=0,0 Carl-defense=0 enemy-attack=0,0
party action uses=8,40 / 2,40
frame=1262 map=34.3 pos=5,5 flags=7
party=2 HP=33/33,28/28 battle=0 battlers=0 outcome=0 PP=0,0 trial=1 donut-ability=0
persistent PP=8,2 status=0,0
growth level/xp/item=9/495/0,9/805/0 stats maxHP/attack,maxHP/magic=33/23,28/14 foesHP=0,0
pattern trainer=0 turn=0 foePP=0,0 foeAtkDef=0,0 CarlAtk=0 foeLevel=0
support PP=0,0 Carl-defense=0 enemy-attack=0,0
party action uses=8,40 / 2,40
frame=1263 map=34.3 pos=5,5 flags=7
party=2 HP=33/33,28/28 battle=0 battlers=0 outcome=0 PP=0,0 trial=1 donut-ability=0
persistent PP=8,2 status=0,0
growth level/xp/item=9/495/0,9/805/0 stats maxHP/attack,maxHP/magic=33/23,28/14 foesHP=0,0
pattern trainer=0 turn=0 foePP=0,0 foeAtkDef=0,0 CarlAtk=0 foeLevel=0
support PP=0,0 Carl-defense=0 enemy-attack=0,0
party action uses=8,40 / 2,40
frame=1443 map=34.3 pos=5,5 flags=7
party=2 HP=33/33,28/28 battle=0 battlers=0 outcome=0 PP=0,0 trial=1 donut-ability=0
persistent PP=8,2 status=0,0
growth level/xp/item=9/495/0,9/805/0 stats maxHP/attack,maxHP/magic=33/23,28/14 foesHP=0,0
pattern trainer=0 turn=0 foePP=0,0 foeAtkDef=0,0 CarlAtk=0 foeLevel=0
support PP=0,0 Carl-defense=0 enemy-attack=0,0
party action uses=8,40 / 2,40
frame=1444 map=34.3 pos=5,5 flags=7
party=2 HP=33/33,28/28 battle=0 battlers=0 outcome=0 PP=0,0 trial=1 donut-ability=0
persistent PP=8,2 status=0,0
growth level/xp/item=9/495/0,9/805/0 stats maxHP/attack,maxHP/magic=33/23,28/14 foesHP=0,0
pattern trainer=0 turn=0 foePP=0,0 foeAtkDef=0,0 CarlAtk=0 foeLevel=0
support PP=0,0 Carl-defense=0 enemy-attack=0,0
party action uses=8,40 / 2,40
frame=2044 map=35.0 pos=37,31 flags=7
party=2 HP=33/33,28/28 battle=0 battlers=0 outcome=0 PP=0,0 trial=1 donut-ability=0
persistent PP=8,2 status=0,0
growth level/xp/item=9/495/0,9/805/0 stats maxHP/attack,maxHP/magic=33/23,28/14 foesHP=0,0
pattern trainer=0 turn=0 foePP=0,0 foeAtkDef=0,0 CarlAtk=0 foeLevel=0
support PP=0,0 Carl-defense=0 enemy-attack=0,0
party action uses=8,40 / 2,40
frame=2044 map=35.0 pos=37,31 flags=7
party=2 HP=33/33,28/28 battle=0 battlers=0 outcome=0 PP=0,0 trial=1 donut-ability=0
persistent PP=8,2 status=0,0
growth level/xp/item=9/495/0,9/805/0 stats maxHP/attack,maxHP/magic=33/23,28/14 foesHP=0,0
PASS flag 2136 0
pattern trainer=0 turn=0 foePP=0,0 foeAtkDef=0,0 CarlAtk=0 foeLevel=0
support PP=0,0 Carl-defense=0 enemy-attack=0,0
party action uses=8,40 / 2,40
frame=2044 map=35.0 pos=37,31 flags=7
party=2 HP=33/33,28/28 battle=0 battlers=0 outcome=0 PP=0,0 trial=1 donut-ability=0
persistent PP=8,2 status=0,0
growth level/xp/item=9/495/0,9/805/0 stats maxHP/attack,maxHP/magic=33/23,28/14 foesHP=0,0
PASS flag 2137 0
pattern trainer=0 turn=0 foePP=0,0 foeAtkDef=0,0 CarlAtk=0 foeLevel=0
support PP=0,0 Carl-defense=0 enemy-attack=0,0
party action uses=8,40 / 2,40
frame=2112 map=35.0 pos=37,27 flags=7
party=2 HP=33/33,28/28 battle=0 battlers=0 outcome=0 PP=0,0 trial=1 donut-ability=0
persistent PP=8,2 status=0,0
growth level/xp/item=9/495/0,9/805/0 stats maxHP/attack,maxHP/magic=33/23,28/14 foesHP=0,0
pattern trainer=0 turn=0 foePP=0,0 foeAtkDef=0,0 CarlAtk=0 foeLevel=0
support PP=0,0 Carl-defense=0 enemy-attack=0,0
party action uses=8,40 / 2,40
frame=2152 map=35.0 pos=37,27 flags=7
party=2 HP=33/33,28/28 battle=0 battlers=0 outcome=0 PP=0,0 trial=1 donut-ability=0
persistent PP=8,2 status=0,0
growth level/xp/item=9/495/0,9/805/0 stats maxHP/attack,maxHP/magic=33/23,28/14 foesHP=0,0
pattern trainer=0 turn=0 foePP=0,0 foeAtkDef=0,0 CarlAtk=0 foeLevel=0
support PP=0,0 Carl-defense=0 enemy-attack=0,0
party action uses=8,40 / 2,40
frame=2152 map=35.0 pos=37,27 flags=7
party=2 HP=33/33,28/28 battle=0 battlers=0 outcome=0 PP=0,0 trial=1 donut-ability=0
persistent PP=8,2 status=0,0
growth level/xp/item=9/495/0,9/805/0 stats maxHP/attack,maxHP/magic=33/23,28/14 foesHP=0,0
pattern trainer=0 turn=0 foePP=0,0 foeAtkDef=0,0 CarlAtk=0 foeLevel=0
support PP=0,0 Carl-defense=0 enemy-attack=0,0
party action uses=8,40 / 2,40
PASS expect 35 0 37 27 7
frame=2380 map=35.0 pos=51,27 flags=7
party=2 HP=33/33,28/28 battle=0 battlers=0 outcome=0 PP=0,0 trial=1 donut-ability=0
persistent PP=8,2 status=0,0
growth level/xp/item=9/495/0,9/805/0 stats maxHP/attack,maxHP/magic=33/23,28/14 foesHP=0,0
pattern trainer=0 turn=0 foePP=0,0 foeAtkDef=0,0 CarlAtk=0 foeLevel=0
support PP=0,0 Carl-defense=0 enemy-attack=0,0
party action uses=8,40 / 2,40
frame=2420 map=35.0 pos=51,27 flags=7
party=2 HP=33/33,28/28 battle=0 battlers=0 outcome=0 PP=0,0 trial=1 donut-ability=0
persistent PP=8,2 status=0,0
growth level/xp/item=9/495/0,9/805/0 stats maxHP/attack,maxHP/magic=33/23,28/14 foesHP=0,0
pattern trainer=0 turn=0 foePP=0,0 foeAtkDef=0,0 CarlAtk=0 foeLevel=0
support PP=0,0 Carl-defense=0 enemy-attack=0,0
party action uses=8,40 / 2,40
frame=2420 map=35.0 pos=51,27 flags=7
party=2 HP=33/33,28/28 battle=0 battlers=0 outcome=0 PP=0,0 trial=1 donut-ability=0
persistent PP=8,2 status=0,0
growth level/xp/item=9/495/0,9/805/0 stats maxHP/attack,maxHP/magic=33/23,28/14 foesHP=0,0
pattern trainer=0 turn=0 foePP=0,0 foeAtkDef=0,0 CarlAtk=0 foeLevel=0
support PP=0,0 Carl-defense=0 enemy-attack=0,0
party action uses=8,40 / 2,40
PASS expect 35 0 51 27 7
frame=2421 map=35.0 pos=51,27 flags=7
party=2 HP=33/33,28/28 battle=0 battlers=0 outcome=0 PP=0,0 trial=1 donut-ability=0
persistent PP=8,2 status=0,0
growth level/xp/item=9/495/0,9/805/0 stats maxHP/attack,maxHP/magic=33/23,28/14 foesHP=0,0
pattern trainer=0 turn=0 foePP=0,0 foeAtkDef=0,0 CarlAtk=0 foeLevel=0
support PP=0,0 Carl-defense=0 enemy-attack=0,0
party action uses=8,40 / 2,40
frame=2461 map=35.0 pos=51,27 flags=7
party=2 HP=33/33,28/28 battle=0 battlers=0 outcome=0 PP=0,0 trial=1 donut-ability=0
persistent PP=8,2 status=0,0
growth level/xp/item=9/495/0,9/805/0 stats maxHP/attack,maxHP/magic=33/23,28/14 foesHP=0,0
pattern trainer=0 turn=0 foePP=0,0 foeAtkDef=0,0 CarlAtk=0 foeLevel=0
support PP=0,0 Carl-defense=0 enemy-attack=0,0
party action uses=8,40 / 2,40
engage completed frames=760
frame=4421 map=35.0 pos=51,27 flags=7
party=2 HP=33/33,28/28 battle=1 battlers=4 outcome=0 PP=8,2 trial=1 donut-ability=0
persistent PP=8,2 status=0,0
growth level/xp/item=9/495/0,9/805/0 stats maxHP/attack,maxHP/magic=33/23,28/14 foesHP=30,25
pattern trainer=857 turn=0 foePP=35,40 foeAtkDef=6,6 CarlAtk=6 foeLevel=9
support PP=40,40 Carl-defense=6 enemy-attack=6,6
party action uses=8,40 / 2,40
pilot turn=0 HP=33,28 foeHP=30,25 foeAtk=6 foeDef=6 CarlAtk=6
pilot frame=5033 turn=0 actor=0 menu=1 selection=0 key=1
pilot frame=5045 turn=0 actor=0 menu=2 selection=0 key=1
pilot frame=5057 turn=0 actor=0 menu=3 selection=1 key=1
pilot frame=5069 turn=0 actor=2 menu=1 selection=0 key=1
pilot frame=5081 turn=0 actor=2 menu=2 selection=0 key=1
pilot turn=1 HP=28,28 foeHP=16,22 foeAtk=6 foeDef=6 CarlAtk=5
pilot frame=6401 turn=1 actor=0 menu=1 selection=0 key=1
pilot frame=6413 turn=1 actor=0 menu=2 selection=0 key=1
pilot frame=6425 turn=1 actor=0 menu=3 selection=1 key=1
pilot frame=6437 turn=1 actor=2 menu=1 selection=0 key=1
pilot frame=6449 turn=1 actor=2 menu=2 selection=0 key=1
pilot turn=2 HP=16,23 foeHP=4,19 foeAtk=6 foeDef=6 CarlAtk=5
pilot frame=7493 turn=2 actor=0 menu=1 selection=0 key=1
pilot frame=7505 turn=2 actor=0 menu=2 selection=0 key=1
pilot frame=7517 turn=2 actor=0 menu=3 selection=1 key=1
pilot frame=7529 turn=2 actor=2 menu=1 selection=0 key=1
pilot frame=7541 turn=2 actor=2 menu=2 selection=1 key=16
pilot frame=7553 turn=2 actor=2 menu=2 selection=1 key=1
pilot turn=3 HP=16,20 foeHP=0,19 foeAtk=6 foeDef=6 CarlAtk=5
pilot frame=9053 turn=3 actor=0 menu=1 selection=0 key=1
pilot frame=9065 turn=3 actor=0 menu=2 selection=0 key=1
pilot frame=9077 turn=3 actor=0 menu=3 selection=3 key=1
pilot frame=9089 turn=3 actor=2 menu=1 selection=0 key=1
pilot frame=9101 turn=3 actor=2 menu=2 selection=1 key=1
pilot turn=4 HP=16,17 foeHP=0,14 foeAtk=6 foeDef=6 CarlAtk=5
pilot frame=9905 turn=4 actor=0 menu=1 selection=0 key=1
pilot frame=9917 turn=4 actor=0 menu=2 selection=0 key=1
pilot frame=9929 turn=4 actor=0 menu=3 selection=3 key=1
pilot frame=9941 turn=4 actor=2 menu=1 selection=0 key=1
pilot frame=9953 turn=4 actor=2 menu=2 selection=1 key=1
pilot turn=5 HP=13,17 foeHP=0,8 foeAtk=6 foeDef=6 CarlAtk=5
pilot frame=10757 turn=5 actor=0 menu=1 selection=0 key=1
pilot frame=10769 turn=5 actor=0 menu=2 selection=0 key=1
pilot frame=10781 turn=5 actor=0 menu=3 selection=3 key=1
pilot frame=10793 turn=5 actor=2 menu=1 selection=0 key=1
pilot frame=10805 turn=5 actor=2 menu=2 selection=1 key=1
pilot turn=6 HP=3,17 foeHP=0,2 foeAtk=6 foeDef=6 CarlAtk=5
pilot frame=11741 turn=6 actor=0 menu=1 selection=0 key=1
pilot frame=11753 turn=6 actor=0 menu=2 selection=0 key=1
pilot frame=11765 turn=6 actor=0 menu=3 selection=3 key=1
pilot frame=11777 turn=6 actor=2 menu=1 selection=0 key=1
pilot frame=11789 turn=6 actor=2 menu=2 selection=1 key=1
pilot turn=7 HP=0,17 foeHP=0,2 foeAtk=6 foeDef=6 CarlAtk=6
pilot frame=12581 turn=7 actor=2 menu=1 selection=0 key=1
pilot frame=12593 turn=7 actor=2 menu=2 selection=1 key=1
pilot turn=8 HP=0,14 foeHP=0,2 foeAtk=6 foeDef=6 CarlAtk=6
pilot frame=13217 turn=8 actor=2 menu=1 selection=0 key=1
pilot frame=13229 turn=8 actor=2 menu=2 selection=1 key=1
pilot turn=9 HP=0,11 foeHP=0,2 foeAtk=6 foeDef=6 CarlAtk=6
pilot frame=13793 turn=9 actor=2 menu=1 selection=0 key=1
pilot frame=13805 turn=9 actor=2 menu=2 selection=1 key=1
pilot turn=10 HP=0,8 foeHP=0,2 foeAtk=6 foeDef=6 CarlAtk=6
pilot frame=14369 turn=10 actor=2 menu=1 selection=0 key=1
pilot frame=14381 turn=10 actor=2 menu=2 selection=1 key=1
pilot turn=11 HP=0,5 foeHP=0,2 foeAtk=6 foeDef=6 CarlAtk=6
pilot frame=14945 turn=11 actor=2 menu=1 selection=0 key=1
pilot frame=14957 turn=11 actor=2 menu=2 selection=1 key=1
pilot turn=12 HP=0,2 foeHP=0,2 foeAtk=6 foeDef=6 CarlAtk=6
pilot frame=15521 turn=12 actor=2 menu=1 selection=0 key=1
pilot frame=15533 turn=12 actor=2 menu=2 selection=1 key=1
pilot completed policy=offensive frames=11853 outcome=2 incapacitation=5
frame=16874 map=35.0 pos=51,27 flags=7
party=2 HP=33/33,28/28 battle=0 battlers=4 outcome=2 PP=2,0 trial=1 donut-ability=0
persistent PP=8,2 status=0,0
growth level/xp/item=9/559/0,9/869/0 stats maxHP/attack,maxHP/magic=33/23,28/14 foesHP=0,2
pattern trainer=857 turn=12 foePP=34,39 foeAtkDef=6,6 CarlAtk=6 foeLevel=9
support PP=40,29 Carl-defense=6 enemy-attack=6,0
party action uses=8,40 / 2,40
PASS dialog frames=2
PASS ready
frame=16876 map=35.0 pos=51,27 flags=7
party=2 HP=33/33,28/28 battle=0 battlers=4 outcome=2 PP=2,0 trial=1 donut-ability=0
persistent PP=8,2 status=0,0
growth level/xp/item=9/559/0,9/869/0 stats maxHP/attack,maxHP/magic=33/23,28/14 foesHP=0,2
pattern trainer=857 turn=12 foePP=34,39 foeAtkDef=6,6 CarlAtk=6 foeLevel=9
support PP=40,29 Carl-defense=6 enemy-attack=6,0
party action uses=8,40 / 2,40
PASS expect 35 0 51 27 7
frame=16876 map=35.0 pos=51,27 flags=7
party=2 HP=33/33,28/28 battle=0 battlers=4 outcome=2 PP=2,0 trial=1 donut-ability=0
persistent PP=8,2 status=0,0
growth level/xp/item=9/559/0,9/869/0 stats maxHP/attack,maxHP/magic=33/23,28/14 foesHP=0,2
result=24 assertions=9
