mGBA 0.10.5; 240x160; save=../howler-loss.sav; read-only RAM diagnostics
frame=720 map=34.3 pos=10,5 flags=7
party=2 HP=36/36,28/28 battle=0 battlers=0 outcome=0 PP=0,0 trial=1 donut-ability=0
persistent PP=8,2 status=0,0
growth level/xp/item=10/627/0,9/937/0 stats maxHP/attack,maxHP/magic=36/25,28/14 foesHP=0,0
pattern trainer=0 turn=0 foePP=0,0 foeAtkDef=0,0 CarlAtk=0 foeLevel=0
support PP=0,0 Carl-defense=0 enemy-attack=0,0
party action uses=8,40 / 2,40
frame=721 map=34.3 pos=10,5 flags=7
party=2 HP=36/36,28/28 battle=0 battlers=0 outcome=0 PP=0,0 trial=1 donut-ability=0
persistent PP=8,2 status=0,0
growth level/xp/item=10/627/0,9/937/0 stats maxHP/attack,maxHP/magic=36/25,28/14 foesHP=0,0
pattern trainer=0 turn=0 foePP=0,0 foeAtkDef=0,0 CarlAtk=0 foeLevel=0
support PP=0,0 Carl-defense=0 enemy-attack=0,0
party action uses=8,40 / 2,40
frame=1081 map=34.3 pos=10,5 flags=7
party=2 HP=36/36,28/28 battle=0 battlers=0 outcome=0 PP=0,0 trial=1 donut-ability=0
persistent PP=8,2 status=0,0
growth level/xp/item=10/627/0,9/937/0 stats maxHP/attack,maxHP/magic=36/25,28/14 foesHP=0,0
pattern trainer=0 turn=0 foePP=0,0 foeAtkDef=0,0 CarlAtk=0 foeLevel=0
support PP=0,0 Carl-defense=0 enemy-attack=0,0
party action uses=8,40 / 2,40
frame=1082 map=34.3 pos=10,5 flags=7
party=2 HP=36/36,28/28 battle=0 battlers=0 outcome=0 PP=0,0 trial=1 donut-ability=0
persistent PP=8,2 status=0,0
growth level/xp/item=10/627/0,9/937/0 stats maxHP/attack,maxHP/magic=36/25,28/14 foesHP=0,0
pattern trainer=0 turn=0 foePP=0,0 foeAtkDef=0,0 CarlAtk=0 foeLevel=0
support PP=0,0 Carl-defense=0 enemy-attack=0,0
party action uses=8,40 / 2,40
frame=1262 map=34.3 pos=10,5 flags=7
party=2 HP=36/36,28/28 battle=0 battlers=0 outcome=0 PP=0,0 trial=1 donut-ability=0
persistent PP=8,2 status=0,0
growth level/xp/item=10/627/0,9/937/0 stats maxHP/attack,maxHP/magic=36/25,28/14 foesHP=0,0
pattern trainer=0 turn=0 foePP=0,0 foeAtkDef=0,0 CarlAtk=0 foeLevel=0
support PP=0,0 Carl-defense=0 enemy-attack=0,0
party action uses=8,40 / 2,40
frame=1263 map=34.3 pos=10,5 flags=7
party=2 HP=36/36,28/28 battle=0 battlers=0 outcome=0 PP=0,0 trial=1 donut-ability=0
persistent PP=8,2 status=0,0
growth level/xp/item=10/627/0,9/937/0 stats maxHP/attack,maxHP/magic=36/25,28/14 foesHP=0,0
pattern trainer=0 turn=0 foePP=0,0 foeAtkDef=0,0 CarlAtk=0 foeLevel=0
support PP=0,0 Carl-defense=0 enemy-attack=0,0
party action uses=8,40 / 2,40
frame=1443 map=34.3 pos=10,5 flags=7
party=2 HP=36/36,28/28 battle=0 battlers=0 outcome=0 PP=0,0 trial=1 donut-ability=0
persistent PP=8,2 status=0,0
growth level/xp/item=10/627/0,9/937/0 stats maxHP/attack,maxHP/magic=36/25,28/14 foesHP=0,0
pattern trainer=0 turn=0 foePP=0,0 foeAtkDef=0,0 CarlAtk=0 foeLevel=0
support PP=0,0 Carl-defense=0 enemy-attack=0,0
party action uses=8,40 / 2,40
frame=1444 map=34.3 pos=10,5 flags=7
party=2 HP=36/36,28/28 battle=0 battlers=0 outcome=0 PP=0,0 trial=1 donut-ability=0
persistent PP=8,2 status=0,0
growth level/xp/item=10/627/0,9/937/0 stats maxHP/attack,maxHP/magic=36/25,28/14 foesHP=0,0
pattern trainer=0 turn=0 foePP=0,0 foeAtkDef=0,0 CarlAtk=0 foeLevel=0
support PP=0,0 Carl-defense=0 enemy-attack=0,0
party action uses=8,40 / 2,40
frame=2044 map=34.3 pos=10,5 flags=7
party=2 HP=36/36,28/28 battle=0 battlers=0 outcome=0 PP=0,0 trial=1 donut-ability=0
persistent PP=8,2 status=0,0
growth level/xp/item=10/627/0,9/937/0 stats maxHP/attack,maxHP/magic=36/25,28/14 foesHP=0,0
pattern trainer=0 turn=0 foePP=0,0 foeAtkDef=0,0 CarlAtk=0 foeLevel=0
support PP=0,0 Carl-defense=0 enemy-attack=0,0
party action uses=8,40 / 2,40
frame=2044 map=34.3 pos=10,5 flags=7
party=2 HP=36/36,28/28 battle=0 battlers=0 outcome=0 PP=0,0 trial=1 donut-ability=0
persistent PP=8,2 status=0,0
growth level/xp/item=10/627/0,9/937/0 stats maxHP/attack,maxHP/magic=36/25,28/14 foesHP=0,0
pattern trainer=0 turn=0 foePP=0,0 foeAtkDef=0,0 CarlAtk=0 foeLevel=0
support PP=0,0 Carl-defense=0 enemy-attack=0,0
party action uses=8,40 / 2,40
PASS expect 34 3 10 5 7
frame=2044 map=34.3 pos=10,5 flags=7
party=2 HP=36/36,28/28 battle=0 battlers=0 outcome=0 PP=0,0 trial=1 donut-ability=0
persistent PP=8,2 status=0,0
growth level/xp/item=10/627/0,9/937/0 stats maxHP/attack,maxHP/magic=36/25,28/14 foesHP=0,0
pattern trainer=0 turn=0 foePP=0,0 foeAtkDef=0,0 CarlAtk=0 foeLevel=0
support PP=0,0 Carl-defense=0 enemy-attack=0,0
party action uses=8,40 / 2,40
PASS duo healthy
frame=2045 map=34.3 pos=10,5 flags=7
party=2 HP=36/36,28/28 battle=0 battlers=0 outcome=0 PP=0,0 trial=1 donut-ability=0
persistent PP=8,2 status=0,0
growth level/xp/item=10/627/0,9/937/0 stats maxHP/attack,maxHP/magic=36/25,28/14 foesHP=0,0
pattern trainer=857 turn=0 foePP=0,0 foeAtkDef=0,0 CarlAtk=0 foeLevel=0
support PP=0,0 Carl-defense=0 enemy-attack=0,0
party action uses=8,40 / 2,40
frame=2445 map=34.3 pos=10,5 flags=7
party=2 HP=36/36,28/28 battle=0 battlers=0 outcome=0 PP=0,0 trial=1 donut-ability=0
persistent PP=8,2 status=0,0
growth level/xp/item=10/627/0,9/937/0 stats maxHP/attack,maxHP/magic=36/25,28/14 foesHP=0,0
pattern trainer=857 turn=0 foePP=0,0 foeAtkDef=0,0 CarlAtk=0 foeLevel=0
support PP=0,0 Carl-defense=0 enemy-attack=0,0
party action uses=8,40 / 2,40
frame=2446 map=34.3 pos=10,5 flags=7
party=2 HP=36/36,28/28 battle=0 battlers=0 outcome=0 PP=0,0 trial=1 donut-ability=0
persistent PP=8,2 status=0,0
growth level/xp/item=10/627/0,9/937/0 stats maxHP/attack,maxHP/magic=36/25,28/14 foesHP=0,0
pattern trainer=857 turn=0 foePP=0,0 foeAtkDef=0,0 CarlAtk=0 foeLevel=0
support PP=0,0 Carl-defense=0 enemy-attack=0,0
party action uses=8,40 / 2,40
frame=2846 map=34.3 pos=10,5 flags=7
party=2 HP=36/36,28/28 battle=0 battlers=0 outcome=0 PP=0,0 trial=1 donut-ability=0
persistent PP=8,2 status=0,0
growth level/xp/item=10/627/0,9/937/0 stats maxHP/attack,maxHP/magic=36/25,28/14 foesHP=0,0
pattern trainer=857 turn=0 foePP=0,0 foeAtkDef=0,0 CarlAtk=0 foeLevel=0
support PP=0,0 Carl-defense=0 enemy-attack=0,0
party action uses=8,40 / 2,40
frame=2847 map=34.3 pos=10,5 flags=7
party=2 HP=36/36,28/28 battle=0 battlers=0 outcome=0 PP=0,0 trial=1 donut-ability=0
persistent PP=8,2 status=0,0
growth level/xp/item=10/627/0,9/937/0 stats maxHP/attack,maxHP/magic=36/25,28/14 foesHP=0,0
pattern trainer=857 turn=0 foePP=0,0 foeAtkDef=0,0 CarlAtk=0 foeLevel=0
support PP=0,0 Carl-defense=0 enemy-attack=0,0
party action uses=8,40 / 2,40
frame=3747 map=34.3 pos=10,5 flags=7
party=2 HP=36/36,28/28 battle=1 battlers=4 outcome=0 PP=8,2 trial=1 donut-ability=0
persistent PP=8,2 status=0,0
growth level/xp/item=10/627/0,9/937/0 stats maxHP/attack,maxHP/magic=36/25,28/14 foesHP=30,25
pattern trainer=857 turn=0 foePP=35,40 foeAtkDef=6,6 CarlAtk=6 foeLevel=9
support PP=40,40 Carl-defense=6 enemy-attack=6,6
party action uses=8,40 / 2,40
frame=3748 map=34.3 pos=10,5 flags=7
party=2 HP=36/36,28/28 battle=1 battlers=4 outcome=0 PP=8,2 trial=1 donut-ability=0
persistent PP=8,2 status=0,0
growth level/xp/item=10/627/0,9/937/0 stats maxHP/attack,maxHP/magic=36/25,28/14 foesHP=30,25
pattern trainer=857 turn=0 foePP=35,40 foeAtkDef=6,6 CarlAtk=6 foeLevel=9
support PP=40,40 Carl-defense=6 enemy-attack=6,6
party action uses=8,40 / 2,40
frame=4348 map=34.3 pos=10,5 flags=7
party=2 HP=36/36,28/28 battle=1 battlers=4 outcome=0 PP=8,2 trial=1 donut-ability=0
persistent PP=8,2 status=0,0
growth level/xp/item=10/627/0,9/937/0 stats maxHP/attack,maxHP/magic=36/25,28/14 foesHP=30,25
pattern trainer=857 turn=0 foePP=35,40 foeAtkDef=6,6 CarlAtk=6 foeLevel=9
support PP=40,40 Carl-defense=6 enemy-attack=6,6
party action uses=8,40 / 2,40
frame=4349 map=34.3 pos=10,5 flags=7
party=2 HP=36/36,28/28 battle=1 battlers=4 outcome=0 PP=8,2 trial=1 donut-ability=0
persistent PP=8,2 status=0,0
growth level/xp/item=10/627/0,9/937/0 stats maxHP/attack,maxHP/magic=36/25,28/14 foesHP=30,25
pattern trainer=857 turn=0 foePP=35,40 foeAtkDef=6,6 CarlAtk=6 foeLevel=9
support PP=40,40 Carl-defense=6 enemy-attack=6,6
party action uses=8,40 / 2,40
frame=4949 map=34.3 pos=10,5 flags=7
party=2 HP=36/36,28/28 battle=1 battlers=4 outcome=0 PP=8,2 trial=1 donut-ability=0
persistent PP=8,2 status=0,0
growth level/xp/item=10/627/0,9/937/0 stats maxHP/attack,maxHP/magic=36/25,28/14 foesHP=30,25
pattern trainer=857 turn=0 foePP=35,40 foeAtkDef=6,6 CarlAtk=6 foeLevel=9
support PP=40,40 Carl-defense=6 enemy-attack=6,6
party action uses=8,40 / 2,40
pilot frame=4949 turn=0 actor=0 menu=1 selection=0 key=1
pilot turn=0 HP=36,28 foeHP=30,25 foeAtk=6 foeDef=6 CarlAtk=6
pilot frame=4961 turn=0 actor=0 menu=2 selection=0 key=1
pilot frame=4973 turn=0 actor=0 menu=3 selection=1 key=16
pilot frame=4985 turn=0 actor=0 menu=3 selection=2 key=1
pilot frame=4997 turn=0 actor=2 menu=1 selection=0 key=1
pilot frame=5009 turn=0 actor=2 menu=2 selection=1 key=16
pilot frame=5021 turn=0 actor=2 menu=2 selection=1 key=1
pilot turn=1 HP=36,16 foeHP=30,25 foeAtk=5 foeDef=6 CarlAtk=5
pilot frame=6701 turn=1 actor=0 menu=1 selection=0 key=1
pilot frame=6713 turn=1 actor=0 menu=2 selection=0 key=1
pilot frame=6725 turn=1 actor=0 menu=3 selection=1 key=16
pilot frame=6737 turn=1 actor=0 menu=3 selection=2 key=1
pilot frame=6749 turn=1 actor=2 menu=1 selection=0 key=1
pilot frame=6761 turn=1 actor=2 menu=2 selection=1 key=1
pilot turn=2 HP=33,10 foeHP=30,25 foeAtk=4 foeDef=6 CarlAtk=5
pilot frame=8129 turn=2 actor=0 menu=1 selection=0 key=1
pilot frame=8141 turn=2 actor=0 menu=2 selection=0 key=1
pilot frame=8153 turn=2 actor=0 menu=3 selection=1 key=16
pilot frame=8165 turn=2 actor=0 menu=3 selection=2 key=1
pilot frame=8177 turn=2 actor=2 menu=1 selection=0 key=1
pilot frame=8189 turn=2 actor=2 menu=2 selection=1 key=1
pilot turn=3 HP=30,1 foeHP=30,25 foeAtk=3 foeDef=6 CarlAtk=5
pilot frame=9449 turn=3 actor=0 menu=1 selection=0 key=1
pilot frame=9461 turn=3 actor=0 menu=2 selection=0 key=1
pilot frame=9473 turn=3 actor=0 menu=3 selection=1 key=16
pilot frame=9485 turn=3 actor=0 menu=3 selection=2 key=1
pilot frame=9497 turn=3 actor=2 menu=1 selection=0 key=1
pilot frame=9509 turn=3 actor=2 menu=2 selection=1 key=1
pilot turn=4 HP=27,0 foeHP=30,25 foeAtk=2 foeDef=6 CarlAtk=4
pilot frame=11093 turn=4 actor=0 menu=1 selection=0 key=1
pilot frame=11105 turn=4 actor=0 menu=2 selection=1 key=16
pilot frame=11117 turn=4 actor=0 menu=2 selection=1 key=1
pilot turn=5 HP=8,0 foeHP=30,25 foeAtk=2 foeDef=6 CarlAtk=4
pilot frame=12209 turn=5 actor=0 menu=1 selection=0 key=1
pilot frame=12221 turn=5 actor=0 menu=2 selection=1 key=1
pilot turn=6 HP=2,0 foeHP=30,25 foeAtk=2 foeDef=6 CarlAtk=4
pilot frame=13049 turn=6 actor=0 menu=1 selection=0 key=1
pilot frame=13061 turn=6 actor=0 menu=2 selection=1 key=1
pilot turn=7 HP=2,0 foeHP=30,25 foeAtk=2 foeDef=6 CarlAtk=3
pilot frame=14177 turn=7 actor=0 menu=1 selection=0 key=1
pilot frame=14189 turn=7 actor=0 menu=2 selection=1 key=1
pilot completed policy=loss frames=9657 outcome=2 incapacitation=6
frame=15206 map=34.3 pos=10,5 flags=7
party=2 HP=36/36,28/28 battle=0 battlers=4 outcome=2 PP=4,2 trial=1 donut-ability=0
persistent PP=8,2 status=0,0
growth level/xp/item=10/627/0,9/937/0 stats maxHP/attack,maxHP/magic=36/25,28/14 foesHP=30,25
pattern trainer=857 turn=7 foePP=31,37 foeAtkDef=2,6 CarlAtk=6 foeLevel=9
support PP=37,36 Carl-defense=6 enemy-attack=2,2
party action uses=8,40 / 2,40
PASS incap 6
frame=15206 map=34.3 pos=10,5 flags=7
party=2 HP=36/36,28/28 battle=0 battlers=4 outcome=2 PP=4,2 trial=1 donut-ability=0
persistent PP=8,2 status=0,0
growth level/xp/item=10/627/0,9/937/0 stats maxHP/attack,maxHP/magic=36/25,28/14 foesHP=30,25
pattern trainer=857 turn=7 foePP=31,37 foeAtkDef=2,6 CarlAtk=6 foeLevel=9
support PP=37,36 Carl-defense=6 enemy-attack=2,2
party action uses=8,40 / 2,40
frame=15206 map=34.3 pos=10,5 flags=7
party=2 HP=36/36,28/28 battle=0 battlers=4 outcome=2 PP=4,2 trial=1 donut-ability=0
persistent PP=8,2 status=0,0
growth level/xp/item=10/627/0,9/937/0 stats maxHP/attack,maxHP/magic=36/25,28/14 foesHP=30,25
pattern trainer=857 turn=7 foePP=31,37 foeAtkDef=2,6 CarlAtk=6 foeLevel=9
support PP=37,36 Carl-defense=6 enemy-attack=2,2
party action uses=8,40 / 2,40
PASS duo healthy
frame=15206 map=34.3 pos=10,5 flags=7
party=2 HP=36/36,28/28 battle=0 battlers=4 outcome=2 PP=4,2 trial=1 donut-ability=0
persistent PP=8,2 status=0,0
growth level/xp/item=10/627/0,9/937/0 stats maxHP/attack,maxHP/magic=36/25,28/14 foesHP=30,25
pattern trainer=857 turn=7 foePP=31,37 foeAtkDef=2,6 CarlAtk=6 foeLevel=9
support PP=37,36 Carl-defense=6 enemy-attack=2,2
party action uses=8,40 / 2,40
PASS uses 8 40 2 40
frame=15206 map=34.3 pos=10,5 flags=7
party=2 HP=36/36,28/28 battle=0 battlers=4 outcome=2 PP=4,2 trial=1 donut-ability=0
persistent PP=8,2 status=0,0
growth level/xp/item=10/627/0,9/937/0 stats maxHP/attack,maxHP/magic=36/25,28/14 foesHP=30,25
PASS growth 10 627 0 9 937 0
pattern trainer=857 turn=7 foePP=31,37 foeAtkDef=2,6 CarlAtk=6 foeLevel=9
support PP=37,36 Carl-defense=6 enemy-attack=2,2
party action uses=8,40 / 2,40
frame=15206 map=34.3 pos=10,5 flags=7
party=2 HP=36/36,28/28 battle=0 battlers=4 outcome=2 PP=4,2 trial=1 donut-ability=0
persistent PP=8,2 status=0,0
growth level/xp/item=10/627/0,9/937/0 stats maxHP/attack,maxHP/magic=36/25,28/14 foesHP=30,25
PASS flag 2137 0
pattern trainer=857 turn=7 foePP=31,37 foeAtkDef=2,6 CarlAtk=6 foeLevel=9
support PP=37,36 Carl-defense=6 enemy-attack=2,2
party action uses=8,40 / 2,40
frame=15206 map=34.3 pos=10,5 flags=7
party=2 HP=36/36,28/28 battle=0 battlers=4 outcome=2 PP=4,2 trial=1 donut-ability=0
persistent PP=8,2 status=0,0
growth level/xp/item=10/627/0,9/937/0 stats maxHP/attack,maxHP/magic=36/25,28/14 foesHP=30,25
PASS flag 47 0
pattern trainer=857 turn=7 foePP=31,37 foeAtkDef=2,6 CarlAtk=6 foeLevel=9
support PP=37,36 Carl-defense=6 enemy-attack=2,2
party action uses=8,40 / 2,40
frame=15206 map=34.3 pos=10,5 flags=7
party=2 HP=36/36,28/28 battle=0 battlers=4 outcome=2 PP=4,2 trial=1 donut-ability=0
persistent PP=8,2 status=0,0
growth level/xp/item=10/627/0,9/937/0 stats maxHP/attack,maxHP/magic=36/25,28/14 foesHP=30,25
PASS flag 48 0
pattern trainer=857 turn=7 foePP=31,37 foeAtkDef=2,6 CarlAtk=6 foeLevel=9
support PP=37,36 Carl-defense=6 enemy-attack=2,2
party action uses=8,40 / 2,40
frame=15206 map=34.3 pos=10,5 flags=7
party=2 HP=36/36,28/28 battle=0 battlers=4 outcome=2 PP=4,2 trial=1 donut-ability=0
persistent PP=8,2 status=0,0
growth level/xp/item=10/627/0,9/937/0 stats maxHP/attack,maxHP/magic=36/25,28/14 foesHP=30,25
pattern trainer=857 turn=7 foePP=31,37 foeAtkDef=2,6 CarlAtk=6 foeLevel=9
support PP=37,36 Carl-defense=6 enemy-attack=2,2
party action uses=8,40 / 2,40
PASS expect 34 3 10 5 7
frame=15207 map=34.3 pos=10,5 flags=7
party=2 HP=36/36,28/28 battle=0 battlers=4 outcome=2 PP=4,2 trial=1 donut-ability=0
persistent PP=8,2 status=0,0
growth level/xp/item=10/627/0,9/937/0 stats maxHP/attack,maxHP/magic=36/25,28/14 foesHP=30,25
pattern trainer=857 turn=7 foePP=31,37 foeAtkDef=2,6 CarlAtk=6 foeLevel=9
support PP=37,36 Carl-defense=6 enemy-attack=2,2
party action uses=8,40 / 2,40
frame=15327 map=34.3 pos=10,5 flags=7
party=2 HP=36/36,28/28 battle=0 battlers=4 outcome=2 PP=4,2 trial=1 donut-ability=0
persistent PP=8,2 status=0,0
growth level/xp/item=10/627/0,9/937/0 stats maxHP/attack,maxHP/magic=36/25,28/14 foesHP=30,25
pattern trainer=857 turn=7 foePP=31,37 foeAtkDef=2,6 CarlAtk=6 foeLevel=9
support PP=37,36 Carl-defense=6 enemy-attack=2,2
party action uses=8,40 / 2,40
frame=15328 map=34.3 pos=10,5 flags=7
party=2 HP=36/36,28/28 battle=0 battlers=4 outcome=2 PP=4,2 trial=1 donut-ability=0
persistent PP=8,2 status=0,0
growth level/xp/item=10/627/0,9/937/0 stats maxHP/attack,maxHP/magic=36/25,28/14 foesHP=30,25
pattern trainer=857 turn=7 foePP=31,37 foeAtkDef=2,6 CarlAtk=6 foeLevel=9
support PP=37,36 Carl-defense=6 enemy-attack=2,2
party action uses=8,40 / 2,40
frame=15448 map=34.3 pos=10,5 flags=7
party=2 HP=36/36,28/28 battle=0 battlers=4 outcome=2 PP=4,2 trial=1 donut-ability=0
persistent PP=8,2 status=0,0
growth level/xp/item=10/627/0,9/937/0 stats maxHP/attack,maxHP/magic=36/25,28/14 foesHP=30,25
pattern trainer=857 turn=7 foePP=31,37 foeAtkDef=2,6 CarlAtk=6 foeLevel=9
support PP=37,36 Carl-defense=6 enemy-attack=2,2
party action uses=8,40 / 2,40
frame=15449 map=34.3 pos=10,5 flags=7
party=2 HP=36/36,28/28 battle=0 battlers=4 outcome=2 PP=4,2 trial=1 donut-ability=0
persistent PP=8,2 status=0,0
growth level/xp/item=10/627/0,9/937/0 stats maxHP/attack,maxHP/magic=36/25,28/14 foesHP=30,25
pattern trainer=857 turn=7 foePP=31,37 foeAtkDef=2,6 CarlAtk=6 foeLevel=9
support PP=37,36 Carl-defense=6 enemy-attack=2,2
party action uses=8,40 / 2,40
frame=15469 map=34.3 pos=10,5 flags=7
party=2 HP=36/36,28/28 battle=0 battlers=4 outcome=2 PP=4,2 trial=1 donut-ability=0
persistent PP=8,2 status=0,0
growth level/xp/item=10/627/0,9/937/0 stats maxHP/attack,maxHP/magic=36/25,28/14 foesHP=30,25
pattern trainer=857 turn=7 foePP=31,37 foeAtkDef=2,6 CarlAtk=6 foeLevel=9
support PP=37,36 Carl-defense=6 enemy-attack=2,2
party action uses=8,40 / 2,40
frame=15470 map=34.3 pos=10,5 flags=7
party=2 HP=36/36,28/28 battle=0 battlers=4 outcome=2 PP=4,2 trial=1 donut-ability=0
persistent PP=8,2 status=0,0
growth level/xp/item=10/627/0,9/937/0 stats maxHP/attack,maxHP/magic=36/25,28/14 foesHP=30,25
pattern trainer=857 turn=7 foePP=31,37 foeAtkDef=2,6 CarlAtk=6 foeLevel=9
support PP=37,36 Carl-defense=6 enemy-attack=2,2
party action uses=8,40 / 2,40
frame=15490 map=34.3 pos=10,5 flags=7
party=2 HP=36/36,28/28 battle=0 battlers=4 outcome=2 PP=4,2 trial=1 donut-ability=0
persistent PP=8,2 status=0,0
growth level/xp/item=10/627/0,9/937/0 stats maxHP/attack,maxHP/magic=36/25,28/14 foesHP=30,25
pattern trainer=857 turn=7 foePP=31,37 foeAtkDef=2,6 CarlAtk=6 foeLevel=9
support PP=37,36 Carl-defense=6 enemy-attack=2,2
party action uses=8,40 / 2,40
frame=15491 map=34.3 pos=10,5 flags=7
party=2 HP=36/36,28/28 battle=0 battlers=4 outcome=2 PP=4,2 trial=1 donut-ability=0
persistent PP=8,2 status=0,0
growth level/xp/item=10/627/0,9/937/0 stats maxHP/attack,maxHP/magic=36/25,28/14 foesHP=30,25
pattern trainer=857 turn=7 foePP=31,37 foeAtkDef=2,6 CarlAtk=6 foeLevel=9
support PP=37,36 Carl-defense=6 enemy-attack=2,2
party action uses=8,40 / 2,40
frame=15651 map=34.3 pos=10,5 flags=7
party=2 HP=36/36,28/28 battle=0 battlers=4 outcome=2 PP=4,2 trial=1 donut-ability=0
persistent PP=8,2 status=0,0
growth level/xp/item=10/627/0,9/937/0 stats maxHP/attack,maxHP/magic=36/25,28/14 foesHP=30,25
pattern trainer=857 turn=7 foePP=31,37 foeAtkDef=2,6 CarlAtk=6 foeLevel=9
support PP=37,36 Carl-defense=6 enemy-attack=2,2
party action uses=8,40 / 2,40
frame=15652 map=34.3 pos=10,5 flags=7
party=2 HP=36/36,28/28 battle=0 battlers=4 outcome=2 PP=4,2 trial=1 donut-ability=0
persistent PP=8,2 status=0,0
growth level/xp/item=10/627/0,9/937/0 stats maxHP/attack,maxHP/magic=36/25,28/14 foesHP=30,25
pattern trainer=857 turn=7 foePP=31,37 foeAtkDef=2,6 CarlAtk=6 foeLevel=9
support PP=37,36 Carl-defense=6 enemy-attack=2,2
party action uses=8,40 / 2,40
frame=15832 map=34.3 pos=10,5 flags=7
party=2 HP=36/36,28/28 battle=0 battlers=4 outcome=2 PP=4,2 trial=1 donut-ability=0
persistent PP=8,2 status=0,0
growth level/xp/item=10/627/0,9/937/0 stats maxHP/attack,maxHP/magic=36/25,28/14 foesHP=30,25
pattern trainer=857 turn=7 foePP=31,37 foeAtkDef=2,6 CarlAtk=6 foeLevel=9
support PP=37,36 Carl-defense=6 enemy-attack=2,2
party action uses=8,40 / 2,40
frame=15833 map=34.3 pos=10,5 flags=7
party=2 HP=36/36,28/28 battle=0 battlers=4 outcome=2 PP=4,2 trial=1 donut-ability=0
persistent PP=8,2 status=0,0
growth level/xp/item=10/627/0,9/937/0 stats maxHP/attack,maxHP/magic=36/25,28/14 foesHP=30,25
pattern trainer=857 turn=7 foePP=31,37 foeAtkDef=2,6 CarlAtk=6 foeLevel=9
support PP=37,36 Carl-defense=6 enemy-attack=2,2
party action uses=8,40 / 2,40
frame=16433 map=34.3 pos=10,5 flags=7
party=2 HP=36/36,28/28 battle=0 battlers=4 outcome=2 PP=4,2 trial=1 donut-ability=0
persistent PP=8,2 status=0,0
growth level/xp/item=10/627/0,9/937/0 stats maxHP/attack,maxHP/magic=36/25,28/14 foesHP=30,25
pattern trainer=857 turn=7 foePP=31,37 foeAtkDef=2,6 CarlAtk=6 foeLevel=9
support PP=37,36 Carl-defense=6 enemy-attack=2,2
party action uses=8,40 / 2,40
frame=16434 map=34.3 pos=10,5 flags=7
party=2 HP=36/36,28/28 battle=0 battlers=4 outcome=2 PP=4,2 trial=1 donut-ability=0
persistent PP=8,2 status=0,0
growth level/xp/item=10/627/0,9/937/0 stats maxHP/attack,maxHP/magic=36/25,28/14 foesHP=30,25
pattern trainer=857 turn=7 foePP=31,37 foeAtkDef=2,6 CarlAtk=6 foeLevel=9
support PP=37,36 Carl-defense=6 enemy-attack=2,2
party action uses=8,40 / 2,40
frame=17034 map=34.3 pos=10,5 flags=7
party=2 HP=36/36,28/28 battle=0 battlers=4 outcome=2 PP=4,2 trial=1 donut-ability=0
persistent PP=8,2 status=0,0
growth level/xp/item=10/627/0,9/937/0 stats maxHP/attack,maxHP/magic=36/25,28/14 foesHP=30,25
pattern trainer=857 turn=7 foePP=31,37 foeAtkDef=2,6 CarlAtk=6 foeLevel=9
support PP=37,36 Carl-defense=6 enemy-attack=2,2
party action uses=8,40 / 2,40
frame=17034 map=34.3 pos=10,5 flags=7
party=2 HP=36/36,28/28 battle=0 battlers=4 outcome=2 PP=4,2 trial=1 donut-ability=0
persistent PP=8,2 status=0,0
growth level/xp/item=10/627/0,9/937/0 stats maxHP/attack,maxHP/magic=36/25,28/14 foesHP=30,25
pattern trainer=857 turn=7 foePP=31,37 foeAtkDef=2,6 CarlAtk=6 foeLevel=9
support PP=37,36 Carl-defense=6 enemy-attack=2,2
party action uses=8,40 / 2,40
PASS expect 34 3 10 5 7
result=0 assertions=12
