mGBA 0.10.5; 240x160; save=../prepared-loss.sav; read-only RAM diagnostics
frame=720 map=34.4 pos=8,5 flags=7
party=2 HP=38/38,30/30 battle=0 battlers=0 outcome=0 PP=0,0 trial=1 donut-ability=0
persistent PP=8,2 status=0,0
growth level/xp/item=11/748/0,10/1058/0 stats maxHP/attack,maxHP/magic=38/26,30/15 foesHP=0,0
pattern trainer=0 turn=0 foePP=0,0 foeAtkDef=0,0 CarlAtk=0 foeLevel=0
support PP=0,0 Carl-defense=0 enemy-attack=0,0
party action uses=8,40 / 2,40
frame=721 map=34.4 pos=8,5 flags=7
party=2 HP=38/38,30/30 battle=0 battlers=0 outcome=0 PP=0,0 trial=1 donut-ability=0
persistent PP=8,2 status=0,0
growth level/xp/item=11/748/0,10/1058/0 stats maxHP/attack,maxHP/magic=38/26,30/15 foesHP=0,0
pattern trainer=0 turn=0 foePP=0,0 foeAtkDef=0,0 CarlAtk=0 foeLevel=0
support PP=0,0 Carl-defense=0 enemy-attack=0,0
party action uses=8,40 / 2,40
frame=1081 map=34.4 pos=8,5 flags=7
party=2 HP=38/38,30/30 battle=0 battlers=0 outcome=0 PP=0,0 trial=1 donut-ability=0
persistent PP=8,2 status=0,0
growth level/xp/item=11/748/0,10/1058/0 stats maxHP/attack,maxHP/magic=38/26,30/15 foesHP=0,0
pattern trainer=0 turn=0 foePP=0,0 foeAtkDef=0,0 CarlAtk=0 foeLevel=0
support PP=0,0 Carl-defense=0 enemy-attack=0,0
party action uses=8,40 / 2,40
frame=1082 map=34.4 pos=8,5 flags=7
party=2 HP=38/38,30/30 battle=0 battlers=0 outcome=0 PP=0,0 trial=1 donut-ability=0
persistent PP=8,2 status=0,0
growth level/xp/item=11/748/0,10/1058/0 stats maxHP/attack,maxHP/magic=38/26,30/15 foesHP=0,0
pattern trainer=0 turn=0 foePP=0,0 foeAtkDef=0,0 CarlAtk=0 foeLevel=0
support PP=0,0 Carl-defense=0 enemy-attack=0,0
party action uses=8,40 / 2,40
frame=1262 map=34.4 pos=8,5 flags=7
party=2 HP=38/38,30/30 battle=0 battlers=0 outcome=0 PP=0,0 trial=1 donut-ability=0
persistent PP=8,2 status=0,0
growth level/xp/item=11/748/0,10/1058/0 stats maxHP/attack,maxHP/magic=38/26,30/15 foesHP=0,0
pattern trainer=0 turn=0 foePP=0,0 foeAtkDef=0,0 CarlAtk=0 foeLevel=0
support PP=0,0 Carl-defense=0 enemy-attack=0,0
party action uses=8,40 / 2,40
frame=1263 map=34.4 pos=8,5 flags=7
party=2 HP=38/38,30/30 battle=0 battlers=0 outcome=0 PP=0,0 trial=1 donut-ability=0
persistent PP=8,2 status=0,0
growth level/xp/item=11/748/0,10/1058/0 stats maxHP/attack,maxHP/magic=38/26,30/15 foesHP=0,0
pattern trainer=0 turn=0 foePP=0,0 foeAtkDef=0,0 CarlAtk=0 foeLevel=0
support PP=0,0 Carl-defense=0 enemy-attack=0,0
party action uses=8,40 / 2,40
frame=1443 map=34.4 pos=8,5 flags=7
party=2 HP=38/38,30/30 battle=0 battlers=0 outcome=0 PP=0,0 trial=1 donut-ability=0
persistent PP=8,2 status=0,0
growth level/xp/item=11/748/0,10/1058/0 stats maxHP/attack,maxHP/magic=38/26,30/15 foesHP=0,0
pattern trainer=0 turn=0 foePP=0,0 foeAtkDef=0,0 CarlAtk=0 foeLevel=0
support PP=0,0 Carl-defense=0 enemy-attack=0,0
party action uses=8,40 / 2,40
frame=1444 map=34.4 pos=8,5 flags=7
party=2 HP=38/38,30/30 battle=0 battlers=0 outcome=0 PP=0,0 trial=1 donut-ability=0
persistent PP=8,2 status=0,0
growth level/xp/item=11/748/0,10/1058/0 stats maxHP/attack,maxHP/magic=38/26,30/15 foesHP=0,0
pattern trainer=0 turn=0 foePP=0,0 foeAtkDef=0,0 CarlAtk=0 foeLevel=0
support PP=0,0 Carl-defense=0 enemy-attack=0,0
party action uses=8,40 / 2,40
frame=2044 map=34.4 pos=8,5 flags=7
party=2 HP=38/38,30/30 battle=0 battlers=0 outcome=0 PP=0,0 trial=1 donut-ability=0
persistent PP=8,2 status=0,0
growth level/xp/item=11/748/0,10/1058/0 stats maxHP/attack,maxHP/magic=38/26,30/15 foesHP=0,0
pattern trainer=0 turn=0 foePP=0,0 foeAtkDef=0,0 CarlAtk=0 foeLevel=0
support PP=0,0 Carl-defense=0 enemy-attack=0,0
party action uses=8,40 / 2,40
frame=2044 map=34.4 pos=8,5 flags=7
party=2 HP=38/38,30/30 battle=0 battlers=0 outcome=0 PP=0,0 trial=1 donut-ability=0
persistent PP=8,2 status=0,0
growth level/xp/item=11/748/0,10/1058/0 stats maxHP/attack,maxHP/magic=38/26,30/15 foesHP=0,0
pattern trainer=0 turn=0 foePP=0,0 foeAtkDef=0,0 CarlAtk=0 foeLevel=0
support PP=0,0 Carl-defense=0 enemy-attack=0,0
party action uses=8,40 / 2,40
PASS expect 34 4 8 5 7
frame=2044 map=34.4 pos=8,5 flags=7
party=2 HP=38/38,30/30 battle=0 battlers=0 outcome=0 PP=0,0 trial=1 donut-ability=0
persistent PP=8,2 status=0,0
growth level/xp/item=11/748/0,10/1058/0 stats maxHP/attack,maxHP/magic=38/26,30/15 foesHP=0,0
PASS flag 46 1
pattern trainer=0 turn=0 foePP=0,0 foeAtkDef=0,0 CarlAtk=0 foeLevel=0
support PP=0,0 Carl-defense=0 enemy-attack=0,0
party action uses=8,40 / 2,40
frame=2044 map=34.4 pos=8,5 flags=7
party=2 HP=38/38,30/30 battle=0 battlers=0 outcome=0 PP=0,0 trial=1 donut-ability=0
persistent PP=8,2 status=0,0
growth level/xp/item=11/748/0,10/1058/0 stats maxHP/attack,maxHP/magic=38/26,30/15 foesHP=0,0
PASS flag 47 0
pattern trainer=0 turn=0 foePP=0,0 foeAtkDef=0,0 CarlAtk=0 foeLevel=0
support PP=0,0 Carl-defense=0 enemy-attack=0,0
party action uses=8,40 / 2,40
frame=2044 map=34.4 pos=8,5 flags=7
party=2 HP=38/38,30/30 battle=0 battlers=0 outcome=0 PP=0,0 trial=1 donut-ability=0
persistent PP=8,2 status=0,0
growth level/xp/item=11/748/0,10/1058/0 stats maxHP/attack,maxHP/magic=38/26,30/15 foesHP=0,0
pattern trainer=0 turn=0 foePP=0,0 foeAtkDef=0,0 CarlAtk=0 foeLevel=0
support PP=0,0 Carl-defense=0 enemy-attack=0,0
party action uses=8,40 / 2,40
PASS duo healthy
frame=2045 map=34.4 pos=8,5 flags=7
party=2 HP=38/38,30/30 battle=0 battlers=0 outcome=0 PP=0,0 trial=1 donut-ability=0
persistent PP=8,2 status=0,0
growth level/xp/item=11/748/0,10/1058/0 stats maxHP/attack,maxHP/magic=38/26,30/15 foesHP=0,0
pattern trainer=859 turn=0 foePP=0,0 foeAtkDef=0,0 CarlAtk=0 foeLevel=0
support PP=0,0 Carl-defense=0 enemy-attack=0,0
party action uses=8,40 / 2,40
frame=2445 map=34.4 pos=8,5 flags=7
party=2 HP=38/38,30/30 battle=0 battlers=0 outcome=0 PP=0,0 trial=1 donut-ability=0
persistent PP=8,2 status=0,0
growth level/xp/item=11/748/0,10/1058/0 stats maxHP/attack,maxHP/magic=38/26,30/15 foesHP=0,0
pattern trainer=859 turn=0 foePP=0,0 foeAtkDef=0,0 CarlAtk=0 foeLevel=0
support PP=0,0 Carl-defense=0 enemy-attack=0,0
party action uses=8,40 / 2,40
frame=2446 map=34.4 pos=8,5 flags=7
party=2 HP=38/38,30/30 battle=0 battlers=0 outcome=0 PP=0,0 trial=1 donut-ability=0
persistent PP=8,2 status=0,0
growth level/xp/item=11/748/0,10/1058/0 stats maxHP/attack,maxHP/magic=38/26,30/15 foesHP=0,0
pattern trainer=859 turn=0 foePP=0,0 foeAtkDef=0,0 CarlAtk=0 foeLevel=0
support PP=0,0 Carl-defense=0 enemy-attack=0,0
party action uses=8,40 / 2,40
frame=2846 map=34.4 pos=8,5 flags=7
party=2 HP=38/38,30/30 battle=0 battlers=0 outcome=0 PP=0,0 trial=1 donut-ability=0
persistent PP=8,2 status=0,0
growth level/xp/item=11/748/0,10/1058/0 stats maxHP/attack,maxHP/magic=38/26,30/15 foesHP=0,0
pattern trainer=859 turn=0 foePP=0,0 foeAtkDef=0,0 CarlAtk=0 foeLevel=0
support PP=0,0 Carl-defense=0 enemy-attack=0,0
party action uses=8,40 / 2,40
frame=2847 map=34.4 pos=8,5 flags=7
party=2 HP=38/38,30/30 battle=0 battlers=0 outcome=0 PP=0,0 trial=1 donut-ability=0
persistent PP=8,2 status=0,0
growth level/xp/item=11/748/0,10/1058/0 stats maxHP/attack,maxHP/magic=38/26,30/15 foesHP=0,0
pattern trainer=859 turn=0 foePP=0,0 foeAtkDef=0,0 CarlAtk=0 foeLevel=0
support PP=0,0 Carl-defense=0 enemy-attack=0,0
party action uses=8,40 / 2,40
frame=3747 map=34.4 pos=8,5 flags=7
party=2 HP=38/38,30/30 battle=1 battlers=4 outcome=0 PP=8,2 trial=1 donut-ability=0
persistent PP=8,2 status=0,0
growth level/xp/item=11/748/0,10/1058/0 stats maxHP/attack,maxHP/magic=38/26,30/15 foesHP=36,28
pattern trainer=859 turn=0 foePP=40,40 foeAtkDef=6,6 CarlAtk=6 foeLevel=10
support PP=40,40 Carl-defense=6 enemy-attack=6,6
party action uses=8,40 / 2,40
frame=3748 map=34.4 pos=8,5 flags=7
party=2 HP=38/38,30/30 battle=1 battlers=4 outcome=0 PP=8,2 trial=1 donut-ability=0
persistent PP=8,2 status=0,0
growth level/xp/item=11/748/0,10/1058/0 stats maxHP/attack,maxHP/magic=38/26,30/15 foesHP=36,28
pattern trainer=859 turn=0 foePP=40,40 foeAtkDef=6,6 CarlAtk=6 foeLevel=10
support PP=40,40 Carl-defense=6 enemy-attack=6,6
party action uses=8,40 / 2,40
frame=4348 map=34.4 pos=8,5 flags=7
party=2 HP=38/38,30/30 battle=1 battlers=4 outcome=0 PP=8,2 trial=1 donut-ability=0
persistent PP=8,2 status=0,0
growth level/xp/item=11/748/0,10/1058/0 stats maxHP/attack,maxHP/magic=38/26,30/15 foesHP=36,28
pattern trainer=859 turn=0 foePP=40,40 foeAtkDef=6,6 CarlAtk=6 foeLevel=10
support PP=40,40 Carl-defense=6 enemy-attack=6,6
party action uses=8,40 / 2,40
frame=4349 map=34.4 pos=8,5 flags=7
party=2 HP=38/38,30/30 battle=1 battlers=4 outcome=0 PP=8,2 trial=1 donut-ability=0
persistent PP=8,2 status=0,0
growth level/xp/item=11/748/0,10/1058/0 stats maxHP/attack,maxHP/magic=38/26,30/15 foesHP=36,28
pattern trainer=859 turn=0 foePP=40,40 foeAtkDef=6,6 CarlAtk=6 foeLevel=10
support PP=40,40 Carl-defense=6 enemy-attack=6,6
party action uses=8,40 / 2,40
frame=4949 map=34.4 pos=8,5 flags=7
party=2 HP=38/38,30/30 battle=1 battlers=4 outcome=0 PP=8,2 trial=1 donut-ability=0
persistent PP=8,2 status=0,0
growth level/xp/item=11/748/0,10/1058/0 stats maxHP/attack,maxHP/magic=38/26,30/15 foesHP=36,28
pattern trainer=859 turn=0 foePP=40,40 foeAtkDef=6,6 CarlAtk=6 foeLevel=10
support PP=40,40 Carl-defense=6 enemy-attack=6,6
party action uses=8,40 / 2,40
pilot frame=4949 turn=0 actor=0 menu=1 selection=0 key=1
pilot turn=0 HP=38,30 foeHP=36,28 foeAtk=6 foeDef=6 CarlAtk=6
pilot frame=4961 turn=0 actor=0 menu=2 selection=0 key=1
pilot frame=4973 turn=0 actor=0 menu=3 selection=1 key=16
pilot frame=4985 turn=0 actor=0 menu=3 selection=2 key=1
pilot frame=4997 turn=0 actor=2 menu=1 selection=0 key=1
pilot frame=5009 turn=0 actor=2 menu=2 selection=1 key=16
pilot frame=5021 turn=0 actor=2 menu=2 selection=1 key=1
pilot turn=1 HP=35,21 foeHP=36,28 foeAtk=6 foeDef=6 CarlAtk=6
pilot frame=6533 turn=1 actor=0 menu=1 selection=0 key=1
pilot frame=6545 turn=1 actor=0 menu=2 selection=0 key=1
pilot frame=6557 turn=1 actor=0 menu=3 selection=1 key=16
pilot frame=6569 turn=1 actor=0 menu=3 selection=2 key=1
pilot frame=6581 turn=1 actor=2 menu=1 selection=0 key=1
pilot frame=6593 turn=1 actor=2 menu=2 selection=1 key=1
pilot turn=2 HP=15,12 foeHP=36,28 foeAtk=5 foeDef=6 CarlAtk=6
pilot frame=7961 turn=2 actor=0 menu=1 selection=0 key=1
pilot frame=7973 turn=2 actor=0 menu=2 selection=0 key=1
pilot frame=7985 turn=2 actor=0 menu=3 selection=1 key=16
pilot frame=7997 turn=2 actor=0 menu=3 selection=2 key=1
pilot frame=8009 turn=2 actor=2 menu=1 selection=0 key=1
pilot frame=8021 turn=2 actor=2 menu=2 selection=1 key=1
pilot turn=3 HP=15,0 foeHP=36,28 foeAtk=5 foeDef=6 CarlAtk=6
pilot frame=9689 turn=3 actor=0 menu=1 selection=0 key=1
pilot frame=9701 turn=3 actor=0 menu=2 selection=1 key=16
pilot frame=9713 turn=3 actor=0 menu=2 selection=1 key=1
pilot turn=4 HP=2,0 foeHP=36,28 foeAtk=5 foeDef=6 CarlAtk=6
pilot frame=10529 turn=4 actor=0 menu=1 selection=0 key=1
pilot frame=10541 turn=4 actor=0 menu=2 selection=1 key=1
pilot completed policy=loss frames=6873 outcome=2 incapacitation=6
frame=12422 map=34.4 pos=8,5 flags=7
party=2 HP=38/38,30/30 battle=0 battlers=4 outcome=2 PP=5,2 trial=1 donut-ability=0
persistent PP=8,2 status=0,0
growth level/xp/item=11/748/0,10/1058/0 stats maxHP/attack,maxHP/magic=38/26,30/15 foesHP=36,28
pattern trainer=859 turn=4 foePP=37,38 foeAtkDef=6,6 CarlAtk=6 foeLevel=10
support PP=38,37 Carl-defense=6 enemy-attack=6,3
party action uses=8,40 / 2,40
PASS incap 6
frame=12422 map=34.4 pos=8,5 flags=7
party=2 HP=38/38,30/30 battle=0 battlers=4 outcome=2 PP=5,2 trial=1 donut-ability=0
persistent PP=8,2 status=0,0
growth level/xp/item=11/748/0,10/1058/0 stats maxHP/attack,maxHP/magic=38/26,30/15 foesHP=36,28
pattern trainer=859 turn=4 foePP=37,38 foeAtkDef=6,6 CarlAtk=6 foeLevel=10
support PP=38,37 Carl-defense=6 enemy-attack=6,3
party action uses=8,40 / 2,40
frame=12422 map=34.4 pos=8,5 flags=7
party=2 HP=38/38,30/30 battle=0 battlers=4 outcome=2 PP=5,2 trial=1 donut-ability=0
persistent PP=8,2 status=0,0
growth level/xp/item=11/748/0,10/1058/0 stats maxHP/attack,maxHP/magic=38/26,30/15 foesHP=36,28
pattern trainer=859 turn=4 foePP=37,38 foeAtkDef=6,6 CarlAtk=6 foeLevel=10
support PP=38,37 Carl-defense=6 enemy-attack=6,3
party action uses=8,40 / 2,40
PASS duo healthy
frame=12422 map=34.4 pos=8,5 flags=7
party=2 HP=38/38,30/30 battle=0 battlers=4 outcome=2 PP=5,2 trial=1 donut-ability=0
persistent PP=8,2 status=0,0
growth level/xp/item=11/748/0,10/1058/0 stats maxHP/attack,maxHP/magic=38/26,30/15 foesHP=36,28
pattern trainer=859 turn=4 foePP=37,38 foeAtkDef=6,6 CarlAtk=6 foeLevel=10
support PP=38,37 Carl-defense=6 enemy-attack=6,3
party action uses=8,40 / 2,40
PASS uses 8 40 2 40
frame=12422 map=34.4 pos=8,5 flags=7
party=2 HP=38/38,30/30 battle=0 battlers=4 outcome=2 PP=5,2 trial=1 donut-ability=0
persistent PP=8,2 status=0,0
growth level/xp/item=11/748/0,10/1058/0 stats maxHP/attack,maxHP/magic=38/26,30/15 foesHP=36,28
PASS growth 11 748 0 10 1058 0
pattern trainer=859 turn=4 foePP=37,38 foeAtkDef=6,6 CarlAtk=6 foeLevel=10
support PP=38,37 Carl-defense=6 enemy-attack=6,3
party action uses=8,40 / 2,40
frame=12422 map=34.4 pos=8,5 flags=7
party=2 HP=38/38,30/30 battle=0 battlers=4 outcome=2 PP=5,2 trial=1 donut-ability=0
persistent PP=8,2 status=0,0
growth level/xp/item=11/748/0,10/1058/0 stats maxHP/attack,maxHP/magic=38/26,30/15 foesHP=36,28
PASS flag 2139 0
pattern trainer=859 turn=4 foePP=37,38 foeAtkDef=6,6 CarlAtk=6 foeLevel=10
support PP=38,37 Carl-defense=6 enemy-attack=6,3
party action uses=8,40 / 2,40
frame=12422 map=34.4 pos=8,5 flags=7
party=2 HP=38/38,30/30 battle=0 battlers=4 outcome=2 PP=5,2 trial=1 donut-ability=0
persistent PP=8,2 status=0,0
growth level/xp/item=11/748/0,10/1058/0 stats maxHP/attack,maxHP/magic=38/26,30/15 foesHP=36,28
PASS flag 47 0
pattern trainer=859 turn=4 foePP=37,38 foeAtkDef=6,6 CarlAtk=6 foeLevel=10
support PP=38,37 Carl-defense=6 enemy-attack=6,3
party action uses=8,40 / 2,40
frame=12422 map=34.4 pos=8,5 flags=7
party=2 HP=38/38,30/30 battle=0 battlers=4 outcome=2 PP=5,2 trial=1 donut-ability=0
persistent PP=8,2 status=0,0
growth level/xp/item=11/748/0,10/1058/0 stats maxHP/attack,maxHP/magic=38/26,30/15 foesHP=36,28
PASS flag 48 0
pattern trainer=859 turn=4 foePP=37,38 foeAtkDef=6,6 CarlAtk=6 foeLevel=10
support PP=38,37 Carl-defense=6 enemy-attack=6,3
party action uses=8,40 / 2,40
frame=12422 map=34.4 pos=8,5 flags=7
party=2 HP=38/38,30/30 battle=0 battlers=4 outcome=2 PP=5,2 trial=1 donut-ability=0
persistent PP=8,2 status=0,0
growth level/xp/item=11/748/0,10/1058/0 stats maxHP/attack,maxHP/magic=38/26,30/15 foesHP=36,28
pattern trainer=859 turn=4 foePP=37,38 foeAtkDef=6,6 CarlAtk=6 foeLevel=10
support PP=38,37 Carl-defense=6 enemy-attack=6,3
party action uses=8,40 / 2,40
PASS expect 34 4 8 5 7
frame=12423 map=34.4 pos=8,5 flags=7
party=2 HP=38/38,30/30 battle=0 battlers=4 outcome=2 PP=5,2 trial=1 donut-ability=0
persistent PP=8,2 status=0,0
growth level/xp/item=11/748/0,10/1058/0 stats maxHP/attack,maxHP/magic=38/26,30/15 foesHP=36,28
pattern trainer=859 turn=4 foePP=37,38 foeAtkDef=6,6 CarlAtk=6 foeLevel=10
support PP=38,37 Carl-defense=6 enemy-attack=6,3
party action uses=8,40 / 2,40
frame=12543 map=34.4 pos=8,5 flags=7
party=2 HP=38/38,30/30 battle=0 battlers=4 outcome=2 PP=5,2 trial=1 donut-ability=0
persistent PP=8,2 status=0,0
growth level/xp/item=11/748/0,10/1058/0 stats maxHP/attack,maxHP/magic=38/26,30/15 foesHP=36,28
pattern trainer=859 turn=4 foePP=37,38 foeAtkDef=6,6 CarlAtk=6 foeLevel=10
support PP=38,37 Carl-defense=6 enemy-attack=6,3
party action uses=8,40 / 2,40
frame=12544 map=34.4 pos=8,5 flags=7
party=2 HP=38/38,30/30 battle=0 battlers=4 outcome=2 PP=5,2 trial=1 donut-ability=0
persistent PP=8,2 status=0,0
growth level/xp/item=11/748/0,10/1058/0 stats maxHP/attack,maxHP/magic=38/26,30/15 foesHP=36,28
pattern trainer=859 turn=4 foePP=37,38 foeAtkDef=6,6 CarlAtk=6 foeLevel=10
support PP=38,37 Carl-defense=6 enemy-attack=6,3
party action uses=8,40 / 2,40
frame=12664 map=34.4 pos=8,5 flags=7
party=2 HP=38/38,30/30 battle=0 battlers=4 outcome=2 PP=5,2 trial=1 donut-ability=0
persistent PP=8,2 status=0,0
growth level/xp/item=11/748/0,10/1058/0 stats maxHP/attack,maxHP/magic=38/26,30/15 foesHP=36,28
pattern trainer=859 turn=4 foePP=37,38 foeAtkDef=6,6 CarlAtk=6 foeLevel=10
support PP=38,37 Carl-defense=6 enemy-attack=6,3
party action uses=8,40 / 2,40
frame=12665 map=34.4 pos=8,5 flags=7
party=2 HP=38/38,30/30 battle=0 battlers=4 outcome=2 PP=5,2 trial=1 donut-ability=0
persistent PP=8,2 status=0,0
growth level/xp/item=11/748/0,10/1058/0 stats maxHP/attack,maxHP/magic=38/26,30/15 foesHP=36,28
pattern trainer=859 turn=4 foePP=37,38 foeAtkDef=6,6 CarlAtk=6 foeLevel=10
support PP=38,37 Carl-defense=6 enemy-attack=6,3
party action uses=8,40 / 2,40
frame=12685 map=34.4 pos=8,5 flags=7
party=2 HP=38/38,30/30 battle=0 battlers=4 outcome=2 PP=5,2 trial=1 donut-ability=0
persistent PP=8,2 status=0,0
growth level/xp/item=11/748/0,10/1058/0 stats maxHP/attack,maxHP/magic=38/26,30/15 foesHP=36,28
pattern trainer=859 turn=4 foePP=37,38 foeAtkDef=6,6 CarlAtk=6 foeLevel=10
support PP=38,37 Carl-defense=6 enemy-attack=6,3
party action uses=8,40 / 2,40
frame=12686 map=34.4 pos=8,5 flags=7
party=2 HP=38/38,30/30 battle=0 battlers=4 outcome=2 PP=5,2 trial=1 donut-ability=0
persistent PP=8,2 status=0,0
growth level/xp/item=11/748/0,10/1058/0 stats maxHP/attack,maxHP/magic=38/26,30/15 foesHP=36,28
pattern trainer=859 turn=4 foePP=37,38 foeAtkDef=6,6 CarlAtk=6 foeLevel=10
support PP=38,37 Carl-defense=6 enemy-attack=6,3
party action uses=8,40 / 2,40
frame=12706 map=34.4 pos=8,5 flags=7
party=2 HP=38/38,30/30 battle=0 battlers=4 outcome=2 PP=5,2 trial=1 donut-ability=0
persistent PP=8,2 status=0,0
growth level/xp/item=11/748/0,10/1058/0 stats maxHP/attack,maxHP/magic=38/26,30/15 foesHP=36,28
pattern trainer=859 turn=4 foePP=37,38 foeAtkDef=6,6 CarlAtk=6 foeLevel=10
support PP=38,37 Carl-defense=6 enemy-attack=6,3
party action uses=8,40 / 2,40
frame=12707 map=34.4 pos=8,5 flags=7
party=2 HP=38/38,30/30 battle=0 battlers=4 outcome=2 PP=5,2 trial=1 donut-ability=0
persistent PP=8,2 status=0,0
growth level/xp/item=11/748/0,10/1058/0 stats maxHP/attack,maxHP/magic=38/26,30/15 foesHP=36,28
pattern trainer=859 turn=4 foePP=37,38 foeAtkDef=6,6 CarlAtk=6 foeLevel=10
support PP=38,37 Carl-defense=6 enemy-attack=6,3
party action uses=8,40 / 2,40
frame=12867 map=34.4 pos=8,5 flags=7
party=2 HP=38/38,30/30 battle=0 battlers=4 outcome=2 PP=5,2 trial=1 donut-ability=0
persistent PP=8,2 status=0,0
growth level/xp/item=11/748/0,10/1058/0 stats maxHP/attack,maxHP/magic=38/26,30/15 foesHP=36,28
pattern trainer=859 turn=4 foePP=37,38 foeAtkDef=6,6 CarlAtk=6 foeLevel=10
support PP=38,37 Carl-defense=6 enemy-attack=6,3
party action uses=8,40 / 2,40
frame=12868 map=34.4 pos=8,5 flags=7
party=2 HP=38/38,30/30 battle=0 battlers=4 outcome=2 PP=5,2 trial=1 donut-ability=0
persistent PP=8,2 status=0,0
growth level/xp/item=11/748/0,10/1058/0 stats maxHP/attack,maxHP/magic=38/26,30/15 foesHP=36,28
pattern trainer=859 turn=4 foePP=37,38 foeAtkDef=6,6 CarlAtk=6 foeLevel=10
support PP=38,37 Carl-defense=6 enemy-attack=6,3
party action uses=8,40 / 2,40
frame=13048 map=34.4 pos=8,5 flags=7
party=2 HP=38/38,30/30 battle=0 battlers=4 outcome=2 PP=5,2 trial=1 donut-ability=0
persistent PP=8,2 status=0,0
growth level/xp/item=11/748/0,10/1058/0 stats maxHP/attack,maxHP/magic=38/26,30/15 foesHP=36,28
pattern trainer=859 turn=4 foePP=37,38 foeAtkDef=6,6 CarlAtk=6 foeLevel=10
support PP=38,37 Carl-defense=6 enemy-attack=6,3
party action uses=8,40 / 2,40
frame=13049 map=34.4 pos=8,5 flags=7
party=2 HP=38/38,30/30 battle=0 battlers=4 outcome=2 PP=5,2 trial=1 donut-ability=0
persistent PP=8,2 status=0,0
growth level/xp/item=11/748/0,10/1058/0 stats maxHP/attack,maxHP/magic=38/26,30/15 foesHP=36,28
pattern trainer=859 turn=4 foePP=37,38 foeAtkDef=6,6 CarlAtk=6 foeLevel=10
support PP=38,37 Carl-defense=6 enemy-attack=6,3
party action uses=8,40 / 2,40
frame=13649 map=34.4 pos=8,5 flags=7
party=2 HP=38/38,30/30 battle=0 battlers=4 outcome=2 PP=5,2 trial=1 donut-ability=0
persistent PP=8,2 status=0,0
growth level/xp/item=11/748/0,10/1058/0 stats maxHP/attack,maxHP/magic=38/26,30/15 foesHP=36,28
pattern trainer=859 turn=4 foePP=37,38 foeAtkDef=6,6 CarlAtk=6 foeLevel=10
support PP=38,37 Carl-defense=6 enemy-attack=6,3
party action uses=8,40 / 2,40
frame=13650 map=34.4 pos=8,5 flags=7
party=2 HP=38/38,30/30 battle=0 battlers=4 outcome=2 PP=5,2 trial=1 donut-ability=0
persistent PP=8,2 status=0,0
growth level/xp/item=11/748/0,10/1058/0 stats maxHP/attack,maxHP/magic=38/26,30/15 foesHP=36,28
pattern trainer=859 turn=4 foePP=37,38 foeAtkDef=6,6 CarlAtk=6 foeLevel=10
support PP=38,37 Carl-defense=6 enemy-attack=6,3
party action uses=8,40 / 2,40
frame=14250 map=34.4 pos=8,5 flags=7
party=2 HP=38/38,30/30 battle=0 battlers=4 outcome=2 PP=5,2 trial=1 donut-ability=0
persistent PP=8,2 status=0,0
growth level/xp/item=11/748/0,10/1058/0 stats maxHP/attack,maxHP/magic=38/26,30/15 foesHP=36,28
pattern trainer=859 turn=4 foePP=37,38 foeAtkDef=6,6 CarlAtk=6 foeLevel=10
support PP=38,37 Carl-defense=6 enemy-attack=6,3
party action uses=8,40 / 2,40
frame=14250 map=34.4 pos=8,5 flags=7
party=2 HP=38/38,30/30 battle=0 battlers=4 outcome=2 PP=5,2 trial=1 donut-ability=0
persistent PP=8,2 status=0,0
growth level/xp/item=11/748/0,10/1058/0 stats maxHP/attack,maxHP/magic=38/26,30/15 foesHP=36,28
pattern trainer=859 turn=4 foePP=37,38 foeAtkDef=6,6 CarlAtk=6 foeLevel=10
support PP=38,37 Carl-defense=6 enemy-attack=6,3
party action uses=8,40 / 2,40
PASS expect 34 4 8 5 7
result=0 assertions=14
