mGBA 0.10.5; 240x160; save=../carl-down.sav; read-only RAM diagnostics
frame=720 map=34.4 pos=8,5 flags=7
party=2 HP=38/38,30/30 battle=0 battlers=0 outcome=0 PP=0,0 trial=1 donut-ability=0
persistent PP=8,2 status=0,0
growth level/xp/item=11/748/0,10/1058/0 stats maxHP/attack,maxHP/magic=38/26,30/15 foesHP=0,0
pattern trainer=0 turn=0 foePP=0,0 foeAtkDef=0,0 CarlAtk=0 foeLevel=0
support PP=0,0 Carl-defense=0 enemy-attack=0,0
party action uses=8,40 / 2,40
frame=721 map=34.4 pos=8,5 flags=7
party=2 HP=38/38,30/30 battle=0 battlers=0 outcome=0 PP=0,0 trial=1 donut-ability=0
persistent PP=8,2 status=0,0
growth level/xp/item=11/748/0,10/1058/0 stats maxHP/attack,maxHP/magic=38/26,30/15 foesHP=0,0
pattern trainer=0 turn=0 foePP=0,0 foeAtkDef=0,0 CarlAtk=0 foeLevel=0
support PP=0,0 Carl-defense=0 enemy-attack=0,0
party action uses=8,40 / 2,40
frame=1081 map=34.4 pos=8,5 flags=7
party=2 HP=38/38,30/30 battle=0 battlers=0 outcome=0 PP=0,0 trial=1 donut-ability=0
persistent PP=8,2 status=0,0
growth level/xp/item=11/748/0,10/1058/0 stats maxHP/attack,maxHP/magic=38/26,30/15 foesHP=0,0
pattern trainer=0 turn=0 foePP=0,0 foeAtkDef=0,0 CarlAtk=0 foeLevel=0
support PP=0,0 Carl-defense=0 enemy-attack=0,0
party action uses=8,40 / 2,40
frame=1082 map=34.4 pos=8,5 flags=7
party=2 HP=38/38,30/30 battle=0 battlers=0 outcome=0 PP=0,0 trial=1 donut-ability=0
persistent PP=8,2 status=0,0
growth level/xp/item=11/748/0,10/1058/0 stats maxHP/attack,maxHP/magic=38/26,30/15 foesHP=0,0
pattern trainer=0 turn=0 foePP=0,0 foeAtkDef=0,0 CarlAtk=0 foeLevel=0
support PP=0,0 Carl-defense=0 enemy-attack=0,0
party action uses=8,40 / 2,40
frame=1262 map=34.4 pos=8,5 flags=7
party=2 HP=38/38,30/30 battle=0 battlers=0 outcome=0 PP=0,0 trial=1 donut-ability=0
persistent PP=8,2 status=0,0
growth level/xp/item=11/748/0,10/1058/0 stats maxHP/attack,maxHP/magic=38/26,30/15 foesHP=0,0
pattern trainer=0 turn=0 foePP=0,0 foeAtkDef=0,0 CarlAtk=0 foeLevel=0
support PP=0,0 Carl-defense=0 enemy-attack=0,0
party action uses=8,40 / 2,40
frame=1263 map=34.4 pos=8,5 flags=7
party=2 HP=38/38,30/30 battle=0 battlers=0 outcome=0 PP=0,0 trial=1 donut-ability=0
persistent PP=8,2 status=0,0
growth level/xp/item=11/748/0,10/1058/0 stats maxHP/attack,maxHP/magic=38/26,30/15 foesHP=0,0
pattern trainer=0 turn=0 foePP=0,0 foeAtkDef=0,0 CarlAtk=0 foeLevel=0
support PP=0,0 Carl-defense=0 enemy-attack=0,0
party action uses=8,40 / 2,40
frame=1443 map=34.4 pos=8,5 flags=7
party=2 HP=38/38,30/30 battle=0 battlers=0 outcome=0 PP=0,0 trial=1 donut-ability=0
persistent PP=8,2 status=0,0
growth level/xp/item=11/748/0,10/1058/0 stats maxHP/attack,maxHP/magic=38/26,30/15 foesHP=0,0
pattern trainer=0 turn=0 foePP=0,0 foeAtkDef=0,0 CarlAtk=0 foeLevel=0
support PP=0,0 Carl-defense=0 enemy-attack=0,0
party action uses=8,40 / 2,40
frame=1444 map=34.4 pos=8,5 flags=7
party=2 HP=38/38,30/30 battle=0 battlers=0 outcome=0 PP=0,0 trial=1 donut-ability=0
persistent PP=8,2 status=0,0
growth level/xp/item=11/748/0,10/1058/0 stats maxHP/attack,maxHP/magic=38/26,30/15 foesHP=0,0
pattern trainer=0 turn=0 foePP=0,0 foeAtkDef=0,0 CarlAtk=0 foeLevel=0
support PP=0,0 Carl-defense=0 enemy-attack=0,0
party action uses=8,40 / 2,40
frame=2044 map=34.4 pos=8,5 flags=7
party=2 HP=38/38,30/30 battle=0 battlers=0 outcome=0 PP=0,0 trial=1 donut-ability=0
persistent PP=8,2 status=0,0
growth level/xp/item=11/748/0,10/1058/0 stats maxHP/attack,maxHP/magic=38/26,30/15 foesHP=0,0
pattern trainer=0 turn=0 foePP=0,0 foeAtkDef=0,0 CarlAtk=0 foeLevel=0
support PP=0,0 Carl-defense=0 enemy-attack=0,0
party action uses=8,40 / 2,40
frame=2044 map=34.4 pos=8,5 flags=7
party=2 HP=38/38,30/30 battle=0 battlers=0 outcome=0 PP=0,0 trial=1 donut-ability=0
persistent PP=8,2 status=0,0
growth level/xp/item=11/748/0,10/1058/0 stats maxHP/attack,maxHP/magic=38/26,30/15 foesHP=0,0
pattern trainer=0 turn=0 foePP=0,0 foeAtkDef=0,0 CarlAtk=0 foeLevel=0
support PP=0,0 Carl-defense=0 enemy-attack=0,0
party action uses=8,40 / 2,40
PASS expect 34 4 8 5 7
frame=2044 map=34.4 pos=8,5 flags=7
party=2 HP=38/38,30/30 battle=0 battlers=0 outcome=0 PP=0,0 trial=1 donut-ability=0
persistent PP=8,2 status=0,0
growth level/xp/item=11/748/0,10/1058/0 stats maxHP/attack,maxHP/magic=38/26,30/15 foesHP=0,0
PASS flag 46 0
pattern trainer=0 turn=0 foePP=0,0 foeAtkDef=0,0 CarlAtk=0 foeLevel=0
support PP=0,0 Carl-defense=0 enemy-attack=0,0
party action uses=8,40 / 2,40
frame=2044 map=34.4 pos=8,5 flags=7
party=2 HP=38/38,30/30 battle=0 battlers=0 outcome=0 PP=0,0 trial=1 donut-ability=0
persistent PP=8,2 status=0,0
growth level/xp/item=11/748/0,10/1058/0 stats maxHP/attack,maxHP/magic=38/26,30/15 foesHP=0,0
pattern trainer=0 turn=0 foePP=0,0 foeAtkDef=0,0 CarlAtk=0 foeLevel=0
support PP=0,0 Carl-defense=0 enemy-attack=0,0
party action uses=8,40 / 2,40
PASS duo healthy
frame=2045 map=34.4 pos=8,5 flags=7
party=2 HP=38/38,30/30 battle=0 battlers=0 outcome=0 PP=0,0 trial=1 donut-ability=0
persistent PP=8,2 status=0,0
growth level/xp/item=11/748/0,10/1058/0 stats maxHP/attack,maxHP/magic=38/26,30/15 foesHP=0,0
pattern trainer=858 turn=0 foePP=0,0 foeAtkDef=0,0 CarlAtk=0 foeLevel=0
support PP=0,0 Carl-defense=0 enemy-attack=0,0
party action uses=8,40 / 2,40
frame=2445 map=34.4 pos=8,5 flags=7
party=2 HP=38/38,30/30 battle=0 battlers=0 outcome=0 PP=0,0 trial=1 donut-ability=0
persistent PP=8,2 status=0,0
growth level/xp/item=11/748/0,10/1058/0 stats maxHP/attack,maxHP/magic=38/26,30/15 foesHP=0,0
pattern trainer=858 turn=0 foePP=0,0 foeAtkDef=0,0 CarlAtk=0 foeLevel=0
support PP=0,0 Carl-defense=0 enemy-attack=0,0
party action uses=8,40 / 2,40
frame=2446 map=34.4 pos=8,5 flags=7
party=2 HP=38/38,30/30 battle=0 battlers=0 outcome=0 PP=0,0 trial=1 donut-ability=0
persistent PP=8,2 status=0,0
growth level/xp/item=11/748/0,10/1058/0 stats maxHP/attack,maxHP/magic=38/26,30/15 foesHP=0,0
pattern trainer=858 turn=0 foePP=0,0 foeAtkDef=0,0 CarlAtk=0 foeLevel=0
support PP=0,0 Carl-defense=0 enemy-attack=0,0
party action uses=8,40 / 2,40
frame=2846 map=34.4 pos=8,5 flags=7
party=2 HP=38/38,30/30 battle=0 battlers=0 outcome=0 PP=0,0 trial=1 donut-ability=0
persistent PP=8,2 status=0,0
growth level/xp/item=11/748/0,10/1058/0 stats maxHP/attack,maxHP/magic=38/26,30/15 foesHP=0,0
pattern trainer=858 turn=0 foePP=0,0 foeAtkDef=0,0 CarlAtk=0 foeLevel=0
support PP=0,0 Carl-defense=0 enemy-attack=0,0
party action uses=8,40 / 2,40
frame=2847 map=34.4 pos=8,5 flags=7
party=2 HP=38/38,30/30 battle=0 battlers=0 outcome=0 PP=0,0 trial=1 donut-ability=0
persistent PP=8,2 status=0,0
growth level/xp/item=11/748/0,10/1058/0 stats maxHP/attack,maxHP/magic=38/26,30/15 foesHP=0,0
pattern trainer=858 turn=0 foePP=0,0 foeAtkDef=0,0 CarlAtk=0 foeLevel=0
support PP=0,0 Carl-defense=0 enemy-attack=0,0
party action uses=8,40 / 2,40
frame=3747 map=34.4 pos=8,5 flags=7
party=2 HP=38/38,30/30 battle=1 battlers=4 outcome=0 PP=8,2 trial=1 donut-ability=0
persistent PP=8,2 status=0,0
growth level/xp/item=11/748/0,10/1058/0 stats maxHP/attack,maxHP/magic=38/26,30/15 foesHP=42,30
pattern trainer=858 turn=0 foePP=40,40 foeAtkDef=6,6 CarlAtk=6 foeLevel=12
support PP=40,40 Carl-defense=6 enemy-attack=6,6
party action uses=8,40 / 2,40
frame=3748 map=34.4 pos=8,5 flags=7
party=2 HP=38/38,30/30 battle=1 battlers=4 outcome=0 PP=8,2 trial=1 donut-ability=0
persistent PP=8,2 status=0,0
growth level/xp/item=11/748/0,10/1058/0 stats maxHP/attack,maxHP/magic=38/26,30/15 foesHP=42,30
pattern trainer=858 turn=0 foePP=40,40 foeAtkDef=6,6 CarlAtk=6 foeLevel=12
support PP=40,40 Carl-defense=6 enemy-attack=6,6
party action uses=8,40 / 2,40
frame=4348 map=34.4 pos=8,5 flags=7
party=2 HP=38/38,30/30 battle=1 battlers=4 outcome=0 PP=8,2 trial=1 donut-ability=0
persistent PP=8,2 status=0,0
growth level/xp/item=11/748/0,10/1058/0 stats maxHP/attack,maxHP/magic=38/26,30/15 foesHP=42,30
pattern trainer=858 turn=0 foePP=40,40 foeAtkDef=6,6 CarlAtk=6 foeLevel=12
support PP=40,40 Carl-defense=6 enemy-attack=6,6
party action uses=8,40 / 2,40
frame=4349 map=34.4 pos=8,5 flags=7
party=2 HP=38/38,30/30 battle=1 battlers=4 outcome=0 PP=8,2 trial=1 donut-ability=0
persistent PP=8,2 status=0,0
growth level/xp/item=11/748/0,10/1058/0 stats maxHP/attack,maxHP/magic=38/26,30/15 foesHP=42,30
pattern trainer=858 turn=0 foePP=40,40 foeAtkDef=6,6 CarlAtk=6 foeLevel=12
support PP=40,40 Carl-defense=6 enemy-attack=6,6
party action uses=8,40 / 2,40
frame=4949 map=34.4 pos=8,5 flags=7
party=2 HP=38/38,30/30 battle=1 battlers=4 outcome=0 PP=8,2 trial=1 donut-ability=0
persistent PP=8,2 status=0,0
growth level/xp/item=11/748/0,10/1058/0 stats maxHP/attack,maxHP/magic=38/26,30/15 foesHP=42,30
pattern trainer=858 turn=0 foePP=40,40 foeAtkDef=6,6 CarlAtk=6 foeLevel=12
support PP=40,40 Carl-defense=6 enemy-attack=6,6
party action uses=8,40 / 2,40
pilot frame=4949 turn=0 actor=0 menu=1 selection=0 key=1
pilot turn=0 HP=38,30 foeHP=42,30 foeAtk=6 foeDef=6 CarlAtk=6
pilot frame=4961 turn=0 actor=0 menu=2 selection=1 key=16
pilot frame=4973 turn=0 actor=0 menu=2 selection=1 key=1
pilot frame=4985 turn=0 actor=2 menu=1 selection=0 key=1
pilot frame=4997 turn=0 actor=2 menu=2 selection=1 key=16
pilot frame=5009 turn=0 actor=2 menu=2 selection=1 key=1
pilot turn=1 HP=35,30 foeHP=42,30 foeAtk=6 foeDef=6 CarlAtk=6
pilot frame=6737 turn=1 actor=0 menu=1 selection=0 key=1
pilot frame=6749 turn=1 actor=0 menu=2 selection=1 key=1
pilot frame=6761 turn=1 actor=2 menu=1 selection=0 key=1
pilot frame=6773 turn=1 actor=2 menu=2 selection=1 key=1
pilot turn=2 HP=27,27 foeHP=42,30 foeAtk=5 foeDef=6 CarlAtk=6
pilot frame=8225 turn=2 actor=0 menu=1 selection=0 key=1
pilot frame=8237 turn=2 actor=0 menu=2 selection=0 key=32
pilot frame=8249 turn=2 actor=0 menu=2 selection=0 key=1
pilot frame=8261 turn=2 actor=0 menu=3 selection=1 key=1
pilot frame=8273 turn=2 actor=2 menu=1 selection=0 key=1
pilot frame=8285 turn=2 actor=2 menu=2 selection=1 key=1
pilot turn=3 HP=27,24 foeHP=33,30 foeAtk=5 foeDef=6 CarlAtk=6
pilot frame=9797 turn=3 actor=0 menu=1 selection=0 key=1
pilot frame=9809 turn=3 actor=0 menu=2 selection=0 key=1
pilot frame=9821 turn=3 actor=0 menu=3 selection=1 key=1
pilot frame=9833 turn=3 actor=2 menu=1 selection=0 key=1
pilot frame=9845 turn=3 actor=2 menu=2 selection=0 key=32
pilot frame=9857 turn=3 actor=2 menu=2 selection=0 key=1
pilot turn=4 HP=18,24 foeHP=20,25 foeAtk=5 foeDef=6 CarlAtk=6
pilot frame=10733 turn=4 actor=0 menu=1 selection=0 key=1
pilot frame=10745 turn=4 actor=0 menu=2 selection=0 key=1
pilot frame=10757 turn=4 actor=0 menu=3 selection=1 key=1
pilot frame=10769 turn=4 actor=2 menu=1 selection=0 key=1
pilot frame=10781 turn=4 actor=2 menu=2 selection=0 key=1
pilot turn=5 HP=15,24 foeHP=8,19 foeAtk=6 foeDef=6 CarlAtk=6
pilot frame=11945 turn=5 actor=0 menu=1 selection=0 key=1
pilot frame=11957 turn=5 actor=0 menu=2 selection=0 key=1
pilot frame=11969 turn=5 actor=0 menu=3 selection=1 key=1
pilot frame=11981 turn=5 actor=2 menu=1 selection=0 key=1
pilot frame=11993 turn=5 actor=2 menu=2 selection=1 key=16
pilot frame=12005 turn=5 actor=2 menu=2 selection=1 key=1
pilot turn=6 HP=0,24 foeHP=0,19 foeAtk=6 foeDef=6 CarlAtk=6
pilot frame=14093 turn=6 actor=2 menu=1 selection=0 key=1
pilot frame=14105 turn=6 actor=2 menu=2 selection=1 key=1
pilot turn=7 HP=0,21 foeHP=0,19 foeAtk=6 foeDef=6 CarlAtk=6
pilot frame=14717 turn=7 actor=2 menu=1 selection=0 key=1
pilot frame=14729 turn=7 actor=2 menu=2 selection=1 key=1
pilot turn=8 HP=0,18 foeHP=0,19 foeAtk=6 foeDef=6 CarlAtk=6
pilot frame=15341 turn=8 actor=2 menu=1 selection=0 key=1
pilot frame=15353 turn=8 actor=2 menu=2 selection=1 key=1
pilot turn=9 HP=0,15 foeHP=0,19 foeAtk=6 foeDef=6 CarlAtk=6
pilot frame=15893 turn=9 actor=2 menu=1 selection=0 key=1
pilot frame=15905 turn=9 actor=2 menu=2 selection=1 key=1
pilot turn=10 HP=0,12 foeHP=0,19 foeAtk=6 foeDef=6 CarlAtk=6
pilot frame=16445 turn=10 actor=2 menu=1 selection=0 key=1
pilot frame=16457 turn=10 actor=2 menu=2 selection=1 key=1
pilot turn=11 HP=0,8 foeHP=0,19 foeAtk=6 foeDef=6 CarlAtk=6
pilot frame=16997 turn=11 actor=2 menu=1 selection=0 key=1
pilot frame=17009 turn=11 actor=2 menu=2 selection=1 key=1
pilot completed policy=defensive frames=12920 outcome=2 incapacitation=5
frame=18469 map=34.4 pos=8,5 flags=7
party=2 HP=38/38,30/30 battle=0 battlers=4 outcome=2 PP=4,0 trial=1 donut-ability=0
persistent PP=8,2 status=0,0
growth level/xp/item=11/910/0,10/1220/0 stats maxHP/attack,maxHP/magic=38/26,30/15 foesHP=0,19
pattern trainer=858 turn=11 foePP=37,37 foeAtkDef=6,6 CarlAtk=6 foeLevel=12
support PP=38,30 Carl-defense=6 enemy-attack=6,0
party action uses=8,40 / 2,40
PASS incap 5
frame=18469 map=34.4 pos=8,5 flags=7
party=2 HP=38/38,30/30 battle=0 battlers=4 outcome=2 PP=4,0 trial=1 donut-ability=0
persistent PP=8,2 status=0,0
growth level/xp/item=11/910/0,10/1220/0 stats maxHP/attack,maxHP/magic=38/26,30/15 foesHP=0,19
pattern trainer=858 turn=11 foePP=37,37 foeAtkDef=6,6 CarlAtk=6 foeLevel=12
support PP=38,30 Carl-defense=6 enemy-attack=6,0
party action uses=8,40 / 2,40
frame=18469 map=34.4 pos=8,5 flags=7
party=2 HP=38/38,30/30 battle=0 battlers=4 outcome=2 PP=4,0 trial=1 donut-ability=0
persistent PP=8,2 status=0,0
growth level/xp/item=11/910/0,10/1220/0 stats maxHP/attack,maxHP/magic=38/26,30/15 foesHP=0,19
pattern trainer=858 turn=11 foePP=37,37 foeAtkDef=6,6 CarlAtk=6 foeLevel=12
support PP=38,30 Carl-defense=6 enemy-attack=6,0
party action uses=8,40 / 2,40
PASS duo healthy
frame=18469 map=34.4 pos=8,5 flags=7
party=2 HP=38/38,30/30 battle=0 battlers=4 outcome=2 PP=4,0 trial=1 donut-ability=0
persistent PP=8,2 status=0,0
growth level/xp/item=11/910/0,10/1220/0 stats maxHP/attack,maxHP/magic=38/26,30/15 foesHP=0,19
pattern trainer=858 turn=11 foePP=37,37 foeAtkDef=6,6 CarlAtk=6 foeLevel=12
support PP=38,30 Carl-defense=6 enemy-attack=6,0
party action uses=8,40 / 2,40
PASS uses 8 40 2 40
frame=18469 map=34.4 pos=8,5 flags=7
party=2 HP=38/38,30/30 battle=0 battlers=4 outcome=2 PP=4,0 trial=1 donut-ability=0
persistent PP=8,2 status=0,0
growth level/xp/item=11/910/0,10/1220/0 stats maxHP/attack,maxHP/magic=38/26,30/15 foesHP=0,19
PASS growth 11 910 0 10 1220 0
pattern trainer=858 turn=11 foePP=37,37 foeAtkDef=6,6 CarlAtk=6 foeLevel=12
support PP=38,30 Carl-defense=6 enemy-attack=6,0
party action uses=8,40 / 2,40
frame=18469 map=34.4 pos=8,5 flags=7
party=2 HP=38/38,30/30 battle=0 battlers=4 outcome=2 PP=4,0 trial=1 donut-ability=0
persistent PP=8,2 status=0,0
growth level/xp/item=11/910/0,10/1220/0 stats maxHP/attack,maxHP/magic=38/26,30/15 foesHP=0,19
PASS flag 2138 0
pattern trainer=858 turn=11 foePP=37,37 foeAtkDef=6,6 CarlAtk=6 foeLevel=12
support PP=38,30 Carl-defense=6 enemy-attack=6,0
party action uses=8,40 / 2,40
frame=18469 map=34.4 pos=8,5 flags=7
party=2 HP=38/38,30/30 battle=0 battlers=4 outcome=2 PP=4,0 trial=1 donut-ability=0
persistent PP=8,2 status=0,0
growth level/xp/item=11/910/0,10/1220/0 stats maxHP/attack,maxHP/magic=38/26,30/15 foesHP=0,19
PASS flag 47 0
pattern trainer=858 turn=11 foePP=37,37 foeAtkDef=6,6 CarlAtk=6 foeLevel=12
support PP=38,30 Carl-defense=6 enemy-attack=6,0
party action uses=8,40 / 2,40
frame=18469 map=34.4 pos=8,5 flags=7
party=2 HP=38/38,30/30 battle=0 battlers=4 outcome=2 PP=4,0 trial=1 donut-ability=0
persistent PP=8,2 status=0,0
growth level/xp/item=11/910/0,10/1220/0 stats maxHP/attack,maxHP/magic=38/26,30/15 foesHP=0,19
PASS flag 48 0
pattern trainer=858 turn=11 foePP=37,37 foeAtkDef=6,6 CarlAtk=6 foeLevel=12
support PP=38,30 Carl-defense=6 enemy-attack=6,0
party action uses=8,40 / 2,40
frame=18469 map=34.4 pos=8,5 flags=7
party=2 HP=38/38,30/30 battle=0 battlers=4 outcome=2 PP=4,0 trial=1 donut-ability=0
persistent PP=8,2 status=0,0
growth level/xp/item=11/910/0,10/1220/0 stats maxHP/attack,maxHP/magic=38/26,30/15 foesHP=0,19
pattern trainer=858 turn=11 foePP=37,37 foeAtkDef=6,6 CarlAtk=6 foeLevel=12
support PP=38,30 Carl-defense=6 enemy-attack=6,0
party action uses=8,40 / 2,40
PASS expect 34 4 8 5 7
frame=18470 map=34.4 pos=8,5 flags=7
party=2 HP=38/38,30/30 battle=0 battlers=4 outcome=2 PP=4,0 trial=1 donut-ability=0
persistent PP=8,2 status=0,0
growth level/xp/item=11/910/0,10/1220/0 stats maxHP/attack,maxHP/magic=38/26,30/15 foesHP=0,19
pattern trainer=858 turn=11 foePP=37,37 foeAtkDef=6,6 CarlAtk=6 foeLevel=12
support PP=38,30 Carl-defense=6 enemy-attack=6,0
party action uses=8,40 / 2,40
frame=18590 map=34.4 pos=8,5 flags=7
party=2 HP=38/38,30/30 battle=0 battlers=4 outcome=2 PP=4,0 trial=1 donut-ability=0
persistent PP=8,2 status=0,0
growth level/xp/item=11/910/0,10/1220/0 stats maxHP/attack,maxHP/magic=38/26,30/15 foesHP=0,19
pattern trainer=858 turn=11 foePP=37,37 foeAtkDef=6,6 CarlAtk=6 foeLevel=12
support PP=38,30 Carl-defense=6 enemy-attack=6,0
party action uses=8,40 / 2,40
frame=18591 map=34.4 pos=8,5 flags=7
party=2 HP=38/38,30/30 battle=0 battlers=4 outcome=2 PP=4,0 trial=1 donut-ability=0
persistent PP=8,2 status=0,0
growth level/xp/item=11/910/0,10/1220/0 stats maxHP/attack,maxHP/magic=38/26,30/15 foesHP=0,19
pattern trainer=858 turn=11 foePP=37,37 foeAtkDef=6,6 CarlAtk=6 foeLevel=12
support PP=38,30 Carl-defense=6 enemy-attack=6,0
party action uses=8,40 / 2,40
frame=18711 map=34.4 pos=8,5 flags=7
party=2 HP=38/38,30/30 battle=0 battlers=4 outcome=2 PP=4,0 trial=1 donut-ability=0
persistent PP=8,2 status=0,0
growth level/xp/item=11/910/0,10/1220/0 stats maxHP/attack,maxHP/magic=38/26,30/15 foesHP=0,19
pattern trainer=858 turn=11 foePP=37,37 foeAtkDef=6,6 CarlAtk=6 foeLevel=12
support PP=38,30 Carl-defense=6 enemy-attack=6,0
party action uses=8,40 / 2,40
frame=18712 map=34.4 pos=8,5 flags=7
party=2 HP=38/38,30/30 battle=0 battlers=4 outcome=2 PP=4,0 trial=1 donut-ability=0
persistent PP=8,2 status=0,0
growth level/xp/item=11/910/0,10/1220/0 stats maxHP/attack,maxHP/magic=38/26,30/15 foesHP=0,19
pattern trainer=858 turn=11 foePP=37,37 foeAtkDef=6,6 CarlAtk=6 foeLevel=12
support PP=38,30 Carl-defense=6 enemy-attack=6,0
party action uses=8,40 / 2,40
frame=18732 map=34.4 pos=8,5 flags=7
party=2 HP=38/38,30/30 battle=0 battlers=4 outcome=2 PP=4,0 trial=1 donut-ability=0
persistent PP=8,2 status=0,0
growth level/xp/item=11/910/0,10/1220/0 stats maxHP/attack,maxHP/magic=38/26,30/15 foesHP=0,19
pattern trainer=858 turn=11 foePP=37,37 foeAtkDef=6,6 CarlAtk=6 foeLevel=12
support PP=38,30 Carl-defense=6 enemy-attack=6,0
party action uses=8,40 / 2,40
frame=18733 map=34.4 pos=8,5 flags=7
party=2 HP=38/38,30/30 battle=0 battlers=4 outcome=2 PP=4,0 trial=1 donut-ability=0
persistent PP=8,2 status=0,0
growth level/xp/item=11/910/0,10/1220/0 stats maxHP/attack,maxHP/magic=38/26,30/15 foesHP=0,19
pattern trainer=858 turn=11 foePP=37,37 foeAtkDef=6,6 CarlAtk=6 foeLevel=12
support PP=38,30 Carl-defense=6 enemy-attack=6,0
party action uses=8,40 / 2,40
frame=18753 map=34.4 pos=8,5 flags=7
party=2 HP=38/38,30/30 battle=0 battlers=4 outcome=2 PP=4,0 trial=1 donut-ability=0
persistent PP=8,2 status=0,0
growth level/xp/item=11/910/0,10/1220/0 stats maxHP/attack,maxHP/magic=38/26,30/15 foesHP=0,19
pattern trainer=858 turn=11 foePP=37,37 foeAtkDef=6,6 CarlAtk=6 foeLevel=12
support PP=38,30 Carl-defense=6 enemy-attack=6,0
party action uses=8,40 / 2,40
frame=18754 map=34.4 pos=8,5 flags=7
party=2 HP=38/38,30/30 battle=0 battlers=4 outcome=2 PP=4,0 trial=1 donut-ability=0
persistent PP=8,2 status=0,0
growth level/xp/item=11/910/0,10/1220/0 stats maxHP/attack,maxHP/magic=38/26,30/15 foesHP=0,19
pattern trainer=858 turn=11 foePP=37,37 foeAtkDef=6,6 CarlAtk=6 foeLevel=12
support PP=38,30 Carl-defense=6 enemy-attack=6,0
party action uses=8,40 / 2,40
frame=18914 map=34.4 pos=8,5 flags=7
party=2 HP=38/38,30/30 battle=0 battlers=4 outcome=2 PP=4,0 trial=1 donut-ability=0
persistent PP=8,2 status=0,0
growth level/xp/item=11/910/0,10/1220/0 stats maxHP/attack,maxHP/magic=38/26,30/15 foesHP=0,19
pattern trainer=858 turn=11 foePP=37,37 foeAtkDef=6,6 CarlAtk=6 foeLevel=12
support PP=38,30 Carl-defense=6 enemy-attack=6,0
party action uses=8,40 / 2,40
frame=18915 map=34.4 pos=8,5 flags=7
party=2 HP=38/38,30/30 battle=0 battlers=4 outcome=2 PP=4,0 trial=1 donut-ability=0
persistent PP=8,2 status=0,0
growth level/xp/item=11/910/0,10/1220/0 stats maxHP/attack,maxHP/magic=38/26,30/15 foesHP=0,19
pattern trainer=858 turn=11 foePP=37,37 foeAtkDef=6,6 CarlAtk=6 foeLevel=12
support PP=38,30 Carl-defense=6 enemy-attack=6,0
party action uses=8,40 / 2,40
frame=19095 map=34.4 pos=8,5 flags=7
party=2 HP=38/38,30/30 battle=0 battlers=4 outcome=2 PP=4,0 trial=1 donut-ability=0
persistent PP=8,2 status=0,0
growth level/xp/item=11/910/0,10/1220/0 stats maxHP/attack,maxHP/magic=38/26,30/15 foesHP=0,19
pattern trainer=858 turn=11 foePP=37,37 foeAtkDef=6,6 CarlAtk=6 foeLevel=12
support PP=38,30 Carl-defense=6 enemy-attack=6,0
party action uses=8,40 / 2,40
frame=19096 map=34.4 pos=8,5 flags=7
party=2 HP=38/38,30/30 battle=0 battlers=4 outcome=2 PP=4,0 trial=1 donut-ability=0
persistent PP=8,2 status=0,0
growth level/xp/item=11/910/0,10/1220/0 stats maxHP/attack,maxHP/magic=38/26,30/15 foesHP=0,19
pattern trainer=858 turn=11 foePP=37,37 foeAtkDef=6,6 CarlAtk=6 foeLevel=12
support PP=38,30 Carl-defense=6 enemy-attack=6,0
party action uses=8,40 / 2,40
frame=19696 map=34.4 pos=8,5 flags=7
party=2 HP=38/38,30/30 battle=0 battlers=4 outcome=2 PP=4,0 trial=1 donut-ability=0
persistent PP=8,2 status=0,0
growth level/xp/item=11/910/0,10/1220/0 stats maxHP/attack,maxHP/magic=38/26,30/15 foesHP=0,19
pattern trainer=858 turn=11 foePP=37,37 foeAtkDef=6,6 CarlAtk=6 foeLevel=12
support PP=38,30 Carl-defense=6 enemy-attack=6,0
party action uses=8,40 / 2,40
frame=19697 map=34.4 pos=8,5 flags=7
party=2 HP=38/38,30/30 battle=0 battlers=4 outcome=2 PP=4,0 trial=1 donut-ability=0
persistent PP=8,2 status=0,0
growth level/xp/item=11/910/0,10/1220/0 stats maxHP/attack,maxHP/magic=38/26,30/15 foesHP=0,19
pattern trainer=858 turn=11 foePP=37,37 foeAtkDef=6,6 CarlAtk=6 foeLevel=12
support PP=38,30 Carl-defense=6 enemy-attack=6,0
party action uses=8,40 / 2,40
frame=20297 map=34.4 pos=8,5 flags=7
party=2 HP=38/38,30/30 battle=0 battlers=4 outcome=2 PP=4,0 trial=1 donut-ability=0
persistent PP=8,2 status=0,0
growth level/xp/item=11/910/0,10/1220/0 stats maxHP/attack,maxHP/magic=38/26,30/15 foesHP=0,19
pattern trainer=858 turn=11 foePP=37,37 foeAtkDef=6,6 CarlAtk=6 foeLevel=12
support PP=38,30 Carl-defense=6 enemy-attack=6,0
party action uses=8,40 / 2,40
frame=20297 map=34.4 pos=8,5 flags=7
party=2 HP=38/38,30/30 battle=0 battlers=4 outcome=2 PP=4,0 trial=1 donut-ability=0
persistent PP=8,2 status=0,0
growth level/xp/item=11/910/0,10/1220/0 stats maxHP/attack,maxHP/magic=38/26,30/15 foesHP=0,19
pattern trainer=858 turn=11 foePP=37,37 foeAtkDef=6,6 CarlAtk=6 foeLevel=12
support PP=38,30 Carl-defense=6 enemy-attack=6,0
party action uses=8,40 / 2,40
PASS expect 34 4 8 5 7
result=0 assertions=13
