mGBA 0.10.5; 240x160; save=normal-save.sav; read-only RAM diagnostics
frame=720 map=34.5 pos=4,6 flags=7
party=2 HP=14/41,15/30 battle=0 battlers=0 outcome=0 PP=0,0 trial=1 donut-ability=0
persistent PP=2,0 status=0,0
growth level/xp/item=12/974/0,10/1284/0 stats maxHP/attack,maxHP/magic=41/28,30/15 foesHP=0,0
pattern trainer=0 turn=0 foePP=0,0 foeAtkDef=0,0 CarlAtk=0 foeLevel=0
support PP=0,0 Carl-defense=0 enemy-attack=0,0
party action uses=2,37 / 0,33
frame=721 map=34.5 pos=4,6 flags=7
party=2 HP=14/41,15/30 battle=0 battlers=0 outcome=0 PP=0,0 trial=1 donut-ability=0
persistent PP=2,0 status=0,0
growth level/xp/item=12/974/0,10/1284/0 stats maxHP/attack,maxHP/magic=41/28,30/15 foesHP=0,0
pattern trainer=0 turn=0 foePP=0,0 foeAtkDef=0,0 CarlAtk=0 foeLevel=0
support PP=0,0 Carl-defense=0 enemy-attack=0,0
party action uses=2,37 / 0,33
frame=1081 map=34.5 pos=4,6 flags=7
party=2 HP=14/41,15/30 battle=0 battlers=0 outcome=0 PP=0,0 trial=1 donut-ability=0
persistent PP=2,0 status=0,0
growth level/xp/item=12/974/0,10/1284/0 stats maxHP/attack,maxHP/magic=41/28,30/15 foesHP=0,0
pattern trainer=0 turn=0 foePP=0,0 foeAtkDef=0,0 CarlAtk=0 foeLevel=0
support PP=0,0 Carl-defense=0 enemy-attack=0,0
party action uses=2,37 / 0,33
frame=1082 map=34.5 pos=4,6 flags=7
party=2 HP=14/41,15/30 battle=0 battlers=0 outcome=0 PP=0,0 trial=1 donut-ability=0
persistent PP=2,0 status=0,0
growth level/xp/item=12/974/0,10/1284/0 stats maxHP/attack,maxHP/magic=41/28,30/15 foesHP=0,0
pattern trainer=0 turn=0 foePP=0,0 foeAtkDef=0,0 CarlAtk=0 foeLevel=0
support PP=0,0 Carl-defense=0 enemy-attack=0,0
party action uses=2,37 / 0,33
frame=1262 map=34.5 pos=4,6 flags=7
party=2 HP=14/41,15/30 battle=0 battlers=0 outcome=0 PP=0,0 trial=1 donut-ability=0
persistent PP=2,0 status=0,0
growth level/xp/item=12/974/0,10/1284/0 stats maxHP/attack,maxHP/magic=41/28,30/15 foesHP=0,0
pattern trainer=0 turn=0 foePP=0,0 foeAtkDef=0,0 CarlAtk=0 foeLevel=0
support PP=0,0 Carl-defense=0 enemy-attack=0,0
party action uses=2,37 / 0,33
frame=1263 map=34.5 pos=4,6 flags=7
party=2 HP=14/41,15/30 battle=0 battlers=0 outcome=0 PP=0,0 trial=1 donut-ability=0
persistent PP=2,0 status=0,0
growth level/xp/item=12/974/0,10/1284/0 stats maxHP/attack,maxHP/magic=41/28,30/15 foesHP=0,0
pattern trainer=0 turn=0 foePP=0,0 foeAtkDef=0,0 CarlAtk=0 foeLevel=0
support PP=0,0 Carl-defense=0 enemy-attack=0,0
party action uses=2,37 / 0,33
frame=1443 map=34.5 pos=4,6 flags=7
party=2 HP=14/41,15/30 battle=0 battlers=0 outcome=0 PP=0,0 trial=1 donut-ability=0
persistent PP=2,0 status=0,0
growth level/xp/item=12/974/0,10/1284/0 stats maxHP/attack,maxHP/magic=41/28,30/15 foesHP=0,0
pattern trainer=0 turn=0 foePP=0,0 foeAtkDef=0,0 CarlAtk=0 foeLevel=0
support PP=0,0 Carl-defense=0 enemy-attack=0,0
party action uses=2,37 / 0,33
frame=1444 map=34.5 pos=4,6 flags=7
party=2 HP=14/41,15/30 battle=0 battlers=0 outcome=0 PP=0,0 trial=1 donut-ability=0
persistent PP=2,0 status=0,0
growth level/xp/item=12/974/0,10/1284/0 stats maxHP/attack,maxHP/magic=41/28,30/15 foesHP=0,0
pattern trainer=0 turn=0 foePP=0,0 foeAtkDef=0,0 CarlAtk=0 foeLevel=0
support PP=0,0 Carl-defense=0 enemy-attack=0,0
party action uses=2,37 / 0,33
frame=2044 map=34.5 pos=4,6 flags=7
party=2 HP=14/41,15/30 battle=0 battlers=0 outcome=0 PP=0,0 trial=1 donut-ability=0
persistent PP=2,0 status=0,0
growth level/xp/item=12/974/0,10/1284/0 stats maxHP/attack,maxHP/magic=41/28,30/15 foesHP=0,0
pattern trainer=0 turn=0 foePP=0,0 foeAtkDef=0,0 CarlAtk=0 foeLevel=0
support PP=0,0 Carl-defense=0 enemy-attack=0,0
party action uses=2,37 / 0,33
frame=2044 map=34.5 pos=4,6 flags=7
party=2 HP=14/41,15/30 battle=0 battlers=0 outcome=0 PP=0,0 trial=1 donut-ability=0
persistent PP=2,0 status=0,0
growth level/xp/item=12/974/0,10/1284/0 stats maxHP/attack,maxHP/magic=41/28,30/15 foesHP=0,0
pattern trainer=0 turn=0 foePP=0,0 foeAtkDef=0,0 CarlAtk=0 foeLevel=0
support PP=0,0 Carl-defense=0 enemy-attack=0,0
party action uses=2,37 / 0,33
PASS expect 34 5 4 6 7
frame=2044 map=34.5 pos=4,6 flags=7
party=2 HP=14/41,15/30 battle=0 battlers=0 outcome=0 PP=0,0 trial=1 donut-ability=0
persistent PP=2,0 status=0,0
growth level/xp/item=12/974/0,10/1284/0 stats maxHP/attack,maxHP/magic=41/28,30/15 foesHP=0,0
PASS flag 47 1
pattern trainer=0 turn=0 foePP=0,0 foeAtkDef=0,0 CarlAtk=0 foeLevel=0
support PP=0,0 Carl-defense=0 enemy-attack=0,0
party action uses=2,37 / 0,33
frame=2044 map=34.5 pos=4,6 flags=7
party=2 HP=14/41,15/30 battle=0 battlers=0 outcome=0 PP=0,0 trial=1 donut-ability=0
persistent PP=2,0 status=0,0
growth level/xp/item=12/974/0,10/1284/0 stats maxHP/attack,maxHP/magic=41/28,30/15 foesHP=0,0
PASS flag 48 1
pattern trainer=0 turn=0 foePP=0,0 foeAtkDef=0,0 CarlAtk=0 foeLevel=0
support PP=0,0 Carl-defense=0 enemy-attack=0,0
party action uses=2,37 / 0,33
frame=2064 map=34.5 pos=4,8 flags=7
party=2 HP=14/41,15/30 battle=0 battlers=0 outcome=0 PP=0,0 trial=1 donut-ability=0
persistent PP=2,0 status=0,0
growth level/xp/item=12/974/0,10/1284/0 stats maxHP/attack,maxHP/magic=41/28,30/15 foesHP=0,0
pattern trainer=0 turn=0 foePP=0,0 foeAtkDef=0,0 CarlAtk=0 foeLevel=0
support PP=0,0 Carl-defense=0 enemy-attack=0,0
party action uses=2,37 / 0,33
frame=2104 map=34.5 pos=4,8 flags=7
party=2 HP=14/41,15/30 battle=0 battlers=0 outcome=0 PP=0,0 trial=1 donut-ability=0
persistent PP=2,0 status=0,0
growth level/xp/item=12/974/0,10/1284/0 stats maxHP/attack,maxHP/magic=41/28,30/15 foesHP=0,0
pattern trainer=0 turn=0 foePP=0,0 foeAtkDef=0,0 CarlAtk=0 foeLevel=0
support PP=0,0 Carl-defense=0 enemy-attack=0,0
party action uses=2,37 / 0,33
frame=2172 map=34.5 pos=8,8 flags=7
party=2 HP=14/41,15/30 battle=0 battlers=0 outcome=0 PP=0,0 trial=1 donut-ability=0
persistent PP=2,0 status=0,0
growth level/xp/item=12/974/0,10/1284/0 stats maxHP/attack,maxHP/magic=41/28,30/15 foesHP=0,0
pattern trainer=0 turn=0 foePP=0,0 foeAtkDef=0,0 CarlAtk=0 foeLevel=0
support PP=0,0 Carl-defense=0 enemy-attack=0,0
party action uses=2,37 / 0,33
frame=2212 map=34.5 pos=8,8 flags=7
party=2 HP=14/41,15/30 battle=0 battlers=0 outcome=0 PP=0,0 trial=1 donut-ability=0
persistent PP=2,0 status=0,0
growth level/xp/item=12/974/0,10/1284/0 stats maxHP/attack,maxHP/magic=41/28,30/15 foesHP=0,0
pattern trainer=0 turn=0 foePP=0,0 foeAtkDef=0,0 CarlAtk=0 foeLevel=0
support PP=0,0 Carl-defense=0 enemy-attack=0,0
party action uses=2,37 / 0,33
frame=2213 map=34.5 pos=8,8 flags=7
party=2 HP=14/41,15/30 battle=0 battlers=0 outcome=0 PP=0,0 trial=1 donut-ability=0
persistent PP=2,0 status=0,0
growth level/xp/item=12/974/0,10/1284/0 stats maxHP/attack,maxHP/magic=41/28,30/15 foesHP=0,0
pattern trainer=0 turn=0 foePP=0,0 foeAtkDef=0,0 CarlAtk=0 foeLevel=0
support PP=0,0 Carl-defense=0 enemy-attack=0,0
party action uses=2,37 / 0,33
frame=2253 map=34.5 pos=8,8 flags=7
party=2 HP=14/41,15/30 battle=0 battlers=0 outcome=0 PP=0,0 trial=1 donut-ability=0
persistent PP=2,0 status=0,0
growth level/xp/item=12/974/0,10/1284/0 stats maxHP/attack,maxHP/magic=41/28,30/15 foesHP=0,0
pattern trainer=0 turn=0 foePP=0,0 foeAtkDef=0,0 CarlAtk=0 foeLevel=0
support PP=0,0 Carl-defense=0 enemy-attack=0,0
party action uses=2,37 / 0,33
frame=2253 map=34.5 pos=8,8 flags=7
party=2 HP=14/41,15/30 battle=0 battlers=0 outcome=0 PP=0,0 trial=1 donut-ability=0
persistent PP=2,0 status=0,0
growth level/xp/item=12/974/0,10/1284/0 stats maxHP/attack,maxHP/magic=41/28,30/15 foesHP=0,0
pattern trainer=0 turn=0 foePP=0,0 foeAtkDef=0,0 CarlAtk=0 foeLevel=0
support PP=0,0 Carl-defense=0 enemy-attack=0,0
party action uses=2,37 / 0,33
PASS expect 34 5 8 8 7
frame=2321 map=34.5 pos=4,8 flags=7
party=2 HP=14/41,15/30 battle=0 battlers=0 outcome=0 PP=0,0 trial=1 donut-ability=0
persistent PP=2,0 status=0,0
growth level/xp/item=12/974/0,10/1284/0 stats maxHP/attack,maxHP/magic=41/28,30/15 foesHP=0,0
pattern trainer=0 turn=0 foePP=0,0 foeAtkDef=0,0 CarlAtk=0 foeLevel=0
support PP=0,0 Carl-defense=0 enemy-attack=0,0
party action uses=2,37 / 0,33
frame=2361 map=34.5 pos=4,8 flags=7
party=2 HP=14/41,15/30 battle=0 battlers=0 outcome=0 PP=0,0 trial=1 donut-ability=0
persistent PP=2,0 status=0,0
growth level/xp/item=12/974/0,10/1284/0 stats maxHP/attack,maxHP/magic=41/28,30/15 foesHP=0,0
pattern trainer=0 turn=0 foePP=0,0 foeAtkDef=0,0 CarlAtk=0 foeLevel=0
support PP=0,0 Carl-defense=0 enemy-attack=0,0
party action uses=2,37 / 0,33
frame=2429 map=34.5 pos=4,4 flags=7
party=2 HP=14/41,15/30 battle=0 battlers=0 outcome=0 PP=0,0 trial=1 donut-ability=0
persistent PP=2,0 status=0,0
growth level/xp/item=12/974/0,10/1284/0 stats maxHP/attack,maxHP/magic=41/28,30/15 foesHP=0,0
pattern trainer=0 turn=0 foePP=0,0 foeAtkDef=0,0 CarlAtk=0 foeLevel=0
support PP=0,0 Carl-defense=0 enemy-attack=0,0
party action uses=2,37 / 0,33
frame=2469 map=34.5 pos=4,4 flags=7
party=2 HP=14/41,15/30 battle=0 battlers=0 outcome=0 PP=0,0 trial=1 donut-ability=0
persistent PP=2,0 status=0,0
growth level/xp/item=12/974/0,10/1284/0 stats maxHP/attack,maxHP/magic=41/28,30/15 foesHP=0,0
pattern trainer=0 turn=0 foePP=0,0 foeAtkDef=0,0 CarlAtk=0 foeLevel=0
support PP=0,0 Carl-defense=0 enemy-attack=0,0
party action uses=2,37 / 0,33
frame=2505 map=34.5 pos=2,4 flags=7
party=2 HP=14/41,15/30 battle=0 battlers=0 outcome=0 PP=0,0 trial=1 donut-ability=0
persistent PP=2,0 status=0,0
growth level/xp/item=12/974/0,10/1284/0 stats maxHP/attack,maxHP/magic=41/28,30/15 foesHP=0,0
pattern trainer=0 turn=0 foePP=0,0 foeAtkDef=0,0 CarlAtk=0 foeLevel=0
support PP=0,0 Carl-defense=0 enemy-attack=0,0
party action uses=2,37 / 0,33
frame=2685 map=34.5 pos=2,4 flags=7
party=2 HP=14/41,15/30 battle=0 battlers=0 outcome=0 PP=0,0 trial=1 donut-ability=0
persistent PP=2,0 status=0,0
growth level/xp/item=12/974/0,10/1284/0 stats maxHP/attack,maxHP/magic=41/28,30/15 foesHP=0,0
pattern trainer=0 turn=0 foePP=0,0 foeAtkDef=0,0 CarlAtk=0 foeLevel=0
support PP=0,0 Carl-defense=0 enemy-attack=0,0
party action uses=2,37 / 0,33
frame=2685 map=34.5 pos=2,4 flags=7
party=2 HP=14/41,15/30 battle=0 battlers=0 outcome=0 PP=0,0 trial=1 donut-ability=0
persistent PP=2,0 status=0,0
growth level/xp/item=12/974/0,10/1284/0 stats maxHP/attack,maxHP/magic=41/28,30/15 foesHP=0,0
pattern trainer=0 turn=0 foePP=0,0 foeAtkDef=0,0 CarlAtk=0 foeLevel=0
support PP=0,0 Carl-defense=0 enemy-attack=0,0
party action uses=2,37 / 0,33
result=14 assertions=4
