mGBA 0.10.5; 240x160; save=/workspace/DungeonCrawlerCarlemon/artifacts/floor1/g01e/gameplay-ru2srbwd/guard-first.sav; read-only RAM diagnostics
frame=720 map=34.3 pos=5,5 flags=7
party=2 HP=33/33,28/28 battle=0 battlers=0 outcome=0 PP=0,0 trial=1 donut-ability=0
persistent PP=8,2 status=0,0
growth level/xp/item=9/495/0,9/805/0 stats maxHP/attack,maxHP/magic=33/23,28/14 foesHP=0,0
pattern trainer=0 turn=0 foePP=0,0 foeAtkDef=0,0 CarlAtk=0 foeLevel=0
support PP=0,0 Carl-defense=0 enemy-attack=0,0
party action uses=8,40 / 2,40
frame=721 map=34.3 pos=5,5 flags=7
party=2 HP=33/33,28/28 battle=0 battlers=0 outcome=0 PP=0,0 trial=1 donut-ability=0
persistent PP=8,2 status=0,0
growth level/xp/item=9/495/0,9/805/0 stats maxHP/attack,maxHP/magic=33/23,28/14 foesHP=0,0
pattern trainer=0 turn=0 foePP=0,0 foeAtkDef=0,0 CarlAtk=0 foeLevel=0
support PP=0,0 Carl-defense=0 enemy-attack=0,0
party action uses=8,40 / 2,40
frame=1081 map=34.3 pos=5,5 flags=7
party=2 HP=33/33,28/28 battle=0 battlers=0 outcome=0 PP=0,0 trial=1 donut-ability=0
persistent PP=8,2 status=0,0
growth level/xp/item=9/495/0,9/805/0 stats maxHP/attack,maxHP/magic=33/23,28/14 foesHP=0,0
pattern trainer=0 turn=0 foePP=0,0 foeAtkDef=0,0 CarlAtk=0 foeLevel=0
support PP=0,0 Carl-defense=0 enemy-attack=0,0
party action uses=8,40 / 2,40
frame=1082 map=34.3 pos=5,5 flags=7
party=2 HP=33/33,28/28 battle=0 battlers=0 outcome=0 PP=0,0 trial=1 donut-ability=0
persistent PP=8,2 status=0,0
growth level/xp/item=9/495/0,9/805/0 stats maxHP/attack,maxHP/magic=33/23,28/14 foesHP=0,0
pattern trainer=0 turn=0 foePP=0,0 foeAtkDef=0,0 CarlAtk=0 foeLevel=0
support PP=0,0 Carl-defense=0 enemy-attack=0,0
party action uses=8,40 / 2,40
frame=1262 map=34.3 pos=5,5 flags=7
party=2 HP=33/33,28/28 battle=0 battlers=0 outcome=0 PP=0,0 trial=1 donut-ability=0
persistent PP=8,2 status=0,0
growth level/xp/item=9/495/0,9/805/0 stats maxHP/attack,maxHP/magic=33/23,28/14 foesHP=0,0
pattern trainer=0 turn=0 foePP=0,0 foeAtkDef=0,0 CarlAtk=0 foeLevel=0
support PP=0,0 Carl-defense=0 enemy-attack=0,0
party action uses=8,40 / 2,40
frame=1263 map=34.3 pos=5,5 flags=7
party=2 HP=33/33,28/28 battle=0 battlers=0 outcome=0 PP=0,0 trial=1 donut-ability=0
persistent PP=8,2 status=0,0
growth level/xp/item=9/495/0,9/805/0 stats maxHP/attack,maxHP/magic=33/23,28/14 foesHP=0,0
pattern trainer=0 turn=0 foePP=0,0 foeAtkDef=0,0 CarlAtk=0 foeLevel=0
support PP=0,0 Carl-defense=0 enemy-attack=0,0
party action uses=8,40 / 2,40
frame=1443 map=34.3 pos=5,5 flags=7
party=2 HP=33/33,28/28 battle=0 battlers=0 outcome=0 PP=0,0 trial=1 donut-ability=0
persistent PP=8,2 status=0,0
growth level/xp/item=9/495/0,9/805/0 stats maxHP/attack,maxHP/magic=33/23,28/14 foesHP=0,0
pattern trainer=0 turn=0 foePP=0,0 foeAtkDef=0,0 CarlAtk=0 foeLevel=0
support PP=0,0 Carl-defense=0 enemy-attack=0,0
party action uses=8,40 / 2,40
frame=1444 map=34.3 pos=5,5 flags=7
party=2 HP=33/33,28/28 battle=0 battlers=0 outcome=0 PP=0,0 trial=1 donut-ability=0
persistent PP=8,2 status=0,0
growth level/xp/item=9/495/0,9/805/0 stats maxHP/attack,maxHP/magic=33/23,28/14 foesHP=0,0
pattern trainer=0 turn=0 foePP=0,0 foeAtkDef=0,0 CarlAtk=0 foeLevel=0
support PP=0,0 Carl-defense=0 enemy-attack=0,0
party action uses=8,40 / 2,40
frame=2044 map=35.0 pos=37,31 flags=7
party=2 HP=33/33,28/28 battle=0 battlers=0 outcome=0 PP=0,0 trial=1 donut-ability=0
persistent PP=8,2 status=0,0
growth level/xp/item=9/495/0,9/805/0 stats maxHP/attack,maxHP/magic=33/23,28/14 foesHP=0,0
pattern trainer=0 turn=0 foePP=0,0 foeAtkDef=0,0 CarlAtk=0 foeLevel=0
support PP=0,0 Carl-defense=0 enemy-attack=0,0
party action uses=8,40 / 2,40
frame=2044 map=35.0 pos=37,31 flags=7
party=2 HP=33/33,28/28 battle=0 battlers=0 outcome=0 PP=0,0 trial=1 donut-ability=0
persistent PP=8,2 status=0,0
growth level/xp/item=9/495/0,9/805/0 stats maxHP/attack,maxHP/magic=33/23,28/14 foesHP=0,0
PASS flag 2136 0
pattern trainer=0 turn=0 foePP=0,0 foeAtkDef=0,0 CarlAtk=0 foeLevel=0
support PP=0,0 Carl-defense=0 enemy-attack=0,0
party action uses=8,40 / 2,40
frame=2044 map=35.0 pos=37,31 flags=7
party=2 HP=33/33,28/28 battle=0 battlers=0 outcome=0 PP=0,0 trial=1 donut-ability=0
persistent PP=8,2 status=0,0
growth level/xp/item=9/495/0,9/805/0 stats maxHP/attack,maxHP/magic=33/23,28/14 foesHP=0,0
PASS flag 2137 0
pattern trainer=0 turn=0 foePP=0,0 foeAtkDef=0,0 CarlAtk=0 foeLevel=0
support PP=0,0 Carl-defense=0 enemy-attack=0,0
party action uses=8,40 / 2,40
frame=2044 map=35.0 pos=37,31 flags=7
party=2 HP=33/33,28/28 battle=0 battlers=0 outcome=0 PP=0,0 trial=1 donut-ability=0
persistent PP=8,2 status=0,0
growth level/xp/item=9/495/0,9/805/0 stats maxHP/attack,maxHP/magic=33/23,28/14 foesHP=0,0
pattern trainer=0 turn=0 foePP=0,0 foeAtkDef=0,0 CarlAtk=0 foeLevel=0
support PP=0,0 Carl-defense=0 enemy-attack=0,0
party action uses=8,40 / 2,40
PASS expect 35 0 37 31 7
frame=2045 map=35.0 pos=37,31 flags=7
party=2 HP=33/33,28/28 battle=0 battlers=0 outcome=0 PP=0,0 trial=1 donut-ability=0
persistent PP=8,2 status=0,0
growth level/xp/item=9/495/0,9/805/0 stats maxHP/attack,maxHP/magic=33/23,28/14 foesHP=0,0
pattern trainer=0 turn=0 foePP=0,0 foeAtkDef=0,0 CarlAtk=0 foeLevel=0
support PP=0,0 Carl-defense=0 enemy-attack=0,0
party action uses=8,40 / 2,40
frame=2085 map=35.0 pos=37,31 flags=7
party=2 HP=33/33,28/28 battle=0 battlers=0 outcome=0 PP=0,0 trial=1 donut-ability=0
persistent PP=8,2 status=0,0
growth level/xp/item=9/495/0,9/805/0 stats maxHP/attack,maxHP/magic=33/23,28/14 foesHP=0,0
pattern trainer=0 turn=0 foePP=0,0 foeAtkDef=0,0 CarlAtk=0 foeLevel=0
support PP=0,0 Carl-defense=0 enemy-attack=0,0
party action uses=8,40 / 2,40
engage completed frames=721
frame=4006 map=35.0 pos=37,31 flags=7
party=2 HP=33/33,28/28 battle=1 battlers=4 outcome=0 PP=8,2 trial=1 donut-ability=0
persistent PP=8,2 status=0,0
growth level/xp/item=9/495/0,9/805/0 stats maxHP/attack,maxHP/magic=33/23,28/14 foesHP=29,24
pattern trainer=856 turn=0 foePP=35,40 foeAtkDef=6,6 CarlAtk=6 foeLevel=9
support PP=40,40 Carl-defense=6 enemy-attack=6,6
party action uses=8,40 / 2,40
pilot turn=0 HP=33,28 foeHP=29,24 foeAtk=6 foeDef=6 CarlAtk=6
pilot frame=4570 turn=0 actor=0 menu=1 selection=0 key=1
pilot frame=4582 turn=0 actor=0 menu=2 selection=0 key=1
pilot frame=4594 turn=0 actor=0 menu=3 selection=1 key=1
pilot frame=4606 turn=0 actor=2 menu=1 selection=0 key=1
pilot frame=4618 turn=0 actor=2 menu=2 selection=0 key=1
pilot turn=1 HP=33,23 foeHP=21,17 foeAtk=6 foeDef=7 CarlAtk=6
pilot frame=5890 turn=1 actor=0 menu=1 selection=0 key=1
pilot frame=5902 turn=1 actor=0 menu=2 selection=0 key=1
pilot frame=5914 turn=1 actor=0 menu=3 selection=1 key=1
pilot frame=5926 turn=1 actor=2 menu=1 selection=0 key=1
pilot frame=5938 turn=1 actor=2 menu=2 selection=0 key=1
pilot turn=2 HP=33,18 foeHP=13,14 foeAtk=6 foeDef=7 CarlAtk=6
pilot frame=6934 turn=2 actor=0 menu=1 selection=0 key=1
pilot frame=6946 turn=2 actor=0 menu=2 selection=0 key=1
pilot frame=6958 turn=2 actor=0 menu=3 selection=1 key=1
pilot frame=6970 turn=2 actor=2 menu=1 selection=0 key=1
pilot frame=6982 turn=2 actor=2 menu=2 selection=1 key=16
pilot frame=6994 turn=2 actor=2 menu=2 selection=1 key=1
pilot turn=3 HP=25,18 foeHP=8,14 foeAtk=5 foeDef=7 CarlAtk=6
pilot frame=8242 turn=3 actor=0 menu=1 selection=0 key=1
pilot frame=8254 turn=3 actor=0 menu=2 selection=0 key=1
pilot frame=8266 turn=3 actor=0 menu=3 selection=1 key=1
pilot frame=8278 turn=3 actor=2 menu=1 selection=0 key=1
pilot frame=8290 turn=3 actor=2 menu=2 selection=1 key=1
pilot turn=4 HP=22,8 foeHP=3,14 foeAtk=4 foeDef=7 CarlAtk=6
pilot frame=9670 turn=4 actor=0 menu=1 selection=0 key=1
pilot frame=9682 turn=4 actor=0 menu=2 selection=0 key=1
pilot frame=9694 turn=4 actor=0 menu=3 selection=1 key=1
pilot frame=9706 turn=4 actor=2 menu=1 selection=0 key=1
pilot frame=9718 turn=4 actor=2 menu=2 selection=1 key=1
pilot turn=5 HP=19,8 foeHP=0,14 foeAtk=6 foeDef=6 CarlAtk=6
pilot frame=11566 turn=5 actor=0 menu=1 selection=0 key=1
pilot frame=11578 turn=5 actor=0 menu=2 selection=0 key=1
pilot frame=11590 turn=5 actor=0 menu=3 selection=3 key=1
pilot frame=11602 turn=5 actor=2 menu=1 selection=0 key=1
pilot frame=11614 turn=5 actor=2 menu=2 selection=1 key=1
pilot turn=6 HP=19,5 foeHP=0,4 foeAtk=6 foeDef=6 CarlAtk=6
pilot frame=12430 turn=6 actor=0 menu=1 selection=0 key=1
pilot frame=12442 turn=6 actor=0 menu=2 selection=0 key=1
pilot frame=12454 turn=6 actor=0 menu=3 selection=3 key=1
pilot frame=12466 turn=6 actor=2 menu=1 selection=0 key=1
pilot frame=12478 turn=6 actor=2 menu=2 selection=1 key=1
pilot completed policy=offensive frames=10072 outcome=1 incapacitation=0
frame=14678 map=35.0 pos=37,31 flags=7
party=2 HP=19/36,5/28 battle=0 battlers=4 outcome=1 PP=1,0 trial=1 donut-ability=0
persistent PP=1,0 status=0,0
growth level/xp/item=10/627/0,9/937/0 stats maxHP/attack,maxHP/magic=36/25,28/14 foesHP=0,0
pattern trainer=856 turn=6 foePP=31,39 foeAtkDef=6,6 CarlAtk=6 foeLevel=9
support PP=40,35 Carl-defense=6 enemy-attack=6,6
party action uses=1,40 / 0,35
PASS dialog frames=2
PASS ready
frame=14680 map=35.0 pos=37,31 flags=7
party=2 HP=19/36,5/28 battle=0 battlers=4 outcome=1 PP=1,0 trial=1 donut-ability=0
persistent PP=1,0 status=0,0
growth level/xp/item=10/627/0,9/937/0 stats maxHP/attack,maxHP/magic=36/25,28/14 foesHP=0,0
pattern trainer=856 turn=6 foePP=31,39 foeAtkDef=6,6 CarlAtk=6 foeLevel=9
support PP=40,35 Carl-defense=6 enemy-attack=6,6
party action uses=1,40 / 0,35
PASS expect 35 0 37 31 7
frame=14680 map=35.0 pos=37,31 flags=7
party=2 HP=19/36,5/28 battle=0 battlers=4 outcome=1 PP=1,0 trial=1 donut-ability=0
persistent PP=1,0 status=0,0
growth level/xp/item=10/627/0,9/937/0 stats maxHP/attack,maxHP/magic=36/25,28/14 foesHP=0,0
PASS flag 2136 1
pattern trainer=856 turn=6 foePP=31,39 foeAtkDef=6,6 CarlAtk=6 foeLevel=9
support PP=40,35 Carl-defense=6 enemy-attack=6,6
party action uses=1,40 / 0,35
frame=14764 map=35.0 pos=37,26 flags=7
party=2 HP=19/36,5/28 battle=0 battlers=4 outcome=1 PP=1,0 trial=1 donut-ability=0
persistent PP=1,0 status=0,0
growth level/xp/item=10/627/0,9/937/0 stats maxHP/attack,maxHP/magic=36/25,28/14 foesHP=0,0
pattern trainer=856 turn=6 foePP=31,39 foeAtkDef=6,6 CarlAtk=6 foeLevel=9
support PP=40,35 Carl-defense=6 enemy-attack=6,6
party action uses=1,40 / 0,35
frame=14804 map=35.1 pos=4,3 flags=7
party=2 HP=19/36,5/28 battle=0 battlers=4 outcome=1 PP=1,0 trial=1 donut-ability=0
persistent PP=1,0 status=0,0
growth level/xp/item=10/627/0,9/937/0 stats maxHP/attack,maxHP/magic=36/25,28/14 foesHP=0,0
pattern trainer=856 turn=6 foePP=31,39 foeAtkDef=6,6 CarlAtk=6 foeLevel=9
support PP=40,35 Carl-defense=6 enemy-attack=6,6
party action uses=1,40 / 0,35
frame=15104 map=35.1 pos=4,3 flags=7
party=2 HP=19/36,5/28 battle=0 battlers=4 outcome=1 PP=1,0 trial=1 donut-ability=0
persistent PP=1,0 status=0,0
growth level/xp/item=10/627/0,9/937/0 stats maxHP/attack,maxHP/magic=36/25,28/14 foesHP=0,0
pattern trainer=856 turn=6 foePP=31,39 foeAtkDef=6,6 CarlAtk=6 foeLevel=9
support PP=40,35 Carl-defense=6 enemy-attack=6,6
party action uses=1,40 / 0,35
frame=15104 map=35.1 pos=4,3 flags=7
party=2 HP=19/36,5/28 battle=0 battlers=4 outcome=1 PP=1,0 trial=1 donut-ability=0
persistent PP=1,0 status=0,0
growth level/xp/item=10/627/0,9/937/0 stats maxHP/attack,maxHP/magic=36/25,28/14 foesHP=0,0
pattern trainer=856 turn=6 foePP=31,39 foeAtkDef=6,6 CarlAtk=6 foeLevel=9
support PP=40,35 Carl-defense=6 enemy-attack=6,6
party action uses=1,40 / 0,35
PASS expect 35 1 4 3 7
frame=15140 map=35.1 pos=4,5 flags=7
party=2 HP=19/36,5/28 battle=0 battlers=4 outcome=1 PP=1,0 trial=1 donut-ability=0
persistent PP=1,0 status=0,0
growth level/xp/item=10/627/0,9/937/0 stats maxHP/attack,maxHP/magic=36/25,28/14 foesHP=0,0
pattern trainer=856 turn=6 foePP=31,39 foeAtkDef=6,6 CarlAtk=6 foeLevel=9
support PP=40,35 Carl-defense=6 enemy-attack=6,6
party action uses=1,40 / 0,35
frame=15180 map=35.1 pos=4,5 flags=7
party=2 HP=19/36,5/28 battle=0 battlers=4 outcome=1 PP=1,0 trial=1 donut-ability=0
persistent PP=1,0 status=0,0
growth level/xp/item=10/627/0,9/937/0 stats maxHP/attack,maxHP/magic=36/25,28/14 foesHP=0,0
pattern trainer=856 turn=6 foePP=31,39 foeAtkDef=6,6 CarlAtk=6 foeLevel=9
support PP=40,35 Carl-defense=6 enemy-attack=6,6
party action uses=1,40 / 0,35
frame=15180 map=35.1 pos=4,5 flags=7
party=2 HP=19/36,5/28 battle=0 battlers=4 outcome=1 PP=1,0 trial=1 donut-ability=0
persistent PP=1,0 status=0,0
growth level/xp/item=10/627/0,9/937/0 stats maxHP/attack,maxHP/magic=36/25,28/14 foesHP=0,0
pattern trainer=856 turn=6 foePP=31,39 foeAtkDef=6,6 CarlAtk=6 foeLevel=9
support PP=40,35 Carl-defense=6 enemy-attack=6,6
party action uses=1,40 / 0,35
PASS expect 35 1 4 5 7
MEASURE name=guard-out frames=500 walking=112 tiles=7 warps=1
frame=15181 map=35.1 pos=4,5 flags=7
party=2 HP=19/36,5/28 battle=0 battlers=4 outcome=1 PP=1,0 trial=1 donut-ability=0
persistent PP=1,0 status=0,0
growth level/xp/item=10/627/0,9/937/0 stats maxHP/attack,maxHP/magic=36/25,28/14 foesHP=0,0
pattern trainer=856 turn=6 foePP=31,39 foeAtkDef=6,6 CarlAtk=6 foeLevel=9
support PP=40,35 Carl-defense=6 enemy-attack=6,6
party action uses=1,40 / 0,35
frame=15221 map=35.1 pos=4,5 flags=7
party=2 HP=19/36,5/28 battle=0 battlers=4 outcome=1 PP=1,0 trial=1 donut-ability=0
persistent PP=1,0 status=0,0
growth level/xp/item=10/627/0,9/937/0 stats maxHP/attack,maxHP/magic=36/25,28/14 foesHP=0,0
pattern trainer=856 turn=6 foePP=31,39 foeAtkDef=6,6 CarlAtk=6 foeLevel=9
support PP=40,35 Carl-defense=6 enemy-attack=6,6
party action uses=1,40 / 0,35
frame=15222 map=35.1 pos=4,5 flags=7
party=2 HP=19/36,5/28 battle=0 battlers=4 outcome=1 PP=1,0 trial=1 donut-ability=0
persistent PP=1,0 status=0,0
growth level/xp/item=10/627/0,9/937/0 stats maxHP/attack,maxHP/magic=36/25,28/14 foesHP=0,0
pattern trainer=856 turn=6 foePP=31,39 foeAtkDef=6,6 CarlAtk=6 foeLevel=9
support PP=40,35 Carl-defense=6 enemy-attack=6,6
party action uses=1,40 / 0,35
frame=15622 map=35.1 pos=4,5 flags=7
party=2 HP=36/36,28/28 battle=0 battlers=4 outcome=1 PP=1,0 trial=1 donut-ability=0
persistent PP=8,2 status=0,0
growth level/xp/item=10/627/0,9/937/0 stats maxHP/attack,maxHP/magic=36/25,28/14 foesHP=0,0
pattern trainer=856 turn=6 foePP=31,39 foeAtkDef=6,6 CarlAtk=6 foeLevel=9
support PP=40,35 Carl-defense=6 enemy-attack=6,6
party action uses=8,40 / 2,40
PASS dialog frames=2
PASS ready
frame=15664 map=35.1 pos=4,5 flags=7
party=2 HP=36/36,28/28 battle=0 battlers=4 outcome=1 PP=1,0 trial=1 donut-ability=0
persistent PP=8,2 status=0,0
growth level/xp/item=10/627/0,9/937/0 stats maxHP/attack,maxHP/magic=36/25,28/14 foesHP=0,0
pattern trainer=856 turn=6 foePP=31,39 foeAtkDef=6,6 CarlAtk=6 foeLevel=9
support PP=40,35 Carl-defense=6 enemy-attack=6,6
party action uses=8,40 / 2,40
frame=15664 map=35.1 pos=4,5 flags=7
party=2 HP=36/36,28/28 battle=0 battlers=4 outcome=1 PP=1,0 trial=1 donut-ability=0
persistent PP=8,2 status=0,0
growth level/xp/item=10/627/0,9/937/0 stats maxHP/attack,maxHP/magic=36/25,28/14 foesHP=0,0
pattern trainer=856 turn=6 foePP=31,39 foeAtkDef=6,6 CarlAtk=6 foeLevel=9
support PP=40,35 Carl-defense=6 enemy-attack=6,6
party action uses=8,40 / 2,40
PASS expect 35 1 4 5 7
frame=15664 map=35.1 pos=4,5 flags=7
party=2 HP=36/36,28/28 battle=0 battlers=4 outcome=1 PP=1,0 trial=1 donut-ability=0
persistent PP=8,2 status=0,0
growth level/xp/item=10/627/0,9/937/0 stats maxHP/attack,maxHP/magic=36/25,28/14 foesHP=0,0
pattern trainer=856 turn=6 foePP=31,39 foeAtkDef=6,6 CarlAtk=6 foeLevel=9
support PP=40,35 Carl-defense=6 enemy-attack=6,6
party action uses=8,40 / 2,40
PASS duo healthy
frame=15664 map=35.1 pos=4,5 flags=7
party=2 HP=36/36,28/28 battle=0 battlers=4 outcome=1 PP=1,0 trial=1 donut-ability=0
persistent PP=8,2 status=0,0
growth level/xp/item=10/627/0,9/937/0 stats maxHP/attack,maxHP/magic=36/25,28/14 foesHP=0,0
pattern trainer=856 turn=6 foePP=31,39 foeAtkDef=6,6 CarlAtk=6 foeLevel=9
support PP=40,35 Carl-defense=6 enemy-attack=6,6
party action uses=8,40 / 2,40
PASS uses 8 40 2 40
frame=15700 map=35.1 pos=4,3 flags=7
party=2 HP=36/36,28/28 battle=0 battlers=4 outcome=1 PP=1,0 trial=1 donut-ability=0
persistent PP=8,2 status=0,0
growth level/xp/item=10/627/0,9/937/0 stats maxHP/attack,maxHP/magic=36/25,28/14 foesHP=0,0
pattern trainer=856 turn=6 foePP=31,39 foeAtkDef=6,6 CarlAtk=6 foeLevel=9
support PP=40,35 Carl-defense=6 enemy-attack=6,6
party action uses=8,40 / 2,40
frame=15740 map=35.0 pos=37,26 flags=7
party=2 HP=36/36,28/28 battle=0 battlers=4 outcome=1 PP=1,0 trial=1 donut-ability=0
persistent PP=8,2 status=0,0
growth level/xp/item=10/627/0,9/937/0 stats maxHP/attack,maxHP/magic=36/25,28/14 foesHP=0,0
pattern trainer=856 turn=6 foePP=31,39 foeAtkDef=6,6 CarlAtk=6 foeLevel=9
support PP=40,35 Carl-defense=6 enemy-attack=6,6
party action uses=8,40 / 2,40
frame=16040 map=35.0 pos=37,26 flags=7
party=2 HP=36/36,28/28 battle=0 battlers=4 outcome=1 PP=1,0 trial=1 donut-ability=0
persistent PP=8,2 status=0,0
growth level/xp/item=10/627/0,9/937/0 stats maxHP/attack,maxHP/magic=36/25,28/14 foesHP=0,0
pattern trainer=856 turn=6 foePP=31,39 foeAtkDef=6,6 CarlAtk=6 foeLevel=9
support PP=40,35 Carl-defense=6 enemy-attack=6,6
party action uses=8,40 / 2,40
frame=16040 map=35.0 pos=37,26 flags=7
party=2 HP=36/36,28/28 battle=0 battlers=4 outcome=1 PP=1,0 trial=1 donut-ability=0
persistent PP=8,2 status=0,0
growth level/xp/item=10/627/0,9/937/0 stats maxHP/attack,maxHP/magic=36/25,28/14 foesHP=0,0
pattern trainer=856 turn=6 foePP=31,39 foeAtkDef=6,6 CarlAtk=6 foeLevel=9
support PP=40,35 Carl-defense=6 enemy-attack=6,6
party action uses=8,40 / 2,40
PASS expect 35 0 37 26 7
frame=16124 map=35.0 pos=37,31 flags=7
party=2 HP=36/36,28/28 battle=0 battlers=4 outcome=1 PP=1,0 trial=1 donut-ability=0
persistent PP=8,2 status=0,0
growth level/xp/item=10/627/0,9/937/0 stats maxHP/attack,maxHP/magic=36/25,28/14 foesHP=0,0
pattern trainer=856 turn=6 foePP=31,39 foeAtkDef=6,6 CarlAtk=6 foeLevel=9
support PP=40,35 Carl-defense=6 enemy-attack=6,6
party action uses=8,40 / 2,40
frame=16164 map=35.0 pos=37,31 flags=7
party=2 HP=36/36,28/28 battle=0 battlers=4 outcome=1 PP=1,0 trial=1 donut-ability=0
persistent PP=8,2 status=0,0
growth level/xp/item=10/627/0,9/937/0 stats maxHP/attack,maxHP/magic=36/25,28/14 foesHP=0,0
pattern trainer=856 turn=6 foePP=31,39 foeAtkDef=6,6 CarlAtk=6 foeLevel=9
support PP=40,35 Carl-defense=6 enemy-attack=6,6
party action uses=8,40 / 2,40
frame=16164 map=35.0 pos=37,31 flags=7
party=2 HP=36/36,28/28 battle=0 battlers=4 outcome=1 PP=1,0 trial=1 donut-ability=0
persistent PP=8,2 status=0,0
growth level/xp/item=10/627/0,9/937/0 stats maxHP/attack,maxHP/magic=36/25,28/14 foesHP=0,0
pattern trainer=856 turn=6 foePP=31,39 foeAtkDef=6,6 CarlAtk=6 foeLevel=9
support PP=40,35 Carl-defense=6 enemy-attack=6,6
party action uses=8,40 / 2,40
PASS expect 35 0 37 31 7
MEASURE name=guard-back frames=500 walking=112 tiles=7 warps=1
frame=16232 map=35.0 pos=37,27 flags=7
party=2 HP=36/36,28/28 battle=0 battlers=4 outcome=1 PP=1,0 trial=1 donut-ability=0
persistent PP=8,2 status=0,0
growth level/xp/item=10/627/0,9/937/0 stats maxHP/attack,maxHP/magic=36/25,28/14 foesHP=0,0
pattern trainer=856 turn=6 foePP=31,39 foeAtkDef=6,6 CarlAtk=6 foeLevel=9
support PP=40,35 Carl-defense=6 enemy-attack=6,6
party action uses=8,40 / 2,40
frame=16272 map=35.0 pos=37,27 flags=7
party=2 HP=36/36,28/28 battle=0 battlers=4 outcome=1 PP=1,0 trial=1 donut-ability=0
persistent PP=8,2 status=0,0
growth level/xp/item=10/627/0,9/937/0 stats maxHP/attack,maxHP/magic=36/25,28/14 foesHP=0,0
pattern trainer=856 turn=6 foePP=31,39 foeAtkDef=6,6 CarlAtk=6 foeLevel=9
support PP=40,35 Carl-defense=6 enemy-attack=6,6
party action uses=8,40 / 2,40
frame=16272 map=35.0 pos=37,27 flags=7
party=2 HP=36/36,28/28 battle=0 battlers=4 outcome=1 PP=1,0 trial=1 donut-ability=0
persistent PP=8,2 status=0,0
growth level/xp/item=10/627/0,9/937/0 stats maxHP/attack,maxHP/magic=36/25,28/14 foesHP=0,0
pattern trainer=856 turn=6 foePP=31,39 foeAtkDef=6,6 CarlAtk=6 foeLevel=9
support PP=40,35 Carl-defense=6 enemy-attack=6,6
party action uses=8,40 / 2,40
PASS expect 35 0 37 27 7
frame=16500 map=35.0 pos=51,27 flags=7
party=2 HP=36/36,28/28 battle=0 battlers=4 outcome=1 PP=1,0 trial=1 donut-ability=0
persistent PP=8,2 status=0,0
growth level/xp/item=10/627/0,9/937/0 stats maxHP/attack,maxHP/magic=36/25,28/14 foesHP=0,0
pattern trainer=856 turn=6 foePP=31,39 foeAtkDef=6,6 CarlAtk=6 foeLevel=9
support PP=40,35 Carl-defense=6 enemy-attack=6,6
party action uses=8,40 / 2,40
frame=16540 map=35.0 pos=51,27 flags=7
party=2 HP=36/36,28/28 battle=0 battlers=4 outcome=1 PP=1,0 trial=1 donut-ability=0
persistent PP=8,2 status=0,0
growth level/xp/item=10/627/0,9/937/0 stats maxHP/attack,maxHP/magic=36/25,28/14 foesHP=0,0
pattern trainer=856 turn=6 foePP=31,39 foeAtkDef=6,6 CarlAtk=6 foeLevel=9
support PP=40,35 Carl-defense=6 enemy-attack=6,6
party action uses=8,40 / 2,40
frame=16540 map=35.0 pos=51,27 flags=7
party=2 HP=36/36,28/28 battle=0 battlers=4 outcome=1 PP=1,0 trial=1 donut-ability=0
persistent PP=8,2 status=0,0
growth level/xp/item=10/627/0,9/937/0 stats maxHP/attack,maxHP/magic=36/25,28/14 foesHP=0,0
pattern trainer=856 turn=6 foePP=31,39 foeAtkDef=6,6 CarlAtk=6 foeLevel=9
support PP=40,35 Carl-defense=6 enemy-attack=6,6
party action uses=8,40 / 2,40
PASS expect 35 0 51 27 7
frame=16541 map=35.0 pos=51,27 flags=7
party=2 HP=36/36,28/28 battle=0 battlers=4 outcome=1 PP=1,0 trial=1 donut-ability=0
persistent PP=8,2 status=0,0
growth level/xp/item=10/627/0,9/937/0 stats maxHP/attack,maxHP/magic=36/25,28/14 foesHP=0,0
pattern trainer=856 turn=6 foePP=31,39 foeAtkDef=6,6 CarlAtk=6 foeLevel=9
support PP=40,35 Carl-defense=6 enemy-attack=6,6
party action uses=8,40 / 2,40
frame=16581 map=35.0 pos=51,27 flags=7
party=2 HP=36/36,28/28 battle=0 battlers=4 outcome=1 PP=1,0 trial=1 donut-ability=0
persistent PP=8,2 status=0,0
growth level/xp/item=10/627/0,9/937/0 stats maxHP/attack,maxHP/magic=36/25,28/14 foesHP=0,0
pattern trainer=856 turn=6 foePP=31,39 foeAtkDef=6,6 CarlAtk=6 foeLevel=9
support PP=40,35 Carl-defense=6 enemy-attack=6,6
party action uses=8,40 / 2,40
engage completed frames=709
frame=18490 map=35.0 pos=51,27 flags=7
party=2 HP=36/36,28/28 battle=1 battlers=4 outcome=0 PP=8,2 trial=1 donut-ability=0
persistent PP=8,2 status=0,0
growth level/xp/item=10/627/0,9/937/0 stats maxHP/attack,maxHP/magic=36/25,28/14 foesHP=30,25
pattern trainer=857 turn=0 foePP=35,40 foeAtkDef=6,6 CarlAtk=6 foeLevel=9
support PP=40,40 Carl-defense=6 enemy-attack=6,6
party action uses=8,40 / 2,40
pilot turn=0 HP=36,28 foeHP=30,25 foeAtk=6 foeDef=6 CarlAtk=6
pilot frame=19102 turn=0 actor=0 menu=1 selection=0 key=1
pilot frame=19114 turn=0 actor=0 menu=2 selection=0 key=1
pilot frame=19126 turn=0 actor=0 menu=3 selection=1 key=1
pilot frame=19138 turn=0 actor=2 menu=1 selection=0 key=1
pilot frame=19150 turn=0 actor=2 menu=2 selection=0 key=1
pilot turn=1 HP=33,28 foeHP=13,22 foeAtk=6 foeDef=6 CarlAtk=5
pilot frame=20470 turn=1 actor=0 menu=1 selection=0 key=1
pilot frame=20482 turn=1 actor=0 menu=2 selection=0 key=1
pilot frame=20494 turn=1 actor=0 menu=3 selection=1 key=1
pilot frame=20506 turn=1 actor=2 menu=1 selection=0 key=1
pilot frame=20518 turn=1 actor=2 menu=2 selection=0 key=1
pilot turn=2 HP=30,30 foeHP=0,16 foeAtk=6 foeDef=6 CarlAtk=5
pilot frame=21970 turn=2 actor=0 menu=1 selection=0 key=1
pilot frame=21982 turn=2 actor=0 menu=2 selection=0 key=1
pilot frame=21994 turn=2 actor=0 menu=3 selection=3 key=1
pilot frame=22006 turn=2 actor=2 menu=1 selection=0 key=1
pilot frame=22018 turn=2 actor=2 menu=2 selection=1 key=16
pilot frame=22030 turn=2 actor=2 menu=2 selection=1 key=1
pilot turn=3 HP=26,30 foeHP=0,9 foeAtk=6 foeDef=6 CarlAtk=5
pilot frame=22834 turn=3 actor=0 menu=1 selection=0 key=1
pilot frame=22846 turn=3 actor=0 menu=2 selection=0 key=1
pilot frame=22858 turn=3 actor=0 menu=3 selection=3 key=1
pilot frame=22870 turn=3 actor=2 menu=1 selection=0 key=1
pilot frame=22882 turn=3 actor=2 menu=2 selection=1 key=1
pilot turn=4 HP=23,30 foeHP=0,2 foeAtk=6 foeDef=6 CarlAtk=5
pilot frame=23686 turn=4 actor=0 menu=1 selection=0 key=1
pilot frame=23698 turn=4 actor=0 menu=2 selection=0 key=1
pilot frame=23710 turn=4 actor=0 menu=3 selection=3 key=1
pilot frame=23722 turn=4 actor=2 menu=1 selection=0 key=1
pilot frame=23734 turn=4 actor=2 menu=2 selection=1 key=1
pilot completed policy=offensive frames=7216 outcome=1 incapacitation=0
frame=26306 map=35.0 pos=51,27 flags=7
party=2 HP=25/38,27/30 battle=0 battlers=4 outcome=1 PP=3,0 trial=1 donut-ability=0
persistent PP=3,0 status=0,0
growth level/xp/item=11/748/0,10/1058/0 stats maxHP/attack,maxHP/magic=38/26,30/15 foesHP=0,0
pattern trainer=857 turn=4 foePP=35,39 foeAtkDef=6,6 CarlAtk=5 foeLevel=9
support PP=40,37 Carl-defense=6 enemy-attack=6,6
party action uses=3,40 / 0,37
PASS dialog frames=2
PASS ready
frame=26308 map=35.0 pos=51,27 flags=7
party=2 HP=25/38,27/30 battle=0 battlers=4 outcome=1 PP=3,0 trial=1 donut-ability=0
persistent PP=3,0 status=0,0
growth level/xp/item=11/748/0,10/1058/0 stats maxHP/attack,maxHP/magic=38/26,30/15 foesHP=0,0
pattern trainer=857 turn=4 foePP=35,39 foeAtkDef=6,6 CarlAtk=5 foeLevel=9
support PP=40,37 Carl-defense=6 enemy-attack=6,6
party action uses=3,40 / 0,37
PASS expect 35 0 51 27 7
frame=26308 map=35.0 pos=51,27 flags=7
party=2 HP=25/38,27/30 battle=0 battlers=4 outcome=1 PP=3,0 trial=1 donut-ability=0
persistent PP=3,0 status=0,0
growth level/xp/item=11/748/0,10/1058/0 stats maxHP/attack,maxHP/magic=38/26,30/15 foesHP=0,0
PASS flag 2137 1
pattern trainer=857 turn=4 foePP=35,39 foeAtkDef=6,6 CarlAtk=5 foeLevel=9
support PP=40,37 Carl-defense=6 enemy-attack=6,6
party action uses=3,40 / 0,37
frame=26328 map=35.0 pos=51,26 flags=7
party=2 HP=25/38,27/30 battle=0 battlers=4 outcome=1 PP=3,0 trial=1 donut-ability=0
persistent PP=3,0 status=0,0
growth level/xp/item=11/748/0,10/1058/0 stats maxHP/attack,maxHP/magic=38/26,30/15 foesHP=0,0
pattern trainer=857 turn=4 foePP=35,39 foeAtkDef=6,6 CarlAtk=5 foeLevel=9
support PP=40,37 Carl-defense=6 enemy-attack=6,6
party action uses=3,40 / 0,37
frame=26368 map=35.0 pos=51,26 flags=7
party=2 HP=25/38,27/30 battle=0 battlers=4 outcome=1 PP=3,0 trial=1 donut-ability=0
persistent PP=3,0 status=0,0
growth level/xp/item=11/748/0,10/1058/0 stats maxHP/attack,maxHP/magic=38/26,30/15 foesHP=0,0
pattern trainer=857 turn=4 foePP=35,39 foeAtkDef=6,6 CarlAtk=5 foeLevel=9
support PP=40,37 Carl-defense=6 enemy-attack=6,6
party action uses=3,40 / 0,37
frame=26368 map=35.0 pos=51,26 flags=7
party=2 HP=25/38,27/30 battle=0 battlers=4 outcome=1 PP=3,0 trial=1 donut-ability=0
persistent PP=3,0 status=0,0
growth level/xp/item=11/748/0,10/1058/0 stats maxHP/attack,maxHP/magic=38/26,30/15 foesHP=0,0
pattern trainer=857 turn=4 foePP=35,39 foeAtkDef=6,6 CarlAtk=5 foeLevel=9
support PP=40,37 Carl-defense=6 enemy-attack=6,6
party action uses=3,40 / 0,37
PASS expect 35 0 51 26 7
frame=26596 map=35.0 pos=37,26 flags=7
party=2 HP=25/38,27/30 battle=0 battlers=4 outcome=1 PP=3,0 trial=1 donut-ability=0
persistent PP=3,0 status=0,0
growth level/xp/item=11/748/0,10/1058/0 stats maxHP/attack,maxHP/magic=38/26,30/15 foesHP=0,0
pattern trainer=857 turn=4 foePP=35,39 foeAtkDef=6,6 CarlAtk=5 foeLevel=9
support PP=40,37 Carl-defense=6 enemy-attack=6,6
party action uses=3,40 / 0,37
frame=26636 map=35.1 pos=4,3 flags=7
party=2 HP=25/38,27/30 battle=0 battlers=4 outcome=1 PP=3,0 trial=1 donut-ability=0
persistent PP=3,0 status=0,0
growth level/xp/item=11/748/0,10/1058/0 stats maxHP/attack,maxHP/magic=38/26,30/15 foesHP=0,0
pattern trainer=857 turn=4 foePP=35,39 foeAtkDef=6,6 CarlAtk=5 foeLevel=9
support PP=40,37 Carl-defense=6 enemy-attack=6,6
party action uses=3,40 / 0,37
frame=26936 map=35.1 pos=4,3 flags=7
party=2 HP=25/38,27/30 battle=0 battlers=4 outcome=1 PP=3,0 trial=1 donut-ability=0
persistent PP=3,0 status=0,0
growth level/xp/item=11/748/0,10/1058/0 stats maxHP/attack,maxHP/magic=38/26,30/15 foesHP=0,0
pattern trainer=857 turn=4 foePP=35,39 foeAtkDef=6,6 CarlAtk=5 foeLevel=9
support PP=40,37 Carl-defense=6 enemy-attack=6,6
party action uses=3,40 / 0,37
frame=26936 map=35.1 pos=4,3 flags=7
party=2 HP=25/38,27/30 battle=0 battlers=4 outcome=1 PP=3,0 trial=1 donut-ability=0
persistent PP=3,0 status=0,0
growth level/xp/item=11/748/0,10/1058/0 stats maxHP/attack,maxHP/magic=38/26,30/15 foesHP=0,0
pattern trainer=857 turn=4 foePP=35,39 foeAtkDef=6,6 CarlAtk=5 foeLevel=9
support PP=40,37 Carl-defense=6 enemy-attack=6,6
party action uses=3,40 / 0,37
PASS expect 35 1 4 3 7
frame=26972 map=35.1 pos=4,5 flags=7
party=2 HP=25/38,27/30 battle=0 battlers=4 outcome=1 PP=3,0 trial=1 donut-ability=0
persistent PP=3,0 status=0,0
growth level/xp/item=11/748/0,10/1058/0 stats maxHP/attack,maxHP/magic=38/26,30/15 foesHP=0,0
pattern trainer=857 turn=4 foePP=35,39 foeAtkDef=6,6 CarlAtk=5 foeLevel=9
support PP=40,37 Carl-defense=6 enemy-attack=6,6
party action uses=3,40 / 0,37
frame=27012 map=35.1 pos=4,5 flags=7
party=2 HP=25/38,27/30 battle=0 battlers=4 outcome=1 PP=3,0 trial=1 donut-ability=0
persistent PP=3,0 status=0,0
growth level/xp/item=11/748/0,10/1058/0 stats maxHP/attack,maxHP/magic=38/26,30/15 foesHP=0,0
pattern trainer=857 turn=4 foePP=35,39 foeAtkDef=6,6 CarlAtk=5 foeLevel=9
support PP=40,37 Carl-defense=6 enemy-attack=6,6
party action uses=3,40 / 0,37
frame=27012 map=35.1 pos=4,5 flags=7
party=2 HP=25/38,27/30 battle=0 battlers=4 outcome=1 PP=3,0 trial=1 donut-ability=0
persistent PP=3,0 status=0,0
growth level/xp/item=11/748/0,10/1058/0 stats maxHP/attack,maxHP/magic=38/26,30/15 foesHP=0,0
pattern trainer=857 turn=4 foePP=35,39 foeAtkDef=6,6 CarlAtk=5 foeLevel=9
support PP=40,37 Carl-defense=6 enemy-attack=6,6
party action uses=3,40 / 0,37
PASS expect 35 1 4 5 7
MEASURE name=howler-out frames=704 walking=272 tiles=17 warps=1
frame=27013 map=35.1 pos=4,5 flags=7
party=2 HP=25/38,27/30 battle=0 battlers=4 outcome=1 PP=3,0 trial=1 donut-ability=0
persistent PP=3,0 status=0,0
growth level/xp/item=11/748/0,10/1058/0 stats maxHP/attack,maxHP/magic=38/26,30/15 foesHP=0,0
pattern trainer=857 turn=4 foePP=35,39 foeAtkDef=6,6 CarlAtk=5 foeLevel=9
support PP=40,37 Carl-defense=6 enemy-attack=6,6
party action uses=3,40 / 0,37
frame=27053 map=35.1 pos=4,5 flags=7
party=2 HP=25/38,27/30 battle=0 battlers=4 outcome=1 PP=3,0 trial=1 donut-ability=0
persistent PP=3,0 status=0,0
growth level/xp/item=11/748/0,10/1058/0 stats maxHP/attack,maxHP/magic=38/26,30/15 foesHP=0,0
pattern trainer=857 turn=4 foePP=35,39 foeAtkDef=6,6 CarlAtk=5 foeLevel=9
support PP=40,37 Carl-defense=6 enemy-attack=6,6
party action uses=3,40 / 0,37
frame=27054 map=35.1 pos=4,5 flags=7
party=2 HP=25/38,27/30 battle=0 battlers=4 outcome=1 PP=3,0 trial=1 donut-ability=0
persistent PP=3,0 status=0,0
growth level/xp/item=11/748/0,10/1058/0 stats maxHP/attack,maxHP/magic=38/26,30/15 foesHP=0,0
pattern trainer=857 turn=4 foePP=35,39 foeAtkDef=6,6 CarlAtk=5 foeLevel=9
support PP=40,37 Carl-defense=6 enemy-attack=6,6
party action uses=3,40 / 0,37
frame=27454 map=35.1 pos=4,5 flags=7
party=2 HP=38/38,30/30 battle=0 battlers=4 outcome=1 PP=3,0 trial=1 donut-ability=0
persistent PP=8,2 status=0,0
growth level/xp/item=11/748/0,10/1058/0 stats maxHP/attack,maxHP/magic=38/26,30/15 foesHP=0,0
pattern trainer=857 turn=4 foePP=35,39 foeAtkDef=6,6 CarlAtk=5 foeLevel=9
support PP=40,37 Carl-defense=6 enemy-attack=6,6
party action uses=8,40 / 2,40
PASS dialog frames=2
PASS ready
frame=27496 map=35.1 pos=4,5 flags=7
party=2 HP=38/38,30/30 battle=0 battlers=4 outcome=1 PP=3,0 trial=1 donut-ability=0
persistent PP=8,2 status=0,0
growth level/xp/item=11/748/0,10/1058/0 stats maxHP/attack,maxHP/magic=38/26,30/15 foesHP=0,0
pattern trainer=857 turn=4 foePP=35,39 foeAtkDef=6,6 CarlAtk=5 foeLevel=9
support PP=40,37 Carl-defense=6 enemy-attack=6,6
party action uses=8,40 / 2,40
frame=27496 map=35.1 pos=4,5 flags=7
party=2 HP=38/38,30/30 battle=0 battlers=4 outcome=1 PP=3,0 trial=1 donut-ability=0
persistent PP=8,2 status=0,0
growth level/xp/item=11/748/0,10/1058/0 stats maxHP/attack,maxHP/magic=38/26,30/15 foesHP=0,0
pattern trainer=857 turn=4 foePP=35,39 foeAtkDef=6,6 CarlAtk=5 foeLevel=9
support PP=40,37 Carl-defense=6 enemy-attack=6,6
party action uses=8,40 / 2,40
PASS expect 35 1 4 5 7
frame=27496 map=35.1 pos=4,5 flags=7
party=2 HP=38/38,30/30 battle=0 battlers=4 outcome=1 PP=3,0 trial=1 donut-ability=0
persistent PP=8,2 status=0,0
growth level/xp/item=11/748/0,10/1058/0 stats maxHP/attack,maxHP/magic=38/26,30/15 foesHP=0,0
pattern trainer=857 turn=4 foePP=35,39 foeAtkDef=6,6 CarlAtk=5 foeLevel=9
support PP=40,37 Carl-defense=6 enemy-attack=6,6
party action uses=8,40 / 2,40
PASS duo healthy
frame=27496 map=35.1 pos=4,5 flags=7
party=2 HP=38/38,30/30 battle=0 battlers=4 outcome=1 PP=3,0 trial=1 donut-ability=0
persistent PP=8,2 status=0,0
growth level/xp/item=11/748/0,10/1058/0 stats maxHP/attack,maxHP/magic=38/26,30/15 foesHP=0,0
pattern trainer=857 turn=4 foePP=35,39 foeAtkDef=6,6 CarlAtk=5 foeLevel=9
support PP=40,37 Carl-defense=6 enemy-attack=6,6
party action uses=8,40 / 2,40
PASS uses 8 40 2 40
frame=27532 map=35.1 pos=4,3 flags=7
party=2 HP=38/38,30/30 battle=0 battlers=4 outcome=1 PP=3,0 trial=1 donut-ability=0
persistent PP=8,2 status=0,0
growth level/xp/item=11/748/0,10/1058/0 stats maxHP/attack,maxHP/magic=38/26,30/15 foesHP=0,0
pattern trainer=857 turn=4 foePP=35,39 foeAtkDef=6,6 CarlAtk=5 foeLevel=9
support PP=40,37 Carl-defense=6 enemy-attack=6,6
party action uses=8,40 / 2,40
frame=27572 map=35.0 pos=37,26 flags=7
party=2 HP=38/38,30/30 battle=0 battlers=4 outcome=1 PP=3,0 trial=1 donut-ability=0
persistent PP=8,2 status=0,0
growth level/xp/item=11/748/0,10/1058/0 stats maxHP/attack,maxHP/magic=38/26,30/15 foesHP=0,0
pattern trainer=857 turn=4 foePP=35,39 foeAtkDef=6,6 CarlAtk=5 foeLevel=9
support PP=40,37 Carl-defense=6 enemy-attack=6,6
party action uses=8,40 / 2,40
frame=27872 map=35.0 pos=37,26 flags=7
party=2 HP=38/38,30/30 battle=0 battlers=4 outcome=1 PP=3,0 trial=1 donut-ability=0
persistent PP=8,2 status=0,0
growth level/xp/item=11/748/0,10/1058/0 stats maxHP/attack,maxHP/magic=38/26,30/15 foesHP=0,0
pattern trainer=857 turn=4 foePP=35,39 foeAtkDef=6,6 CarlAtk=5 foeLevel=9
support PP=40,37 Carl-defense=6 enemy-attack=6,6
party action uses=8,40 / 2,40
frame=27872 map=35.0 pos=37,26 flags=7
party=2 HP=38/38,30/30 battle=0 battlers=4 outcome=1 PP=3,0 trial=1 donut-ability=0
persistent PP=8,2 status=0,0
growth level/xp/item=11/748/0,10/1058/0 stats maxHP/attack,maxHP/magic=38/26,30/15 foesHP=0,0
pattern trainer=857 turn=4 foePP=35,39 foeAtkDef=6,6 CarlAtk=5 foeLevel=9
support PP=40,37 Carl-defense=6 enemy-attack=6,6
party action uses=8,40 / 2,40
PASS expect 35 0 37 26 7
frame=28100 map=35.0 pos=51,26 flags=7
party=2 HP=38/38,30/30 battle=0 battlers=4 outcome=1 PP=3,0 trial=1 donut-ability=0
persistent PP=8,2 status=0,0
growth level/xp/item=11/748/0,10/1058/0 stats maxHP/attack,maxHP/magic=38/26,30/15 foesHP=0,0
pattern trainer=857 turn=4 foePP=35,39 foeAtkDef=6,6 CarlAtk=5 foeLevel=9
support PP=40,37 Carl-defense=6 enemy-attack=6,6
party action uses=8,40 / 2,40
frame=28140 map=35.0 pos=51,26 flags=7
party=2 HP=38/38,30/30 battle=0 battlers=4 outcome=1 PP=3,0 trial=1 donut-ability=0
persistent PP=8,2 status=0,0
growth level/xp/item=11/748/0,10/1058/0 stats maxHP/attack,maxHP/magic=38/26,30/15 foesHP=0,0
pattern trainer=857 turn=4 foePP=35,39 foeAtkDef=6,6 CarlAtk=5 foeLevel=9
support PP=40,37 Carl-defense=6 enemy-attack=6,6
party action uses=8,40 / 2,40
frame=28140 map=35.0 pos=51,26 flags=7
party=2 HP=38/38,30/30 battle=0 battlers=4 outcome=1 PP=3,0 trial=1 donut-ability=0
persistent PP=8,2 status=0,0
growth level/xp/item=11/748/0,10/1058/0 stats maxHP/attack,maxHP/magic=38/26,30/15 foesHP=0,0
pattern trainer=857 turn=4 foePP=35,39 foeAtkDef=6,6 CarlAtk=5 foeLevel=9
support PP=40,37 Carl-defense=6 enemy-attack=6,6
party action uses=8,40 / 2,40
PASS expect 35 0 51 26 7
frame=28160 map=35.0 pos=51,27 flags=7
party=2 HP=38/38,30/30 battle=0 battlers=4 outcome=1 PP=3,0 trial=1 donut-ability=0
persistent PP=8,2 status=0,0
growth level/xp/item=11/748/0,10/1058/0 stats maxHP/attack,maxHP/magic=38/26,30/15 foesHP=0,0
pattern trainer=857 turn=4 foePP=35,39 foeAtkDef=6,6 CarlAtk=5 foeLevel=9
support PP=40,37 Carl-defense=6 enemy-attack=6,6
party action uses=8,40 / 2,40
frame=28200 map=35.0 pos=51,27 flags=7
party=2 HP=38/38,30/30 battle=0 battlers=4 outcome=1 PP=3,0 trial=1 donut-ability=0
persistent PP=8,2 status=0,0
growth level/xp/item=11/748/0,10/1058/0 stats maxHP/attack,maxHP/magic=38/26,30/15 foesHP=0,0
pattern trainer=857 turn=4 foePP=35,39 foeAtkDef=6,6 CarlAtk=5 foeLevel=9
support PP=40,37 Carl-defense=6 enemy-attack=6,6
party action uses=8,40 / 2,40
frame=28200 map=35.0 pos=51,27 flags=7
party=2 HP=38/38,30/30 battle=0 battlers=4 outcome=1 PP=3,0 trial=1 donut-ability=0
persistent PP=8,2 status=0,0
growth level/xp/item=11/748/0,10/1058/0 stats maxHP/attack,maxHP/magic=38/26,30/15 foesHP=0,0
pattern trainer=857 turn=4 foePP=35,39 foeAtkDef=6,6 CarlAtk=5 foeLevel=9
support PP=40,37 Carl-defense=6 enemy-attack=6,6
party action uses=8,40 / 2,40
PASS expect 35 0 51 27 7
MEASURE name=howler-back frames=704 walking=272 tiles=17 warps=1
frame=28200 map=35.0 pos=51,27 flags=7
party=2 HP=38/38,30/30 battle=0 battlers=4 outcome=1 PP=3,0 trial=1 donut-ability=0
persistent PP=8,2 status=0,0
growth level/xp/item=11/748/0,10/1058/0 stats maxHP/attack,maxHP/magic=38/26,30/15 foesHP=0,0
PASS flag 2136 1
pattern trainer=857 turn=4 foePP=35,39 foeAtkDef=6,6 CarlAtk=5 foeLevel=9
support PP=40,37 Carl-defense=6 enemy-attack=6,6
party action uses=8,40 / 2,40
frame=28200 map=35.0 pos=51,27 flags=7
party=2 HP=38/38,30/30 battle=0 battlers=4 outcome=1 PP=3,0 trial=1 donut-ability=0
persistent PP=8,2 status=0,0
growth level/xp/item=11/748/0,10/1058/0 stats maxHP/attack,maxHP/magic=38/26,30/15 foesHP=0,0
PASS flag 2137 1
pattern trainer=857 turn=4 foePP=35,39 foeAtkDef=6,6 CarlAtk=5 foeLevel=9
support PP=40,37 Carl-defense=6 enemy-attack=6,6
party action uses=8,40 / 2,40
frame=28200 map=35.0 pos=51,27 flags=7
party=2 HP=38/38,30/30 battle=0 battlers=4 outcome=1 PP=3,0 trial=1 donut-ability=0
persistent PP=8,2 status=0,0
growth level/xp/item=11/748/0,10/1058/0 stats maxHP/attack,maxHP/magic=38/26,30/15 foesHP=0,0
PASS flag 49 0
pattern trainer=857 turn=4 foePP=35,39 foeAtkDef=6,6 CarlAtk=5 foeLevel=9
support PP=40,37 Carl-defense=6 enemy-attack=6,6
party action uses=8,40 / 2,40
frame=28201 map=35.0 pos=51,27 flags=7
party=2 HP=38/38,30/30 battle=0 battlers=4 outcome=1 PP=3,0 trial=1 donut-ability=0
persistent PP=8,2 status=0,0
growth level/xp/item=11/748/0,10/1058/0 stats maxHP/attack,maxHP/magic=38/26,30/15 foesHP=0,0
pattern trainer=857 turn=4 foePP=35,39 foeAtkDef=6,6 CarlAtk=5 foeLevel=9
support PP=40,37 Carl-defense=6 enemy-attack=6,6
party action uses=8,40 / 2,40
frame=28321 map=35.0 pos=51,27 flags=7
party=2 HP=38/38,30/30 battle=0 battlers=4 outcome=1 PP=3,0 trial=1 donut-ability=0
persistent PP=8,2 status=0,0
growth level/xp/item=11/748/0,10/1058/0 stats maxHP/attack,maxHP/magic=38/26,30/15 foesHP=0,0
pattern trainer=857 turn=4 foePP=35,39 foeAtkDef=6,6 CarlAtk=5 foeLevel=9
support PP=40,37 Carl-defense=6 enemy-attack=6,6
party action uses=8,40 / 2,40
frame=28322 map=35.0 pos=51,27 flags=7
party=2 HP=38/38,30/30 battle=0 battlers=4 outcome=1 PP=3,0 trial=1 donut-ability=0
persistent PP=8,2 status=0,0
growth level/xp/item=11/748/0,10/1058/0 stats maxHP/attack,maxHP/magic=38/26,30/15 foesHP=0,0
pattern trainer=857 turn=4 foePP=35,39 foeAtkDef=6,6 CarlAtk=5 foeLevel=9
support PP=40,37 Carl-defense=6 enemy-attack=6,6
party action uses=8,40 / 2,40
frame=28342 map=35.0 pos=51,27 flags=7
party=2 HP=38/38,30/30 battle=0 battlers=4 outcome=1 PP=3,0 trial=1 donut-ability=0
persistent PP=8,2 status=0,0
growth level/xp/item=11/748/0,10/1058/0 stats maxHP/attack,maxHP/magic=38/26,30/15 foesHP=0,0
pattern trainer=857 turn=4 foePP=35,39 foeAtkDef=6,6 CarlAtk=5 foeLevel=9
support PP=40,37 Carl-defense=6 enemy-attack=6,6
party action uses=8,40 / 2,40
frame=28343 map=35.0 pos=51,27 flags=7
party=2 HP=38/38,30/30 battle=0 battlers=4 outcome=1 PP=3,0 trial=1 donut-ability=0
persistent PP=8,2 status=0,0
growth level/xp/item=11/748/0,10/1058/0 stats maxHP/attack,maxHP/magic=38/26,30/15 foesHP=0,0
pattern trainer=857 turn=4 foePP=35,39 foeAtkDef=6,6 CarlAtk=5 foeLevel=9
support PP=40,37 Carl-defense=6 enemy-attack=6,6
party action uses=8,40 / 2,40
frame=28363 map=35.0 pos=51,27 flags=7
party=2 HP=38/38,30/30 battle=0 battlers=4 outcome=1 PP=3,0 trial=1 donut-ability=0
persistent PP=8,2 status=0,0
growth level/xp/item=11/748/0,10/1058/0 stats maxHP/attack,maxHP/magic=38/26,30/15 foesHP=0,0
pattern trainer=857 turn=4 foePP=35,39 foeAtkDef=6,6 CarlAtk=5 foeLevel=9
support PP=40,37 Carl-defense=6 enemy-attack=6,6
party action uses=8,40 / 2,40
frame=28364 map=35.0 pos=51,27 flags=7
party=2 HP=38/38,30/30 battle=0 battlers=4 outcome=1 PP=3,0 trial=1 donut-ability=0
persistent PP=8,2 status=0,0
growth level/xp/item=11/748/0,10/1058/0 stats maxHP/attack,maxHP/magic=38/26,30/15 foesHP=0,0
pattern trainer=857 turn=4 foePP=35,39 foeAtkDef=6,6 CarlAtk=5 foeLevel=9
support PP=40,37 Carl-defense=6 enemy-attack=6,6
party action uses=8,40 / 2,40
frame=28524 map=35.0 pos=51,27 flags=7
party=2 HP=38/38,30/30 battle=0 battlers=4 outcome=1 PP=3,0 trial=1 donut-ability=0
persistent PP=8,2 status=0,0
growth level/xp/item=11/748/0,10/1058/0 stats maxHP/attack,maxHP/magic=38/26,30/15 foesHP=0,0
pattern trainer=857 turn=4 foePP=35,39 foeAtkDef=6,6 CarlAtk=5 foeLevel=9
support PP=40,37 Carl-defense=6 enemy-attack=6,6
party action uses=8,40 / 2,40
frame=28525 map=35.0 pos=51,27 flags=7
party=2 HP=38/38,30/30 battle=0 battlers=4 outcome=1 PP=3,0 trial=1 donut-ability=0
persistent PP=8,2 status=0,0
growth level/xp/item=11/748/0,10/1058/0 stats maxHP/attack,maxHP/magic=38/26,30/15 foesHP=0,0
pattern trainer=857 turn=4 foePP=35,39 foeAtkDef=6,6 CarlAtk=5 foeLevel=9
support PP=40,37 Carl-defense=6 enemy-attack=6,6
party action uses=8,40 / 2,40
frame=28705 map=35.0 pos=51,27 flags=7
party=2 HP=38/38,30/30 battle=0 battlers=4 outcome=1 PP=3,0 trial=1 donut-ability=0
persistent PP=8,2 status=0,0
growth level/xp/item=11/748/0,10/1058/0 stats maxHP/attack,maxHP/magic=38/26,30/15 foesHP=0,0
pattern trainer=857 turn=4 foePP=35,39 foeAtkDef=6,6 CarlAtk=5 foeLevel=9
support PP=40,37 Carl-defense=6 enemy-attack=6,6
party action uses=8,40 / 2,40
frame=28706 map=35.0 pos=51,27 flags=7
party=2 HP=38/38,30/30 battle=0 battlers=4 outcome=1 PP=3,0 trial=1 donut-ability=0
persistent PP=8,2 status=0,0
growth level/xp/item=11/748/0,10/1058/0 stats maxHP/attack,maxHP/magic=38/26,30/15 foesHP=0,0
pattern trainer=857 turn=4 foePP=35,39 foeAtkDef=6,6 CarlAtk=5 foeLevel=9
support PP=40,37 Carl-defense=6 enemy-attack=6,6
party action uses=8,40 / 2,40
frame=29306 map=35.0 pos=51,27 flags=7
party=2 HP=38/38,30/30 battle=0 battlers=4 outcome=1 PP=3,0 trial=1 donut-ability=0
persistent PP=8,2 status=0,0
growth level/xp/item=11/748/0,10/1058/0 stats maxHP/attack,maxHP/magic=38/26,30/15 foesHP=0,0
pattern trainer=857 turn=4 foePP=35,39 foeAtkDef=6,6 CarlAtk=5 foeLevel=9
support PP=40,37 Carl-defense=6 enemy-attack=6,6
party action uses=8,40 / 2,40
frame=29346 map=35.0 pos=51,27 flags=7
party=2 HP=38/38,30/30 battle=0 battlers=4 outcome=1 PP=3,0 trial=1 donut-ability=0
persistent PP=8,2 status=0,0
growth level/xp/item=11/748/0,10/1058/0 stats maxHP/attack,maxHP/magic=38/26,30/15 foesHP=0,0
pattern trainer=857 turn=4 foePP=35,39 foeAtkDef=6,6 CarlAtk=5 foeLevel=9
support PP=40,37 Carl-defense=6 enemy-attack=6,6
party action uses=8,40 / 2,40
result=40 assertions=40
