mGBA 0.10.5; 240x160; save=../prepared.sav; read-only RAM diagnostics
frame=720 map=34.4 pos=8,5 flags=7
party=2 HP=38/38,30/30 battle=0 battlers=0 outcome=0 PP=0,0 trial=1 donut-ability=0
persistent PP=8,2 status=0,0
growth level/xp/item=11/748/0,10/1058/0 stats maxHP/attack,maxHP/magic=38/26,30/15 foesHP=0,0
pattern trainer=0 turn=0 foePP=0,0 foeAtkDef=0,0 CarlAtk=0 foeLevel=0
support PP=0,0 Carl-defense=0 enemy-attack=0,0
party action uses=8,40 / 2,40
frame=721 map=34.4 pos=8,5 flags=7
party=2 HP=38/38,30/30 battle=0 battlers=0 outcome=0 PP=0,0 trial=1 donut-ability=0
persistent PP=8,2 status=0,0
growth level/xp/item=11/748/0,10/1058/0 stats maxHP/attack,maxHP/magic=38/26,30/15 foesHP=0,0
pattern trainer=0 turn=0 foePP=0,0 foeAtkDef=0,0 CarlAtk=0 foeLevel=0
support PP=0,0 Carl-defense=0 enemy-attack=0,0
party action uses=8,40 / 2,40
frame=1081 map=34.4 pos=8,5 flags=7
party=2 HP=38/38,30/30 battle=0 battlers=0 outcome=0 PP=0,0 trial=1 donut-ability=0
persistent PP=8,2 status=0,0
growth level/xp/item=11/748/0,10/1058/0 stats maxHP/attack,maxHP/magic=38/26,30/15 foesHP=0,0
pattern trainer=0 turn=0 foePP=0,0 foeAtkDef=0,0 CarlAtk=0 foeLevel=0
support PP=0,0 Carl-defense=0 enemy-attack=0,0
party action uses=8,40 / 2,40
frame=1082 map=34.4 pos=8,5 flags=7
party=2 HP=38/38,30/30 battle=0 battlers=0 outcome=0 PP=0,0 trial=1 donut-ability=0
persistent PP=8,2 status=0,0
growth level/xp/item=11/748/0,10/1058/0 stats maxHP/attack,maxHP/magic=38/26,30/15 foesHP=0,0
pattern trainer=0 turn=0 foePP=0,0 foeAtkDef=0,0 CarlAtk=0 foeLevel=0
support PP=0,0 Carl-defense=0 enemy-attack=0,0
party action uses=8,40 / 2,40
frame=1262 map=34.4 pos=8,5 flags=7
party=2 HP=38/38,30/30 battle=0 battlers=0 outcome=0 PP=0,0 trial=1 donut-ability=0
persistent PP=8,2 status=0,0
growth level/xp/item=11/748/0,10/1058/0 stats maxHP/attack,maxHP/magic=38/26,30/15 foesHP=0,0
pattern trainer=0 turn=0 foePP=0,0 foeAtkDef=0,0 CarlAtk=0 foeLevel=0
support PP=0,0 Carl-defense=0 enemy-attack=0,0
party action uses=8,40 / 2,40
frame=1263 map=34.4 pos=8,5 flags=7
party=2 HP=38/38,30/30 battle=0 battlers=0 outcome=0 PP=0,0 trial=1 donut-ability=0
persistent PP=8,2 status=0,0
growth level/xp/item=11/748/0,10/1058/0 stats maxHP/attack,maxHP/magic=38/26,30/15 foesHP=0,0
pattern trainer=0 turn=0 foePP=0,0 foeAtkDef=0,0 CarlAtk=0 foeLevel=0
support PP=0,0 Carl-defense=0 enemy-attack=0,0
party action uses=8,40 / 2,40
frame=1443 map=34.4 pos=8,5 flags=7
party=2 HP=38/38,30/30 battle=0 battlers=0 outcome=0 PP=0,0 trial=1 donut-ability=0
persistent PP=8,2 status=0,0
growth level/xp/item=11/748/0,10/1058/0 stats maxHP/attack,maxHP/magic=38/26,30/15 foesHP=0,0
pattern trainer=0 turn=0 foePP=0,0 foeAtkDef=0,0 CarlAtk=0 foeLevel=0
support PP=0,0 Carl-defense=0 enemy-attack=0,0
party action uses=8,40 / 2,40
frame=1444 map=34.4 pos=8,5 flags=7
party=2 HP=38/38,30/30 battle=0 battlers=0 outcome=0 PP=0,0 trial=1 donut-ability=0
persistent PP=8,2 status=0,0
growth level/xp/item=11/748/0,10/1058/0 stats maxHP/attack,maxHP/magic=38/26,30/15 foesHP=0,0
pattern trainer=0 turn=0 foePP=0,0 foeAtkDef=0,0 CarlAtk=0 foeLevel=0
support PP=0,0 Carl-defense=0 enemy-attack=0,0
party action uses=8,40 / 2,40
frame=2044 map=34.4 pos=8,5 flags=7
party=2 HP=38/38,30/30 battle=0 battlers=0 outcome=0 PP=0,0 trial=1 donut-ability=0
persistent PP=8,2 status=0,0
growth level/xp/item=11/748/0,10/1058/0 stats maxHP/attack,maxHP/magic=38/26,30/15 foesHP=0,0
pattern trainer=0 turn=0 foePP=0,0 foeAtkDef=0,0 CarlAtk=0 foeLevel=0
support PP=0,0 Carl-defense=0 enemy-attack=0,0
party action uses=8,40 / 2,40
frame=2044 map=34.4 pos=8,5 flags=7
party=2 HP=38/38,30/30 battle=0 battlers=0 outcome=0 PP=0,0 trial=1 donut-ability=0
persistent PP=8,2 status=0,0
growth level/xp/item=11/748/0,10/1058/0 stats maxHP/attack,maxHP/magic=38/26,30/15 foesHP=0,0
pattern trainer=0 turn=0 foePP=0,0 foeAtkDef=0,0 CarlAtk=0 foeLevel=0
support PP=0,0 Carl-defense=0 enemy-attack=0,0
party action uses=8,40 / 2,40
PASS expect 34 4 8 5 7
frame=2044 map=34.4 pos=8,5 flags=7
party=2 HP=38/38,30/30 battle=0 battlers=0 outcome=0 PP=0,0 trial=1 donut-ability=0
persistent PP=8,2 status=0,0
growth level/xp/item=11/748/0,10/1058/0 stats maxHP/attack,maxHP/magic=38/26,30/15 foesHP=0,0
PASS flag 46 1
pattern trainer=0 turn=0 foePP=0,0 foeAtkDef=0,0 CarlAtk=0 foeLevel=0
support PP=0,0 Carl-defense=0 enemy-attack=0,0
party action uses=8,40 / 2,40
frame=2044 map=34.4 pos=8,5 flags=7
party=2 HP=38/38,30/30 battle=0 battlers=0 outcome=0 PP=0,0 trial=1 donut-ability=0
persistent PP=8,2 status=0,0
growth level/xp/item=11/748/0,10/1058/0 stats maxHP/attack,maxHP/magic=38/26,30/15 foesHP=0,0
PASS flag 47 0
pattern trainer=0 turn=0 foePP=0,0 foeAtkDef=0,0 CarlAtk=0 foeLevel=0
support PP=0,0 Carl-defense=0 enemy-attack=0,0
party action uses=8,40 / 2,40
frame=2044 map=34.4 pos=8,5 flags=7
party=2 HP=38/38,30/30 battle=0 battlers=0 outcome=0 PP=0,0 trial=1 donut-ability=0
persistent PP=8,2 status=0,0
growth level/xp/item=11/748/0,10/1058/0 stats maxHP/attack,maxHP/magic=38/26,30/15 foesHP=0,0
pattern trainer=0 turn=0 foePP=0,0 foeAtkDef=0,0 CarlAtk=0 foeLevel=0
support PP=0,0 Carl-defense=0 enemy-attack=0,0
party action uses=8,40 / 2,40
PASS duo healthy
frame=2045 map=34.4 pos=8,5 flags=7
party=2 HP=38/38,30/30 battle=0 battlers=0 outcome=0 PP=0,0 trial=1 donut-ability=0
persistent PP=8,2 status=0,0
growth level/xp/item=11/748/0,10/1058/0 stats maxHP/attack,maxHP/magic=38/26,30/15 foesHP=0,0
pattern trainer=859 turn=0 foePP=0,0 foeAtkDef=0,0 CarlAtk=0 foeLevel=0
support PP=0,0 Carl-defense=0 enemy-attack=0,0
party action uses=8,40 / 2,40
frame=2445 map=34.4 pos=8,5 flags=7
party=2 HP=38/38,30/30 battle=0 battlers=0 outcome=0 PP=0,0 trial=1 donut-ability=0
persistent PP=8,2 status=0,0
growth level/xp/item=11/748/0,10/1058/0 stats maxHP/attack,maxHP/magic=38/26,30/15 foesHP=0,0
pattern trainer=859 turn=0 foePP=0,0 foeAtkDef=0,0 CarlAtk=0 foeLevel=0
support PP=0,0 Carl-defense=0 enemy-attack=0,0
party action uses=8,40 / 2,40
frame=2446 map=34.4 pos=8,5 flags=7
party=2 HP=38/38,30/30 battle=0 battlers=0 outcome=0 PP=0,0 trial=1 donut-ability=0
persistent PP=8,2 status=0,0
growth level/xp/item=11/748/0,10/1058/0 stats maxHP/attack,maxHP/magic=38/26,30/15 foesHP=0,0
pattern trainer=859 turn=0 foePP=0,0 foeAtkDef=0,0 CarlAtk=0 foeLevel=0
support PP=0,0 Carl-defense=0 enemy-attack=0,0
party action uses=8,40 / 2,40
frame=2846 map=34.4 pos=8,5 flags=7
party=2 HP=38/38,30/30 battle=0 battlers=0 outcome=0 PP=0,0 trial=1 donut-ability=0
persistent PP=8,2 status=0,0
growth level/xp/item=11/748/0,10/1058/0 stats maxHP/attack,maxHP/magic=38/26,30/15 foesHP=0,0
pattern trainer=859 turn=0 foePP=0,0 foeAtkDef=0,0 CarlAtk=0 foeLevel=0
support PP=0,0 Carl-defense=0 enemy-attack=0,0
party action uses=8,40 / 2,40
frame=2847 map=34.4 pos=8,5 flags=7
party=2 HP=38/38,30/30 battle=0 battlers=0 outcome=0 PP=0,0 trial=1 donut-ability=0
persistent PP=8,2 status=0,0
growth level/xp/item=11/748/0,10/1058/0 stats maxHP/attack,maxHP/magic=38/26,30/15 foesHP=0,0
pattern trainer=859 turn=0 foePP=0,0 foeAtkDef=0,0 CarlAtk=0 foeLevel=0
support PP=0,0 Carl-defense=0 enemy-attack=0,0
party action uses=8,40 / 2,40
frame=3747 map=34.4 pos=8,5 flags=7
party=2 HP=38/38,30/30 battle=1 battlers=4 outcome=0 PP=8,2 trial=1 donut-ability=0
persistent PP=8,2 status=0,0
growth level/xp/item=11/748/0,10/1058/0 stats maxHP/attack,maxHP/magic=38/26,30/15 foesHP=36,28
pattern trainer=859 turn=0 foePP=40,40 foeAtkDef=6,6 CarlAtk=6 foeLevel=10
support PP=40,40 Carl-defense=6 enemy-attack=6,6
party action uses=8,40 / 2,40
frame=3748 map=34.4 pos=8,5 flags=7
party=2 HP=38/38,30/30 battle=1 battlers=4 outcome=0 PP=8,2 trial=1 donut-ability=0
persistent PP=8,2 status=0,0
growth level/xp/item=11/748/0,10/1058/0 stats maxHP/attack,maxHP/magic=38/26,30/15 foesHP=36,28
pattern trainer=859 turn=0 foePP=40,40 foeAtkDef=6,6 CarlAtk=6 foeLevel=10
support PP=40,40 Carl-defense=6 enemy-attack=6,6
party action uses=8,40 / 2,40
frame=4348 map=34.4 pos=8,5 flags=7
party=2 HP=38/38,30/30 battle=1 battlers=4 outcome=0 PP=8,2 trial=1 donut-ability=0
persistent PP=8,2 status=0,0
growth level/xp/item=11/748/0,10/1058/0 stats maxHP/attack,maxHP/magic=38/26,30/15 foesHP=36,28
pattern trainer=859 turn=0 foePP=40,40 foeAtkDef=6,6 CarlAtk=6 foeLevel=10
support PP=40,40 Carl-defense=6 enemy-attack=6,6
party action uses=8,40 / 2,40
frame=4349 map=34.4 pos=8,5 flags=7
party=2 HP=38/38,30/30 battle=1 battlers=4 outcome=0 PP=8,2 trial=1 donut-ability=0
persistent PP=8,2 status=0,0
growth level/xp/item=11/748/0,10/1058/0 stats maxHP/attack,maxHP/magic=38/26,30/15 foesHP=36,28
pattern trainer=859 turn=0 foePP=40,40 foeAtkDef=6,6 CarlAtk=6 foeLevel=10
support PP=40,40 Carl-defense=6 enemy-attack=6,6
party action uses=8,40 / 2,40
frame=4949 map=34.4 pos=8,5 flags=7
party=2 HP=38/38,30/30 battle=1 battlers=4 outcome=0 PP=8,2 trial=1 donut-ability=0
persistent PP=8,2 status=0,0
growth level/xp/item=11/748/0,10/1058/0 stats maxHP/attack,maxHP/magic=38/26,30/15 foesHP=36,28
pattern trainer=859 turn=0 foePP=40,40 foeAtkDef=6,6 CarlAtk=6 foeLevel=10
support PP=40,40 Carl-defense=6 enemy-attack=6,6
party action uses=8,40 / 2,40
frame=4949 map=34.4 pos=8,5 flags=7
party=2 HP=38/38,30/30 battle=1 battlers=4 outcome=0 PP=8,2 trial=1 donut-ability=0
persistent PP=8,2 status=0,0
growth level/xp/item=11/748/0,10/1058/0 stats maxHP/attack,maxHP/magic=38/26,30/15 foesHP=36,28
pattern trainer=859 turn=0 foePP=40,40 foeAtkDef=6,6 CarlAtk=6 foeLevel=10
PASS pattern 859 0 40 40 6 6 6 10
support PP=40,40 Carl-defense=6 enemy-attack=6,6
party action uses=8,40 / 2,40
frame=4950 map=34.4 pos=8,5 flags=7
party=2 HP=38/38,30/30 battle=1 battlers=4 outcome=0 PP=8,2 trial=1 donut-ability=0
persistent PP=8,2 status=0,0
growth level/xp/item=11/748/0,10/1058/0 stats maxHP/attack,maxHP/magic=38/26,30/15 foesHP=36,28
pattern trainer=859 turn=0 foePP=40,40 foeAtkDef=6,6 CarlAtk=6 foeLevel=10
support PP=40,40 Carl-defense=6 enemy-attack=6,6
party action uses=8,40 / 2,40
frame=5070 map=34.4 pos=8,5 flags=7
party=2 HP=38/38,30/30 battle=1 battlers=4 outcome=0 PP=8,2 trial=1 donut-ability=0
persistent PP=8,2 status=0,0
growth level/xp/item=11/748/0,10/1058/0 stats maxHP/attack,maxHP/magic=38/26,30/15 foesHP=36,28
pattern trainer=859 turn=0 foePP=40,40 foeAtkDef=6,6 CarlAtk=6 foeLevel=10
support PP=40,40 Carl-defense=6 enemy-attack=6,6
party action uses=8,40 / 2,40
frame=5071 map=34.4 pos=8,5 flags=7
party=2 HP=38/38,30/30 battle=1 battlers=4 outcome=0 PP=8,2 trial=1 donut-ability=0
persistent PP=8,2 status=0,0
growth level/xp/item=11/748/0,10/1058/0 stats maxHP/attack,maxHP/magic=38/26,30/15 foesHP=36,28
pattern trainer=859 turn=0 foePP=40,40 foeAtkDef=6,6 CarlAtk=6 foeLevel=10
support PP=40,40 Carl-defense=6 enemy-attack=6,6
party action uses=8,40 / 2,40
frame=5191 map=34.4 pos=8,5 flags=7
party=2 HP=38/38,30/30 battle=1 battlers=4 outcome=0 PP=8,2 trial=1 donut-ability=0
persistent PP=8,2 status=0,0
growth level/xp/item=11/748/0,10/1058/0 stats maxHP/attack,maxHP/magic=38/26,30/15 foesHP=36,28
pattern trainer=859 turn=0 foePP=40,40 foeAtkDef=6,6 CarlAtk=6 foeLevel=10
support PP=40,40 Carl-defense=6 enemy-attack=6,6
party action uses=8,40 / 2,40
frame=5192 map=34.4 pos=8,5 flags=7
party=2 HP=38/38,30/30 battle=1 battlers=4 outcome=0 PP=8,2 trial=1 donut-ability=0
persistent PP=8,2 status=0,0
growth level/xp/item=11/748/0,10/1058/0 stats maxHP/attack,maxHP/magic=38/26,30/15 foesHP=36,28
pattern trainer=859 turn=0 foePP=40,40 foeAtkDef=6,6 CarlAtk=6 foeLevel=10
support PP=40,40 Carl-defense=6 enemy-attack=6,6
party action uses=8,40 / 2,40
frame=5312 map=34.4 pos=8,5 flags=7
party=2 HP=38/38,30/30 battle=1 battlers=4 outcome=0 PP=8,2 trial=1 donut-ability=0
persistent PP=8,2 status=0,0
growth level/xp/item=11/748/0,10/1058/0 stats maxHP/attack,maxHP/magic=38/26,30/15 foesHP=36,28
pattern trainer=859 turn=0 foePP=40,40 foeAtkDef=6,6 CarlAtk=6 foeLevel=10
support PP=40,40 Carl-defense=6 enemy-attack=6,6
party action uses=8,40 / 2,40
frame=5313 map=34.4 pos=8,5 flags=7
party=2 HP=38/38,30/30 battle=1 battlers=4 outcome=0 PP=8,2 trial=1 donut-ability=0
persistent PP=8,2 status=0,0
growth level/xp/item=11/748/0,10/1058/0 stats maxHP/attack,maxHP/magic=38/26,30/15 foesHP=36,28
pattern trainer=859 turn=0 foePP=40,40 foeAtkDef=6,6 CarlAtk=6 foeLevel=10
support PP=40,40 Carl-defense=6 enemy-attack=6,6
party action uses=8,40 / 2,40
frame=5433 map=34.4 pos=8,5 flags=7
party=2 HP=38/38,30/30 battle=1 battlers=4 outcome=0 PP=8,2 trial=1 donut-ability=0
persistent PP=8,2 status=0,0
growth level/xp/item=11/748/0,10/1058/0 stats maxHP/attack,maxHP/magic=38/26,30/15 foesHP=36,28
pattern trainer=859 turn=0 foePP=40,40 foeAtkDef=6,6 CarlAtk=6 foeLevel=10
support PP=40,40 Carl-defense=6 enemy-attack=6,6
party action uses=8,40 / 2,40
frame=5434 map=34.4 pos=8,5 flags=7
party=2 HP=38/38,30/30 battle=1 battlers=4 outcome=0 PP=8,2 trial=1 donut-ability=0
persistent PP=8,2 status=0,0
growth level/xp/item=11/748/0,10/1058/0 stats maxHP/attack,maxHP/magic=38/26,30/15 foesHP=36,28
pattern trainer=859 turn=0 foePP=40,40 foeAtkDef=6,6 CarlAtk=6 foeLevel=10
support PP=40,40 Carl-defense=6 enemy-attack=6,6
party action uses=8,40 / 2,40
frame=7234 map=34.4 pos=8,5 flags=7
party=2 HP=38/38,24/30 battle=1 battlers=4 outcome=0 PP=7,1 trial=1 donut-ability=0
persistent PP=7,1 status=0,0
growth level/xp/item=11/748/0,10/1058/0 stats maxHP/attack,maxHP/magic=38/26,30/15 foesHP=22,21
pattern trainer=859 turn=1 foePP=39,40 foeAtkDef=7,6 CarlAtk=6 foeLevel=10
support PP=40,40 Carl-defense=6 enemy-attack=7,6
party action uses=7,40 / 1,40
frame=7234 map=34.4 pos=8,5 flags=7
party=2 HP=38/38,24/30 battle=1 battlers=4 outcome=0 PP=7,1 trial=1 donut-ability=0
persistent PP=7,1 status=0,0
growth level/xp/item=11/748/0,10/1058/0 stats maxHP/attack,maxHP/magic=38/26,30/15 foesHP=22,21
pattern trainer=859 turn=1 foePP=39,40 foeAtkDef=7,6 CarlAtk=6 foeLevel=10
PASS pattern 859 1 39 40 7 6 6 10
support PP=40,40 Carl-defense=6 enemy-attack=7,6
party action uses=7,40 / 1,40
frame=7235 map=34.4 pos=8,5 flags=7
party=2 HP=38/38,24/30 battle=1 battlers=4 outcome=0 PP=7,1 trial=1 donut-ability=0
persistent PP=7,1 status=0,0
growth level/xp/item=11/748/0,10/1058/0 stats maxHP/attack,maxHP/magic=38/26,30/15 foesHP=22,21
pattern trainer=859 turn=1 foePP=39,40 foeAtkDef=7,6 CarlAtk=6 foeLevel=10
support PP=40,40 Carl-defense=6 enemy-attack=7,6
party action uses=7,40 / 1,40
frame=7355 map=34.4 pos=8,5 flags=7
party=2 HP=38/38,24/30 battle=1 battlers=4 outcome=0 PP=7,1 trial=1 donut-ability=0
persistent PP=7,1 status=0,0
growth level/xp/item=11/748/0,10/1058/0 stats maxHP/attack,maxHP/magic=38/26,30/15 foesHP=22,21
pattern trainer=859 turn=1 foePP=39,40 foeAtkDef=7,6 CarlAtk=6 foeLevel=10
support PP=40,40 Carl-defense=6 enemy-attack=7,6
party action uses=7,40 / 1,40
frame=7356 map=34.4 pos=8,5 flags=7
party=2 HP=38/38,24/30 battle=1 battlers=4 outcome=0 PP=7,1 trial=1 donut-ability=0
persistent PP=7,1 status=0,0
growth level/xp/item=11/748/0,10/1058/0 stats maxHP/attack,maxHP/magic=38/26,30/15 foesHP=22,21
pattern trainer=859 turn=1 foePP=39,40 foeAtkDef=7,6 CarlAtk=6 foeLevel=10
support PP=40,40 Carl-defense=6 enemy-attack=7,6
party action uses=7,40 / 1,40
frame=7476 map=34.4 pos=8,5 flags=7
party=2 HP=38/38,24/30 battle=1 battlers=4 outcome=0 PP=7,1 trial=1 donut-ability=0
persistent PP=7,1 status=0,0
growth level/xp/item=11/748/0,10/1058/0 stats maxHP/attack,maxHP/magic=38/26,30/15 foesHP=22,21
pattern trainer=859 turn=1 foePP=39,40 foeAtkDef=7,6 CarlAtk=6 foeLevel=10
support PP=40,40 Carl-defense=6 enemy-attack=7,6
party action uses=7,40 / 1,40
frame=7477 map=34.4 pos=8,5 flags=7
party=2 HP=38/38,24/30 battle=1 battlers=4 outcome=0 PP=7,1 trial=1 donut-ability=0
persistent PP=7,1 status=0,0
growth level/xp/item=11/748/0,10/1058/0 stats maxHP/attack,maxHP/magic=38/26,30/15 foesHP=22,21
pattern trainer=859 turn=1 foePP=39,40 foeAtkDef=7,6 CarlAtk=6 foeLevel=10
support PP=40,40 Carl-defense=6 enemy-attack=7,6
party action uses=7,40 / 1,40
frame=7597 map=34.4 pos=8,5 flags=7
party=2 HP=38/38,24/30 battle=1 battlers=4 outcome=0 PP=7,1 trial=1 donut-ability=0
persistent PP=7,1 status=0,0
growth level/xp/item=11/748/0,10/1058/0 stats maxHP/attack,maxHP/magic=38/26,30/15 foesHP=22,21
pattern trainer=859 turn=1 foePP=39,40 foeAtkDef=7,6 CarlAtk=6 foeLevel=10
support PP=40,40 Carl-defense=6 enemy-attack=7,6
party action uses=7,40 / 1,40
frame=7598 map=34.4 pos=8,5 flags=7
party=2 HP=38/38,24/30 battle=1 battlers=4 outcome=0 PP=7,1 trial=1 donut-ability=0
persistent PP=7,1 status=0,0
growth level/xp/item=11/748/0,10/1058/0 stats maxHP/attack,maxHP/magic=38/26,30/15 foesHP=22,21
pattern trainer=859 turn=1 foePP=39,40 foeAtkDef=7,6 CarlAtk=6 foeLevel=10
support PP=40,40 Carl-defense=6 enemy-attack=7,6
party action uses=7,40 / 1,40
frame=7718 map=34.4 pos=8,5 flags=7
party=2 HP=38/38,24/30 battle=1 battlers=4 outcome=0 PP=7,1 trial=1 donut-ability=0
persistent PP=7,1 status=0,0
growth level/xp/item=11/748/0,10/1058/0 stats maxHP/attack,maxHP/magic=38/26,30/15 foesHP=22,21
pattern trainer=859 turn=1 foePP=39,40 foeAtkDef=7,6 CarlAtk=6 foeLevel=10
support PP=40,40 Carl-defense=6 enemy-attack=7,6
party action uses=7,40 / 1,40
frame=7719 map=34.4 pos=8,5 flags=7
party=2 HP=38/38,24/30 battle=1 battlers=4 outcome=0 PP=7,1 trial=1 donut-ability=0
persistent PP=7,1 status=0,0
growth level/xp/item=11/748/0,10/1058/0 stats maxHP/attack,maxHP/magic=38/26,30/15 foesHP=22,21
pattern trainer=859 turn=1 foePP=39,40 foeAtkDef=7,6 CarlAtk=6 foeLevel=10
support PP=40,40 Carl-defense=6 enemy-attack=7,6
party action uses=7,40 / 1,40
frame=7779 map=34.4 pos=8,5 flags=7
party=2 HP=38/38,24/30 battle=1 battlers=4 outcome=0 PP=7,1 trial=1 donut-ability=0
persistent PP=7,1 status=0,0
growth level/xp/item=11/748/0,10/1058/0 stats maxHP/attack,maxHP/magic=38/26,30/15 foesHP=22,21
pattern trainer=859 turn=1 foePP=39,40 foeAtkDef=7,6 CarlAtk=6 foeLevel=10
support PP=40,40 Carl-defense=6 enemy-attack=7,6
party action uses=7,40 / 1,40
frame=7780 map=34.4 pos=8,5 flags=7
party=2 HP=38/38,24/30 battle=1 battlers=4 outcome=0 PP=7,1 trial=1 donut-ability=0
persistent PP=7,1 status=0,0
growth level/xp/item=11/748/0,10/1058/0 stats maxHP/attack,maxHP/magic=38/26,30/15 foesHP=22,21
pattern trainer=859 turn=1 foePP=39,40 foeAtkDef=7,6 CarlAtk=6 foeLevel=10
support PP=40,40 Carl-defense=6 enemy-attack=7,6
party action uses=7,40 / 1,40
frame=9580 map=34.4 pos=8,5 flags=7
party=2 HP=24/38,24/30 battle=1 battlers=4 outcome=0 PP=6,1 trial=1 donut-ability=0
persistent PP=6,1 status=0,0
growth level/xp/item=11/748/0,10/1058/0 stats maxHP/attack,maxHP/magic=38/26,30/15 foesHP=13,21
pattern trainer=859 turn=2 foePP=39,39 foeAtkDef=6,6 CarlAtk=6 foeLevel=10
support PP=40,39 Carl-defense=6 enemy-attack=6,5
party action uses=6,40 / 1,39
frame=9580 map=34.4 pos=8,5 flags=7
party=2 HP=24/38,24/30 battle=1 battlers=4 outcome=0 PP=6,1 trial=1 donut-ability=0
persistent PP=6,1 status=0,0
growth level/xp/item=11/748/0,10/1058/0 stats maxHP/attack,maxHP/magic=38/26,30/15 foesHP=13,21
pattern trainer=859 turn=2 foePP=39,39 foeAtkDef=6,6 CarlAtk=6 foeLevel=10
PASS pattern 859 2 39 39 6 6 6 10
support PP=40,39 Carl-defense=6 enemy-attack=6,5
party action uses=6,40 / 1,39
frame=9581 map=34.4 pos=8,5 flags=7
party=2 HP=24/38,24/30 battle=1 battlers=4 outcome=0 PP=6,1 trial=1 donut-ability=0
persistent PP=6,1 status=0,0
growth level/xp/item=11/748/0,10/1058/0 stats maxHP/attack,maxHP/magic=38/26,30/15 foesHP=13,21
pattern trainer=859 turn=2 foePP=39,39 foeAtkDef=6,6 CarlAtk=6 foeLevel=10
support PP=40,39 Carl-defense=6 enemy-attack=6,5
party action uses=6,40 / 1,39
frame=9701 map=34.4 pos=8,5 flags=7
party=2 HP=24/38,24/30 battle=1 battlers=4 outcome=0 PP=6,1 trial=1 donut-ability=0
persistent PP=6,1 status=0,0
growth level/xp/item=11/748/0,10/1058/0 stats maxHP/attack,maxHP/magic=38/26,30/15 foesHP=13,21
pattern trainer=859 turn=2 foePP=39,39 foeAtkDef=6,6 CarlAtk=6 foeLevel=10
support PP=40,39 Carl-defense=6 enemy-attack=6,5
party action uses=6,40 / 1,39
frame=9702 map=34.4 pos=8,5 flags=7
party=2 HP=24/38,24/30 battle=1 battlers=4 outcome=0 PP=6,1 trial=1 donut-ability=0
persistent PP=6,1 status=0,0
growth level/xp/item=11/748/0,10/1058/0 stats maxHP/attack,maxHP/magic=38/26,30/15 foesHP=13,21
pattern trainer=859 turn=2 foePP=39,39 foeAtkDef=6,6 CarlAtk=6 foeLevel=10
support PP=40,39 Carl-defense=6 enemy-attack=6,5
party action uses=6,40 / 1,39
frame=9822 map=34.4 pos=8,5 flags=7
party=2 HP=24/38,24/30 battle=1 battlers=4 outcome=0 PP=6,1 trial=1 donut-ability=0
persistent PP=6,1 status=0,0
growth level/xp/item=11/748/0,10/1058/0 stats maxHP/attack,maxHP/magic=38/26,30/15 foesHP=13,21
pattern trainer=859 turn=2 foePP=39,39 foeAtkDef=6,6 CarlAtk=6 foeLevel=10
support PP=40,39 Carl-defense=6 enemy-attack=6,5
party action uses=6,40 / 1,39
frame=9823 map=34.4 pos=8,5 flags=7
party=2 HP=24/38,24/30 battle=1 battlers=4 outcome=0 PP=6,1 trial=1 donut-ability=0
persistent PP=6,1 status=0,0
growth level/xp/item=11/748/0,10/1058/0 stats maxHP/attack,maxHP/magic=38/26,30/15 foesHP=13,21
pattern trainer=859 turn=2 foePP=39,39 foeAtkDef=6,6 CarlAtk=6 foeLevel=10
support PP=40,39 Carl-defense=6 enemy-attack=6,5
party action uses=6,40 / 1,39
frame=9943 map=34.4 pos=8,5 flags=7
party=2 HP=24/38,24/30 battle=1 battlers=4 outcome=0 PP=6,1 trial=1 donut-ability=0
persistent PP=6,1 status=0,0
growth level/xp/item=11/748/0,10/1058/0 stats maxHP/attack,maxHP/magic=38/26,30/15 foesHP=13,21
pattern trainer=859 turn=2 foePP=39,39 foeAtkDef=6,6 CarlAtk=6 foeLevel=10
support PP=40,39 Carl-defense=6 enemy-attack=6,5
party action uses=6,40 / 1,39
frame=9944 map=34.4 pos=8,5 flags=7
party=2 HP=24/38,24/30 battle=1 battlers=4 outcome=0 PP=6,1 trial=1 donut-ability=0
persistent PP=6,1 status=0,0
growth level/xp/item=11/748/0,10/1058/0 stats maxHP/attack,maxHP/magic=38/26,30/15 foesHP=13,21
pattern trainer=859 turn=2 foePP=39,39 foeAtkDef=6,6 CarlAtk=6 foeLevel=10
support PP=40,39 Carl-defense=6 enemy-attack=6,5
party action uses=6,40 / 1,39
frame=10064 map=34.4 pos=8,5 flags=7
party=2 HP=24/38,24/30 battle=1 battlers=4 outcome=0 PP=6,1 trial=1 donut-ability=0
persistent PP=6,1 status=0,0
growth level/xp/item=11/748/0,10/1058/0 stats maxHP/attack,maxHP/magic=38/26,30/15 foesHP=13,21
pattern trainer=859 turn=2 foePP=39,39 foeAtkDef=6,6 CarlAtk=6 foeLevel=10
support PP=40,39 Carl-defense=6 enemy-attack=6,5
party action uses=6,40 / 1,39
frame=10065 map=34.4 pos=8,5 flags=7
party=2 HP=24/38,24/30 battle=1 battlers=4 outcome=0 PP=6,1 trial=1 donut-ability=0
persistent PP=6,1 status=0,0
growth level/xp/item=11/748/0,10/1058/0 stats maxHP/attack,maxHP/magic=38/26,30/15 foesHP=13,21
pattern trainer=859 turn=2 foePP=39,39 foeAtkDef=6,6 CarlAtk=6 foeLevel=10
support PP=40,39 Carl-defense=6 enemy-attack=6,5
party action uses=6,40 / 1,39
frame=10125 map=34.4 pos=8,5 flags=7
party=2 HP=24/38,24/30 battle=1 battlers=4 outcome=0 PP=6,1 trial=1 donut-ability=0
persistent PP=6,1 status=0,0
growth level/xp/item=11/748/0,10/1058/0 stats maxHP/attack,maxHP/magic=38/26,30/15 foesHP=13,21
pattern trainer=859 turn=2 foePP=39,39 foeAtkDef=6,6 CarlAtk=6 foeLevel=10
support PP=40,39 Carl-defense=6 enemy-attack=6,5
party action uses=6,40 / 1,39
frame=10126 map=34.4 pos=8,5 flags=7
party=2 HP=24/38,24/30 battle=1 battlers=4 outcome=0 PP=6,1 trial=1 donut-ability=0
persistent PP=6,1 status=0,0
growth level/xp/item=11/748/0,10/1058/0 stats maxHP/attack,maxHP/magic=38/26,30/15 foesHP=13,21
pattern trainer=859 turn=2 foePP=39,39 foeAtkDef=6,6 CarlAtk=6 foeLevel=10
support PP=40,39 Carl-defense=6 enemy-attack=6,5
party action uses=6,40 / 1,39
frame=11926 map=34.4 pos=8,5 flags=7
party=2 HP=24/38,24/30 battle=1 battlers=4 outcome=0 PP=5,0 trial=1 donut-ability=0
persistent PP=5,0 status=0,0
growth level/xp/item=11/748/0,10/1058/0 stats maxHP/attack,maxHP/magic=38/26,30/15 foesHP=0,14
pattern trainer=859 turn=2 foePP=39,39 foeAtkDef=6,6 CarlAtk=6 foeLevel=10
support PP=40,39 Carl-defense=6 enemy-attack=6,5
party action uses=5,40 / 0,39
frame=11927 map=34.4 pos=8,5 flags=7
party=2 HP=24/38,24/30 battle=1 battlers=4 outcome=0 PP=5,0 trial=1 donut-ability=0
persistent PP=5,0 status=0,0
growth level/xp/item=11/748/0,10/1058/0 stats maxHP/attack,maxHP/magic=38/26,30/15 foesHP=0,14
pattern trainer=859 turn=2 foePP=39,39 foeAtkDef=6,6 CarlAtk=6 foeLevel=10
support PP=40,39 Carl-defense=6 enemy-attack=6,5
party action uses=5,40 / 0,39
frame=12327 map=34.4 pos=8,5 flags=7
party=2 HP=24/38,24/30 battle=1 battlers=4 outcome=0 PP=5,0 trial=1 donut-ability=0
persistent PP=5,0 status=0,0
growth level/xp/item=11/748/0,10/1058/0 stats maxHP/attack,maxHP/magic=38/26,30/15 foesHP=0,14
pattern trainer=859 turn=2 foePP=39,39 foeAtkDef=6,6 CarlAtk=6 foeLevel=10
support PP=40,39 Carl-defense=6 enemy-attack=6,5
party action uses=5,40 / 0,39
frame=12328 map=34.4 pos=8,5 flags=7
party=2 HP=24/38,24/30 battle=1 battlers=4 outcome=0 PP=5,0 trial=1 donut-ability=0
persistent PP=5,0 status=0,0
growth level/xp/item=11/748/0,10/1058/0 stats maxHP/attack,maxHP/magic=38/26,30/15 foesHP=0,14
pattern trainer=859 turn=2 foePP=39,39 foeAtkDef=6,6 CarlAtk=6 foeLevel=10
support PP=40,39 Carl-defense=6 enemy-attack=6,5
party action uses=5,40 / 0,39
frame=12728 map=34.4 pos=8,5 flags=7
party=2 HP=24/38,24/30 battle=1 battlers=4 outcome=0 PP=5,0 trial=1 donut-ability=0
persistent PP=5,0 status=0,0
growth level/xp/item=11/883/0,10/1058/0 stats maxHP/attack,maxHP/magic=38/26,30/15 foesHP=0,14
pattern trainer=859 turn=2 foePP=39,39 foeAtkDef=6,6 CarlAtk=6 foeLevel=10
support PP=40,39 Carl-defense=6 enemy-attack=6,5
party action uses=5,40 / 0,39
frame=12729 map=34.4 pos=8,5 flags=7
party=2 HP=24/38,24/30 battle=1 battlers=4 outcome=0 PP=5,0 trial=1 donut-ability=0
persistent PP=5,0 status=0,0
growth level/xp/item=11/883/0,10/1058/0 stats maxHP/attack,maxHP/magic=38/26,30/15 foesHP=0,14
pattern trainer=859 turn=2 foePP=39,39 foeAtkDef=6,6 CarlAtk=6 foeLevel=10
support PP=40,39 Carl-defense=6 enemy-attack=6,5
party action uses=5,40 / 0,39
frame=13129 map=34.4 pos=8,5 flags=7
party=2 HP=21/38,24/30 battle=1 battlers=4 outcome=0 PP=5,0 trial=1 donut-ability=0
persistent PP=5,0 status=0,0
growth level/xp/item=11/883/0,10/1193/0 stats maxHP/attack,maxHP/magic=38/26,30/15 foesHP=0,14
pattern trainer=859 turn=3 foePP=39,39 foeAtkDef=6,6 CarlAtk=6 foeLevel=10
support PP=40,39 Carl-defense=6 enemy-attack=6,5
party action uses=5,40 / 0,39
frame=13129 map=34.4 pos=8,5 flags=7
party=2 HP=21/38,24/30 battle=1 battlers=4 outcome=0 PP=5,0 trial=1 donut-ability=0
persistent PP=5,0 status=0,0
growth level/xp/item=11/883/0,10/1193/0 stats maxHP/attack,maxHP/magic=38/26,30/15 foesHP=0,14
PASS growth 11 883 0 10 1193 0
pattern trainer=859 turn=3 foePP=39,39 foeAtkDef=6,6 CarlAtk=6 foeLevel=10
support PP=40,39 Carl-defense=6 enemy-attack=6,5
party action uses=5,40 / 0,39
frame=13129 map=34.4 pos=8,5 flags=7
party=2 HP=21/38,24/30 battle=1 battlers=4 outcome=0 PP=5,0 trial=1 donut-ability=0
persistent PP=5,0 status=0,0
growth level/xp/item=11/883/0,10/1193/0 stats maxHP/attack,maxHP/magic=38/26,30/15 foesHP=0,14
PASS foes 0 14
pattern trainer=859 turn=3 foePP=39,39 foeAtkDef=6,6 CarlAtk=6 foeLevel=10
support PP=40,39 Carl-defense=6 enemy-attack=6,5
party action uses=5,40 / 0,39
frame=13130 map=34.4 pos=8,5 flags=7
party=2 HP=21/38,24/30 battle=1 battlers=4 outcome=0 PP=5,0 trial=1 donut-ability=0
persistent PP=5,0 status=0,0
growth level/xp/item=11/883/0,10/1193/0 stats maxHP/attack,maxHP/magic=38/26,30/15 foesHP=0,14
pattern trainer=859 turn=3 foePP=39,39 foeAtkDef=6,6 CarlAtk=6 foeLevel=10
support PP=40,39 Carl-defense=6 enemy-attack=6,5
party action uses=5,40 / 0,39
frame=13190 map=34.4 pos=8,5 flags=7
party=2 HP=21/38,24/30 battle=1 battlers=4 outcome=0 PP=5,0 trial=1 donut-ability=0
persistent PP=5,0 status=0,0
growth level/xp/item=11/883/0,10/1193/0 stats maxHP/attack,maxHP/magic=38/26,30/15 foesHP=0,14
pattern trainer=859 turn=3 foePP=39,39 foeAtkDef=6,6 CarlAtk=6 foeLevel=10
support PP=40,39 Carl-defense=6 enemy-attack=6,5
party action uses=5,40 / 0,39
frame=13191 map=34.4 pos=8,5 flags=7
party=2 HP=21/38,24/30 battle=1 battlers=4 outcome=0 PP=5,0 trial=1 donut-ability=0
persistent PP=5,0 status=0,0
growth level/xp/item=11/883/0,10/1193/0 stats maxHP/attack,maxHP/magic=38/26,30/15 foesHP=0,14
pattern trainer=859 turn=3 foePP=39,39 foeAtkDef=6,6 CarlAtk=6 foeLevel=10
support PP=40,39 Carl-defense=6 enemy-attack=6,5
party action uses=5,40 / 0,39
frame=13251 map=34.4 pos=8,5 flags=7
party=2 HP=21/38,24/30 battle=1 battlers=4 outcome=0 PP=5,0 trial=1 donut-ability=0
persistent PP=5,0 status=0,0
growth level/xp/item=11/883/0,10/1193/0 stats maxHP/attack,maxHP/magic=38/26,30/15 foesHP=0,14
pattern trainer=859 turn=3 foePP=39,39 foeAtkDef=6,6 CarlAtk=6 foeLevel=10
support PP=40,39 Carl-defense=6 enemy-attack=6,5
party action uses=5,40 / 0,39
frame=13252 map=34.4 pos=8,5 flags=7
party=2 HP=21/38,24/30 battle=1 battlers=4 outcome=0 PP=5,0 trial=1 donut-ability=0
persistent PP=5,0 status=0,0
growth level/xp/item=11/883/0,10/1193/0 stats maxHP/attack,maxHP/magic=38/26,30/15 foesHP=0,14
pattern trainer=859 turn=3 foePP=39,39 foeAtkDef=6,6 CarlAtk=6 foeLevel=10
support PP=40,39 Carl-defense=6 enemy-attack=6,5
party action uses=5,40 / 0,39
frame=13312 map=34.4 pos=8,5 flags=7
party=2 HP=21/38,24/30 battle=1 battlers=4 outcome=0 PP=5,0 trial=1 donut-ability=0
persistent PP=5,0 status=0,0
growth level/xp/item=11/883/0,10/1193/0 stats maxHP/attack,maxHP/magic=38/26,30/15 foesHP=0,14
pattern trainer=859 turn=3 foePP=39,39 foeAtkDef=6,6 CarlAtk=6 foeLevel=10
support PP=40,39 Carl-defense=6 enemy-attack=6,5
party action uses=5,40 / 0,39
frame=13313 map=34.4 pos=8,5 flags=7
party=2 HP=21/38,24/30 battle=1 battlers=4 outcome=0 PP=5,0 trial=1 donut-ability=0
persistent PP=5,0 status=0,0
growth level/xp/item=11/883/0,10/1193/0 stats maxHP/attack,maxHP/magic=38/26,30/15 foesHP=0,14
pattern trainer=859 turn=3 foePP=39,39 foeAtkDef=6,6 CarlAtk=6 foeLevel=10
support PP=40,39 Carl-defense=6 enemy-attack=6,5
party action uses=5,40 / 0,39
frame=13373 map=34.4 pos=8,5 flags=7
party=2 HP=21/38,24/30 battle=1 battlers=4 outcome=0 PP=5,0 trial=1 donut-ability=0
persistent PP=5,0 status=0,0
growth level/xp/item=11/883/0,10/1193/0 stats maxHP/attack,maxHP/magic=38/26,30/15 foesHP=0,14
pattern trainer=859 turn=3 foePP=39,39 foeAtkDef=6,6 CarlAtk=6 foeLevel=10
support PP=40,39 Carl-defense=6 enemy-attack=6,5
party action uses=5,40 / 0,39
frame=13374 map=34.4 pos=8,5 flags=7
party=2 HP=21/38,24/30 battle=1 battlers=4 outcome=0 PP=5,0 trial=1 donut-ability=0
persistent PP=5,0 status=0,0
growth level/xp/item=11/883/0,10/1193/0 stats maxHP/attack,maxHP/magic=38/26,30/15 foesHP=0,14
pattern trainer=859 turn=3 foePP=39,39 foeAtkDef=6,6 CarlAtk=6 foeLevel=10
support PP=40,39 Carl-defense=6 enemy-attack=6,5
party action uses=5,40 / 0,39
frame=13434 map=34.4 pos=8,5 flags=7
party=2 HP=21/38,24/30 battle=1 battlers=4 outcome=0 PP=5,0 trial=1 donut-ability=0
persistent PP=5,0 status=0,0
growth level/xp/item=11/883/0,10/1193/0 stats maxHP/attack,maxHP/magic=38/26,30/15 foesHP=0,14
pattern trainer=859 turn=3 foePP=39,39 foeAtkDef=6,6 CarlAtk=6 foeLevel=10
support PP=40,39 Carl-defense=6 enemy-attack=6,5
party action uses=5,40 / 0,39
frame=13435 map=34.4 pos=8,5 flags=7
party=2 HP=21/38,24/30 battle=1 battlers=4 outcome=0 PP=5,0 trial=1 donut-ability=0
persistent PP=5,0 status=0,0
growth level/xp/item=11/883/0,10/1193/0 stats maxHP/attack,maxHP/magic=38/26,30/15 foesHP=0,14
pattern trainer=859 turn=3 foePP=39,39 foeAtkDef=6,6 CarlAtk=6 foeLevel=10
support PP=40,39 Carl-defense=6 enemy-attack=6,5
party action uses=5,40 / 0,39
frame=15235 map=34.4 pos=8,5 flags=7
party=2 HP=21/38,24/30 battle=1 battlers=4 outcome=0 PP=4,0 trial=1 donut-ability=0
persistent PP=4,0 status=0,0
growth level/xp/item=11/883/0,10/1193/0 stats maxHP/attack,maxHP/magic=38/26,30/15 foesHP=0,0
pattern trainer=859 turn=3 foePP=39,39 foeAtkDef=6,6 CarlAtk=6 foeLevel=10
support PP=40,38 Carl-defense=6 enemy-attack=6,6
party action uses=4,40 / 0,38
frame=15236 map=34.4 pos=8,5 flags=7
party=2 HP=21/38,24/30 battle=1 battlers=4 outcome=0 PP=4,0 trial=1 donut-ability=0
persistent PP=4,0 status=0,0
growth level/xp/item=11/883/0,10/1193/0 stats maxHP/attack,maxHP/magic=38/26,30/15 foesHP=0,0
pattern trainer=859 turn=3 foePP=39,39 foeAtkDef=6,6 CarlAtk=6 foeLevel=10
support PP=40,38 Carl-defense=6 enemy-attack=6,6
party action uses=4,40 / 0,38
frame=15296 map=34.4 pos=8,5 flags=7
party=2 HP=21/38,24/30 battle=1 battlers=4 outcome=0 PP=4,0 trial=1 donut-ability=0
persistent PP=4,0 status=0,0
growth level/xp/item=11/883/0,10/1193/0 stats maxHP/attack,maxHP/magic=38/26,30/15 foesHP=0,0
pattern trainer=859 turn=3 foePP=39,39 foeAtkDef=6,6 CarlAtk=6 foeLevel=10
support PP=40,38 Carl-defense=6 enemy-attack=6,6
party action uses=4,40 / 0,38
frame=15297 map=34.4 pos=8,5 flags=7
party=2 HP=21/38,24/30 battle=1 battlers=4 outcome=0 PP=4,0 trial=1 donut-ability=0
persistent PP=4,0 status=0,0
growth level/xp/item=11/883/0,10/1193/0 stats maxHP/attack,maxHP/magic=38/26,30/15 foesHP=0,0
pattern trainer=859 turn=3 foePP=39,39 foeAtkDef=6,6 CarlAtk=6 foeLevel=10
support PP=40,38 Carl-defense=6 enemy-attack=6,6
party action uses=4,40 / 0,38
frame=15357 map=34.4 pos=8,5 flags=7
party=2 HP=21/38,24/30 battle=1 battlers=4 outcome=0 PP=4,0 trial=1 donut-ability=0
persistent PP=4,0 status=0,0
growth level/xp/item=11/883/0,10/1193/0 stats maxHP/attack,maxHP/magic=38/26,30/15 foesHP=0,0
pattern trainer=859 turn=3 foePP=39,39 foeAtkDef=6,6 CarlAtk=6 foeLevel=10
support PP=40,38 Carl-defense=6 enemy-attack=6,6
party action uses=4,40 / 0,38
frame=15358 map=34.4 pos=8,5 flags=7
party=2 HP=21/38,24/30 battle=1 battlers=4 outcome=0 PP=4,0 trial=1 donut-ability=0
persistent PP=4,0 status=0,0
growth level/xp/item=11/883/0,10/1193/0 stats maxHP/attack,maxHP/magic=38/26,30/15 foesHP=0,0
pattern trainer=859 turn=3 foePP=39,39 foeAtkDef=6,6 CarlAtk=6 foeLevel=10
support PP=40,38 Carl-defense=6 enemy-attack=6,6
party action uses=4,40 / 0,38
frame=15418 map=34.4 pos=8,5 flags=7
party=2 HP=21/38,24/30 battle=1 battlers=4 outcome=0 PP=4,0 trial=1 donut-ability=0
persistent PP=4,0 status=0,0
growth level/xp/item=11/883/0,10/1193/0 stats maxHP/attack,maxHP/magic=38/26,30/15 foesHP=0,0
pattern trainer=859 turn=3 foePP=39,39 foeAtkDef=6,6 CarlAtk=6 foeLevel=10
support PP=40,38 Carl-defense=6 enemy-attack=6,6
party action uses=4,40 / 0,38
frame=15419 map=34.4 pos=8,5 flags=7
party=2 HP=21/38,24/30 battle=1 battlers=4 outcome=0 PP=4,0 trial=1 donut-ability=0
persistent PP=4,0 status=0,0
growth level/xp/item=11/883/0,10/1193/0 stats maxHP/attack,maxHP/magic=38/26,30/15 foesHP=0,0
pattern trainer=859 turn=3 foePP=39,39 foeAtkDef=6,6 CarlAtk=6 foeLevel=10
support PP=40,38 Carl-defense=6 enemy-attack=6,6
party action uses=4,40 / 0,38
frame=15479 map=34.4 pos=8,5 flags=7
party=2 HP=21/38,24/30 battle=1 battlers=4 outcome=0 PP=4,0 trial=1 donut-ability=0
persistent PP=4,0 status=0,0
growth level/xp/item=11/940/0,10/1193/0 stats maxHP/attack,maxHP/magic=38/26,30/15 foesHP=0,0
pattern trainer=859 turn=3 foePP=39,39 foeAtkDef=6,6 CarlAtk=6 foeLevel=10
support PP=40,38 Carl-defense=6 enemy-attack=6,6
party action uses=4,40 / 0,38
frame=15480 map=34.4 pos=8,5 flags=7
party=2 HP=21/38,24/30 battle=1 battlers=4 outcome=0 PP=4,0 trial=1 donut-ability=0
persistent PP=4,0 status=0,0
growth level/xp/item=11/940/0,10/1193/0 stats maxHP/attack,maxHP/magic=38/26,30/15 foesHP=0,0
pattern trainer=859 turn=3 foePP=39,39 foeAtkDef=6,6 CarlAtk=6 foeLevel=10
support PP=40,38 Carl-defense=6 enemy-attack=6,6
party action uses=4,40 / 0,38
frame=17280 map=34.4 pos=8,5 flags=7
party=2 HP=21/38,24/30 battle=1 battlers=4 outcome=0 PP=4,0 trial=1 donut-ability=0
persistent PP=4,0 status=0,0
growth level/xp/item=11/940/0,10/1193/0 stats maxHP/attack,maxHP/magic=38/26,30/15 foesHP=0,0
pattern trainer=859 turn=3 foePP=39,39 foeAtkDef=6,6 CarlAtk=6 foeLevel=10
support PP=40,38 Carl-defense=6 enemy-attack=6,6
party action uses=4,40 / 0,38
frame=17281 map=34.4 pos=8,5 flags=7
party=2 HP=21/38,24/30 battle=1 battlers=4 outcome=0 PP=4,0 trial=1 donut-ability=0
persistent PP=4,0 status=0,0
growth level/xp/item=11/940/0,10/1193/0 stats maxHP/attack,maxHP/magic=38/26,30/15 foesHP=0,0
pattern trainer=859 turn=3 foePP=39,39 foeAtkDef=6,6 CarlAtk=6 foeLevel=10
support PP=40,38 Carl-defense=6 enemy-attack=6,6
party action uses=4,40 / 0,38
frame=17681 map=34.4 pos=8,5 flags=7
party=2 HP=21/38,24/30 battle=1 battlers=4 outcome=1 PP=4,0 trial=1 donut-ability=0
persistent PP=4,0 status=0,0
growth level/xp/item=11/940/0,10/1250/0 stats maxHP/attack,maxHP/magic=38/26,30/15 foesHP=0,0
pattern trainer=859 turn=3 foePP=39,39 foeAtkDef=6,6 CarlAtk=6 foeLevel=10
support PP=40,38 Carl-defense=6 enemy-attack=6,6
party action uses=4,40 / 0,38
frame=17682 map=34.4 pos=8,5 flags=7
party=2 HP=21/38,24/30 battle=1 battlers=4 outcome=1 PP=4,0 trial=1 donut-ability=0
persistent PP=4,0 status=0,0
growth level/xp/item=11/940/0,10/1250/0 stats maxHP/attack,maxHP/magic=38/26,30/15 foesHP=0,0
pattern trainer=859 turn=3 foePP=39,39 foeAtkDef=6,6 CarlAtk=6 foeLevel=10
support PP=40,38 Carl-defense=6 enemy-attack=6,6
party action uses=4,40 / 0,38
frame=18082 map=34.4 pos=8,5 flags=7
party=2 HP=21/38,24/30 battle=1 battlers=4 outcome=1 PP=4,0 trial=1 donut-ability=0
persistent PP=4,0 status=0,0
growth level/xp/item=11/940/0,10/1250/0 stats maxHP/attack,maxHP/magic=38/26,30/15 foesHP=0,0
pattern trainer=859 turn=3 foePP=39,39 foeAtkDef=6,6 CarlAtk=6 foeLevel=10
support PP=40,38 Carl-defense=6 enemy-attack=6,6
party action uses=4,40 / 0,38
frame=18083 map=34.4 pos=8,5 flags=7
party=2 HP=21/38,24/30 battle=1 battlers=4 outcome=1 PP=4,0 trial=1 donut-ability=0
persistent PP=4,0 status=0,0
growth level/xp/item=11/940/0,10/1250/0 stats maxHP/attack,maxHP/magic=38/26,30/15 foesHP=0,0
pattern trainer=859 turn=3 foePP=39,39 foeAtkDef=6,6 CarlAtk=6 foeLevel=10
support PP=40,38 Carl-defense=6 enemy-attack=6,6
party action uses=4,40 / 0,38
frame=18483 map=34.4 pos=8,5 flags=7
party=2 HP=21/38,24/30 battle=1 battlers=4 outcome=1 PP=4,0 trial=1 donut-ability=0
persistent PP=4,0 status=0,0
growth level/xp/item=11/940/0,10/1250/0 stats maxHP/attack,maxHP/magic=38/26,30/15 foesHP=0,0
pattern trainer=859 turn=3 foePP=39,39 foeAtkDef=6,6 CarlAtk=6 foeLevel=10
support PP=40,38 Carl-defense=6 enemy-attack=6,6
party action uses=4,40 / 0,38
frame=18484 map=34.4 pos=8,5 flags=7
party=2 HP=21/38,24/30 battle=1 battlers=4 outcome=1 PP=4,0 trial=1 donut-ability=0
persistent PP=4,0 status=0,0
growth level/xp/item=11/940/0,10/1250/0 stats maxHP/attack,maxHP/magic=38/26,30/15 foesHP=0,0
pattern trainer=859 turn=3 foePP=39,39 foeAtkDef=6,6 CarlAtk=6 foeLevel=10
support PP=40,38 Carl-defense=6 enemy-attack=6,6
party action uses=4,40 / 0,38
frame=18884 map=34.4 pos=8,5 flags=7
party=2 HP=21/38,24/30 battle=0 battlers=4 outcome=1 PP=4,0 trial=1 donut-ability=0
persistent PP=4,0 status=0,0
growth level/xp/item=11/940/0,10/1250/0 stats maxHP/attack,maxHP/magic=38/26,30/15 foesHP=0,0
pattern trainer=859 turn=3 foePP=39,39 foeAtkDef=6,6 CarlAtk=6 foeLevel=10
support PP=40,38 Carl-defense=6 enemy-attack=6,6
party action uses=4,40 / 0,38
frame=18885 map=34.4 pos=8,5 flags=7
party=2 HP=21/38,24/30 battle=0 battlers=4 outcome=1 PP=4,0 trial=1 donut-ability=0
persistent PP=4,0 status=0,0
growth level/xp/item=11/940/0,10/1250/0 stats maxHP/attack,maxHP/magic=38/26,30/15 foesHP=0,0
pattern trainer=859 turn=3 foePP=39,39 foeAtkDef=6,6 CarlAtk=6 foeLevel=10
support PP=40,38 Carl-defense=6 enemy-attack=6,6
party action uses=4,40 / 0,38
frame=19285 map=34.4 pos=8,5 flags=7
party=2 HP=21/38,24/30 battle=0 battlers=4 outcome=1 PP=4,0 trial=1 donut-ability=0
persistent PP=4,0 status=0,0
growth level/xp/item=11/940/0,10/1250/0 stats maxHP/attack,maxHP/magic=38/26,30/15 foesHP=0,0
pattern trainer=859 turn=3 foePP=39,39 foeAtkDef=6,6 CarlAtk=6 foeLevel=10
support PP=40,38 Carl-defense=6 enemy-attack=6,6
party action uses=4,40 / 0,38
frame=19286 map=34.4 pos=8,5 flags=7
party=2 HP=21/38,24/30 battle=0 battlers=4 outcome=1 PP=4,0 trial=1 donut-ability=0
persistent PP=4,0 status=0,0
growth level/xp/item=11/940/0,10/1250/0 stats maxHP/attack,maxHP/magic=38/26,30/15 foesHP=0,0
pattern trainer=859 turn=3 foePP=39,39 foeAtkDef=6,6 CarlAtk=6 foeLevel=10
support PP=40,38 Carl-defense=6 enemy-attack=6,6
party action uses=4,40 / 0,38
frame=19686 map=34.4 pos=8,5 flags=7
party=2 HP=21/38,24/30 battle=0 battlers=4 outcome=1 PP=4,0 trial=1 donut-ability=0
persistent PP=4,0 status=0,0
growth level/xp/item=11/940/0,10/1250/0 stats maxHP/attack,maxHP/magic=38/26,30/15 foesHP=0,0
pattern trainer=859 turn=3 foePP=39,39 foeAtkDef=6,6 CarlAtk=6 foeLevel=10
support PP=40,38 Carl-defense=6 enemy-attack=6,6
party action uses=4,40 / 0,38
frame=19687 map=34.4 pos=8,5 flags=7
party=2 HP=21/38,24/30 battle=0 battlers=4 outcome=1 PP=4,0 trial=1 donut-ability=0
persistent PP=4,0 status=0,0
growth level/xp/item=11/940/0,10/1250/0 stats maxHP/attack,maxHP/magic=38/26,30/15 foesHP=0,0
pattern trainer=859 turn=3 foePP=39,39 foeAtkDef=6,6 CarlAtk=6 foeLevel=10
support PP=40,38 Carl-defense=6 enemy-attack=6,6
party action uses=4,40 / 0,38
frame=20087 map=34.4 pos=8,5 flags=7
party=2 HP=21/38,24/30 battle=0 battlers=4 outcome=1 PP=4,0 trial=1 donut-ability=0
persistent PP=4,0 status=0,0
growth level/xp/item=11/940/0,10/1250/0 stats maxHP/attack,maxHP/magic=38/26,30/15 foesHP=0,0
pattern trainer=859 turn=3 foePP=39,39 foeAtkDef=6,6 CarlAtk=6 foeLevel=10
support PP=40,38 Carl-defense=6 enemy-attack=6,6
party action uses=4,40 / 0,38
frame=20088 map=34.4 pos=8,5 flags=7
party=2 HP=21/38,24/30 battle=0 battlers=4 outcome=1 PP=4,0 trial=1 donut-ability=0
persistent PP=4,0 status=0,0
growth level/xp/item=11/940/0,10/1250/0 stats maxHP/attack,maxHP/magic=38/26,30/15 foesHP=0,0
pattern trainer=859 turn=3 foePP=39,39 foeAtkDef=6,6 CarlAtk=6 foeLevel=10
support PP=40,38 Carl-defense=6 enemy-attack=6,6
party action uses=4,40 / 0,38
frame=20488 map=34.4 pos=8,5 flags=7
party=2 HP=21/38,24/30 battle=0 battlers=4 outcome=1 PP=4,0 trial=1 donut-ability=0
persistent PP=4,0 status=0,0
growth level/xp/item=11/940/0,10/1250/0 stats maxHP/attack,maxHP/magic=38/26,30/15 foesHP=0,0
pattern trainer=859 turn=3 foePP=39,39 foeAtkDef=6,6 CarlAtk=6 foeLevel=10
support PP=40,38 Carl-defense=6 enemy-attack=6,6
party action uses=4,40 / 0,38
frame=20489 map=34.4 pos=8,5 flags=7
party=2 HP=21/38,24/30 battle=0 battlers=4 outcome=1 PP=4,0 trial=1 donut-ability=0
persistent PP=4,0 status=0,0
growth level/xp/item=11/940/0,10/1250/0 stats maxHP/attack,maxHP/magic=38/26,30/15 foesHP=0,0
pattern trainer=859 turn=3 foePP=39,39 foeAtkDef=6,6 CarlAtk=6 foeLevel=10
support PP=40,38 Carl-defense=6 enemy-attack=6,6
party action uses=4,40 / 0,38
frame=20889 map=34.4 pos=8,5 flags=7
party=2 HP=21/38,24/30 battle=0 battlers=4 outcome=1 PP=4,0 trial=1 donut-ability=0
persistent PP=4,0 status=0,0
growth level/xp/item=11/940/0,10/1250/0 stats maxHP/attack,maxHP/magic=38/26,30/15 foesHP=0,0
pattern trainer=859 turn=3 foePP=39,39 foeAtkDef=6,6 CarlAtk=6 foeLevel=10
support PP=40,38 Carl-defense=6 enemy-attack=6,6
party action uses=4,40 / 0,38
frame=20890 map=34.4 pos=8,5 flags=7
party=2 HP=21/38,24/30 battle=0 battlers=4 outcome=1 PP=4,0 trial=1 donut-ability=0
persistent PP=4,0 status=0,0
growth level/xp/item=11/940/0,10/1250/0 stats maxHP/attack,maxHP/magic=38/26,30/15 foesHP=0,0
pattern trainer=859 turn=3 foePP=39,39 foeAtkDef=6,6 CarlAtk=6 foeLevel=10
support PP=40,38 Carl-defense=6 enemy-attack=6,6
party action uses=4,40 / 0,38
frame=21010 map=34.4 pos=8,5 flags=7
party=2 HP=21/38,24/30 battle=0 battlers=4 outcome=1 PP=4,0 trial=1 donut-ability=0
persistent PP=4,0 status=0,0
growth level/xp/item=11/940/0,10/1250/0 stats maxHP/attack,maxHP/magic=38/26,30/15 foesHP=0,0
pattern trainer=859 turn=3 foePP=39,39 foeAtkDef=6,6 CarlAtk=6 foeLevel=10
support PP=40,38 Carl-defense=6 enemy-attack=6,6
party action uses=4,40 / 0,38
frame=21010 map=34.4 pos=8,5 flags=7
party=2 HP=21/38,24/30 battle=0 battlers=4 outcome=1 PP=4,0 trial=1 donut-ability=0
persistent PP=4,0 status=0,0
growth level/xp/item=11/940/0,10/1250/0 stats maxHP/attack,maxHP/magic=38/26,30/15 foesHP=0,0
pattern trainer=859 turn=3 foePP=39,39 foeAtkDef=6,6 CarlAtk=6 foeLevel=10
support PP=40,38 Carl-defense=6 enemy-attack=6,6
party action uses=4,40 / 0,38
PASS battle 0 4 1 4 0 1 0
frame=21010 map=34.4 pos=8,5 flags=7
party=2 HP=21/38,24/30 battle=0 battlers=4 outcome=1 PP=4,0 trial=1 donut-ability=0
persistent PP=4,0 status=0,0
growth level/xp/item=11/940/0,10/1250/0 stats maxHP/attack,maxHP/magic=38/26,30/15 foesHP=0,0
PASS flag 46 1
pattern trainer=859 turn=3 foePP=39,39 foeAtkDef=6,6 CarlAtk=6 foeLevel=10
support PP=40,38 Carl-defense=6 enemy-attack=6,6
party action uses=4,40 / 0,38
frame=21010 map=34.4 pos=8,5 flags=7
party=2 HP=21/38,24/30 battle=0 battlers=4 outcome=1 PP=4,0 trial=1 donut-ability=0
persistent PP=4,0 status=0,0
growth level/xp/item=11/940/0,10/1250/0 stats maxHP/attack,maxHP/magic=38/26,30/15 foesHP=0,0
PASS flag 47 1
pattern trainer=859 turn=3 foePP=39,39 foeAtkDef=6,6 CarlAtk=6 foeLevel=10
support PP=40,38 Carl-defense=6 enemy-attack=6,6
party action uses=4,40 / 0,38
frame=21010 map=34.4 pos=8,5 flags=7
party=2 HP=21/38,24/30 battle=0 battlers=4 outcome=1 PP=4,0 trial=1 donut-ability=0
persistent PP=4,0 status=0,0
growth level/xp/item=11/940/0,10/1250/0 stats maxHP/attack,maxHP/magic=38/26,30/15 foesHP=0,0
PASS flag 48 0
pattern trainer=859 turn=3 foePP=39,39 foeAtkDef=6,6 CarlAtk=6 foeLevel=10
support PP=40,38 Carl-defense=6 enemy-attack=6,6
party action uses=4,40 / 0,38
frame=21010 map=34.4 pos=8,5 flags=7
party=2 HP=21/38,24/30 battle=0 battlers=4 outcome=1 PP=4,0 trial=1 donut-ability=0
persistent PP=4,0 status=0,0
growth level/xp/item=11/940/0,10/1250/0 stats maxHP/attack,maxHP/magic=38/26,30/15 foesHP=0,0
PASS flag 2138 0
pattern trainer=859 turn=3 foePP=39,39 foeAtkDef=6,6 CarlAtk=6 foeLevel=10
support PP=40,38 Carl-defense=6 enemy-attack=6,6
party action uses=4,40 / 0,38
frame=21010 map=34.4 pos=8,5 flags=7
party=2 HP=21/38,24/30 battle=0 battlers=4 outcome=1 PP=4,0 trial=1 donut-ability=0
persistent PP=4,0 status=0,0
growth level/xp/item=11/940/0,10/1250/0 stats maxHP/attack,maxHP/magic=38/26,30/15 foesHP=0,0
PASS flag 2139 1
pattern trainer=859 turn=3 foePP=39,39 foeAtkDef=6,6 CarlAtk=6 foeLevel=10
support PP=40,38 Carl-defense=6 enemy-attack=6,6
party action uses=4,40 / 0,38
frame=21010 map=34.4 pos=8,5 flags=7
party=2 HP=21/38,24/30 battle=0 battlers=4 outcome=1 PP=4,0 trial=1 donut-ability=0
persistent PP=4,0 status=0,0
growth level/xp/item=11/940/0,10/1250/0 stats maxHP/attack,maxHP/magic=38/26,30/15 foesHP=0,0
PASS growth 11 940 0 10 1250 0
pattern trainer=859 turn=3 foePP=39,39 foeAtkDef=6,6 CarlAtk=6 foeLevel=10
support PP=40,38 Carl-defense=6 enemy-attack=6,6
party action uses=4,40 / 0,38
frame=21010 map=34.4 pos=8,5 flags=7
party=2 HP=21/38,24/30 battle=0 battlers=4 outcome=1 PP=4,0 trial=1 donut-ability=0
persistent PP=4,0 status=0,0
PASS roster 21 24 4 0 0 0
growth level/xp/item=11/940/0,10/1250/0 stats maxHP/attack,maxHP/magic=38/26,30/15 foesHP=0,0
pattern trainer=859 turn=3 foePP=39,39 foeAtkDef=6,6 CarlAtk=6 foeLevel=10
support PP=40,38 Carl-defense=6 enemy-attack=6,6
party action uses=4,40 / 0,38
frame=21010 map=34.4 pos=8,5 flags=7
party=2 HP=21/38,24/30 battle=0 battlers=4 outcome=1 PP=4,0 trial=1 donut-ability=0
persistent PP=4,0 status=0,0
growth level/xp/item=11/940/0,10/1250/0 stats maxHP/attack,maxHP/magic=38/26,30/15 foesHP=0,0
pattern trainer=859 turn=3 foePP=39,39 foeAtkDef=6,6 CarlAtk=6 foeLevel=10
support PP=40,38 Carl-defense=6 enemy-attack=6,6
party action uses=4,40 / 0,38
PASS uses 4 40 0 38
frame=21010 map=34.4 pos=8,5 flags=7
party=2 HP=21/38,24/30 battle=0 battlers=4 outcome=1 PP=4,0 trial=1 donut-ability=0
persistent PP=4,0 status=0,0
growth level/xp/item=11/940/0,10/1250/0 stats maxHP/attack,maxHP/magic=38/26,30/15 foesHP=0,0
PASS item 13 1
pattern trainer=859 turn=3 foePP=39,39 foeAtkDef=6,6 CarlAtk=6 foeLevel=10
support PP=40,38 Carl-defense=6 enemy-attack=6,6
party action uses=4,40 / 0,38
frame=21010 map=34.4 pos=8,5 flags=7
party=2 HP=21/38,24/30 battle=0 battlers=4 outcome=1 PP=4,0 trial=1 donut-ability=0
persistent PP=4,0 status=0,0
growth level/xp/item=11/940/0,10/1250/0 stats maxHP/attack,maxHP/magic=38/26,30/15 foesHP=0,0
PASS item 22 1
pattern trainer=859 turn=3 foePP=39,39 foeAtkDef=6,6 CarlAtk=6 foeLevel=10
support PP=40,38 Carl-defense=6 enemy-attack=6,6
party action uses=4,40 / 0,38
frame=21010 map=34.4 pos=8,5 flags=7
party=2 HP=21/38,24/30 battle=0 battlers=4 outcome=1 PP=4,0 trial=1 donut-ability=0
persistent PP=4,0 status=0,0
growth level/xp/item=11/940/0,10/1250/0 stats maxHP/attack,maxHP/magic=38/26,30/15 foesHP=0,0
PASS item 378 0
pattern trainer=859 turn=3 foePP=39,39 foeAtkDef=6,6 CarlAtk=6 foeLevel=10
support PP=40,38 Carl-defense=6 enemy-attack=6,6
party action uses=4,40 / 0,38
frame=21010 map=34.4 pos=8,5 flags=7
party=2 HP=21/38,24/30 battle=0 battlers=4 outcome=1 PP=4,0 trial=1 donut-ability=0
persistent PP=4,0 status=0,0
growth level/xp/item=11/940/0,10/1250/0 stats maxHP/attack,maxHP/magic=38/26,30/15 foesHP=0,0
PASS item 380 0
pattern trainer=859 turn=3 foePP=39,39 foeAtkDef=6,6 CarlAtk=6 foeLevel=10
support PP=40,38 Carl-defense=6 enemy-attack=6,6
party action uses=4,40 / 0,38
frame=21011 map=34.4 pos=8,5 flags=7
party=2 HP=21/38,24/30 battle=0 battlers=4 outcome=1 PP=4,0 trial=1 donut-ability=0
persistent PP=4,0 status=0,0
growth level/xp/item=11/940/0,10/1250/0 stats maxHP/attack,maxHP/magic=38/26,30/15 foesHP=0,0
pattern trainer=859 turn=3 foePP=39,39 foeAtkDef=6,6 CarlAtk=6 foeLevel=10
support PP=40,38 Carl-defense=6 enemy-attack=6,6
party action uses=4,40 / 0,38
frame=21411 map=34.4 pos=8,5 flags=7
party=2 HP=21/38,24/30 battle=0 battlers=4 outcome=1 PP=4,0 trial=1 donut-ability=0
persistent PP=4,0 status=0,0
growth level/xp/item=11/940/0,10/1250/0 stats maxHP/attack,maxHP/magic=38/26,30/15 foesHP=0,0
pattern trainer=859 turn=3 foePP=39,39 foeAtkDef=6,6 CarlAtk=6 foeLevel=10
support PP=40,38 Carl-defense=6 enemy-attack=6,6
party action uses=4,40 / 0,38
frame=21411 map=34.4 pos=8,5 flags=7
party=2 HP=21/38,24/30 battle=0 battlers=4 outcome=1 PP=4,0 trial=1 donut-ability=0
persistent PP=4,0 status=0,0
growth level/xp/item=11/940/0,10/1250/0 stats maxHP/attack,maxHP/magic=38/26,30/15 foesHP=0,0
PASS growth 11 940 0 10 1250 0
pattern trainer=859 turn=3 foePP=39,39 foeAtkDef=6,6 CarlAtk=6 foeLevel=10
support PP=40,38 Carl-defense=6 enemy-attack=6,6
party action uses=4,40 / 0,38
frame=21412 map=34.4 pos=8,5 flags=7
party=2 HP=21/38,24/30 battle=0 battlers=4 outcome=1 PP=4,0 trial=1 donut-ability=0
persistent PP=4,0 status=0,0
growth level/xp/item=11/940/0,10/1250/0 stats maxHP/attack,maxHP/magic=38/26,30/15 foesHP=0,0
pattern trainer=859 turn=3 foePP=39,39 foeAtkDef=6,6 CarlAtk=6 foeLevel=10
support PP=40,38 Carl-defense=6 enemy-attack=6,6
party action uses=4,40 / 0,38
frame=21532 map=34.4 pos=8,5 flags=7
party=2 HP=21/38,24/30 battle=0 battlers=4 outcome=1 PP=4,0 trial=1 donut-ability=0
persistent PP=4,0 status=0,0
growth level/xp/item=11/940/0,10/1250/0 stats maxHP/attack,maxHP/magic=38/26,30/15 foesHP=0,0
pattern trainer=859 turn=3 foePP=39,39 foeAtkDef=6,6 CarlAtk=6 foeLevel=10
support PP=40,38 Carl-defense=6 enemy-attack=6,6
party action uses=4,40 / 0,38
frame=21533 map=34.4 pos=8,5 flags=7
party=2 HP=21/38,24/30 battle=0 battlers=4 outcome=1 PP=4,0 trial=1 donut-ability=0
persistent PP=4,0 status=0,0
growth level/xp/item=11/940/0,10/1250/0 stats maxHP/attack,maxHP/magic=38/26,30/15 foesHP=0,0
pattern trainer=859 turn=3 foePP=39,39 foeAtkDef=6,6 CarlAtk=6 foeLevel=10
support PP=40,38 Carl-defense=6 enemy-attack=6,6
party action uses=4,40 / 0,38
frame=21653 map=34.4 pos=8,5 flags=7
party=2 HP=21/38,24/30 battle=0 battlers=4 outcome=1 PP=4,0 trial=1 donut-ability=0
persistent PP=4,0 status=0,0
growth level/xp/item=11/940/0,10/1250/0 stats maxHP/attack,maxHP/magic=38/26,30/15 foesHP=0,0
pattern trainer=859 turn=3 foePP=39,39 foeAtkDef=6,6 CarlAtk=6 foeLevel=10
support PP=40,38 Carl-defense=6 enemy-attack=6,6
party action uses=4,40 / 0,38
frame=21654 map=34.4 pos=8,5 flags=7
party=2 HP=21/38,24/30 battle=0 battlers=4 outcome=1 PP=4,0 trial=1 donut-ability=0
persistent PP=4,0 status=0,0
growth level/xp/item=11/940/0,10/1250/0 stats maxHP/attack,maxHP/magic=38/26,30/15 foesHP=0,0
pattern trainer=859 turn=3 foePP=39,39 foeAtkDef=6,6 CarlAtk=6 foeLevel=10
support PP=40,38 Carl-defense=6 enemy-attack=6,6
party action uses=4,40 / 0,38
frame=21674 map=34.4 pos=8,5 flags=7
party=2 HP=21/38,24/30 battle=0 battlers=4 outcome=1 PP=4,0 trial=1 donut-ability=0
persistent PP=4,0 status=0,0
growth level/xp/item=11/940/0,10/1250/0 stats maxHP/attack,maxHP/magic=38/26,30/15 foesHP=0,0
pattern trainer=859 turn=3 foePP=39,39 foeAtkDef=6,6 CarlAtk=6 foeLevel=10
support PP=40,38 Carl-defense=6 enemy-attack=6,6
party action uses=4,40 / 0,38
frame=21675 map=34.4 pos=8,5 flags=7
party=2 HP=21/38,24/30 battle=0 battlers=4 outcome=1 PP=4,0 trial=1 donut-ability=0
persistent PP=4,0 status=0,0
growth level/xp/item=11/940/0,10/1250/0 stats maxHP/attack,maxHP/magic=38/26,30/15 foesHP=0,0
pattern trainer=859 turn=3 foePP=39,39 foeAtkDef=6,6 CarlAtk=6 foeLevel=10
support PP=40,38 Carl-defense=6 enemy-attack=6,6
party action uses=4,40 / 0,38
frame=21695 map=34.4 pos=8,5 flags=7
party=2 HP=21/38,24/30 battle=0 battlers=4 outcome=1 PP=4,0 trial=1 donut-ability=0
persistent PP=4,0 status=0,0
growth level/xp/item=11/940/0,10/1250/0 stats maxHP/attack,maxHP/magic=38/26,30/15 foesHP=0,0
pattern trainer=859 turn=3 foePP=39,39 foeAtkDef=6,6 CarlAtk=6 foeLevel=10
support PP=40,38 Carl-defense=6 enemy-attack=6,6
party action uses=4,40 / 0,38
frame=21696 map=34.4 pos=8,5 flags=7
party=2 HP=21/38,24/30 battle=0 battlers=4 outcome=1 PP=4,0 trial=1 donut-ability=0
persistent PP=4,0 status=0,0
growth level/xp/item=11/940/0,10/1250/0 stats maxHP/attack,maxHP/magic=38/26,30/15 foesHP=0,0
pattern trainer=859 turn=3 foePP=39,39 foeAtkDef=6,6 CarlAtk=6 foeLevel=10
support PP=40,38 Carl-defense=6 enemy-attack=6,6
party action uses=4,40 / 0,38
frame=21856 map=34.4 pos=8,5 flags=7
party=2 HP=21/38,24/30 battle=0 battlers=4 outcome=1 PP=4,0 trial=1 donut-ability=0
persistent PP=4,0 status=0,0
growth level/xp/item=11/940/0,10/1250/0 stats maxHP/attack,maxHP/magic=38/26,30/15 foesHP=0,0
pattern trainer=859 turn=3 foePP=39,39 foeAtkDef=6,6 CarlAtk=6 foeLevel=10
support PP=40,38 Carl-defense=6 enemy-attack=6,6
party action uses=4,40 / 0,38
frame=21857 map=34.4 pos=8,5 flags=7
party=2 HP=21/38,24/30 battle=0 battlers=4 outcome=1 PP=4,0 trial=1 donut-ability=0
persistent PP=4,0 status=0,0
growth level/xp/item=11/940/0,10/1250/0 stats maxHP/attack,maxHP/magic=38/26,30/15 foesHP=0,0
pattern trainer=859 turn=3 foePP=39,39 foeAtkDef=6,6 CarlAtk=6 foeLevel=10
support PP=40,38 Carl-defense=6 enemy-attack=6,6
party action uses=4,40 / 0,38
frame=22037 map=34.4 pos=8,5 flags=7
party=2 HP=21/38,24/30 battle=0 battlers=4 outcome=1 PP=4,0 trial=1 donut-ability=0
persistent PP=4,0 status=0,0
growth level/xp/item=11/940/0,10/1250/0 stats maxHP/attack,maxHP/magic=38/26,30/15 foesHP=0,0
pattern trainer=859 turn=3 foePP=39,39 foeAtkDef=6,6 CarlAtk=6 foeLevel=10
support PP=40,38 Carl-defense=6 enemy-attack=6,6
party action uses=4,40 / 0,38
frame=22038 map=34.4 pos=8,5 flags=7
party=2 HP=21/38,24/30 battle=0 battlers=4 outcome=1 PP=4,0 trial=1 donut-ability=0
persistent PP=4,0 status=0,0
growth level/xp/item=11/940/0,10/1250/0 stats maxHP/attack,maxHP/magic=38/26,30/15 foesHP=0,0
pattern trainer=859 turn=3 foePP=39,39 foeAtkDef=6,6 CarlAtk=6 foeLevel=10
support PP=40,38 Carl-defense=6 enemy-attack=6,6
party action uses=4,40 / 0,38
frame=22638 map=34.4 pos=8,5 flags=7
party=2 HP=21/38,24/30 battle=0 battlers=4 outcome=1 PP=4,0 trial=1 donut-ability=0
persistent PP=4,0 status=0,0
growth level/xp/item=11/940/0,10/1250/0 stats maxHP/attack,maxHP/magic=38/26,30/15 foesHP=0,0
pattern trainer=859 turn=3 foePP=39,39 foeAtkDef=6,6 CarlAtk=6 foeLevel=10
support PP=40,38 Carl-defense=6 enemy-attack=6,6
party action uses=4,40 / 0,38
frame=22639 map=34.4 pos=8,5 flags=7
party=2 HP=21/38,24/30 battle=0 battlers=4 outcome=1 PP=4,0 trial=1 donut-ability=0
persistent PP=4,0 status=0,0
growth level/xp/item=11/940/0,10/1250/0 stats maxHP/attack,maxHP/magic=38/26,30/15 foesHP=0,0
pattern trainer=859 turn=3 foePP=39,39 foeAtkDef=6,6 CarlAtk=6 foeLevel=10
support PP=40,38 Carl-defense=6 enemy-attack=6,6
party action uses=4,40 / 0,38
frame=23239 map=34.4 pos=8,5 flags=7
party=2 HP=21/38,24/30 battle=0 battlers=4 outcome=1 PP=4,0 trial=1 donut-ability=0
persistent PP=4,0 status=0,0
growth level/xp/item=11/940/0,10/1250/0 stats maxHP/attack,maxHP/magic=38/26,30/15 foesHP=0,0
pattern trainer=859 turn=3 foePP=39,39 foeAtkDef=6,6 CarlAtk=6 foeLevel=10
support PP=40,38 Carl-defense=6 enemy-attack=6,6
party action uses=4,40 / 0,38
frame=23239 map=34.4 pos=8,5 flags=7
party=2 HP=21/38,24/30 battle=0 battlers=4 outcome=1 PP=4,0 trial=1 donut-ability=0
persistent PP=4,0 status=0,0
growth level/xp/item=11/940/0,10/1250/0 stats maxHP/attack,maxHP/magic=38/26,30/15 foesHP=0,0
pattern trainer=859 turn=3 foePP=39,39 foeAtkDef=6,6 CarlAtk=6 foeLevel=10
support PP=40,38 Carl-defense=6 enemy-attack=6,6
party action uses=4,40 / 0,38
PASS expect 34 4 8 5 7
result=0 assertions=24
