mGBA 0.10.5; 240x160; save=../playtest.sav; read-only RAM diagnostics
frame=720 map=34.3 pos=10,5 flags=7
party=2 HP=36/36,28/28 battle=0 battlers=0 outcome=0 PP=0,0 trial=1 donut-ability=0
persistent PP=8,2 status=0,0
growth level/xp/item=10/627/0,9/937/0 stats maxHP/attack,maxHP/magic=36/25,28/14 foesHP=0,0
pattern trainer=0 turn=0 foePP=0,0 foeAtkDef=0,0 CarlAtk=0 foeLevel=0
support PP=0,0 Carl-defense=0 enemy-attack=0,0
party action uses=8,40 / 2,40
frame=721 map=34.3 pos=10,5 flags=7
party=2 HP=36/36,28/28 battle=0 battlers=0 outcome=0 PP=0,0 trial=1 donut-ability=0
persistent PP=8,2 status=0,0
growth level/xp/item=10/627/0,9/937/0 stats maxHP/attack,maxHP/magic=36/25,28/14 foesHP=0,0
pattern trainer=0 turn=0 foePP=0,0 foeAtkDef=0,0 CarlAtk=0 foeLevel=0
support PP=0,0 Carl-defense=0 enemy-attack=0,0
party action uses=8,40 / 2,40
frame=1081 map=34.3 pos=10,5 flags=7
party=2 HP=36/36,28/28 battle=0 battlers=0 outcome=0 PP=0,0 trial=1 donut-ability=0
persistent PP=8,2 status=0,0
growth level/xp/item=10/627/0,9/937/0 stats maxHP/attack,maxHP/magic=36/25,28/14 foesHP=0,0
pattern trainer=0 turn=0 foePP=0,0 foeAtkDef=0,0 CarlAtk=0 foeLevel=0
support PP=0,0 Carl-defense=0 enemy-attack=0,0
party action uses=8,40 / 2,40
frame=1082 map=34.3 pos=10,5 flags=7
party=2 HP=36/36,28/28 battle=0 battlers=0 outcome=0 PP=0,0 trial=1 donut-ability=0
persistent PP=8,2 status=0,0
growth level/xp/item=10/627/0,9/937/0 stats maxHP/attack,maxHP/magic=36/25,28/14 foesHP=0,0
pattern trainer=0 turn=0 foePP=0,0 foeAtkDef=0,0 CarlAtk=0 foeLevel=0
support PP=0,0 Carl-defense=0 enemy-attack=0,0
party action uses=8,40 / 2,40
frame=1262 map=34.3 pos=10,5 flags=7
party=2 HP=36/36,28/28 battle=0 battlers=0 outcome=0 PP=0,0 trial=1 donut-ability=0
persistent PP=8,2 status=0,0
growth level/xp/item=10/627/0,9/937/0 stats maxHP/attack,maxHP/magic=36/25,28/14 foesHP=0,0
pattern trainer=0 turn=0 foePP=0,0 foeAtkDef=0,0 CarlAtk=0 foeLevel=0
support PP=0,0 Carl-defense=0 enemy-attack=0,0
party action uses=8,40 / 2,40
frame=1263 map=34.3 pos=10,5 flags=7
party=2 HP=36/36,28/28 battle=0 battlers=0 outcome=0 PP=0,0 trial=1 donut-ability=0
persistent PP=8,2 status=0,0
growth level/xp/item=10/627/0,9/937/0 stats maxHP/attack,maxHP/magic=36/25,28/14 foesHP=0,0
pattern trainer=0 turn=0 foePP=0,0 foeAtkDef=0,0 CarlAtk=0 foeLevel=0
support PP=0,0 Carl-defense=0 enemy-attack=0,0
party action uses=8,40 / 2,40
frame=1443 map=34.3 pos=10,5 flags=7
party=2 HP=36/36,28/28 battle=0 battlers=0 outcome=0 PP=0,0 trial=1 donut-ability=0
persistent PP=8,2 status=0,0
growth level/xp/item=10/627/0,9/937/0 stats maxHP/attack,maxHP/magic=36/25,28/14 foesHP=0,0
pattern trainer=0 turn=0 foePP=0,0 foeAtkDef=0,0 CarlAtk=0 foeLevel=0
support PP=0,0 Carl-defense=0 enemy-attack=0,0
party action uses=8,40 / 2,40
frame=1444 map=34.3 pos=10,5 flags=7
party=2 HP=36/36,28/28 battle=0 battlers=0 outcome=0 PP=0,0 trial=1 donut-ability=0
persistent PP=8,2 status=0,0
growth level/xp/item=10/627/0,9/937/0 stats maxHP/attack,maxHP/magic=36/25,28/14 foesHP=0,0
pattern trainer=0 turn=0 foePP=0,0 foeAtkDef=0,0 CarlAtk=0 foeLevel=0
support PP=0,0 Carl-defense=0 enemy-attack=0,0
party action uses=8,40 / 2,40
frame=2044 map=34.3 pos=10,5 flags=7
party=2 HP=36/36,28/28 battle=0 battlers=0 outcome=0 PP=0,0 trial=1 donut-ability=0
persistent PP=8,2 status=0,0
growth level/xp/item=10/627/0,9/937/0 stats maxHP/attack,maxHP/magic=36/25,28/14 foesHP=0,0
pattern trainer=0 turn=0 foePP=0,0 foeAtkDef=0,0 CarlAtk=0 foeLevel=0
support PP=0,0 Carl-defense=0 enemy-attack=0,0
party action uses=8,40 / 2,40
frame=2044 map=34.3 pos=10,5 flags=7
party=2 HP=36/36,28/28 battle=0 battlers=0 outcome=0 PP=0,0 trial=1 donut-ability=0
persistent PP=8,2 status=0,0
growth level/xp/item=10/627/0,9/937/0 stats maxHP/attack,maxHP/magic=36/25,28/14 foesHP=0,0
pattern trainer=0 turn=0 foePP=0,0 foeAtkDef=0,0 CarlAtk=0 foeLevel=0
support PP=0,0 Carl-defense=0 enemy-attack=0,0
party action uses=8,40 / 2,40
PASS expect 34 3 10 5 7
frame=2044 map=34.3 pos=10,5 flags=7
party=2 HP=36/36,28/28 battle=0 battlers=0 outcome=0 PP=0,0 trial=1 donut-ability=0
persistent PP=8,2 status=0,0
growth level/xp/item=10/627/0,9/937/0 stats maxHP/attack,maxHP/magic=36/25,28/14 foesHP=0,0
pattern trainer=0 turn=0 foePP=0,0 foeAtkDef=0,0 CarlAtk=0 foeLevel=0
support PP=0,0 Carl-defense=0 enemy-attack=0,0
party action uses=8,40 / 2,40
PASS duo healthy
frame=2045 map=34.3 pos=10,5 flags=7
party=2 HP=36/36,28/28 battle=0 battlers=0 outcome=0 PP=0,0 trial=1 donut-ability=0
persistent PP=8,2 status=0,0
growth level/xp/item=10/627/0,9/937/0 stats maxHP/attack,maxHP/magic=36/25,28/14 foesHP=0,0
pattern trainer=857 turn=0 foePP=0,0 foeAtkDef=0,0 CarlAtk=0 foeLevel=0
support PP=0,0 Carl-defense=0 enemy-attack=0,0
party action uses=8,40 / 2,40
frame=2445 map=34.3 pos=10,5 flags=7
party=2 HP=36/36,28/28 battle=0 battlers=0 outcome=0 PP=0,0 trial=1 donut-ability=0
persistent PP=8,2 status=0,0
growth level/xp/item=10/627/0,9/937/0 stats maxHP/attack,maxHP/magic=36/25,28/14 foesHP=0,0
pattern trainer=857 turn=0 foePP=0,0 foeAtkDef=0,0 CarlAtk=0 foeLevel=0
support PP=0,0 Carl-defense=0 enemy-attack=0,0
party action uses=8,40 / 2,40
frame=2446 map=34.3 pos=10,5 flags=7
party=2 HP=36/36,28/28 battle=0 battlers=0 outcome=0 PP=0,0 trial=1 donut-ability=0
persistent PP=8,2 status=0,0
growth level/xp/item=10/627/0,9/937/0 stats maxHP/attack,maxHP/magic=36/25,28/14 foesHP=0,0
pattern trainer=857 turn=0 foePP=0,0 foeAtkDef=0,0 CarlAtk=0 foeLevel=0
support PP=0,0 Carl-defense=0 enemy-attack=0,0
party action uses=8,40 / 2,40
frame=2846 map=34.3 pos=10,5 flags=7
party=2 HP=36/36,28/28 battle=0 battlers=0 outcome=0 PP=0,0 trial=1 donut-ability=0
persistent PP=8,2 status=0,0
growth level/xp/item=10/627/0,9/937/0 stats maxHP/attack,maxHP/magic=36/25,28/14 foesHP=0,0
pattern trainer=857 turn=0 foePP=0,0 foeAtkDef=0,0 CarlAtk=0 foeLevel=0
support PP=0,0 Carl-defense=0 enemy-attack=0,0
party action uses=8,40 / 2,40
frame=2847 map=34.3 pos=10,5 flags=7
party=2 HP=36/36,28/28 battle=0 battlers=0 outcome=0 PP=0,0 trial=1 donut-ability=0
persistent PP=8,2 status=0,0
growth level/xp/item=10/627/0,9/937/0 stats maxHP/attack,maxHP/magic=36/25,28/14 foesHP=0,0
pattern trainer=857 turn=0 foePP=0,0 foeAtkDef=0,0 CarlAtk=0 foeLevel=0
support PP=0,0 Carl-defense=0 enemy-attack=0,0
party action uses=8,40 / 2,40
frame=3747 map=34.3 pos=10,5 flags=7
party=2 HP=36/36,28/28 battle=1 battlers=4 outcome=0 PP=8,2 trial=1 donut-ability=0
persistent PP=8,2 status=0,0
growth level/xp/item=10/627/0,9/937/0 stats maxHP/attack,maxHP/magic=36/25,28/14 foesHP=30,25
pattern trainer=857 turn=0 foePP=35,40 foeAtkDef=6,6 CarlAtk=6 foeLevel=9
support PP=40,40 Carl-defense=6 enemy-attack=6,6
party action uses=8,40 / 2,40
frame=3748 map=34.3 pos=10,5 flags=7
party=2 HP=36/36,28/28 battle=1 battlers=4 outcome=0 PP=8,2 trial=1 donut-ability=0
persistent PP=8,2 status=0,0
growth level/xp/item=10/627/0,9/937/0 stats maxHP/attack,maxHP/magic=36/25,28/14 foesHP=30,25
pattern trainer=857 turn=0 foePP=35,40 foeAtkDef=6,6 CarlAtk=6 foeLevel=9
support PP=40,40 Carl-defense=6 enemy-attack=6,6
party action uses=8,40 / 2,40
frame=4348 map=34.3 pos=10,5 flags=7
party=2 HP=36/36,28/28 battle=1 battlers=4 outcome=0 PP=8,2 trial=1 donut-ability=0
persistent PP=8,2 status=0,0
growth level/xp/item=10/627/0,9/937/0 stats maxHP/attack,maxHP/magic=36/25,28/14 foesHP=30,25
pattern trainer=857 turn=0 foePP=35,40 foeAtkDef=6,6 CarlAtk=6 foeLevel=9
support PP=40,40 Carl-defense=6 enemy-attack=6,6
party action uses=8,40 / 2,40
frame=4349 map=34.3 pos=10,5 flags=7
party=2 HP=36/36,28/28 battle=1 battlers=4 outcome=0 PP=8,2 trial=1 donut-ability=0
persistent PP=8,2 status=0,0
growth level/xp/item=10/627/0,9/937/0 stats maxHP/attack,maxHP/magic=36/25,28/14 foesHP=30,25
pattern trainer=857 turn=0 foePP=35,40 foeAtkDef=6,6 CarlAtk=6 foeLevel=9
support PP=40,40 Carl-defense=6 enemy-attack=6,6
party action uses=8,40 / 2,40
frame=4949 map=34.3 pos=10,5 flags=7
party=2 HP=36/36,28/28 battle=1 battlers=4 outcome=0 PP=8,2 trial=1 donut-ability=0
persistent PP=8,2 status=0,0
growth level/xp/item=10/627/0,9/937/0 stats maxHP/attack,maxHP/magic=36/25,28/14 foesHP=30,25
pattern trainer=857 turn=0 foePP=35,40 foeAtkDef=6,6 CarlAtk=6 foeLevel=9
support PP=40,40 Carl-defense=6 enemy-attack=6,6
party action uses=8,40 / 2,40
frame=4949 map=34.3 pos=10,5 flags=7
party=2 HP=36/36,28/28 battle=1 battlers=4 outcome=0 PP=8,2 trial=1 donut-ability=0
persistent PP=8,2 status=0,0
growth level/xp/item=10/627/0,9/937/0 stats maxHP/attack,maxHP/magic=36/25,28/14 foesHP=30,25
pattern trainer=857 turn=0 foePP=35,40 foeAtkDef=6,6 CarlAtk=6 foeLevel=9
PASS pattern 857 0 35 40 6 6 6 9
support PP=40,40 Carl-defense=6 enemy-attack=6,6
party action uses=8,40 / 2,40
frame=4950 map=34.3 pos=10,5 flags=7
party=2 HP=36/36,28/28 battle=1 battlers=4 outcome=0 PP=8,2 trial=1 donut-ability=0
persistent PP=8,2 status=0,0
growth level/xp/item=10/627/0,9/937/0 stats maxHP/attack,maxHP/magic=36/25,28/14 foesHP=30,25
pattern trainer=857 turn=0 foePP=35,40 foeAtkDef=6,6 CarlAtk=6 foeLevel=9
support PP=40,40 Carl-defense=6 enemy-attack=6,6
party action uses=8,40 / 2,40
frame=5070 map=34.3 pos=10,5 flags=7
party=2 HP=36/36,28/28 battle=1 battlers=4 outcome=0 PP=8,2 trial=1 donut-ability=0
persistent PP=8,2 status=0,0
growth level/xp/item=10/627/0,9/937/0 stats maxHP/attack,maxHP/magic=36/25,28/14 foesHP=30,25
pattern trainer=857 turn=0 foePP=35,40 foeAtkDef=6,6 CarlAtk=6 foeLevel=9
support PP=40,40 Carl-defense=6 enemy-attack=6,6
party action uses=8,40 / 2,40
frame=5071 map=34.3 pos=10,5 flags=7
party=2 HP=36/36,28/28 battle=1 battlers=4 outcome=0 PP=8,2 trial=1 donut-ability=0
persistent PP=8,2 status=0,0
growth level/xp/item=10/627/0,9/937/0 stats maxHP/attack,maxHP/magic=36/25,28/14 foesHP=30,25
pattern trainer=857 turn=0 foePP=35,40 foeAtkDef=6,6 CarlAtk=6 foeLevel=9
support PP=40,40 Carl-defense=6 enemy-attack=6,6
party action uses=8,40 / 2,40
frame=5131 map=34.3 pos=10,5 flags=7
party=2 HP=36/36,28/28 battle=1 battlers=4 outcome=0 PP=8,2 trial=1 donut-ability=0
persistent PP=8,2 status=0,0
growth level/xp/item=10/627/0,9/937/0 stats maxHP/attack,maxHP/magic=36/25,28/14 foesHP=30,25
pattern trainer=857 turn=0 foePP=35,40 foeAtkDef=6,6 CarlAtk=6 foeLevel=9
support PP=40,40 Carl-defense=6 enemy-attack=6,6
party action uses=8,40 / 2,40
frame=5132 map=34.3 pos=10,5 flags=7
party=2 HP=36/36,28/28 battle=1 battlers=4 outcome=0 PP=8,2 trial=1 donut-ability=0
persistent PP=8,2 status=0,0
growth level/xp/item=10/627/0,9/937/0 stats maxHP/attack,maxHP/magic=36/25,28/14 foesHP=30,25
pattern trainer=857 turn=0 foePP=35,40 foeAtkDef=6,6 CarlAtk=6 foeLevel=9
support PP=40,40 Carl-defense=6 enemy-attack=6,6
party action uses=8,40 / 2,40
frame=5252 map=34.3 pos=10,5 flags=7
party=2 HP=36/36,28/28 battle=1 battlers=4 outcome=0 PP=8,2 trial=1 donut-ability=0
persistent PP=8,2 status=0,0
growth level/xp/item=10/627/0,9/937/0 stats maxHP/attack,maxHP/magic=36/25,28/14 foesHP=30,25
pattern trainer=857 turn=0 foePP=35,40 foeAtkDef=6,6 CarlAtk=6 foeLevel=9
support PP=40,40 Carl-defense=6 enemy-attack=6,6
party action uses=8,40 / 2,40
frame=5253 map=34.3 pos=10,5 flags=7
party=2 HP=36/36,28/28 battle=1 battlers=4 outcome=0 PP=8,2 trial=1 donut-ability=0
persistent PP=8,2 status=0,0
growth level/xp/item=10/627/0,9/937/0 stats maxHP/attack,maxHP/magic=36/25,28/14 foesHP=30,25
pattern trainer=857 turn=0 foePP=35,40 foeAtkDef=6,6 CarlAtk=6 foeLevel=9
support PP=40,40 Carl-defense=6 enemy-attack=6,6
party action uses=8,40 / 2,40
frame=5373 map=34.3 pos=10,5 flags=7
party=2 HP=36/36,28/28 battle=1 battlers=4 outcome=0 PP=8,2 trial=1 donut-ability=0
persistent PP=8,2 status=0,0
growth level/xp/item=10/627/0,9/937/0 stats maxHP/attack,maxHP/magic=36/25,28/14 foesHP=30,25
pattern trainer=857 turn=0 foePP=35,40 foeAtkDef=6,6 CarlAtk=6 foeLevel=9
support PP=40,40 Carl-defense=6 enemy-attack=6,6
party action uses=8,40 / 2,40
frame=5374 map=34.3 pos=10,5 flags=7
party=2 HP=36/36,28/28 battle=1 battlers=4 outcome=0 PP=8,2 trial=1 donut-ability=0
persistent PP=8,2 status=0,0
growth level/xp/item=10/627/0,9/937/0 stats maxHP/attack,maxHP/magic=36/25,28/14 foesHP=30,25
pattern trainer=857 turn=0 foePP=35,40 foeAtkDef=6,6 CarlAtk=6 foeLevel=9
support PP=40,40 Carl-defense=6 enemy-attack=6,6
party action uses=8,40 / 2,40
frame=7174 map=34.3 pos=10,5 flags=7
party=2 HP=31/36,28/28 battle=1 battlers=4 outcome=0 PP=7,1 trial=1 donut-ability=0
persistent PP=7,1 status=0,0
growth level/xp/item=10/627/0,9/937/0 stats maxHP/attack,maxHP/magic=36/25,28/14 foesHP=13,21
pattern trainer=857 turn=1 foePP=35,39 foeAtkDef=6,6 CarlAtk=5 foeLevel=9
support PP=40,40 Carl-defense=6 enemy-attack=6,6
party action uses=7,40 / 1,40
frame=7174 map=34.3 pos=10,5 flags=7
party=2 HP=31/36,28/28 battle=1 battlers=4 outcome=0 PP=7,1 trial=1 donut-ability=0
persistent PP=7,1 status=0,0
growth level/xp/item=10/627/0,9/937/0 stats maxHP/attack,maxHP/magic=36/25,28/14 foesHP=13,21
pattern trainer=857 turn=1 foePP=35,39 foeAtkDef=6,6 CarlAtk=5 foeLevel=9
PASS pattern 857 1 35 39 6 6 5 9
support PP=40,40 Carl-defense=6 enemy-attack=6,6
party action uses=7,40 / 1,40
frame=7174 map=34.3 pos=10,5 flags=7
party=2 HP=31/36,28/28 battle=1 battlers=4 outcome=0 PP=7,1 trial=1 donut-ability=0
persistent PP=7,1 status=0,0
growth level/xp/item=10/627/0,9/937/0 stats maxHP/attack,maxHP/magic=36/25,28/14 foesHP=13,21
pattern trainer=857 turn=1 foePP=35,39 foeAtkDef=6,6 CarlAtk=5 foeLevel=9
support PP=40,40 Carl-defense=6 enemy-attack=6,6
party action uses=7,40 / 1,40
PASS battle 1 4 0 7 1 1 0
frame=7175 map=34.3 pos=10,5 flags=7
party=2 HP=31/36,28/28 battle=1 battlers=4 outcome=0 PP=7,1 trial=1 donut-ability=0
persistent PP=7,1 status=0,0
growth level/xp/item=10/627/0,9/937/0 stats maxHP/attack,maxHP/magic=36/25,28/14 foesHP=13,21
pattern trainer=857 turn=1 foePP=35,39 foeAtkDef=6,6 CarlAtk=5 foeLevel=9
support PP=40,40 Carl-defense=6 enemy-attack=6,6
party action uses=7,40 / 1,40
frame=7235 map=34.3 pos=10,5 flags=7
party=2 HP=31/36,28/28 battle=1 battlers=4 outcome=0 PP=7,1 trial=1 donut-ability=0
persistent PP=7,1 status=0,0
growth level/xp/item=10/627/0,9/937/0 stats maxHP/attack,maxHP/magic=36/25,28/14 foesHP=13,21
pattern trainer=857 turn=1 foePP=35,39 foeAtkDef=6,6 CarlAtk=5 foeLevel=9
support PP=40,40 Carl-defense=6 enemy-attack=6,6
party action uses=7,40 / 1,40
frame=7236 map=34.3 pos=10,5 flags=7
party=2 HP=31/36,28/28 battle=1 battlers=4 outcome=0 PP=7,1 trial=1 donut-ability=0
persistent PP=7,1 status=0,0
growth level/xp/item=10/627/0,9/937/0 stats maxHP/attack,maxHP/magic=36/25,28/14 foesHP=13,21
pattern trainer=857 turn=1 foePP=35,39 foeAtkDef=6,6 CarlAtk=5 foeLevel=9
support PP=40,40 Carl-defense=6 enemy-attack=6,6
party action uses=7,40 / 1,40
frame=7296 map=34.3 pos=10,5 flags=7
party=2 HP=31/36,28/28 battle=1 battlers=4 outcome=0 PP=7,1 trial=1 donut-ability=0
persistent PP=7,1 status=0,0
growth level/xp/item=10/627/0,9/937/0 stats maxHP/attack,maxHP/magic=36/25,28/14 foesHP=13,21
pattern trainer=857 turn=1 foePP=35,39 foeAtkDef=6,6 CarlAtk=5 foeLevel=9
support PP=40,40 Carl-defense=6 enemy-attack=6,6
party action uses=7,40 / 1,40
frame=7297 map=34.3 pos=10,5 flags=7
party=2 HP=31/36,28/28 battle=1 battlers=4 outcome=0 PP=7,1 trial=1 donut-ability=0
persistent PP=7,1 status=0,0
growth level/xp/item=10/627/0,9/937/0 stats maxHP/attack,maxHP/magic=36/25,28/14 foesHP=13,21
pattern trainer=857 turn=1 foePP=35,39 foeAtkDef=6,6 CarlAtk=5 foeLevel=9
support PP=40,40 Carl-defense=6 enemy-attack=6,6
party action uses=7,40 / 1,40
frame=7357 map=34.3 pos=10,5 flags=7
party=2 HP=31/36,28/28 battle=1 battlers=4 outcome=0 PP=7,1 trial=1 donut-ability=0
persistent PP=7,1 status=0,0
growth level/xp/item=10/627/0,9/937/0 stats maxHP/attack,maxHP/magic=36/25,28/14 foesHP=13,21
pattern trainer=857 turn=1 foePP=35,39 foeAtkDef=6,6 CarlAtk=5 foeLevel=9
support PP=40,40 Carl-defense=6 enemy-attack=6,6
party action uses=7,40 / 1,40
frame=7358 map=34.3 pos=10,5 flags=7
party=2 HP=31/36,28/28 battle=1 battlers=4 outcome=0 PP=7,1 trial=1 donut-ability=0
persistent PP=7,1 status=0,0
growth level/xp/item=10/627/0,9/937/0 stats maxHP/attack,maxHP/magic=36/25,28/14 foesHP=13,21
pattern trainer=857 turn=1 foePP=35,39 foeAtkDef=6,6 CarlAtk=5 foeLevel=9
support PP=40,40 Carl-defense=6 enemy-attack=6,6
party action uses=7,40 / 1,40
frame=7418 map=34.3 pos=10,5 flags=7
party=2 HP=31/36,28/28 battle=1 battlers=4 outcome=0 PP=7,1 trial=1 donut-ability=0
persistent PP=7,1 status=0,0
growth level/xp/item=10/627/0,9/937/0 stats maxHP/attack,maxHP/magic=36/25,28/14 foesHP=13,21
pattern trainer=857 turn=1 foePP=35,39 foeAtkDef=6,6 CarlAtk=5 foeLevel=9
support PP=40,40 Carl-defense=6 enemy-attack=6,6
party action uses=7,40 / 1,40
frame=7419 map=34.3 pos=10,5 flags=7
party=2 HP=31/36,28/28 battle=1 battlers=4 outcome=0 PP=7,1 trial=1 donut-ability=0
persistent PP=7,1 status=0,0
growth level/xp/item=10/627/0,9/937/0 stats maxHP/attack,maxHP/magic=36/25,28/14 foesHP=13,21
pattern trainer=857 turn=1 foePP=35,39 foeAtkDef=6,6 CarlAtk=5 foeLevel=9
support PP=40,40 Carl-defense=6 enemy-attack=6,6
party action uses=7,40 / 1,40
frame=9219 map=34.3 pos=10,5 flags=7
party=2 HP=31/36,23/28 battle=1 battlers=4 outcome=0 PP=6,0 trial=1 donut-ability=0
persistent PP=6,0 status=0,0
growth level/xp/item=10/627/0,9/937/0 stats maxHP/attack,maxHP/magic=36/25,28/14 foesHP=0,17
pattern trainer=857 turn=1 foePP=35,39 foeAtkDef=6,6 CarlAtk=5 foeLevel=9
support PP=40,40 Carl-defense=6 enemy-attack=6,6
party action uses=6,40 / 0,40
frame=9220 map=34.3 pos=10,5 flags=7
party=2 HP=31/36,23/28 battle=1 battlers=4 outcome=0 PP=6,0 trial=1 donut-ability=0
persistent PP=6,0 status=0,0
growth level/xp/item=10/627/0,9/937/0 stats maxHP/attack,maxHP/magic=36/25,28/14 foesHP=0,17
pattern trainer=857 turn=1 foePP=35,39 foeAtkDef=6,6 CarlAtk=5 foeLevel=9
support PP=40,40 Carl-defense=6 enemy-attack=6,6
party action uses=6,40 / 0,40
frame=9620 map=34.3 pos=10,5 flags=7
party=2 HP=31/36,23/28 battle=1 battlers=4 outcome=0 PP=6,0 trial=1 donut-ability=0
persistent PP=6,0 status=0,0
growth level/xp/item=10/627/0,9/937/0 stats maxHP/attack,maxHP/magic=36/25,28/14 foesHP=0,17
pattern trainer=857 turn=1 foePP=35,39 foeAtkDef=6,6 CarlAtk=5 foeLevel=9
support PP=40,40 Carl-defense=6 enemy-attack=6,6
party action uses=6,40 / 0,40
frame=9621 map=34.3 pos=10,5 flags=7
party=2 HP=31/36,23/28 battle=1 battlers=4 outcome=0 PP=6,0 trial=1 donut-ability=0
persistent PP=6,0 status=0,0
growth level/xp/item=10/627/0,9/937/0 stats maxHP/attack,maxHP/magic=36/25,28/14 foesHP=0,17
pattern trainer=857 turn=1 foePP=35,39 foeAtkDef=6,6 CarlAtk=5 foeLevel=9
support PP=40,40 Carl-defense=6 enemy-attack=6,6
party action uses=6,40 / 0,40
frame=10021 map=34.3 pos=10,5 flags=7
party=2 HP=31/36,23/28 battle=1 battlers=4 outcome=0 PP=6,0 trial=1 donut-ability=0
persistent PP=6,0 status=0,0
growth level/xp/item=10/691/0,9/937/0 stats maxHP/attack,maxHP/magic=36/25,28/14 foesHP=0,17
pattern trainer=857 turn=1 foePP=35,39 foeAtkDef=6,6 CarlAtk=5 foeLevel=9
support PP=40,40 Carl-defense=6 enemy-attack=6,6
party action uses=6,40 / 0,40
frame=10022 map=34.3 pos=10,5 flags=7
party=2 HP=31/36,23/28 battle=1 battlers=4 outcome=0 PP=6,0 trial=1 donut-ability=0
persistent PP=6,0 status=0,0
growth level/xp/item=10/691/0,9/937/0 stats maxHP/attack,maxHP/magic=36/25,28/14 foesHP=0,17
pattern trainer=857 turn=1 foePP=35,39 foeAtkDef=6,6 CarlAtk=5 foeLevel=9
support PP=40,40 Carl-defense=6 enemy-attack=6,6
party action uses=6,40 / 0,40
frame=10422 map=34.3 pos=10,5 flags=7
party=2 HP=31/36,25/30 battle=1 battlers=4 outcome=0 PP=6,0 trial=1 donut-ability=0
persistent PP=6,0 status=0,0
growth level/xp/item=10/691/0,10/1000/0 stats maxHP/attack,maxHP/magic=36/25,30/15 foesHP=0,17
pattern trainer=857 turn=1 foePP=35,39 foeAtkDef=6,6 CarlAtk=5 foeLevel=9
support PP=40,40 Carl-defense=6 enemy-attack=6,6
party action uses=6,40 / 0,40
frame=10423 map=34.3 pos=10,5 flags=7
party=2 HP=31/36,25/30 battle=1 battlers=4 outcome=0 PP=6,0 trial=1 donut-ability=0
persistent PP=6,0 status=0,0
growth level/xp/item=10/691/0,10/1000/0 stats maxHP/attack,maxHP/magic=36/25,30/15 foesHP=0,17
pattern trainer=857 turn=1 foePP=35,39 foeAtkDef=6,6 CarlAtk=5 foeLevel=9
support PP=40,40 Carl-defense=6 enemy-attack=6,6
party action uses=6,40 / 0,40
frame=10823 map=34.3 pos=10,5 flags=7
party=2 HP=31/36,25/30 battle=1 battlers=4 outcome=0 PP=6,0 trial=1 donut-ability=0
persistent PP=6,0 status=0,0
growth level/xp/item=10/691/0,10/1000/0 stats maxHP/attack,maxHP/magic=36/25,30/15 foesHP=0,17
pattern trainer=857 turn=1 foePP=35,39 foeAtkDef=6,6 CarlAtk=5 foeLevel=9
support PP=40,40 Carl-defense=6 enemy-attack=6,6
party action uses=6,40 / 0,40
frame=10824 map=34.3 pos=10,5 flags=7
party=2 HP=31/36,25/30 battle=1 battlers=4 outcome=0 PP=6,0 trial=1 donut-ability=0
persistent PP=6,0 status=0,0
growth level/xp/item=10/691/0,10/1000/0 stats maxHP/attack,maxHP/magic=36/25,30/15 foesHP=0,17
pattern trainer=857 turn=1 foePP=35,39 foeAtkDef=6,6 CarlAtk=5 foeLevel=9
support PP=40,40 Carl-defense=6 enemy-attack=6,6
party action uses=6,40 / 0,40
frame=11224 map=34.3 pos=10,5 flags=7
party=2 HP=31/36,25/30 battle=1 battlers=4 outcome=0 PP=6,0 trial=1 donut-ability=0
persistent PP=6,0 status=0,0
growth level/xp/item=10/691/0,10/1000/0 stats maxHP/attack,maxHP/magic=36/25,30/15 foesHP=0,17
pattern trainer=857 turn=1 foePP=35,39 foeAtkDef=6,6 CarlAtk=5 foeLevel=9
support PP=40,40 Carl-defense=6 enemy-attack=6,6
party action uses=6,40 / 0,40
frame=11225 map=34.3 pos=10,5 flags=7
party=2 HP=31/36,25/30 battle=1 battlers=4 outcome=0 PP=6,0 trial=1 donut-ability=0
persistent PP=6,0 status=0,0
growth level/xp/item=10/691/0,10/1000/0 stats maxHP/attack,maxHP/magic=36/25,30/15 foesHP=0,17
pattern trainer=857 turn=1 foePP=35,39 foeAtkDef=6,6 CarlAtk=5 foeLevel=9
support PP=40,40 Carl-defense=6 enemy-attack=6,6
party action uses=6,40 / 0,40
frame=11625 map=34.3 pos=10,5 flags=7
party=2 HP=31/36,25/30 battle=1 battlers=4 outcome=0 PP=6,0 trial=1 donut-ability=0
persistent PP=6,0 status=0,0
growth level/xp/item=10/691/0,10/1001/0 stats maxHP/attack,maxHP/magic=36/25,30/15 foesHP=0,17
pattern trainer=857 turn=2 foePP=35,39 foeAtkDef=6,6 CarlAtk=5 foeLevel=9
support PP=40,40 Carl-defense=6 enemy-attack=6,6
party action uses=6,40 / 0,40
frame=11625 map=34.3 pos=10,5 flags=7
party=2 HP=31/36,25/30 battle=1 battlers=4 outcome=0 PP=6,0 trial=1 donut-ability=0
persistent PP=6,0 status=0,0
growth level/xp/item=10/691/0,10/1001/0 stats maxHP/attack,maxHP/magic=36/25,30/15 foesHP=0,17
PASS growth 10 691 0 10 1001 0
pattern trainer=857 turn=2 foePP=35,39 foeAtkDef=6,6 CarlAtk=5 foeLevel=9
support PP=40,40 Carl-defense=6 enemy-attack=6,6
party action uses=6,40 / 0,40
frame=11625 map=34.3 pos=10,5 flags=7
party=2 HP=31/36,25/30 battle=1 battlers=4 outcome=0 PP=6,0 trial=1 donut-ability=0
persistent PP=6,0 status=0,0
growth level/xp/item=10/691/0,10/1001/0 stats maxHP/attack,maxHP/magic=36/25,30/15 foesHP=0,17
PASS foes 0 17
pattern trainer=857 turn=2 foePP=35,39 foeAtkDef=6,6 CarlAtk=5 foeLevel=9
support PP=40,40 Carl-defense=6 enemy-attack=6,6
party action uses=6,40 / 0,40
frame=11626 map=34.3 pos=10,5 flags=7
party=2 HP=31/36,25/30 battle=1 battlers=4 outcome=0 PP=6,0 trial=1 donut-ability=0
persistent PP=6,0 status=0,0
growth level/xp/item=10/691/0,10/1001/0 stats maxHP/attack,maxHP/magic=36/25,30/15 foesHP=0,17
pattern trainer=857 turn=2 foePP=35,39 foeAtkDef=6,6 CarlAtk=5 foeLevel=9
support PP=40,40 Carl-defense=6 enemy-attack=6,6
party action uses=6,40 / 0,40
frame=11686 map=34.3 pos=10,5 flags=7
party=2 HP=31/36,25/30 battle=1 battlers=4 outcome=0 PP=6,0 trial=1 donut-ability=0
persistent PP=6,0 status=0,0
growth level/xp/item=10/691/0,10/1001/0 stats maxHP/attack,maxHP/magic=36/25,30/15 foesHP=0,17
pattern trainer=857 turn=2 foePP=35,39 foeAtkDef=6,6 CarlAtk=5 foeLevel=9
support PP=40,40 Carl-defense=6 enemy-attack=6,6
party action uses=6,40 / 0,40
frame=11687 map=34.3 pos=10,5 flags=7
party=2 HP=31/36,25/30 battle=1 battlers=4 outcome=0 PP=6,0 trial=1 donut-ability=0
persistent PP=6,0 status=0,0
growth level/xp/item=10/691/0,10/1001/0 stats maxHP/attack,maxHP/magic=36/25,30/15 foesHP=0,17
pattern trainer=857 turn=2 foePP=35,39 foeAtkDef=6,6 CarlAtk=5 foeLevel=9
support PP=40,40 Carl-defense=6 enemy-attack=6,6
party action uses=6,40 / 0,40
frame=11747 map=34.3 pos=10,5 flags=7
party=2 HP=31/36,25/30 battle=1 battlers=4 outcome=0 PP=6,0 trial=1 donut-ability=0
persistent PP=6,0 status=0,0
growth level/xp/item=10/691/0,10/1001/0 stats maxHP/attack,maxHP/magic=36/25,30/15 foesHP=0,17
pattern trainer=857 turn=2 foePP=35,39 foeAtkDef=6,6 CarlAtk=5 foeLevel=9
support PP=40,40 Carl-defense=6 enemy-attack=6,6
party action uses=6,40 / 0,40
frame=11748 map=34.3 pos=10,5 flags=7
party=2 HP=31/36,25/30 battle=1 battlers=4 outcome=0 PP=6,0 trial=1 donut-ability=0
persistent PP=6,0 status=0,0
growth level/xp/item=10/691/0,10/1001/0 stats maxHP/attack,maxHP/magic=36/25,30/15 foesHP=0,17
pattern trainer=857 turn=2 foePP=35,39 foeAtkDef=6,6 CarlAtk=5 foeLevel=9
support PP=40,40 Carl-defense=6 enemy-attack=6,6
party action uses=6,40 / 0,40
frame=11808 map=34.3 pos=10,5 flags=7
party=2 HP=31/36,25/30 battle=1 battlers=4 outcome=0 PP=6,0 trial=1 donut-ability=0
persistent PP=6,0 status=0,0
growth level/xp/item=10/691/0,10/1001/0 stats maxHP/attack,maxHP/magic=36/25,30/15 foesHP=0,17
pattern trainer=857 turn=2 foePP=35,39 foeAtkDef=6,6 CarlAtk=5 foeLevel=9
support PP=40,40 Carl-defense=6 enemy-attack=6,6
party action uses=6,40 / 0,40
frame=11809 map=34.3 pos=10,5 flags=7
party=2 HP=31/36,25/30 battle=1 battlers=4 outcome=0 PP=6,0 trial=1 donut-ability=0
persistent PP=6,0 status=0,0
growth level/xp/item=10/691/0,10/1001/0 stats maxHP/attack,maxHP/magic=36/25,30/15 foesHP=0,17
pattern trainer=857 turn=2 foePP=35,39 foeAtkDef=6,6 CarlAtk=5 foeLevel=9
support PP=40,40 Carl-defense=6 enemy-attack=6,6
party action uses=6,40 / 0,40
frame=11869 map=34.3 pos=10,5 flags=7
party=2 HP=31/36,25/30 battle=1 battlers=4 outcome=0 PP=6,0 trial=1 donut-ability=0
persistent PP=6,0 status=0,0
growth level/xp/item=10/691/0,10/1001/0 stats maxHP/attack,maxHP/magic=36/25,30/15 foesHP=0,17
pattern trainer=857 turn=2 foePP=35,39 foeAtkDef=6,6 CarlAtk=5 foeLevel=9
support PP=40,40 Carl-defense=6 enemy-attack=6,6
party action uses=6,40 / 0,40
frame=11870 map=34.3 pos=10,5 flags=7
party=2 HP=31/36,25/30 battle=1 battlers=4 outcome=0 PP=6,0 trial=1 donut-ability=0
persistent PP=6,0 status=0,0
growth level/xp/item=10/691/0,10/1001/0 stats maxHP/attack,maxHP/magic=36/25,30/15 foesHP=0,17
pattern trainer=857 turn=2 foePP=35,39 foeAtkDef=6,6 CarlAtk=5 foeLevel=9
support PP=40,40 Carl-defense=6 enemy-attack=6,6
party action uses=6,40 / 0,40
frame=11930 map=34.3 pos=10,5 flags=7
party=2 HP=31/36,25/30 battle=1 battlers=4 outcome=0 PP=6,0 trial=1 donut-ability=0
persistent PP=6,0 status=0,0
growth level/xp/item=10/691/0,10/1001/0 stats maxHP/attack,maxHP/magic=36/25,30/15 foesHP=0,17
pattern trainer=857 turn=2 foePP=35,39 foeAtkDef=6,6 CarlAtk=5 foeLevel=9
support PP=40,40 Carl-defense=6 enemy-attack=6,6
party action uses=6,40 / 0,40
frame=11931 map=34.3 pos=10,5 flags=7
party=2 HP=31/36,25/30 battle=1 battlers=4 outcome=0 PP=6,0 trial=1 donut-ability=0
persistent PP=6,0 status=0,0
growth level/xp/item=10/691/0,10/1001/0 stats maxHP/attack,maxHP/magic=36/25,30/15 foesHP=0,17
pattern trainer=857 turn=2 foePP=35,39 foeAtkDef=6,6 CarlAtk=5 foeLevel=9
support PP=40,40 Carl-defense=6 enemy-attack=6,6
party action uses=6,40 / 0,40
frame=13731 map=34.3 pos=10,5 flags=7
party=2 HP=31/36,22/30 battle=1 battlers=4 outcome=0 PP=5,0 trial=1 donut-ability=0
persistent PP=5,0 status=0,0
growth level/xp/item=10/691/0,10/1001/0 stats maxHP/attack,maxHP/magic=36/25,30/15 foesHP=0,12
pattern trainer=857 turn=3 foePP=35,39 foeAtkDef=6,6 CarlAtk=5 foeLevel=9
support PP=40,39 Carl-defense=6 enemy-attack=6,5
party action uses=5,40 / 0,39
frame=13732 map=34.3 pos=10,5 flags=7
party=2 HP=31/36,22/30 battle=1 battlers=4 outcome=0 PP=5,0 trial=1 donut-ability=0
persistent PP=5,0 status=0,0
growth level/xp/item=10/691/0,10/1001/0 stats maxHP/attack,maxHP/magic=36/25,30/15 foesHP=0,12
pattern trainer=857 turn=3 foePP=35,39 foeAtkDef=6,6 CarlAtk=5 foeLevel=9
support PP=40,39 Carl-defense=6 enemy-attack=6,5
party action uses=5,40 / 0,39
frame=13792 map=34.3 pos=10,5 flags=7
party=2 HP=31/36,22/30 battle=1 battlers=4 outcome=0 PP=5,0 trial=1 donut-ability=0
persistent PP=5,0 status=0,0
growth level/xp/item=10/691/0,10/1001/0 stats maxHP/attack,maxHP/magic=36/25,30/15 foesHP=0,12
pattern trainer=857 turn=3 foePP=35,39 foeAtkDef=6,6 CarlAtk=5 foeLevel=9
support PP=40,39 Carl-defense=6 enemy-attack=6,5
party action uses=5,40 / 0,39
frame=13793 map=34.3 pos=10,5 flags=7
party=2 HP=31/36,22/30 battle=1 battlers=4 outcome=0 PP=5,0 trial=1 donut-ability=0
persistent PP=5,0 status=0,0
growth level/xp/item=10/691/0,10/1001/0 stats maxHP/attack,maxHP/magic=36/25,30/15 foesHP=0,12
pattern trainer=857 turn=3 foePP=35,39 foeAtkDef=6,6 CarlAtk=5 foeLevel=9
support PP=40,39 Carl-defense=6 enemy-attack=6,5
party action uses=5,40 / 0,39
frame=13853 map=34.3 pos=10,5 flags=7
party=2 HP=31/36,22/30 battle=1 battlers=4 outcome=0 PP=5,0 trial=1 donut-ability=0
persistent PP=5,0 status=0,0
growth level/xp/item=10/691/0,10/1001/0 stats maxHP/attack,maxHP/magic=36/25,30/15 foesHP=0,12
pattern trainer=857 turn=3 foePP=35,39 foeAtkDef=6,6 CarlAtk=5 foeLevel=9
support PP=40,39 Carl-defense=6 enemy-attack=6,5
party action uses=5,40 / 0,39
frame=13854 map=34.3 pos=10,5 flags=7
party=2 HP=31/36,22/30 battle=1 battlers=4 outcome=0 PP=5,0 trial=1 donut-ability=0
persistent PP=5,0 status=0,0
growth level/xp/item=10/691/0,10/1001/0 stats maxHP/attack,maxHP/magic=36/25,30/15 foesHP=0,12
pattern trainer=857 turn=3 foePP=35,39 foeAtkDef=6,6 CarlAtk=5 foeLevel=9
support PP=40,39 Carl-defense=6 enemy-attack=6,5
party action uses=5,40 / 0,39
frame=13914 map=34.3 pos=10,5 flags=7
party=2 HP=31/36,22/30 battle=1 battlers=4 outcome=0 PP=5,0 trial=1 donut-ability=0
persistent PP=5,0 status=0,0
growth level/xp/item=10/691/0,10/1001/0 stats maxHP/attack,maxHP/magic=36/25,30/15 foesHP=0,12
pattern trainer=857 turn=3 foePP=35,39 foeAtkDef=6,6 CarlAtk=5 foeLevel=9
support PP=40,39 Carl-defense=6 enemy-attack=6,5
party action uses=5,40 / 0,39
frame=13915 map=34.3 pos=10,5 flags=7
party=2 HP=31/36,22/30 battle=1 battlers=4 outcome=0 PP=5,0 trial=1 donut-ability=0
persistent PP=5,0 status=0,0
growth level/xp/item=10/691/0,10/1001/0 stats maxHP/attack,maxHP/magic=36/25,30/15 foesHP=0,12
pattern trainer=857 turn=3 foePP=35,39 foeAtkDef=6,6 CarlAtk=5 foeLevel=9
support PP=40,39 Carl-defense=6 enemy-attack=6,5
party action uses=5,40 / 0,39
frame=13975 map=34.3 pos=10,5 flags=7
party=2 HP=31/36,22/30 battle=1 battlers=4 outcome=0 PP=5,0 trial=1 donut-ability=0
persistent PP=5,0 status=0,0
growth level/xp/item=10/691/0,10/1001/0 stats maxHP/attack,maxHP/magic=36/25,30/15 foesHP=0,12
pattern trainer=857 turn=3 foePP=35,39 foeAtkDef=6,6 CarlAtk=5 foeLevel=9
support PP=40,39 Carl-defense=6 enemy-attack=6,5
party action uses=5,40 / 0,39
frame=13976 map=34.3 pos=10,5 flags=7
party=2 HP=31/36,22/30 battle=1 battlers=4 outcome=0 PP=5,0 trial=1 donut-ability=0
persistent PP=5,0 status=0,0
growth level/xp/item=10/691/0,10/1001/0 stats maxHP/attack,maxHP/magic=36/25,30/15 foesHP=0,12
pattern trainer=857 turn=3 foePP=35,39 foeAtkDef=6,6 CarlAtk=5 foeLevel=9
support PP=40,39 Carl-defense=6 enemy-attack=6,5
party action uses=5,40 / 0,39
frame=15776 map=34.3 pos=10,5 flags=7
party=2 HP=31/36,19/30 battle=1 battlers=4 outcome=0 PP=4,0 trial=1 donut-ability=0
persistent PP=4,0 status=0,0
growth level/xp/item=10/691/0,10/1001/0 stats maxHP/attack,maxHP/magic=36/25,30/15 foesHP=0,6
pattern trainer=857 turn=4 foePP=35,39 foeAtkDef=6,6 CarlAtk=5 foeLevel=9
support PP=40,38 Carl-defense=6 enemy-attack=6,4
party action uses=4,40 / 0,38
frame=15777 map=34.3 pos=10,5 flags=7
party=2 HP=31/36,19/30 battle=1 battlers=4 outcome=0 PP=4,0 trial=1 donut-ability=0
persistent PP=4,0 status=0,0
growth level/xp/item=10/691/0,10/1001/0 stats maxHP/attack,maxHP/magic=36/25,30/15 foesHP=0,6
pattern trainer=857 turn=4 foePP=35,39 foeAtkDef=6,6 CarlAtk=5 foeLevel=9
support PP=40,38 Carl-defense=6 enemy-attack=6,4
party action uses=4,40 / 0,38
frame=15837 map=34.3 pos=10,5 flags=7
party=2 HP=31/36,19/30 battle=1 battlers=4 outcome=0 PP=4,0 trial=1 donut-ability=0
persistent PP=4,0 status=0,0
growth level/xp/item=10/691/0,10/1001/0 stats maxHP/attack,maxHP/magic=36/25,30/15 foesHP=0,6
pattern trainer=857 turn=4 foePP=35,39 foeAtkDef=6,6 CarlAtk=5 foeLevel=9
support PP=40,38 Carl-defense=6 enemy-attack=6,4
party action uses=4,40 / 0,38
frame=15838 map=34.3 pos=10,5 flags=7
party=2 HP=31/36,19/30 battle=1 battlers=4 outcome=0 PP=4,0 trial=1 donut-ability=0
persistent PP=4,0 status=0,0
growth level/xp/item=10/691/0,10/1001/0 stats maxHP/attack,maxHP/magic=36/25,30/15 foesHP=0,6
pattern trainer=857 turn=4 foePP=35,39 foeAtkDef=6,6 CarlAtk=5 foeLevel=9
support PP=40,38 Carl-defense=6 enemy-attack=6,4
party action uses=4,40 / 0,38
frame=15898 map=34.3 pos=10,5 flags=7
party=2 HP=31/36,19/30 battle=1 battlers=4 outcome=0 PP=4,0 trial=1 donut-ability=0
persistent PP=4,0 status=0,0
growth level/xp/item=10/691/0,10/1001/0 stats maxHP/attack,maxHP/magic=36/25,30/15 foesHP=0,6
pattern trainer=857 turn=4 foePP=35,39 foeAtkDef=6,6 CarlAtk=5 foeLevel=9
support PP=40,38 Carl-defense=6 enemy-attack=6,4
party action uses=4,40 / 0,38
frame=15899 map=34.3 pos=10,5 flags=7
party=2 HP=31/36,19/30 battle=1 battlers=4 outcome=0 PP=4,0 trial=1 donut-ability=0
persistent PP=4,0 status=0,0
growth level/xp/item=10/691/0,10/1001/0 stats maxHP/attack,maxHP/magic=36/25,30/15 foesHP=0,6
pattern trainer=857 turn=4 foePP=35,39 foeAtkDef=6,6 CarlAtk=5 foeLevel=9
support PP=40,38 Carl-defense=6 enemy-attack=6,4
party action uses=4,40 / 0,38
frame=15959 map=34.3 pos=10,5 flags=7
party=2 HP=31/36,19/30 battle=1 battlers=4 outcome=0 PP=4,0 trial=1 donut-ability=0
persistent PP=4,0 status=0,0
growth level/xp/item=10/691/0,10/1001/0 stats maxHP/attack,maxHP/magic=36/25,30/15 foesHP=0,6
pattern trainer=857 turn=4 foePP=35,39 foeAtkDef=6,6 CarlAtk=5 foeLevel=9
support PP=40,38 Carl-defense=6 enemy-attack=6,4
party action uses=4,40 / 0,38
frame=15960 map=34.3 pos=10,5 flags=7
party=2 HP=31/36,19/30 battle=1 battlers=4 outcome=0 PP=4,0 trial=1 donut-ability=0
persistent PP=4,0 status=0,0
growth level/xp/item=10/691/0,10/1001/0 stats maxHP/attack,maxHP/magic=36/25,30/15 foesHP=0,6
pattern trainer=857 turn=4 foePP=35,39 foeAtkDef=6,6 CarlAtk=5 foeLevel=9
support PP=40,38 Carl-defense=6 enemy-attack=6,4
party action uses=4,40 / 0,38
frame=16020 map=34.3 pos=10,5 flags=7
party=2 HP=31/36,19/30 battle=1 battlers=4 outcome=0 PP=4,0 trial=1 donut-ability=0
persistent PP=4,0 status=0,0
growth level/xp/item=10/691/0,10/1001/0 stats maxHP/attack,maxHP/magic=36/25,30/15 foesHP=0,6
pattern trainer=857 turn=4 foePP=35,39 foeAtkDef=6,6 CarlAtk=5 foeLevel=9
support PP=40,38 Carl-defense=6 enemy-attack=6,4
party action uses=4,40 / 0,38
frame=16021 map=34.3 pos=10,5 flags=7
party=2 HP=31/36,19/30 battle=1 battlers=4 outcome=0 PP=4,0 trial=1 donut-ability=0
persistent PP=4,0 status=0,0
growth level/xp/item=10/691/0,10/1001/0 stats maxHP/attack,maxHP/magic=36/25,30/15 foesHP=0,6
pattern trainer=857 turn=4 foePP=35,39 foeAtkDef=6,6 CarlAtk=5 foeLevel=9
support PP=40,38 Carl-defense=6 enemy-attack=6,4
party action uses=4,40 / 0,38
frame=17821 map=34.3 pos=10,5 flags=7
party=2 HP=28/36,19/30 battle=1 battlers=4 outcome=0 PP=3,0 trial=1 donut-ability=0
persistent PP=3,0 status=0,0
growth level/xp/item=10/691/0,10/1001/0 stats maxHP/attack,maxHP/magic=36/25,30/15 foesHP=0,0
pattern trainer=857 turn=4 foePP=35,39 foeAtkDef=6,6 CarlAtk=5 foeLevel=9
support PP=40,37 Carl-defense=6 enemy-attack=6,6
party action uses=3,40 / 0,37
frame=17822 map=34.3 pos=10,5 flags=7
party=2 HP=28/36,19/30 battle=1 battlers=4 outcome=0 PP=3,0 trial=1 donut-ability=0
persistent PP=3,0 status=0,0
growth level/xp/item=10/691/0,10/1001/0 stats maxHP/attack,maxHP/magic=36/25,30/15 foesHP=0,0
pattern trainer=857 turn=4 foePP=35,39 foeAtkDef=6,6 CarlAtk=5 foeLevel=9
support PP=40,37 Carl-defense=6 enemy-attack=6,6
party action uses=3,40 / 0,37
frame=18222 map=34.3 pos=10,5 flags=7
party=2 HP=28/36,19/30 battle=1 battlers=4 outcome=0 PP=3,0 trial=1 donut-ability=0
persistent PP=3,0 status=0,0
growth level/xp/item=10/691/0,10/1001/0 stats maxHP/attack,maxHP/magic=36/25,30/15 foesHP=0,0
pattern trainer=857 turn=4 foePP=35,39 foeAtkDef=6,6 CarlAtk=5 foeLevel=9
support PP=40,37 Carl-defense=6 enemy-attack=6,6
party action uses=3,40 / 0,37
frame=18223 map=34.3 pos=10,5 flags=7
party=2 HP=28/36,19/30 battle=1 battlers=4 outcome=0 PP=3,0 trial=1 donut-ability=0
persistent PP=3,0 status=0,0
growth level/xp/item=10/691/0,10/1001/0 stats maxHP/attack,maxHP/magic=36/25,30/15 foesHP=0,0
pattern trainer=857 turn=4 foePP=35,39 foeAtkDef=6,6 CarlAtk=5 foeLevel=9
support PP=40,37 Carl-defense=6 enemy-attack=6,6
party action uses=3,40 / 0,37
frame=18623 map=34.3 pos=10,5 flags=7
party=2 HP=30/38,19/30 battle=1 battlers=4 outcome=0 PP=3,0 trial=1 donut-ability=0
persistent PP=3,0 status=0,0
growth level/xp/item=11/742/0,10/1001/0 stats maxHP/attack,maxHP/magic=38/26,30/15 foesHP=0,0
pattern trainer=857 turn=4 foePP=35,39 foeAtkDef=6,6 CarlAtk=5 foeLevel=9
support PP=40,37 Carl-defense=6 enemy-attack=6,6
party action uses=3,40 / 0,37
frame=18624 map=34.3 pos=10,5 flags=7
party=2 HP=30/38,19/30 battle=1 battlers=4 outcome=0 PP=3,0 trial=1 donut-ability=0
persistent PP=3,0 status=0,0
growth level/xp/item=11/742/0,10/1001/0 stats maxHP/attack,maxHP/magic=38/26,30/15 foesHP=0,0
pattern trainer=857 turn=4 foePP=35,39 foeAtkDef=6,6 CarlAtk=5 foeLevel=9
support PP=40,37 Carl-defense=6 enemy-attack=6,6
party action uses=3,40 / 0,37
frame=19024 map=34.3 pos=10,5 flags=7
party=2 HP=30/38,19/30 battle=1 battlers=4 outcome=0 PP=3,0 trial=1 donut-ability=0
persistent PP=3,0 status=0,0
growth level/xp/item=11/742/0,10/1001/0 stats maxHP/attack,maxHP/magic=38/26,30/15 foesHP=0,0
pattern trainer=857 turn=4 foePP=35,39 foeAtkDef=6,6 CarlAtk=5 foeLevel=9
support PP=40,37 Carl-defense=6 enemy-attack=6,6
party action uses=3,40 / 0,37
frame=19025 map=34.3 pos=10,5 flags=7
party=2 HP=30/38,19/30 battle=1 battlers=4 outcome=0 PP=3,0 trial=1 donut-ability=0
persistent PP=3,0 status=0,0
growth level/xp/item=11/742/0,10/1001/0 stats maxHP/attack,maxHP/magic=38/26,30/15 foesHP=0,0
pattern trainer=857 turn=4 foePP=35,39 foeAtkDef=6,6 CarlAtk=5 foeLevel=9
support PP=40,37 Carl-defense=6 enemy-attack=6,6
party action uses=3,40 / 0,37
frame=19425 map=34.3 pos=10,5 flags=7
party=2 HP=30/38,19/30 battle=1 battlers=4 outcome=0 PP=3,0 trial=1 donut-ability=0
persistent PP=3,0 status=0,0
growth level/xp/item=11/742/0,10/1001/0 stats maxHP/attack,maxHP/magic=38/26,30/15 foesHP=0,0
pattern trainer=857 turn=4 foePP=35,39 foeAtkDef=6,6 CarlAtk=5 foeLevel=9
support PP=40,37 Carl-defense=6 enemy-attack=6,6
party action uses=3,40 / 0,37
frame=19426 map=34.3 pos=10,5 flags=7
party=2 HP=30/38,19/30 battle=1 battlers=4 outcome=0 PP=3,0 trial=1 donut-ability=0
persistent PP=3,0 status=0,0
growth level/xp/item=11/742/0,10/1001/0 stats maxHP/attack,maxHP/magic=38/26,30/15 foesHP=0,0
pattern trainer=857 turn=4 foePP=35,39 foeAtkDef=6,6 CarlAtk=5 foeLevel=9
support PP=40,37 Carl-defense=6 enemy-attack=6,6
party action uses=3,40 / 0,37
frame=19826 map=34.3 pos=10,5 flags=7
party=2 HP=30/38,19/30 battle=1 battlers=4 outcome=0 PP=3,0 trial=1 donut-ability=0
persistent PP=3,0 status=0,0
growth level/xp/item=11/748/0,10/1001/0 stats maxHP/attack,maxHP/magic=38/26,30/15 foesHP=0,0
pattern trainer=857 turn=4 foePP=35,39 foeAtkDef=6,6 CarlAtk=5 foeLevel=9
support PP=40,37 Carl-defense=6 enemy-attack=6,6
party action uses=3,40 / 0,37
frame=19827 map=34.3 pos=10,5 flags=7
party=2 HP=30/38,19/30 battle=1 battlers=4 outcome=0 PP=3,0 trial=1 donut-ability=0
persistent PP=3,0 status=0,0
growth level/xp/item=11/748/0,10/1001/0 stats maxHP/attack,maxHP/magic=38/26,30/15 foesHP=0,0
pattern trainer=857 turn=4 foePP=35,39 foeAtkDef=6,6 CarlAtk=5 foeLevel=9
support PP=40,37 Carl-defense=6 enemy-attack=6,6
party action uses=3,40 / 0,37
frame=20227 map=34.3 pos=10,5 flags=7
party=2 HP=30/38,19/30 battle=1 battlers=4 outcome=1 PP=3,0 trial=1 donut-ability=0
persistent PP=3,0 status=0,0
growth level/xp/item=11/748/0,10/1058/0 stats maxHP/attack,maxHP/magic=38/26,30/15 foesHP=0,0
pattern trainer=857 turn=4 foePP=35,39 foeAtkDef=6,6 CarlAtk=5 foeLevel=9
support PP=40,37 Carl-defense=6 enemy-attack=6,6
party action uses=3,40 / 0,37
frame=20228 map=34.3 pos=10,5 flags=7
party=2 HP=30/38,19/30 battle=1 battlers=4 outcome=1 PP=3,0 trial=1 donut-ability=0
persistent PP=3,0 status=0,0
growth level/xp/item=11/748/0,10/1058/0 stats maxHP/attack,maxHP/magic=38/26,30/15 foesHP=0,0
pattern trainer=857 turn=4 foePP=35,39 foeAtkDef=6,6 CarlAtk=5 foeLevel=9
support PP=40,37 Carl-defense=6 enemy-attack=6,6
party action uses=3,40 / 0,37
frame=20628 map=34.3 pos=10,5 flags=7
party=2 HP=30/38,19/30 battle=1 battlers=4 outcome=1 PP=3,0 trial=1 donut-ability=0
persistent PP=3,0 status=0,0
growth level/xp/item=11/748/0,10/1058/0 stats maxHP/attack,maxHP/magic=38/26,30/15 foesHP=0,0
pattern trainer=857 turn=4 foePP=35,39 foeAtkDef=6,6 CarlAtk=5 foeLevel=9
support PP=40,37 Carl-defense=6 enemy-attack=6,6
party action uses=3,40 / 0,37
frame=20629 map=34.3 pos=10,5 flags=7
party=2 HP=30/38,19/30 battle=1 battlers=4 outcome=1 PP=3,0 trial=1 donut-ability=0
persistent PP=3,0 status=0,0
growth level/xp/item=11/748/0,10/1058/0 stats maxHP/attack,maxHP/magic=38/26,30/15 foesHP=0,0
pattern trainer=857 turn=4 foePP=35,39 foeAtkDef=6,6 CarlAtk=5 foeLevel=9
support PP=40,37 Carl-defense=6 enemy-attack=6,6
party action uses=3,40 / 0,37
frame=21029 map=34.3 pos=10,5 flags=7
party=2 HP=30/38,19/30 battle=1 battlers=4 outcome=1 PP=3,0 trial=1 donut-ability=0
persistent PP=3,0 status=0,0
growth level/xp/item=11/748/0,10/1058/0 stats maxHP/attack,maxHP/magic=38/26,30/15 foesHP=0,0
pattern trainer=857 turn=4 foePP=35,39 foeAtkDef=6,6 CarlAtk=5 foeLevel=9
support PP=40,37 Carl-defense=6 enemy-attack=6,6
party action uses=3,40 / 0,37
frame=21030 map=34.3 pos=10,5 flags=7
party=2 HP=30/38,19/30 battle=1 battlers=4 outcome=1 PP=3,0 trial=1 donut-ability=0
persistent PP=3,0 status=0,0
growth level/xp/item=11/748/0,10/1058/0 stats maxHP/attack,maxHP/magic=38/26,30/15 foesHP=0,0
pattern trainer=857 turn=4 foePP=35,39 foeAtkDef=6,6 CarlAtk=5 foeLevel=9
support PP=40,37 Carl-defense=6 enemy-attack=6,6
party action uses=3,40 / 0,37
frame=21430 map=34.3 pos=10,5 flags=7
party=2 HP=30/38,19/30 battle=0 battlers=4 outcome=1 PP=3,0 trial=1 donut-ability=0
persistent PP=3,0 status=0,0
growth level/xp/item=11/748/0,10/1058/0 stats maxHP/attack,maxHP/magic=38/26,30/15 foesHP=0,0
pattern trainer=857 turn=4 foePP=35,39 foeAtkDef=6,6 CarlAtk=5 foeLevel=9
support PP=40,37 Carl-defense=6 enemy-attack=6,6
party action uses=3,40 / 0,37
frame=21431 map=34.3 pos=10,5 flags=7
party=2 HP=30/38,19/30 battle=0 battlers=4 outcome=1 PP=3,0 trial=1 donut-ability=0
persistent PP=3,0 status=0,0
growth level/xp/item=11/748/0,10/1058/0 stats maxHP/attack,maxHP/magic=38/26,30/15 foesHP=0,0
pattern trainer=857 turn=4 foePP=35,39 foeAtkDef=6,6 CarlAtk=5 foeLevel=9
support PP=40,37 Carl-defense=6 enemy-attack=6,6
party action uses=3,40 / 0,37
frame=21831 map=34.3 pos=10,5 flags=7
party=2 HP=30/38,19/30 battle=0 battlers=4 outcome=1 PP=3,0 trial=1 donut-ability=0
persistent PP=3,0 status=0,0
growth level/xp/item=11/748/0,10/1058/0 stats maxHP/attack,maxHP/magic=38/26,30/15 foesHP=0,0
pattern trainer=857 turn=4 foePP=35,39 foeAtkDef=6,6 CarlAtk=5 foeLevel=9
support PP=40,37 Carl-defense=6 enemy-attack=6,6
party action uses=3,40 / 0,37
frame=21832 map=34.3 pos=10,5 flags=7
party=2 HP=30/38,19/30 battle=0 battlers=4 outcome=1 PP=3,0 trial=1 donut-ability=0
persistent PP=3,0 status=0,0
growth level/xp/item=11/748/0,10/1058/0 stats maxHP/attack,maxHP/magic=38/26,30/15 foesHP=0,0
pattern trainer=857 turn=4 foePP=35,39 foeAtkDef=6,6 CarlAtk=5 foeLevel=9
support PP=40,37 Carl-defense=6 enemy-attack=6,6
party action uses=3,40 / 0,37
frame=22232 map=34.3 pos=10,5 flags=7
party=2 HP=30/38,19/30 battle=0 battlers=4 outcome=1 PP=3,0 trial=1 donut-ability=0
persistent PP=3,0 status=0,0
growth level/xp/item=11/748/0,10/1058/0 stats maxHP/attack,maxHP/magic=38/26,30/15 foesHP=0,0
pattern trainer=857 turn=4 foePP=35,39 foeAtkDef=6,6 CarlAtk=5 foeLevel=9
support PP=40,37 Carl-defense=6 enemy-attack=6,6
party action uses=3,40 / 0,37
frame=22233 map=34.3 pos=10,5 flags=7
party=2 HP=30/38,19/30 battle=0 battlers=4 outcome=1 PP=3,0 trial=1 donut-ability=0
persistent PP=3,0 status=0,0
growth level/xp/item=11/748/0,10/1058/0 stats maxHP/attack,maxHP/magic=38/26,30/15 foesHP=0,0
pattern trainer=857 turn=4 foePP=35,39 foeAtkDef=6,6 CarlAtk=5 foeLevel=9
support PP=40,37 Carl-defense=6 enemy-attack=6,6
party action uses=3,40 / 0,37
frame=22353 map=34.3 pos=10,5 flags=7
party=2 HP=30/38,19/30 battle=0 battlers=4 outcome=1 PP=3,0 trial=1 donut-ability=0
persistent PP=3,0 status=0,0
growth level/xp/item=11/748/0,10/1058/0 stats maxHP/attack,maxHP/magic=38/26,30/15 foesHP=0,0
pattern trainer=857 turn=4 foePP=35,39 foeAtkDef=6,6 CarlAtk=5 foeLevel=9
support PP=40,37 Carl-defense=6 enemy-attack=6,6
party action uses=3,40 / 0,37
frame=22353 map=34.3 pos=10,5 flags=7
party=2 HP=30/38,19/30 battle=0 battlers=4 outcome=1 PP=3,0 trial=1 donut-ability=0
persistent PP=3,0 status=0,0
growth level/xp/item=11/748/0,10/1058/0 stats maxHP/attack,maxHP/magic=38/26,30/15 foesHP=0,0
pattern trainer=857 turn=4 foePP=35,39 foeAtkDef=6,6 CarlAtk=5 foeLevel=9
support PP=40,37 Carl-defense=6 enemy-attack=6,6
party action uses=3,40 / 0,37
PASS battle 0 4 1 3 0 1 0
frame=22353 map=34.3 pos=10,5 flags=7
party=2 HP=30/38,19/30 battle=0 battlers=4 outcome=1 PP=3,0 trial=1 donut-ability=0
persistent PP=3,0 status=0,0
growth level/xp/item=11/748/0,10/1058/0 stats maxHP/attack,maxHP/magic=38/26,30/15 foesHP=0,0
PASS flag 2136 1
pattern trainer=857 turn=4 foePP=35,39 foeAtkDef=6,6 CarlAtk=5 foeLevel=9
support PP=40,37 Carl-defense=6 enemy-attack=6,6
party action uses=3,40 / 0,37
frame=22353 map=34.3 pos=10,5 flags=7
party=2 HP=30/38,19/30 battle=0 battlers=4 outcome=1 PP=3,0 trial=1 donut-ability=0
persistent PP=3,0 status=0,0
growth level/xp/item=11/748/0,10/1058/0 stats maxHP/attack,maxHP/magic=38/26,30/15 foesHP=0,0
PASS flag 2137 1
pattern trainer=857 turn=4 foePP=35,39 foeAtkDef=6,6 CarlAtk=5 foeLevel=9
support PP=40,37 Carl-defense=6 enemy-attack=6,6
party action uses=3,40 / 0,37
frame=22353 map=34.3 pos=10,5 flags=7
party=2 HP=30/38,19/30 battle=0 battlers=4 outcome=1 PP=3,0 trial=1 donut-ability=0
persistent PP=3,0 status=0,0
growth level/xp/item=11/748/0,10/1058/0 stats maxHP/attack,maxHP/magic=38/26,30/15 foesHP=0,0
PASS flag 47 0
pattern trainer=857 turn=4 foePP=35,39 foeAtkDef=6,6 CarlAtk=5 foeLevel=9
support PP=40,37 Carl-defense=6 enemy-attack=6,6
party action uses=3,40 / 0,37
frame=22353 map=34.3 pos=10,5 flags=7
party=2 HP=30/38,19/30 battle=0 battlers=4 outcome=1 PP=3,0 trial=1 donut-ability=0
persistent PP=3,0 status=0,0
growth level/xp/item=11/748/0,10/1058/0 stats maxHP/attack,maxHP/magic=38/26,30/15 foesHP=0,0
PASS growth 11 748 0 10 1058 0
pattern trainer=857 turn=4 foePP=35,39 foeAtkDef=6,6 CarlAtk=5 foeLevel=9
support PP=40,37 Carl-defense=6 enemy-attack=6,6
party action uses=3,40 / 0,37
frame=22353 map=34.3 pos=10,5 flags=7
party=2 HP=30/38,19/30 battle=0 battlers=4 outcome=1 PP=3,0 trial=1 donut-ability=0
persistent PP=3,0 status=0,0
PASS roster 30 19 3 0 0 0
growth level/xp/item=11/748/0,10/1058/0 stats maxHP/attack,maxHP/magic=38/26,30/15 foesHP=0,0
pattern trainer=857 turn=4 foePP=35,39 foeAtkDef=6,6 CarlAtk=5 foeLevel=9
support PP=40,37 Carl-defense=6 enemy-attack=6,6
party action uses=3,40 / 0,37
frame=22353 map=34.3 pos=10,5 flags=7
party=2 HP=30/38,19/30 battle=0 battlers=4 outcome=1 PP=3,0 trial=1 donut-ability=0
persistent PP=3,0 status=0,0
growth level/xp/item=11/748/0,10/1058/0 stats maxHP/attack,maxHP/magic=38/26,30/15 foesHP=0,0
pattern trainer=857 turn=4 foePP=35,39 foeAtkDef=6,6 CarlAtk=5 foeLevel=9
support PP=40,37 Carl-defense=6 enemy-attack=6,6
party action uses=3,40 / 0,37
PASS uses 3 40 0 37
frame=22354 map=34.3 pos=10,5 flags=7
party=2 HP=30/38,19/30 battle=0 battlers=4 outcome=1 PP=3,0 trial=1 donut-ability=0
persistent PP=3,0 status=0,0
growth level/xp/item=11/748/0,10/1058/0 stats maxHP/attack,maxHP/magic=38/26,30/15 foesHP=0,0
pattern trainer=857 turn=4 foePP=35,39 foeAtkDef=6,6 CarlAtk=5 foeLevel=9
support PP=40,37 Carl-defense=6 enemy-attack=6,6
party action uses=3,40 / 0,37
frame=22754 map=34.3 pos=10,5 flags=7
party=2 HP=30/38,19/30 battle=0 battlers=4 outcome=1 PP=3,0 trial=1 donut-ability=0
persistent PP=3,0 status=0,0
growth level/xp/item=11/748/0,10/1058/0 stats maxHP/attack,maxHP/magic=38/26,30/15 foesHP=0,0
pattern trainer=857 turn=4 foePP=35,39 foeAtkDef=6,6 CarlAtk=5 foeLevel=9
support PP=40,37 Carl-defense=6 enemy-attack=6,6
party action uses=3,40 / 0,37
frame=22754 map=34.3 pos=10,5 flags=7
party=2 HP=30/38,19/30 battle=0 battlers=4 outcome=1 PP=3,0 trial=1 donut-ability=0
persistent PP=3,0 status=0,0
growth level/xp/item=11/748/0,10/1058/0 stats maxHP/attack,maxHP/magic=38/26,30/15 foesHP=0,0
PASS growth 11 748 0 10 1058 0
pattern trainer=857 turn=4 foePP=35,39 foeAtkDef=6,6 CarlAtk=5 foeLevel=9
support PP=40,37 Carl-defense=6 enemy-attack=6,6
party action uses=3,40 / 0,37
frame=22755 map=34.3 pos=10,5 flags=7
party=2 HP=30/38,19/30 battle=0 battlers=4 outcome=1 PP=3,0 trial=1 donut-ability=0
persistent PP=3,0 status=0,0
growth level/xp/item=11/748/0,10/1058/0 stats maxHP/attack,maxHP/magic=38/26,30/15 foesHP=0,0
pattern trainer=857 turn=4 foePP=35,39 foeAtkDef=6,6 CarlAtk=5 foeLevel=9
support PP=40,37 Carl-defense=6 enemy-attack=6,6
party action uses=3,40 / 0,37
frame=22875 map=34.3 pos=10,5 flags=7
party=2 HP=30/38,19/30 battle=0 battlers=4 outcome=1 PP=3,0 trial=1 donut-ability=0
persistent PP=3,0 status=0,0
growth level/xp/item=11/748/0,10/1058/0 stats maxHP/attack,maxHP/magic=38/26,30/15 foesHP=0,0
pattern trainer=857 turn=4 foePP=35,39 foeAtkDef=6,6 CarlAtk=5 foeLevel=9
support PP=40,37 Carl-defense=6 enemy-attack=6,6
party action uses=3,40 / 0,37
frame=22876 map=34.3 pos=10,5 flags=7
party=2 HP=30/38,19/30 battle=0 battlers=4 outcome=1 PP=3,0 trial=1 donut-ability=0
persistent PP=3,0 status=0,0
growth level/xp/item=11/748/0,10/1058/0 stats maxHP/attack,maxHP/magic=38/26,30/15 foesHP=0,0
pattern trainer=857 turn=4 foePP=35,39 foeAtkDef=6,6 CarlAtk=5 foeLevel=9
support PP=40,37 Carl-defense=6 enemy-attack=6,6
party action uses=3,40 / 0,37
frame=22996 map=34.3 pos=10,5 flags=7
party=2 HP=30/38,19/30 battle=0 battlers=4 outcome=1 PP=3,0 trial=1 donut-ability=0
persistent PP=3,0 status=0,0
growth level/xp/item=11/748/0,10/1058/0 stats maxHP/attack,maxHP/magic=38/26,30/15 foesHP=0,0
pattern trainer=857 turn=4 foePP=35,39 foeAtkDef=6,6 CarlAtk=5 foeLevel=9
support PP=40,37 Carl-defense=6 enemy-attack=6,6
party action uses=3,40 / 0,37
frame=22997 map=34.3 pos=10,5 flags=7
party=2 HP=30/38,19/30 battle=0 battlers=4 outcome=1 PP=3,0 trial=1 donut-ability=0
persistent PP=3,0 status=0,0
growth level/xp/item=11/748/0,10/1058/0 stats maxHP/attack,maxHP/magic=38/26,30/15 foesHP=0,0
pattern trainer=857 turn=4 foePP=35,39 foeAtkDef=6,6 CarlAtk=5 foeLevel=9
support PP=40,37 Carl-defense=6 enemy-attack=6,6
party action uses=3,40 / 0,37
frame=23017 map=34.3 pos=10,5 flags=7
party=2 HP=30/38,19/30 battle=0 battlers=4 outcome=1 PP=3,0 trial=1 donut-ability=0
persistent PP=3,0 status=0,0
growth level/xp/item=11/748/0,10/1058/0 stats maxHP/attack,maxHP/magic=38/26,30/15 foesHP=0,0
pattern trainer=857 turn=4 foePP=35,39 foeAtkDef=6,6 CarlAtk=5 foeLevel=9
support PP=40,37 Carl-defense=6 enemy-attack=6,6
party action uses=3,40 / 0,37
frame=23018 map=34.3 pos=10,5 flags=7
party=2 HP=30/38,19/30 battle=0 battlers=4 outcome=1 PP=3,0 trial=1 donut-ability=0
persistent PP=3,0 status=0,0
growth level/xp/item=11/748/0,10/1058/0 stats maxHP/attack,maxHP/magic=38/26,30/15 foesHP=0,0
pattern trainer=857 turn=4 foePP=35,39 foeAtkDef=6,6 CarlAtk=5 foeLevel=9
support PP=40,37 Carl-defense=6 enemy-attack=6,6
party action uses=3,40 / 0,37
frame=23038 map=34.3 pos=10,5 flags=7
party=2 HP=30/38,19/30 battle=0 battlers=4 outcome=1 PP=3,0 trial=1 donut-ability=0
persistent PP=3,0 status=0,0
growth level/xp/item=11/748/0,10/1058/0 stats maxHP/attack,maxHP/magic=38/26,30/15 foesHP=0,0
pattern trainer=857 turn=4 foePP=35,39 foeAtkDef=6,6 CarlAtk=5 foeLevel=9
support PP=40,37 Carl-defense=6 enemy-attack=6,6
party action uses=3,40 / 0,37
frame=23039 map=34.3 pos=10,5 flags=7
party=2 HP=30/38,19/30 battle=0 battlers=4 outcome=1 PP=3,0 trial=1 donut-ability=0
persistent PP=3,0 status=0,0
growth level/xp/item=11/748/0,10/1058/0 stats maxHP/attack,maxHP/magic=38/26,30/15 foesHP=0,0
pattern trainer=857 turn=4 foePP=35,39 foeAtkDef=6,6 CarlAtk=5 foeLevel=9
support PP=40,37 Carl-defense=6 enemy-attack=6,6
party action uses=3,40 / 0,37
frame=23199 map=34.3 pos=10,5 flags=7
party=2 HP=30/38,19/30 battle=0 battlers=4 outcome=1 PP=3,0 trial=1 donut-ability=0
persistent PP=3,0 status=0,0
growth level/xp/item=11/748/0,10/1058/0 stats maxHP/attack,maxHP/magic=38/26,30/15 foesHP=0,0
pattern trainer=857 turn=4 foePP=35,39 foeAtkDef=6,6 CarlAtk=5 foeLevel=9
support PP=40,37 Carl-defense=6 enemy-attack=6,6
party action uses=3,40 / 0,37
frame=23200 map=34.3 pos=10,5 flags=7
party=2 HP=30/38,19/30 battle=0 battlers=4 outcome=1 PP=3,0 trial=1 donut-ability=0
persistent PP=3,0 status=0,0
growth level/xp/item=11/748/0,10/1058/0 stats maxHP/attack,maxHP/magic=38/26,30/15 foesHP=0,0
pattern trainer=857 turn=4 foePP=35,39 foeAtkDef=6,6 CarlAtk=5 foeLevel=9
support PP=40,37 Carl-defense=6 enemy-attack=6,6
party action uses=3,40 / 0,37
frame=23380 map=34.3 pos=10,5 flags=7
party=2 HP=30/38,19/30 battle=0 battlers=4 outcome=1 PP=3,0 trial=1 donut-ability=0
persistent PP=3,0 status=0,0
growth level/xp/item=11/748/0,10/1058/0 stats maxHP/attack,maxHP/magic=38/26,30/15 foesHP=0,0
pattern trainer=857 turn=4 foePP=35,39 foeAtkDef=6,6 CarlAtk=5 foeLevel=9
support PP=40,37 Carl-defense=6 enemy-attack=6,6
party action uses=3,40 / 0,37
frame=23381 map=34.3 pos=10,5 flags=7
party=2 HP=30/38,19/30 battle=0 battlers=4 outcome=1 PP=3,0 trial=1 donut-ability=0
persistent PP=3,0 status=0,0
growth level/xp/item=11/748/0,10/1058/0 stats maxHP/attack,maxHP/magic=38/26,30/15 foesHP=0,0
pattern trainer=857 turn=4 foePP=35,39 foeAtkDef=6,6 CarlAtk=5 foeLevel=9
support PP=40,37 Carl-defense=6 enemy-attack=6,6
party action uses=3,40 / 0,37
frame=23981 map=34.3 pos=10,5 flags=7
party=2 HP=30/38,19/30 battle=0 battlers=4 outcome=1 PP=3,0 trial=1 donut-ability=0
persistent PP=3,0 status=0,0
growth level/xp/item=11/748/0,10/1058/0 stats maxHP/attack,maxHP/magic=38/26,30/15 foesHP=0,0
pattern trainer=857 turn=4 foePP=35,39 foeAtkDef=6,6 CarlAtk=5 foeLevel=9
support PP=40,37 Carl-defense=6 enemy-attack=6,6
party action uses=3,40 / 0,37
frame=23982 map=34.3 pos=10,5 flags=7
party=2 HP=30/38,19/30 battle=0 battlers=4 outcome=1 PP=3,0 trial=1 donut-ability=0
persistent PP=3,0 status=0,0
growth level/xp/item=11/748/0,10/1058/0 stats maxHP/attack,maxHP/magic=38/26,30/15 foesHP=0,0
pattern trainer=857 turn=4 foePP=35,39 foeAtkDef=6,6 CarlAtk=5 foeLevel=9
support PP=40,37 Carl-defense=6 enemy-attack=6,6
party action uses=3,40 / 0,37
frame=24582 map=34.3 pos=10,5 flags=7
party=2 HP=30/38,19/30 battle=0 battlers=4 outcome=1 PP=3,0 trial=1 donut-ability=0
persistent PP=3,0 status=0,0
growth level/xp/item=11/748/0,10/1058/0 stats maxHP/attack,maxHP/magic=38/26,30/15 foesHP=0,0
pattern trainer=857 turn=4 foePP=35,39 foeAtkDef=6,6 CarlAtk=5 foeLevel=9
support PP=40,37 Carl-defense=6 enemy-attack=6,6
party action uses=3,40 / 0,37
frame=24582 map=34.3 pos=10,5 flags=7
party=2 HP=30/38,19/30 battle=0 battlers=4 outcome=1 PP=3,0 trial=1 donut-ability=0
persistent PP=3,0 status=0,0
growth level/xp/item=11/748/0,10/1058/0 stats maxHP/attack,maxHP/magic=38/26,30/15 foesHP=0,0
pattern trainer=857 turn=4 foePP=35,39 foeAtkDef=6,6 CarlAtk=5 foeLevel=9
support PP=40,37 Carl-defense=6 enemy-attack=6,6
party action uses=3,40 / 0,37
PASS expect 34 3 10 5 7
result=0 assertions=16
