mGBA 0.10.5; 240x160; save=normal-save.sav; read-only RAM diagnostics
frame=720 map=34.3 pos=5,5 flags=7
party=2 HP=14/36,6/28 battle=0 battlers=0 outcome=0 PP=0,0 trial=1 donut-ability=0
persistent PP=1,0 status=0,0
growth level/xp/item=10/627/0,9/937/0 stats maxHP/attack,maxHP/magic=36/25,28/14 foesHP=0,0
pattern trainer=0 turn=0 foePP=0,0 foeAtkDef=0,0 CarlAtk=0 foeLevel=0
support PP=0,0 Carl-defense=0 enemy-attack=0,0
party action uses=1,38 / 0,33
frame=721 map=34.3 pos=5,5 flags=7
party=2 HP=14/36,6/28 battle=0 battlers=0 outcome=0 PP=0,0 trial=1 donut-ability=0
persistent PP=1,0 status=0,0
growth level/xp/item=10/627/0,9/937/0 stats maxHP/attack,maxHP/magic=36/25,28/14 foesHP=0,0
pattern trainer=0 turn=0 foePP=0,0 foeAtkDef=0,0 CarlAtk=0 foeLevel=0
support PP=0,0 Carl-defense=0 enemy-attack=0,0
party action uses=1,38 / 0,33
frame=1081 map=34.3 pos=5,5 flags=7
party=2 HP=14/36,6/28 battle=0 battlers=0 outcome=0 PP=0,0 trial=1 donut-ability=0
persistent PP=1,0 status=0,0
growth level/xp/item=10/627/0,9/937/0 stats maxHP/attack,maxHP/magic=36/25,28/14 foesHP=0,0
pattern trainer=0 turn=0 foePP=0,0 foeAtkDef=0,0 CarlAtk=0 foeLevel=0
support PP=0,0 Carl-defense=0 enemy-attack=0,0
party action uses=1,38 / 0,33
frame=1082 map=34.3 pos=5,5 flags=7
party=2 HP=14/36,6/28 battle=0 battlers=0 outcome=0 PP=0,0 trial=1 donut-ability=0
persistent PP=1,0 status=0,0
growth level/xp/item=10/627/0,9/937/0 stats maxHP/attack,maxHP/magic=36/25,28/14 foesHP=0,0
pattern trainer=0 turn=0 foePP=0,0 foeAtkDef=0,0 CarlAtk=0 foeLevel=0
support PP=0,0 Carl-defense=0 enemy-attack=0,0
party action uses=1,38 / 0,33
frame=1262 map=34.3 pos=5,5 flags=7
party=2 HP=14/36,6/28 battle=0 battlers=0 outcome=0 PP=0,0 trial=1 donut-ability=0
persistent PP=1,0 status=0,0
growth level/xp/item=10/627/0,9/937/0 stats maxHP/attack,maxHP/magic=36/25,28/14 foesHP=0,0
pattern trainer=0 turn=0 foePP=0,0 foeAtkDef=0,0 CarlAtk=0 foeLevel=0
support PP=0,0 Carl-defense=0 enemy-attack=0,0
party action uses=1,38 / 0,33
frame=1263 map=34.3 pos=5,5 flags=7
party=2 HP=14/36,6/28 battle=0 battlers=0 outcome=0 PP=0,0 trial=1 donut-ability=0
persistent PP=1,0 status=0,0
growth level/xp/item=10/627/0,9/937/0 stats maxHP/attack,maxHP/magic=36/25,28/14 foesHP=0,0
pattern trainer=0 turn=0 foePP=0,0 foeAtkDef=0,0 CarlAtk=0 foeLevel=0
support PP=0,0 Carl-defense=0 enemy-attack=0,0
party action uses=1,38 / 0,33
frame=1443 map=34.3 pos=5,5 flags=7
party=2 HP=14/36,6/28 battle=0 battlers=0 outcome=0 PP=0,0 trial=1 donut-ability=0
persistent PP=1,0 status=0,0
growth level/xp/item=10/627/0,9/937/0 stats maxHP/attack,maxHP/magic=36/25,28/14 foesHP=0,0
pattern trainer=0 turn=0 foePP=0,0 foeAtkDef=0,0 CarlAtk=0 foeLevel=0
support PP=0,0 Carl-defense=0 enemy-attack=0,0
party action uses=1,38 / 0,33
frame=1444 map=34.3 pos=5,5 flags=7
party=2 HP=14/36,6/28 battle=0 battlers=0 outcome=0 PP=0,0 trial=1 donut-ability=0
persistent PP=1,0 status=0,0
growth level/xp/item=10/627/0,9/937/0 stats maxHP/attack,maxHP/magic=36/25,28/14 foesHP=0,0
pattern trainer=0 turn=0 foePP=0,0 foeAtkDef=0,0 CarlAtk=0 foeLevel=0
support PP=0,0 Carl-defense=0 enemy-attack=0,0
party action uses=1,38 / 0,33
frame=2044 map=34.3 pos=5,5 flags=7
party=2 HP=14/36,6/28 battle=0 battlers=0 outcome=0 PP=0,0 trial=1 donut-ability=0
persistent PP=1,0 status=0,0
growth level/xp/item=10/627/0,9/937/0 stats maxHP/attack,maxHP/magic=36/25,28/14 foesHP=0,0
pattern trainer=0 turn=0 foePP=0,0 foeAtkDef=0,0 CarlAtk=0 foeLevel=0
support PP=0,0 Carl-defense=0 enemy-attack=0,0
party action uses=1,38 / 0,33
frame=2044 map=34.3 pos=5,5 flags=7
party=2 HP=14/36,6/28 battle=0 battlers=0 outcome=0 PP=0,0 trial=1 donut-ability=0
persistent PP=1,0 status=0,0
growth level/xp/item=10/627/0,9/937/0 stats maxHP/attack,maxHP/magic=36/25,28/14 foesHP=0,0
pattern trainer=0 turn=0 foePP=0,0 foeAtkDef=0,0 CarlAtk=0 foeLevel=0
support PP=0,0 Carl-defense=0 enemy-attack=0,0
party action uses=1,38 / 0,33
PASS expect 34 3 5 5 7
frame=2044 map=34.3 pos=5,5 flags=7
party=2 HP=14/36,6/28 battle=0 battlers=0 outcome=0 PP=0,0 trial=1 donut-ability=0
persistent PP=1,0 status=0,0
growth level/xp/item=10/627/0,9/937/0 stats maxHP/attack,maxHP/magic=36/25,28/14 foesHP=0,0
PASS flag 2136 1
pattern trainer=0 turn=0 foePP=0,0 foeAtkDef=0,0 CarlAtk=0 foeLevel=0
support PP=0,0 Carl-defense=0 enemy-attack=0,0
party action uses=1,38 / 0,33
frame=2044 map=34.3 pos=5,5 flags=7
party=2 HP=14/36,6/28 battle=0 battlers=0 outcome=0 PP=0,0 trial=1 donut-ability=0
persistent PP=1,0 status=0,0
growth level/xp/item=10/627/0,9/937/0 stats maxHP/attack,maxHP/magic=36/25,28/14 foesHP=0,0
PASS flag 2137 0
pattern trainer=0 turn=0 foePP=0,0 foeAtkDef=0,0 CarlAtk=0 foeLevel=0
support PP=0,0 Carl-defense=0 enemy-attack=0,0
party action uses=1,38 / 0,33
frame=2044 map=34.3 pos=5,5 flags=7
party=2 HP=14/36,6/28 battle=0 battlers=0 outcome=0 PP=0,0 trial=1 donut-ability=0
persistent PP=1,0 status=0,0
growth level/xp/item=10/627/0,9/937/0 stats maxHP/attack,maxHP/magic=36/25,28/14 foesHP=0,0
PASS flag 47 0
pattern trainer=0 turn=0 foePP=0,0 foeAtkDef=0,0 CarlAtk=0 foeLevel=0
support PP=0,0 Carl-defense=0 enemy-attack=0,0
party action uses=1,38 / 0,33
frame=2045 map=34.3 pos=5,5 flags=7
party=2 HP=14/36,6/28 battle=0 battlers=0 outcome=0 PP=0,0 trial=1 donut-ability=0
persistent PP=1,0 status=0,0
growth level/xp/item=10/627/0,9/937/0 stats maxHP/attack,maxHP/magic=36/25,28/14 foesHP=0,0
pattern trainer=0 turn=0 foePP=0,0 foeAtkDef=0,0 CarlAtk=0 foeLevel=0
support PP=0,0 Carl-defense=0 enemy-attack=0,0
party action uses=1,38 / 0,33
frame=2165 map=34.3 pos=5,5 flags=7
party=2 HP=14/36,6/28 battle=0 battlers=0 outcome=0 PP=0,0 trial=1 donut-ability=0
persistent PP=1,0 status=0,0
growth level/xp/item=10/627/0,9/937/0 stats maxHP/attack,maxHP/magic=36/25,28/14 foesHP=0,0
pattern trainer=0 turn=0 foePP=0,0 foeAtkDef=0,0 CarlAtk=0 foeLevel=0
support PP=0,0 Carl-defense=0 enemy-attack=0,0
party action uses=1,38 / 0,33
frame=2166 map=34.3 pos=5,5 flags=7
party=2 HP=14/36,6/28 battle=0 battlers=0 outcome=0 PP=0,0 trial=1 donut-ability=0
persistent PP=1,0 status=0,0
growth level/xp/item=10/627/0,9/937/0 stats maxHP/attack,maxHP/magic=36/25,28/14 foesHP=0,0
pattern trainer=0 turn=0 foePP=0,0 foeAtkDef=0,0 CarlAtk=0 foeLevel=0
support PP=0,0 Carl-defense=0 enemy-attack=0,0
party action uses=1,38 / 0,33
frame=2186 map=34.3 pos=5,5 flags=7
party=2 HP=14/36,6/28 battle=0 battlers=0 outcome=0 PP=0,0 trial=1 donut-ability=0
persistent PP=1,0 status=0,0
growth level/xp/item=10/627/0,9/937/0 stats maxHP/attack,maxHP/magic=36/25,28/14 foesHP=0,0
pattern trainer=0 turn=0 foePP=0,0 foeAtkDef=0,0 CarlAtk=0 foeLevel=0
support PP=0,0 Carl-defense=0 enemy-attack=0,0
party action uses=1,38 / 0,33
frame=2187 map=34.3 pos=5,5 flags=7
party=2 HP=14/36,6/28 battle=0 battlers=0 outcome=0 PP=0,0 trial=1 donut-ability=0
persistent PP=1,0 status=0,0
growth level/xp/item=10/627/0,9/937/0 stats maxHP/attack,maxHP/magic=36/25,28/14 foesHP=0,0
pattern trainer=0 turn=0 foePP=0,0 foeAtkDef=0,0 CarlAtk=0 foeLevel=0
support PP=0,0 Carl-defense=0 enemy-attack=0,0
party action uses=1,38 / 0,33
frame=2207 map=34.3 pos=5,5 flags=7
party=2 HP=14/36,6/28 battle=0 battlers=0 outcome=0 PP=0,0 trial=1 donut-ability=0
persistent PP=1,0 status=0,0
growth level/xp/item=10/627/0,9/937/0 stats maxHP/attack,maxHP/magic=36/25,28/14 foesHP=0,0
pattern trainer=0 turn=0 foePP=0,0 foeAtkDef=0,0 CarlAtk=0 foeLevel=0
support PP=0,0 Carl-defense=0 enemy-attack=0,0
party action uses=1,38 / 0,33
frame=2208 map=34.3 pos=5,5 flags=7
party=2 HP=14/36,6/28 battle=0 battlers=0 outcome=0 PP=0,0 trial=1 donut-ability=0
persistent PP=1,0 status=0,0
growth level/xp/item=10/627/0,9/937/0 stats maxHP/attack,maxHP/magic=36/25,28/14 foesHP=0,0
pattern trainer=0 turn=0 foePP=0,0 foeAtkDef=0,0 CarlAtk=0 foeLevel=0
support PP=0,0 Carl-defense=0 enemy-attack=0,0
party action uses=1,38 / 0,33
frame=2228 map=34.3 pos=5,5 flags=7
party=2 HP=14/36,6/28 battle=0 battlers=0 outcome=0 PP=0,0 trial=1 donut-ability=0
persistent PP=1,0 status=0,0
growth level/xp/item=10/627/0,9/937/0 stats maxHP/attack,maxHP/magic=36/25,28/14 foesHP=0,0
pattern trainer=0 turn=0 foePP=0,0 foeAtkDef=0,0 CarlAtk=0 foeLevel=0
support PP=0,0 Carl-defense=0 enemy-attack=0,0
party action uses=1,38 / 0,33
frame=2229 map=34.3 pos=5,5 flags=7
party=2 HP=14/36,6/28 battle=0 battlers=0 outcome=0 PP=0,0 trial=1 donut-ability=0
persistent PP=1,0 status=0,0
growth level/xp/item=10/627/0,9/937/0 stats maxHP/attack,maxHP/magic=36/25,28/14 foesHP=0,0
pattern trainer=0 turn=0 foePP=0,0 foeAtkDef=0,0 CarlAtk=0 foeLevel=0
support PP=0,0 Carl-defense=0 enemy-attack=0,0
party action uses=1,38 / 0,33
frame=2249 map=34.3 pos=5,5 flags=7
party=2 HP=14/36,6/28 battle=0 battlers=0 outcome=0 PP=0,0 trial=1 donut-ability=0
persistent PP=1,0 status=0,0
growth level/xp/item=10/627/0,9/937/0 stats maxHP/attack,maxHP/magic=36/25,28/14 foesHP=0,0
pattern trainer=0 turn=0 foePP=0,0 foeAtkDef=0,0 CarlAtk=0 foeLevel=0
support PP=0,0 Carl-defense=0 enemy-attack=0,0
party action uses=1,38 / 0,33
frame=2250 map=34.3 pos=5,5 flags=7
party=2 HP=14/36,6/28 battle=0 battlers=0 outcome=0 PP=0,0 trial=1 donut-ability=0
persistent PP=1,0 status=0,0
growth level/xp/item=10/627/0,9/937/0 stats maxHP/attack,maxHP/magic=36/25,28/14 foesHP=0,0
pattern trainer=0 turn=0 foePP=0,0 foeAtkDef=0,0 CarlAtk=0 foeLevel=0
support PP=0,0 Carl-defense=0 enemy-attack=0,0
party action uses=1,38 / 0,33
frame=2650 map=34.3 pos=5,5 flags=7
party=2 HP=14/36,6/28 battle=0 battlers=0 outcome=0 PP=0,0 trial=1 donut-ability=0
persistent PP=1,0 status=0,0
growth level/xp/item=10/627/0,9/937/0 stats maxHP/attack,maxHP/magic=36/25,28/14 foesHP=0,0
pattern trainer=0 turn=0 foePP=0,0 foeAtkDef=0,0 CarlAtk=0 foeLevel=0
support PP=0,0 Carl-defense=0 enemy-attack=0,0
party action uses=1,38 / 0,33
frame=2651 map=34.3 pos=5,5 flags=7
party=2 HP=14/36,6/28 battle=0 battlers=0 outcome=0 PP=0,0 trial=1 donut-ability=0
persistent PP=1,0 status=0,0
growth level/xp/item=10/627/0,9/937/0 stats maxHP/attack,maxHP/magic=36/25,28/14 foesHP=0,0
pattern trainer=0 turn=0 foePP=0,0 foeAtkDef=0,0 CarlAtk=0 foeLevel=0
support PP=0,0 Carl-defense=0 enemy-attack=0,0
party action uses=1,38 / 0,33
frame=3051 map=34.3 pos=5,5 flags=7
party=2 HP=14/36,6/28 battle=0 battlers=0 outcome=0 PP=0,0 trial=1 donut-ability=0
persistent PP=1,0 status=0,0
growth level/xp/item=10/627/0,9/937/0 stats maxHP/attack,maxHP/magic=36/25,28/14 foesHP=0,0
pattern trainer=0 turn=0 foePP=0,0 foeAtkDef=0,0 CarlAtk=0 foeLevel=0
support PP=0,0 Carl-defense=0 enemy-attack=0,0
party action uses=1,38 / 0,33
frame=3052 map=34.3 pos=5,5 flags=7
party=2 HP=14/36,6/28 battle=0 battlers=0 outcome=0 PP=0,0 trial=1 donut-ability=0
persistent PP=1,0 status=0,0
growth level/xp/item=10/627/0,9/937/0 stats maxHP/attack,maxHP/magic=36/25,28/14 foesHP=0,0
pattern trainer=0 turn=0 foePP=0,0 foeAtkDef=0,0 CarlAtk=0 foeLevel=0
support PP=0,0 Carl-defense=0 enemy-attack=0,0
party action uses=1,38 / 0,33
frame=3452 map=34.3 pos=5,5 flags=7
party=2 HP=14/36,6/28 battle=0 battlers=0 outcome=0 PP=0,0 trial=1 donut-ability=0
persistent PP=1,0 status=0,0
growth level/xp/item=10/627/0,9/937/0 stats maxHP/attack,maxHP/magic=36/25,28/14 foesHP=0,0
pattern trainer=0 turn=0 foePP=0,0 foeAtkDef=0,0 CarlAtk=0 foeLevel=0
support PP=0,0 Carl-defense=0 enemy-attack=0,0
party action uses=1,38 / 0,33
frame=3453 map=34.3 pos=5,5 flags=7
party=2 HP=14/36,6/28 battle=0 battlers=0 outcome=0 PP=0,0 trial=1 donut-ability=0
persistent PP=1,0 status=0,0
growth level/xp/item=10/627/0,9/937/0 stats maxHP/attack,maxHP/magic=36/25,28/14 foesHP=0,0
pattern trainer=0 turn=0 foePP=0,0 foeAtkDef=0,0 CarlAtk=0 foeLevel=0
support PP=0,0 Carl-defense=0 enemy-attack=0,0
party action uses=1,38 / 0,33
frame=3853 map=34.3 pos=5,5 flags=7
party=2 HP=14/36,6/28 battle=0 battlers=0 outcome=0 PP=0,0 trial=1 donut-ability=0
persistent PP=1,0 status=0,0
growth level/xp/item=10/627/0,9/937/0 stats maxHP/attack,maxHP/magic=36/25,28/14 foesHP=0,0
pattern trainer=0 turn=0 foePP=0,0 foeAtkDef=0,0 CarlAtk=0 foeLevel=0
support PP=0,0 Carl-defense=0 enemy-attack=0,0
party action uses=1,38 / 0,33
frame=3854 map=34.3 pos=5,5 flags=7
party=2 HP=14/36,6/28 battle=0 battlers=0 outcome=0 PP=0,0 trial=1 donut-ability=0
persistent PP=1,0 status=0,0
growth level/xp/item=10/627/0,9/937/0 stats maxHP/attack,maxHP/magic=36/25,28/14 foesHP=0,0
pattern trainer=0 turn=0 foePP=0,0 foeAtkDef=0,0 CarlAtk=0 foeLevel=0
support PP=0,0 Carl-defense=0 enemy-attack=0,0
party action uses=1,38 / 0,33
frame=4254 map=34.3 pos=5,5 flags=7
party=2 HP=14/36,6/28 battle=0 battlers=0 outcome=0 PP=0,0 trial=1 donut-ability=0
persistent PP=1,0 status=0,0
growth level/xp/item=10/627/0,9/937/0 stats maxHP/attack,maxHP/magic=36/25,28/14 foesHP=0,0
pattern trainer=0 turn=0 foePP=0,0 foeAtkDef=0,0 CarlAtk=0 foeLevel=0
support PP=0,0 Carl-defense=0 enemy-attack=0,0
party action uses=1,38 / 0,33
frame=4254 map=34.3 pos=5,5 flags=7
party=2 HP=14/36,6/28 battle=0 battlers=0 outcome=0 PP=0,0 trial=1 donut-ability=0
persistent PP=1,0 status=0,0
growth level/xp/item=10/627/0,9/937/0 stats maxHP/attack,maxHP/magic=36/25,28/14 foesHP=0,0
pattern trainer=0 turn=0 foePP=0,0 foeAtkDef=0,0 CarlAtk=0 foeLevel=0
support PP=0,0 Carl-defense=0 enemy-attack=0,0
party action uses=1,38 / 0,33
PASS expect 34 3 5 5 7
frame=4254 map=34.3 pos=5,5 flags=7
party=2 HP=14/36,6/28 battle=0 battlers=0 outcome=0 PP=0,0 trial=1 donut-ability=0
persistent PP=1,0 status=0,0
growth level/xp/item=10/627/0,9/937/0 stats maxHP/attack,maxHP/magic=36/25,28/14 foesHP=0,0
PASS flag 2136 1
pattern trainer=0 turn=0 foePP=0,0 foeAtkDef=0,0 CarlAtk=0 foeLevel=0
support PP=0,0 Carl-defense=0 enemy-attack=0,0
party action uses=1,38 / 0,33
frame=4254 map=34.3 pos=5,5 flags=7
party=2 HP=14/36,6/28 battle=0 battlers=0 outcome=0 PP=0,0 trial=1 donut-ability=0
persistent PP=1,0 status=0,0
growth level/xp/item=10/627/0,9/937/0 stats maxHP/attack,maxHP/magic=36/25,28/14 foesHP=0,0
PASS flag 2137 0
pattern trainer=0 turn=0 foePP=0,0 foeAtkDef=0,0 CarlAtk=0 foeLevel=0
support PP=0,0 Carl-defense=0 enemy-attack=0,0
party action uses=1,38 / 0,33
frame=4254 map=34.3 pos=5,5 flags=7
party=2 HP=14/36,6/28 battle=0 battlers=0 outcome=0 PP=0,0 trial=1 donut-ability=0
persistent PP=1,0 status=0,0
growth level/xp/item=10/627/0,9/937/0 stats maxHP/attack,maxHP/magic=36/25,28/14 foesHP=0,0
PASS flag 47 0
pattern trainer=0 turn=0 foePP=0,0 foeAtkDef=0,0 CarlAtk=0 foeLevel=0
support PP=0,0 Carl-defense=0 enemy-attack=0,0
party action uses=1,38 / 0,33
result=0 assertions=8
