mGBA 0.10.5; 240x160; save=../guard-loss.sav; read-only RAM diagnostics
frame=720 map=34.3 pos=5,5 flags=7
party=2 HP=33/33,28/28 battle=0 battlers=0 outcome=0 PP=0,0 trial=1 donut-ability=0
persistent PP=8,2 status=0,0
growth level/xp/item=9/495/0,9/805/0 stats maxHP/attack,maxHP/magic=33/23,28/14 foesHP=0,0
pattern trainer=0 turn=0 foePP=0,0 foeAtkDef=0,0 CarlAtk=0 foeLevel=0
support PP=0,0 Carl-defense=0 enemy-attack=0,0
party action uses=8,40 / 2,40
frame=721 map=34.3 pos=5,5 flags=7
party=2 HP=33/33,28/28 battle=0 battlers=0 outcome=0 PP=0,0 trial=1 donut-ability=0
persistent PP=8,2 status=0,0
growth level/xp/item=9/495/0,9/805/0 stats maxHP/attack,maxHP/magic=33/23,28/14 foesHP=0,0
pattern trainer=0 turn=0 foePP=0,0 foeAtkDef=0,0 CarlAtk=0 foeLevel=0
support PP=0,0 Carl-defense=0 enemy-attack=0,0
party action uses=8,40 / 2,40
frame=1081 map=34.3 pos=5,5 flags=7
party=2 HP=33/33,28/28 battle=0 battlers=0 outcome=0 PP=0,0 trial=1 donut-ability=0
persistent PP=8,2 status=0,0
growth level/xp/item=9/495/0,9/805/0 stats maxHP/attack,maxHP/magic=33/23,28/14 foesHP=0,0
pattern trainer=0 turn=0 foePP=0,0 foeAtkDef=0,0 CarlAtk=0 foeLevel=0
support PP=0,0 Carl-defense=0 enemy-attack=0,0
party action uses=8,40 / 2,40
frame=1082 map=34.3 pos=5,5 flags=7
party=2 HP=33/33,28/28 battle=0 battlers=0 outcome=0 PP=0,0 trial=1 donut-ability=0
persistent PP=8,2 status=0,0
growth level/xp/item=9/495/0,9/805/0 stats maxHP/attack,maxHP/magic=33/23,28/14 foesHP=0,0
pattern trainer=0 turn=0 foePP=0,0 foeAtkDef=0,0 CarlAtk=0 foeLevel=0
support PP=0,0 Carl-defense=0 enemy-attack=0,0
party action uses=8,40 / 2,40
frame=1262 map=34.3 pos=5,5 flags=7
party=2 HP=33/33,28/28 battle=0 battlers=0 outcome=0 PP=0,0 trial=1 donut-ability=0
persistent PP=8,2 status=0,0
growth level/xp/item=9/495/0,9/805/0 stats maxHP/attack,maxHP/magic=33/23,28/14 foesHP=0,0
pattern trainer=0 turn=0 foePP=0,0 foeAtkDef=0,0 CarlAtk=0 foeLevel=0
support PP=0,0 Carl-defense=0 enemy-attack=0,0
party action uses=8,40 / 2,40
frame=1263 map=34.3 pos=5,5 flags=7
party=2 HP=33/33,28/28 battle=0 battlers=0 outcome=0 PP=0,0 trial=1 donut-ability=0
persistent PP=8,2 status=0,0
growth level/xp/item=9/495/0,9/805/0 stats maxHP/attack,maxHP/magic=33/23,28/14 foesHP=0,0
pattern trainer=0 turn=0 foePP=0,0 foeAtkDef=0,0 CarlAtk=0 foeLevel=0
support PP=0,0 Carl-defense=0 enemy-attack=0,0
party action uses=8,40 / 2,40
frame=1443 map=34.3 pos=5,5 flags=7
party=2 HP=33/33,28/28 battle=0 battlers=0 outcome=0 PP=0,0 trial=1 donut-ability=0
persistent PP=8,2 status=0,0
growth level/xp/item=9/495/0,9/805/0 stats maxHP/attack,maxHP/magic=33/23,28/14 foesHP=0,0
pattern trainer=0 turn=0 foePP=0,0 foeAtkDef=0,0 CarlAtk=0 foeLevel=0
support PP=0,0 Carl-defense=0 enemy-attack=0,0
party action uses=8,40 / 2,40
frame=1444 map=34.3 pos=5,5 flags=7
party=2 HP=33/33,28/28 battle=0 battlers=0 outcome=0 PP=0,0 trial=1 donut-ability=0
persistent PP=8,2 status=0,0
growth level/xp/item=9/495/0,9/805/0 stats maxHP/attack,maxHP/magic=33/23,28/14 foesHP=0,0
pattern trainer=0 turn=0 foePP=0,0 foeAtkDef=0,0 CarlAtk=0 foeLevel=0
support PP=0,0 Carl-defense=0 enemy-attack=0,0
party action uses=8,40 / 2,40
frame=2044 map=34.3 pos=5,5 flags=7
party=2 HP=33/33,28/28 battle=0 battlers=0 outcome=0 PP=0,0 trial=1 donut-ability=0
persistent PP=8,2 status=0,0
growth level/xp/item=9/495/0,9/805/0 stats maxHP/attack,maxHP/magic=33/23,28/14 foesHP=0,0
pattern trainer=0 turn=0 foePP=0,0 foeAtkDef=0,0 CarlAtk=0 foeLevel=0
support PP=0,0 Carl-defense=0 enemy-attack=0,0
party action uses=8,40 / 2,40
frame=2044 map=34.3 pos=5,5 flags=7
party=2 HP=33/33,28/28 battle=0 battlers=0 outcome=0 PP=0,0 trial=1 donut-ability=0
persistent PP=8,2 status=0,0
growth level/xp/item=9/495/0,9/805/0 stats maxHP/attack,maxHP/magic=33/23,28/14 foesHP=0,0
pattern trainer=0 turn=0 foePP=0,0 foeAtkDef=0,0 CarlAtk=0 foeLevel=0
support PP=0,0 Carl-defense=0 enemy-attack=0,0
party action uses=8,40 / 2,40
PASS expect 34 3 5 5 7
frame=2044 map=34.3 pos=5,5 flags=7
party=2 HP=33/33,28/28 battle=0 battlers=0 outcome=0 PP=0,0 trial=1 donut-ability=0
persistent PP=8,2 status=0,0
growth level/xp/item=9/495/0,9/805/0 stats maxHP/attack,maxHP/magic=33/23,28/14 foesHP=0,0
pattern trainer=0 turn=0 foePP=0,0 foeAtkDef=0,0 CarlAtk=0 foeLevel=0
support PP=0,0 Carl-defense=0 enemy-attack=0,0
party action uses=8,40 / 2,40
PASS duo healthy
frame=2045 map=34.3 pos=5,5 flags=7
party=2 HP=33/33,28/28 battle=0 battlers=0 outcome=0 PP=0,0 trial=1 donut-ability=0
persistent PP=8,2 status=0,0
growth level/xp/item=9/495/0,9/805/0 stats maxHP/attack,maxHP/magic=33/23,28/14 foesHP=0,0
pattern trainer=856 turn=0 foePP=0,0 foeAtkDef=0,0 CarlAtk=0 foeLevel=0
support PP=0,0 Carl-defense=0 enemy-attack=0,0
party action uses=8,40 / 2,40
frame=2445 map=34.3 pos=5,5 flags=7
party=2 HP=33/33,28/28 battle=0 battlers=0 outcome=0 PP=0,0 trial=1 donut-ability=0
persistent PP=8,2 status=0,0
growth level/xp/item=9/495/0,9/805/0 stats maxHP/attack,maxHP/magic=33/23,28/14 foesHP=0,0
pattern trainer=856 turn=0 foePP=0,0 foeAtkDef=0,0 CarlAtk=0 foeLevel=0
support PP=0,0 Carl-defense=0 enemy-attack=0,0
party action uses=8,40 / 2,40
frame=2446 map=34.3 pos=5,5 flags=7
party=2 HP=33/33,28/28 battle=0 battlers=0 outcome=0 PP=0,0 trial=1 donut-ability=0
persistent PP=8,2 status=0,0
growth level/xp/item=9/495/0,9/805/0 stats maxHP/attack,maxHP/magic=33/23,28/14 foesHP=0,0
pattern trainer=856 turn=0 foePP=0,0 foeAtkDef=0,0 CarlAtk=0 foeLevel=0
support PP=0,0 Carl-defense=0 enemy-attack=0,0
party action uses=8,40 / 2,40
frame=2846 map=34.3 pos=5,5 flags=7
party=2 HP=33/33,28/28 battle=0 battlers=0 outcome=0 PP=0,0 trial=1 donut-ability=0
persistent PP=8,2 status=0,0
growth level/xp/item=9/495/0,9/805/0 stats maxHP/attack,maxHP/magic=33/23,28/14 foesHP=0,0
pattern trainer=856 turn=0 foePP=0,0 foeAtkDef=0,0 CarlAtk=0 foeLevel=0
support PP=0,0 Carl-defense=0 enemy-attack=0,0
party action uses=8,40 / 2,40
frame=2847 map=34.3 pos=5,5 flags=7
party=2 HP=33/33,28/28 battle=0 battlers=0 outcome=0 PP=0,0 trial=1 donut-ability=0
persistent PP=8,2 status=0,0
growth level/xp/item=9/495/0,9/805/0 stats maxHP/attack,maxHP/magic=33/23,28/14 foesHP=0,0
pattern trainer=856 turn=0 foePP=0,0 foeAtkDef=0,0 CarlAtk=0 foeLevel=0
support PP=0,0 Carl-defense=0 enemy-attack=0,0
party action uses=8,40 / 2,40
frame=3747 map=34.3 pos=5,5 flags=7
party=2 HP=33/33,28/28 battle=1 battlers=4 outcome=0 PP=8,2 trial=1 donut-ability=0
persistent PP=8,2 status=0,0
growth level/xp/item=9/495/0,9/805/0 stats maxHP/attack,maxHP/magic=33/23,28/14 foesHP=29,24
pattern trainer=856 turn=0 foePP=35,40 foeAtkDef=6,6 CarlAtk=6 foeLevel=9
support PP=40,40 Carl-defense=6 enemy-attack=6,6
party action uses=8,40 / 2,40
frame=3748 map=34.3 pos=5,5 flags=7
party=2 HP=33/33,28/28 battle=1 battlers=4 outcome=0 PP=8,2 trial=1 donut-ability=0
persistent PP=8,2 status=0,0
growth level/xp/item=9/495/0,9/805/0 stats maxHP/attack,maxHP/magic=33/23,28/14 foesHP=29,24
pattern trainer=856 turn=0 foePP=35,40 foeAtkDef=6,6 CarlAtk=6 foeLevel=9
support PP=40,40 Carl-defense=6 enemy-attack=6,6
party action uses=8,40 / 2,40
frame=4348 map=34.3 pos=5,5 flags=7
party=2 HP=33/33,28/28 battle=1 battlers=4 outcome=0 PP=8,2 trial=1 donut-ability=0
persistent PP=8,2 status=0,0
growth level/xp/item=9/495/0,9/805/0 stats maxHP/attack,maxHP/magic=33/23,28/14 foesHP=29,24
pattern trainer=856 turn=0 foePP=35,40 foeAtkDef=6,6 CarlAtk=6 foeLevel=9
support PP=40,40 Carl-defense=6 enemy-attack=6,6
party action uses=8,40 / 2,40
frame=4349 map=34.3 pos=5,5 flags=7
party=2 HP=33/33,28/28 battle=1 battlers=4 outcome=0 PP=8,2 trial=1 donut-ability=0
persistent PP=8,2 status=0,0
growth level/xp/item=9/495/0,9/805/0 stats maxHP/attack,maxHP/magic=33/23,28/14 foesHP=29,24
pattern trainer=856 turn=0 foePP=35,40 foeAtkDef=6,6 CarlAtk=6 foeLevel=9
support PP=40,40 Carl-defense=6 enemy-attack=6,6
party action uses=8,40 / 2,40
frame=4949 map=34.3 pos=5,5 flags=7
party=2 HP=33/33,28/28 battle=1 battlers=4 outcome=0 PP=8,2 trial=1 donut-ability=0
persistent PP=8,2 status=0,0
growth level/xp/item=9/495/0,9/805/0 stats maxHP/attack,maxHP/magic=33/23,28/14 foesHP=29,24
pattern trainer=856 turn=0 foePP=35,40 foeAtkDef=6,6 CarlAtk=6 foeLevel=9
support PP=40,40 Carl-defense=6 enemy-attack=6,6
party action uses=8,40 / 2,40
pilot frame=4949 turn=0 actor=0 menu=2 selection=0 key=1
pilot turn=0 HP=33,28 foeHP=29,24 foeAtk=6 foeDef=6 CarlAtk=6
pilot frame=4961 turn=0 actor=0 menu=3 selection=1 key=16
pilot frame=4973 turn=0 actor=0 menu=3 selection=2 key=1
pilot frame=4985 turn=0 actor=2 menu=1 selection=0 key=1
pilot frame=4997 turn=0 actor=2 menu=2 selection=1 key=16
pilot frame=5009 turn=0 actor=2 menu=2 selection=1 key=1
pilot turn=1 HP=33,16 foeHP=29,24 foeAtk=5 foeDef=7 CarlAtk=6
pilot frame=6509 turn=1 actor=0 menu=1 selection=0 key=1
pilot frame=6521 turn=1 actor=0 menu=2 selection=0 key=1
pilot frame=6533 turn=1 actor=0 menu=3 selection=1 key=16
pilot frame=6545 turn=1 actor=0 menu=3 selection=2 key=1
pilot frame=6557 turn=1 actor=2 menu=1 selection=0 key=1
pilot frame=6569 turn=1 actor=2 menu=2 selection=1 key=1
pilot turn=2 HP=30,0 foeHP=29,24 foeAtk=4 foeDef=7 CarlAtk=6
pilot frame=8105 turn=2 actor=0 menu=1 selection=0 key=1
pilot frame=8117 turn=2 actor=0 menu=2 selection=1 key=16
pilot frame=8129 turn=2 actor=0 menu=2 selection=1 key=1
pilot turn=3 HP=24,0 foeHP=29,24 foeAtk=4 foeDef=7 CarlAtk=6
pilot frame=8957 turn=3 actor=0 menu=1 selection=0 key=1
pilot frame=8969 turn=3 actor=0 menu=2 selection=1 key=1
pilot turn=4 HP=17,0 foeHP=29,24 foeAtk=4 foeDef=7 CarlAtk=6
pilot frame=9797 turn=4 actor=0 menu=1 selection=0 key=1
pilot frame=9809 turn=4 actor=0 menu=2 selection=1 key=1
pilot turn=5 HP=1,0 foeHP=29,24 foeAtk=4 foeDef=7 CarlAtk=6
pilot frame=10769 turn=5 actor=0 menu=1 selection=0 key=1
pilot frame=10781 turn=5 actor=0 menu=2 selection=1 key=1
pilot completed policy=loss frames=6236 outcome=2 incapacitation=6
frame=11785 map=34.3 pos=5,5 flags=7
party=2 HP=33/33,28/28 battle=0 battlers=4 outcome=2 PP=6,2 trial=1 donut-ability=0
persistent PP=8,2 status=0,0
growth level/xp/item=9/495/0,9/805/0 stats maxHP/attack,maxHP/magic=33/23,28/14 foesHP=29,24
pattern trainer=856 turn=5 foePP=30,39 foeAtkDef=4,7 CarlAtk=6 foeLevel=9
support PP=37,38 Carl-defense=6 enemy-attack=4,4
party action uses=8,40 / 2,40
PASS incap 6
frame=11785 map=34.3 pos=5,5 flags=7
party=2 HP=33/33,28/28 battle=0 battlers=4 outcome=2 PP=6,2 trial=1 donut-ability=0
persistent PP=8,2 status=0,0
growth level/xp/item=9/495/0,9/805/0 stats maxHP/attack,maxHP/magic=33/23,28/14 foesHP=29,24
pattern trainer=856 turn=5 foePP=30,39 foeAtkDef=4,7 CarlAtk=6 foeLevel=9
support PP=37,38 Carl-defense=6 enemy-attack=4,4
party action uses=8,40 / 2,40
frame=11785 map=34.3 pos=5,5 flags=7
party=2 HP=33/33,28/28 battle=0 battlers=4 outcome=2 PP=6,2 trial=1 donut-ability=0
persistent PP=8,2 status=0,0
growth level/xp/item=9/495/0,9/805/0 stats maxHP/attack,maxHP/magic=33/23,28/14 foesHP=29,24
pattern trainer=856 turn=5 foePP=30,39 foeAtkDef=4,7 CarlAtk=6 foeLevel=9
support PP=37,38 Carl-defense=6 enemy-attack=4,4
party action uses=8,40 / 2,40
PASS duo healthy
frame=11785 map=34.3 pos=5,5 flags=7
party=2 HP=33/33,28/28 battle=0 battlers=4 outcome=2 PP=6,2 trial=1 donut-ability=0
persistent PP=8,2 status=0,0
growth level/xp/item=9/495/0,9/805/0 stats maxHP/attack,maxHP/magic=33/23,28/14 foesHP=29,24
pattern trainer=856 turn=5 foePP=30,39 foeAtkDef=4,7 CarlAtk=6 foeLevel=9
support PP=37,38 Carl-defense=6 enemy-attack=4,4
party action uses=8,40 / 2,40
PASS uses 8 40 2 40
frame=11785 map=34.3 pos=5,5 flags=7
party=2 HP=33/33,28/28 battle=0 battlers=4 outcome=2 PP=6,2 trial=1 donut-ability=0
persistent PP=8,2 status=0,0
growth level/xp/item=9/495/0,9/805/0 stats maxHP/attack,maxHP/magic=33/23,28/14 foesHP=29,24
PASS growth 9 495 0 9 805 0
pattern trainer=856 turn=5 foePP=30,39 foeAtkDef=4,7 CarlAtk=6 foeLevel=9
support PP=37,38 Carl-defense=6 enemy-attack=4,4
party action uses=8,40 / 2,40
frame=11785 map=34.3 pos=5,5 flags=7
party=2 HP=33/33,28/28 battle=0 battlers=4 outcome=2 PP=6,2 trial=1 donut-ability=0
persistent PP=8,2 status=0,0
growth level/xp/item=9/495/0,9/805/0 stats maxHP/attack,maxHP/magic=33/23,28/14 foesHP=29,24
PASS flag 2136 0
pattern trainer=856 turn=5 foePP=30,39 foeAtkDef=4,7 CarlAtk=6 foeLevel=9
support PP=37,38 Carl-defense=6 enemy-attack=4,4
party action uses=8,40 / 2,40
frame=11785 map=34.3 pos=5,5 flags=7
party=2 HP=33/33,28/28 battle=0 battlers=4 outcome=2 PP=6,2 trial=1 donut-ability=0
persistent PP=8,2 status=0,0
growth level/xp/item=9/495/0,9/805/0 stats maxHP/attack,maxHP/magic=33/23,28/14 foesHP=29,24
PASS flag 47 0
pattern trainer=856 turn=5 foePP=30,39 foeAtkDef=4,7 CarlAtk=6 foeLevel=9
support PP=37,38 Carl-defense=6 enemy-attack=4,4
party action uses=8,40 / 2,40
frame=11785 map=34.3 pos=5,5 flags=7
party=2 HP=33/33,28/28 battle=0 battlers=4 outcome=2 PP=6,2 trial=1 donut-ability=0
persistent PP=8,2 status=0,0
growth level/xp/item=9/495/0,9/805/0 stats maxHP/attack,maxHP/magic=33/23,28/14 foesHP=29,24
PASS flag 48 0
pattern trainer=856 turn=5 foePP=30,39 foeAtkDef=4,7 CarlAtk=6 foeLevel=9
support PP=37,38 Carl-defense=6 enemy-attack=4,4
party action uses=8,40 / 2,40
frame=11785 map=34.3 pos=5,5 flags=7
party=2 HP=33/33,28/28 battle=0 battlers=4 outcome=2 PP=6,2 trial=1 donut-ability=0
persistent PP=8,2 status=0,0
growth level/xp/item=9/495/0,9/805/0 stats maxHP/attack,maxHP/magic=33/23,28/14 foesHP=29,24
pattern trainer=856 turn=5 foePP=30,39 foeAtkDef=4,7 CarlAtk=6 foeLevel=9
support PP=37,38 Carl-defense=6 enemy-attack=4,4
party action uses=8,40 / 2,40
PASS expect 34 3 5 5 7
frame=11786 map=34.3 pos=5,5 flags=7
party=2 HP=33/33,28/28 battle=0 battlers=4 outcome=2 PP=6,2 trial=1 donut-ability=0
persistent PP=8,2 status=0,0
growth level/xp/item=9/495/0,9/805/0 stats maxHP/attack,maxHP/magic=33/23,28/14 foesHP=29,24
pattern trainer=856 turn=5 foePP=30,39 foeAtkDef=4,7 CarlAtk=6 foeLevel=9
support PP=37,38 Carl-defense=6 enemy-attack=4,4
party action uses=8,40 / 2,40
frame=11906 map=34.3 pos=5,5 flags=7
party=2 HP=33/33,28/28 battle=0 battlers=4 outcome=2 PP=6,2 trial=1 donut-ability=0
persistent PP=8,2 status=0,0
growth level/xp/item=9/495/0,9/805/0 stats maxHP/attack,maxHP/magic=33/23,28/14 foesHP=29,24
pattern trainer=856 turn=5 foePP=30,39 foeAtkDef=4,7 CarlAtk=6 foeLevel=9
support PP=37,38 Carl-defense=6 enemy-attack=4,4
party action uses=8,40 / 2,40
frame=11907 map=34.3 pos=5,5 flags=7
party=2 HP=33/33,28/28 battle=0 battlers=4 outcome=2 PP=6,2 trial=1 donut-ability=0
persistent PP=8,2 status=0,0
growth level/xp/item=9/495/0,9/805/0 stats maxHP/attack,maxHP/magic=33/23,28/14 foesHP=29,24
pattern trainer=856 turn=5 foePP=30,39 foeAtkDef=4,7 CarlAtk=6 foeLevel=9
support PP=37,38 Carl-defense=6 enemy-attack=4,4
party action uses=8,40 / 2,40
frame=12027 map=34.3 pos=5,5 flags=7
party=2 HP=33/33,28/28 battle=0 battlers=4 outcome=2 PP=6,2 trial=1 donut-ability=0
persistent PP=8,2 status=0,0
growth level/xp/item=9/495/0,9/805/0 stats maxHP/attack,maxHP/magic=33/23,28/14 foesHP=29,24
pattern trainer=856 turn=5 foePP=30,39 foeAtkDef=4,7 CarlAtk=6 foeLevel=9
support PP=37,38 Carl-defense=6 enemy-attack=4,4
party action uses=8,40 / 2,40
frame=12028 map=34.3 pos=5,5 flags=7
party=2 HP=33/33,28/28 battle=0 battlers=4 outcome=2 PP=6,2 trial=1 donut-ability=0
persistent PP=8,2 status=0,0
growth level/xp/item=9/495/0,9/805/0 stats maxHP/attack,maxHP/magic=33/23,28/14 foesHP=29,24
pattern trainer=856 turn=5 foePP=30,39 foeAtkDef=4,7 CarlAtk=6 foeLevel=9
support PP=37,38 Carl-defense=6 enemy-attack=4,4
party action uses=8,40 / 2,40
frame=12048 map=34.3 pos=5,5 flags=7
party=2 HP=33/33,28/28 battle=0 battlers=4 outcome=2 PP=6,2 trial=1 donut-ability=0
persistent PP=8,2 status=0,0
growth level/xp/item=9/495/0,9/805/0 stats maxHP/attack,maxHP/magic=33/23,28/14 foesHP=29,24
pattern trainer=856 turn=5 foePP=30,39 foeAtkDef=4,7 CarlAtk=6 foeLevel=9
support PP=37,38 Carl-defense=6 enemy-attack=4,4
party action uses=8,40 / 2,40
frame=12049 map=34.3 pos=5,5 flags=7
party=2 HP=33/33,28/28 battle=0 battlers=4 outcome=2 PP=6,2 trial=1 donut-ability=0
persistent PP=8,2 status=0,0
growth level/xp/item=9/495/0,9/805/0 stats maxHP/attack,maxHP/magic=33/23,28/14 foesHP=29,24
pattern trainer=856 turn=5 foePP=30,39 foeAtkDef=4,7 CarlAtk=6 foeLevel=9
support PP=37,38 Carl-defense=6 enemy-attack=4,4
party action uses=8,40 / 2,40
frame=12069 map=34.3 pos=5,5 flags=7
party=2 HP=33/33,28/28 battle=0 battlers=4 outcome=2 PP=6,2 trial=1 donut-ability=0
persistent PP=8,2 status=0,0
growth level/xp/item=9/495/0,9/805/0 stats maxHP/attack,maxHP/magic=33/23,28/14 foesHP=29,24
pattern trainer=856 turn=5 foePP=30,39 foeAtkDef=4,7 CarlAtk=6 foeLevel=9
support PP=37,38 Carl-defense=6 enemy-attack=4,4
party action uses=8,40 / 2,40
frame=12070 map=34.3 pos=5,5 flags=7
party=2 HP=33/33,28/28 battle=0 battlers=4 outcome=2 PP=6,2 trial=1 donut-ability=0
persistent PP=8,2 status=0,0
growth level/xp/item=9/495/0,9/805/0 stats maxHP/attack,maxHP/magic=33/23,28/14 foesHP=29,24
pattern trainer=856 turn=5 foePP=30,39 foeAtkDef=4,7 CarlAtk=6 foeLevel=9
support PP=37,38 Carl-defense=6 enemy-attack=4,4
party action uses=8,40 / 2,40
frame=12230 map=34.3 pos=5,5 flags=7
party=2 HP=33/33,28/28 battle=0 battlers=4 outcome=2 PP=6,2 trial=1 donut-ability=0
persistent PP=8,2 status=0,0
growth level/xp/item=9/495/0,9/805/0 stats maxHP/attack,maxHP/magic=33/23,28/14 foesHP=29,24
pattern trainer=856 turn=5 foePP=30,39 foeAtkDef=4,7 CarlAtk=6 foeLevel=9
support PP=37,38 Carl-defense=6 enemy-attack=4,4
party action uses=8,40 / 2,40
frame=12231 map=34.3 pos=5,5 flags=7
party=2 HP=33/33,28/28 battle=0 battlers=4 outcome=2 PP=6,2 trial=1 donut-ability=0
persistent PP=8,2 status=0,0
growth level/xp/item=9/495/0,9/805/0 stats maxHP/attack,maxHP/magic=33/23,28/14 foesHP=29,24
pattern trainer=856 turn=5 foePP=30,39 foeAtkDef=4,7 CarlAtk=6 foeLevel=9
support PP=37,38 Carl-defense=6 enemy-attack=4,4
party action uses=8,40 / 2,40
frame=12411 map=34.3 pos=5,5 flags=7
party=2 HP=33/33,28/28 battle=0 battlers=4 outcome=2 PP=6,2 trial=1 donut-ability=0
persistent PP=8,2 status=0,0
growth level/xp/item=9/495/0,9/805/0 stats maxHP/attack,maxHP/magic=33/23,28/14 foesHP=29,24
pattern trainer=856 turn=5 foePP=30,39 foeAtkDef=4,7 CarlAtk=6 foeLevel=9
support PP=37,38 Carl-defense=6 enemy-attack=4,4
party action uses=8,40 / 2,40
frame=12412 map=34.3 pos=5,5 flags=7
party=2 HP=33/33,28/28 battle=0 battlers=4 outcome=2 PP=6,2 trial=1 donut-ability=0
persistent PP=8,2 status=0,0
growth level/xp/item=9/495/0,9/805/0 stats maxHP/attack,maxHP/magic=33/23,28/14 foesHP=29,24
pattern trainer=856 turn=5 foePP=30,39 foeAtkDef=4,7 CarlAtk=6 foeLevel=9
support PP=37,38 Carl-defense=6 enemy-attack=4,4
party action uses=8,40 / 2,40
frame=13012 map=34.3 pos=5,5 flags=7
party=2 HP=33/33,28/28 battle=0 battlers=4 outcome=2 PP=6,2 trial=1 donut-ability=0
persistent PP=8,2 status=0,0
growth level/xp/item=9/495/0,9/805/0 stats maxHP/attack,maxHP/magic=33/23,28/14 foesHP=29,24
pattern trainer=856 turn=5 foePP=30,39 foeAtkDef=4,7 CarlAtk=6 foeLevel=9
support PP=37,38 Carl-defense=6 enemy-attack=4,4
party action uses=8,40 / 2,40
frame=13013 map=34.3 pos=5,5 flags=7
party=2 HP=33/33,28/28 battle=0 battlers=4 outcome=2 PP=6,2 trial=1 donut-ability=0
persistent PP=8,2 status=0,0
growth level/xp/item=9/495/0,9/805/0 stats maxHP/attack,maxHP/magic=33/23,28/14 foesHP=29,24
pattern trainer=856 turn=5 foePP=30,39 foeAtkDef=4,7 CarlAtk=6 foeLevel=9
support PP=37,38 Carl-defense=6 enemy-attack=4,4
party action uses=8,40 / 2,40
frame=13613 map=34.3 pos=5,5 flags=7
party=2 HP=33/33,28/28 battle=0 battlers=4 outcome=2 PP=6,2 trial=1 donut-ability=0
persistent PP=8,2 status=0,0
growth level/xp/item=9/495/0,9/805/0 stats maxHP/attack,maxHP/magic=33/23,28/14 foesHP=29,24
pattern trainer=856 turn=5 foePP=30,39 foeAtkDef=4,7 CarlAtk=6 foeLevel=9
support PP=37,38 Carl-defense=6 enemy-attack=4,4
party action uses=8,40 / 2,40
frame=13613 map=34.3 pos=5,5 flags=7
party=2 HP=33/33,28/28 battle=0 battlers=4 outcome=2 PP=6,2 trial=1 donut-ability=0
persistent PP=8,2 status=0,0
growth level/xp/item=9/495/0,9/805/0 stats maxHP/attack,maxHP/magic=33/23,28/14 foesHP=29,24
pattern trainer=856 turn=5 foePP=30,39 foeAtkDef=4,7 CarlAtk=6 foeLevel=9
support PP=37,38 Carl-defense=6 enemy-attack=4,4
party action uses=8,40 / 2,40
PASS expect 34 3 5 5 7
result=0 assertions=12
