mGBA 0.10.5; 240x160; save=/workspace/DungeonCrawlerCarlemon/artifacts/n04/run-5byf3z3n/carl-down.sav; read-only RAM diagnostics
frame=720 map=34.4 pos=8,5 flags=7
party=2 HP=38/38,30/30 battle=0 battlers=0 outcome=0 PP=0,0 trial=1 donut-ability=0
persistent PP=8,2 status=0,0
growth level/xp/item=11/910/0,10/1220/0 stats maxHP/attack,maxHP/magic=38/26,30/15 foesHP=0,0
pattern trainer=0 turn=0 foePP=0,0 foeAtkDef=0,0 CarlAtk=0 foeLevel=0
support PP=0,0 Carl-defense=0 enemy-attack=0,0
party action uses=8,40 / 2,40
frame=721 map=34.4 pos=8,5 flags=7
party=2 HP=38/38,30/30 battle=0 battlers=0 outcome=0 PP=0,0 trial=1 donut-ability=0
persistent PP=8,2 status=0,0
growth level/xp/item=11/910/0,10/1220/0 stats maxHP/attack,maxHP/magic=38/26,30/15 foesHP=0,0
pattern trainer=0 turn=0 foePP=0,0 foeAtkDef=0,0 CarlAtk=0 foeLevel=0
support PP=0,0 Carl-defense=0 enemy-attack=0,0
party action uses=8,40 / 2,40
frame=1081 map=34.4 pos=8,5 flags=7
party=2 HP=38/38,30/30 battle=0 battlers=0 outcome=0 PP=0,0 trial=1 donut-ability=0
persistent PP=8,2 status=0,0
growth level/xp/item=11/910/0,10/1220/0 stats maxHP/attack,maxHP/magic=38/26,30/15 foesHP=0,0
pattern trainer=0 turn=0 foePP=0,0 foeAtkDef=0,0 CarlAtk=0 foeLevel=0
support PP=0,0 Carl-defense=0 enemy-attack=0,0
party action uses=8,40 / 2,40
frame=1082 map=34.4 pos=8,5 flags=7
party=2 HP=38/38,30/30 battle=0 battlers=0 outcome=0 PP=0,0 trial=1 donut-ability=0
persistent PP=8,2 status=0,0
growth level/xp/item=11/910/0,10/1220/0 stats maxHP/attack,maxHP/magic=38/26,30/15 foesHP=0,0
pattern trainer=0 turn=0 foePP=0,0 foeAtkDef=0,0 CarlAtk=0 foeLevel=0
support PP=0,0 Carl-defense=0 enemy-attack=0,0
party action uses=8,40 / 2,40
frame=1262 map=34.4 pos=8,5 flags=7
party=2 HP=38/38,30/30 battle=0 battlers=0 outcome=0 PP=0,0 trial=1 donut-ability=0
persistent PP=8,2 status=0,0
growth level/xp/item=11/910/0,10/1220/0 stats maxHP/attack,maxHP/magic=38/26,30/15 foesHP=0,0
pattern trainer=0 turn=0 foePP=0,0 foeAtkDef=0,0 CarlAtk=0 foeLevel=0
support PP=0,0 Carl-defense=0 enemy-attack=0,0
party action uses=8,40 / 2,40
frame=1263 map=34.4 pos=8,5 flags=7
party=2 HP=38/38,30/30 battle=0 battlers=0 outcome=0 PP=0,0 trial=1 donut-ability=0
persistent PP=8,2 status=0,0
growth level/xp/item=11/910/0,10/1220/0 stats maxHP/attack,maxHP/magic=38/26,30/15 foesHP=0,0
pattern trainer=0 turn=0 foePP=0,0 foeAtkDef=0,0 CarlAtk=0 foeLevel=0
support PP=0,0 Carl-defense=0 enemy-attack=0,0
party action uses=8,40 / 2,40
frame=1443 map=34.4 pos=8,5 flags=7
party=2 HP=38/38,30/30 battle=0 battlers=0 outcome=0 PP=0,0 trial=1 donut-ability=0
persistent PP=8,2 status=0,0
growth level/xp/item=11/910/0,10/1220/0 stats maxHP/attack,maxHP/magic=38/26,30/15 foesHP=0,0
pattern trainer=0 turn=0 foePP=0,0 foeAtkDef=0,0 CarlAtk=0 foeLevel=0
support PP=0,0 Carl-defense=0 enemy-attack=0,0
party action uses=8,40 / 2,40
frame=1444 map=34.4 pos=8,5 flags=7
party=2 HP=38/38,30/30 battle=0 battlers=0 outcome=0 PP=0,0 trial=1 donut-ability=0
persistent PP=8,2 status=0,0
growth level/xp/item=11/910/0,10/1220/0 stats maxHP/attack,maxHP/magic=38/26,30/15 foesHP=0,0
pattern trainer=0 turn=0 foePP=0,0 foeAtkDef=0,0 CarlAtk=0 foeLevel=0
support PP=0,0 Carl-defense=0 enemy-attack=0,0
party action uses=8,40 / 2,40
frame=2044 map=34.4 pos=8,5 flags=7
party=2 HP=38/38,30/30 battle=0 battlers=0 outcome=0 PP=0,0 trial=1 donut-ability=0
persistent PP=8,2 status=0,0
growth level/xp/item=11/910/0,10/1220/0 stats maxHP/attack,maxHP/magic=38/26,30/15 foesHP=0,0
pattern trainer=0 turn=0 foePP=0,0 foeAtkDef=0,0 CarlAtk=0 foeLevel=0
support PP=0,0 Carl-defense=0 enemy-attack=0,0
party action uses=8,40 / 2,40
frame=2044 map=34.4 pos=8,5 flags=7
party=2 HP=38/38,30/30 battle=0 battlers=0 outcome=0 PP=0,0 trial=1 donut-ability=0
persistent PP=8,2 status=0,0
growth level/xp/item=11/910/0,10/1220/0 stats maxHP/attack,maxHP/magic=38/26,30/15 foesHP=0,0
pattern trainer=0 turn=0 foePP=0,0 foeAtkDef=0,0 CarlAtk=0 foeLevel=0
support PP=0,0 Carl-defense=0 enemy-attack=0,0
party action uses=8,40 / 2,40
PASS expect 34 4 8 5 7
frame=2044 map=34.4 pos=8,5 flags=7
party=2 HP=38/38,30/30 battle=0 battlers=0 outcome=0 PP=0,0 trial=1 donut-ability=0
persistent PP=8,2 status=0,0
growth level/xp/item=11/910/0,10/1220/0 stats maxHP/attack,maxHP/magic=38/26,30/15 foesHP=0,0
pattern trainer=0 turn=0 foePP=0,0 foeAtkDef=0,0 CarlAtk=0 foeLevel=0
support PP=0,0 Carl-defense=0 enemy-attack=0,0
party action uses=8,40 / 2,40
PASS duo healthy
frame=2044 map=34.4 pos=8,5 flags=7
party=2 HP=38/38,30/30 battle=0 battlers=0 outcome=0 PP=0,0 trial=1 donut-ability=0
persistent PP=8,2 status=0,0
growth level/xp/item=11/910/0,10/1220/0 stats maxHP/attack,maxHP/magic=38/26,30/15 foesHP=0,0
pattern trainer=0 turn=0 foePP=0,0 foeAtkDef=0,0 CarlAtk=0 foeLevel=0
support PP=0,0 Carl-defense=0 enemy-attack=0,0
party action uses=8,40 / 2,40
PASS uses 8 40 2 40
frame=2044 map=34.4 pos=8,5 flags=7
party=2 HP=38/38,30/30 battle=0 battlers=0 outcome=0 PP=0,0 trial=1 donut-ability=0
persistent PP=8,2 status=0,0
growth level/xp/item=11/910/0,10/1220/0 stats maxHP/attack,maxHP/magic=38/26,30/15 foesHP=0,0
PASS growth 11 910 0 10 1220 0
pattern trainer=0 turn=0 foePP=0,0 foeAtkDef=0,0 CarlAtk=0 foeLevel=0
support PP=0,0 Carl-defense=0 enemy-attack=0,0
party action uses=8,40 / 2,40
frame=2044 map=34.4 pos=8,5 flags=7
party=2 HP=38/38,30/30 battle=0 battlers=0 outcome=0 PP=0,0 trial=1 donut-ability=0
persistent PP=8,2 status=0,0
growth level/xp/item=11/910/0,10/1220/0 stats maxHP/attack,maxHP/magic=38/26,30/15 foesHP=0,0
PASS flag 2138 0
pattern trainer=0 turn=0 foePP=0,0 foeAtkDef=0,0 CarlAtk=0 foeLevel=0
support PP=0,0 Carl-defense=0 enemy-attack=0,0
party action uses=8,40 / 2,40
frame=2044 map=34.4 pos=8,5 flags=7
party=2 HP=38/38,30/30 battle=0 battlers=0 outcome=0 PP=0,0 trial=1 donut-ability=0
persistent PP=8,2 status=0,0
growth level/xp/item=11/910/0,10/1220/0 stats maxHP/attack,maxHP/magic=38/26,30/15 foesHP=0,0
PASS flag 47 0
pattern trainer=0 turn=0 foePP=0,0 foeAtkDef=0,0 CarlAtk=0 foeLevel=0
support PP=0,0 Carl-defense=0 enemy-attack=0,0
party action uses=8,40 / 2,40
frame=2044 map=34.4 pos=8,5 flags=7
party=2 HP=38/38,30/30 battle=0 battlers=0 outcome=0 PP=0,0 trial=1 donut-ability=0
persistent PP=8,2 status=0,0
growth level/xp/item=11/910/0,10/1220/0 stats maxHP/attack,maxHP/magic=38/26,30/15 foesHP=0,0
PASS flag 48 0
pattern trainer=0 turn=0 foePP=0,0 foeAtkDef=0,0 CarlAtk=0 foeLevel=0
support PP=0,0 Carl-defense=0 enemy-attack=0,0
party action uses=8,40 / 2,40
frame=2045 map=34.4 pos=8,5 flags=7
party=2 HP=38/38,30/30 battle=0 battlers=0 outcome=0 PP=0,0 trial=1 donut-ability=0
persistent PP=8,2 status=0,0
growth level/xp/item=11/910/0,10/1220/0 stats maxHP/attack,maxHP/magic=38/26,30/15 foesHP=0,0
pattern trainer=858 turn=0 foePP=0,0 foeAtkDef=0,0 CarlAtk=0 foeLevel=0
support PP=0,0 Carl-defense=0 enemy-attack=0,0
party action uses=8,40 / 2,40
frame=2445 map=34.4 pos=8,5 flags=7
party=2 HP=38/38,30/30 battle=0 battlers=0 outcome=0 PP=0,0 trial=1 donut-ability=0
persistent PP=8,2 status=0,0
growth level/xp/item=11/910/0,10/1220/0 stats maxHP/attack,maxHP/magic=38/26,30/15 foesHP=0,0
pattern trainer=858 turn=0 foePP=0,0 foeAtkDef=0,0 CarlAtk=0 foeLevel=0
support PP=0,0 Carl-defense=0 enemy-attack=0,0
party action uses=8,40 / 2,40
frame=2446 map=34.4 pos=8,5 flags=7
party=2 HP=38/38,30/30 battle=0 battlers=0 outcome=0 PP=0,0 trial=1 donut-ability=0
persistent PP=8,2 status=0,0
growth level/xp/item=11/910/0,10/1220/0 stats maxHP/attack,maxHP/magic=38/26,30/15 foesHP=0,0
pattern trainer=858 turn=0 foePP=0,0 foeAtkDef=0,0 CarlAtk=0 foeLevel=0
support PP=0,0 Carl-defense=0 enemy-attack=0,0
party action uses=8,40 / 2,40
frame=2846 map=34.4 pos=8,5 flags=7
party=2 HP=38/38,30/30 battle=0 battlers=0 outcome=0 PP=0,0 trial=1 donut-ability=0
persistent PP=8,2 status=0,0
growth level/xp/item=11/910/0,10/1220/0 stats maxHP/attack,maxHP/magic=38/26,30/15 foesHP=0,0
pattern trainer=858 turn=0 foePP=0,0 foeAtkDef=0,0 CarlAtk=0 foeLevel=0
support PP=0,0 Carl-defense=0 enemy-attack=0,0
party action uses=8,40 / 2,40
frame=2847 map=34.4 pos=8,5 flags=7
party=2 HP=38/38,30/30 battle=0 battlers=0 outcome=0 PP=0,0 trial=1 donut-ability=0
persistent PP=8,2 status=0,0
growth level/xp/item=11/910/0,10/1220/0 stats maxHP/attack,maxHP/magic=38/26,30/15 foesHP=0,0
pattern trainer=858 turn=0 foePP=0,0 foeAtkDef=0,0 CarlAtk=0 foeLevel=0
support PP=0,0 Carl-defense=0 enemy-attack=0,0
party action uses=8,40 / 2,40
frame=3747 map=34.4 pos=8,5 flags=7
party=2 HP=38/38,30/30 battle=1 battlers=4 outcome=0 PP=8,2 trial=1 donut-ability=0
persistent PP=8,2 status=0,0
growth level/xp/item=11/910/0,10/1220/0 stats maxHP/attack,maxHP/magic=38/26,30/15 foesHP=42,30
pattern trainer=858 turn=0 foePP=40,40 foeAtkDef=6,6 CarlAtk=6 foeLevel=12
support PP=40,40 Carl-defense=6 enemy-attack=6,6
party action uses=8,40 / 2,40
frame=3748 map=34.4 pos=8,5 flags=7
party=2 HP=38/38,30/30 battle=1 battlers=4 outcome=0 PP=8,2 trial=1 donut-ability=0
persistent PP=8,2 status=0,0
growth level/xp/item=11/910/0,10/1220/0 stats maxHP/attack,maxHP/magic=38/26,30/15 foesHP=42,30
pattern trainer=858 turn=0 foePP=40,40 foeAtkDef=6,6 CarlAtk=6 foeLevel=12
support PP=40,40 Carl-defense=6 enemy-attack=6,6
party action uses=8,40 / 2,40
frame=4348 map=34.4 pos=8,5 flags=7
party=2 HP=38/38,30/30 battle=1 battlers=4 outcome=0 PP=8,2 trial=1 donut-ability=0
persistent PP=8,2 status=0,0
growth level/xp/item=11/910/0,10/1220/0 stats maxHP/attack,maxHP/magic=38/26,30/15 foesHP=42,30
pattern trainer=858 turn=0 foePP=40,40 foeAtkDef=6,6 CarlAtk=6 foeLevel=12
support PP=40,40 Carl-defense=6 enemy-attack=6,6
party action uses=8,40 / 2,40
frame=4349 map=34.4 pos=8,5 flags=7
party=2 HP=38/38,30/30 battle=1 battlers=4 outcome=0 PP=8,2 trial=1 donut-ability=0
persistent PP=8,2 status=0,0
growth level/xp/item=11/910/0,10/1220/0 stats maxHP/attack,maxHP/magic=38/26,30/15 foesHP=42,30
pattern trainer=858 turn=0 foePP=40,40 foeAtkDef=6,6 CarlAtk=6 foeLevel=12
support PP=40,40 Carl-defense=6 enemy-attack=6,6
party action uses=8,40 / 2,40
frame=4949 map=34.4 pos=8,5 flags=7
party=2 HP=38/38,30/30 battle=1 battlers=4 outcome=0 PP=8,2 trial=1 donut-ability=0
persistent PP=8,2 status=0,0
growth level/xp/item=11/910/0,10/1220/0 stats maxHP/attack,maxHP/magic=38/26,30/15 foesHP=42,30
pattern trainer=858 turn=0 foePP=40,40 foeAtkDef=6,6 CarlAtk=6 foeLevel=12
support PP=40,40 Carl-defense=6 enemy-attack=6,6
party action uses=8,40 / 2,40
frame=4949 map=34.4 pos=8,5 flags=7
party=2 HP=38/38,30/30 battle=1 battlers=4 outcome=0 PP=8,2 trial=1 donut-ability=0
persistent PP=8,2 status=0,0
growth level/xp/item=11/910/0,10/1220/0 stats maxHP/attack,maxHP/magic=38/26,30/15 foesHP=42,30
pattern trainer=858 turn=0 foePP=40,40 foeAtkDef=6,6 CarlAtk=6 foeLevel=12
support PP=40,40 Carl-defense=6 enemy-attack=6,6
party action uses=8,40 / 2,40
PASS battle 1 4 0 8 2 1 0
pilot frame=4949 turn=0 actor=0 menu=1 selection=0 key=1
pilot turn=0 HP=38,30 foeHP=42,30 foeAtk=6 foeDef=6 CarlAtk=6
pilot frame=4961 turn=0 actor=0 menu=2 selection=1 key=16
pilot frame=4973 turn=0 actor=0 menu=2 selection=1 key=1
pilot frame=4985 turn=0 actor=2 menu=1 selection=0 key=1
pilot frame=4997 turn=0 actor=2 menu=2 selection=1 key=16
pilot frame=5009 turn=0 actor=2 menu=2 selection=1 key=1
pilot turn=1 HP=35,30 foeHP=42,30 foeAtk=6 foeDef=6 CarlAtk=6
pilot frame=6737 turn=1 actor=0 menu=1 selection=0 key=1
pilot frame=6749 turn=1 actor=0 menu=2 selection=1 key=1
pilot frame=6761 turn=1 actor=2 menu=1 selection=0 key=1
pilot frame=6773 turn=1 actor=2 menu=2 selection=1 key=1
pilot turn=2 HP=27,27 foeHP=42,30 foeAtk=5 foeDef=6 CarlAtk=6
pilot frame=8225 turn=2 actor=0 menu=1 selection=0 key=1
pilot frame=8237 turn=2 actor=0 menu=2 selection=1 key=1
pilot frame=8249 turn=2 actor=2 menu=1 selection=0 key=1
pilot frame=8261 turn=2 actor=2 menu=2 selection=1 key=1
pilot turn=3 HP=27,24 foeHP=42,30 foeAtk=5 foeDef=6 CarlAtk=6
pilot frame=9989 turn=3 actor=0 menu=1 selection=0 key=1
pilot frame=10001 turn=3 actor=0 menu=2 selection=0 key=32
pilot frame=10013 turn=3 actor=0 menu=2 selection=0 key=1
pilot frame=10025 turn=3 actor=0 menu=3 selection=1 key=1
pilot frame=10037 turn=3 actor=2 menu=1 selection=0 key=1
pilot frame=10049 turn=3 actor=2 menu=2 selection=0 key=32
pilot frame=10061 turn=3 actor=2 menu=2 selection=0 key=1
pilot turn=4 HP=22,21 foeHP=30,24 foeAtk=5 foeDef=6 CarlAtk=6
pilot frame=10937 turn=4 actor=0 menu=1 selection=0 key=1
pilot frame=10949 turn=4 actor=0 menu=2 selection=0 key=1
pilot frame=10961 turn=4 actor=0 menu=3 selection=1 key=1
pilot frame=10973 turn=4 actor=2 menu=1 selection=0 key=1
pilot frame=10985 turn=4 actor=2 menu=2 selection=0 key=1
pilot turn=5 HP=19,21 foeHP=17,18 foeAtk=6 foeDef=6 CarlAtk=6
pilot frame=12149 turn=5 actor=0 menu=1 selection=0 key=1
pilot frame=12161 turn=5 actor=0 menu=2 selection=0 key=1
pilot frame=12173 turn=5 actor=0 menu=3 selection=1 key=1
pilot frame=12185 turn=5 actor=2 menu=1 selection=0 key=1
pilot frame=12197 turn=5 actor=2 menu=2 selection=1 key=16
pilot frame=12209 turn=5 actor=2 menu=2 selection=1 key=1
pilot turn=6 HP=11,21 foeHP=7,18 foeAtk=5 foeDef=6 CarlAtk=6
pilot frame=13445 turn=6 actor=0 menu=1 selection=0 key=1
pilot frame=13457 turn=6 actor=0 menu=2 selection=0 key=1
pilot frame=13469 turn=6 actor=0 menu=3 selection=1 key=1
pilot frame=13481 turn=6 actor=2 menu=1 selection=0 key=1
pilot frame=13493 turn=6 actor=2 menu=2 selection=1 key=1
pilot turn=7 HP=14,20 foeHP=0,18 foeAtk=6 foeDef=6 CarlAtk=6
pilot frame=15785 turn=7 actor=0 menu=1 selection=0 key=1
pilot frame=15797 turn=7 actor=0 menu=2 selection=0 key=1
pilot frame=15809 turn=7 actor=0 menu=3 selection=3 key=1
pilot frame=15821 turn=7 actor=2 menu=1 selection=0 key=1
pilot frame=15833 turn=7 actor=2 menu=2 selection=1 key=1
pilot turn=8 HP=14,17 foeHP=0,4 foeAtk=6 foeDef=6 CarlAtk=6
pilot frame=16637 turn=8 actor=0 menu=1 selection=0 key=1
pilot frame=16649 turn=8 actor=0 menu=2 selection=0 key=1
pilot frame=16661 turn=8 actor=0 menu=3 selection=3 key=1
pilot frame=16673 turn=8 actor=2 menu=1 selection=0 key=1
pilot frame=16685 turn=8 actor=2 menu=2 selection=1 key=1
pilot completed policy=fortify frames=13252 outcome=1 incapacitation=0
frame=18801 map=34.4 pos=8,5 flags=7
party=2 HP=14/41,17/32 battle=0 battlers=4 outcome=1 PP=2,0 trial=1 donut-ability=0
persistent PP=2,0 status=0,0
growth level/xp/item=12/1136/0,11/1446/0 stats maxHP/attack,maxHP/magic=41/28,32/16 foesHP=0,0
pattern trainer=858 turn=8 foePP=36,37 foeAtkDef=6,6 CarlAtk=6 foeLevel=12
support PP=37,33 Carl-defense=9 enemy-attack=6,6
party action uses=2,37 / 0,33
frame=18802 map=34.4 pos=8,5 flags=7
party=2 HP=14/41,17/32 battle=0 battlers=4 outcome=1 PP=2,0 trial=1 donut-ability=0
persistent PP=2,0 status=0,0
growth level/xp/item=12/1136/0,11/1446/0 stats maxHP/attack,maxHP/magic=41/28,32/16 foesHP=0,0
pattern trainer=858 turn=8 foePP=36,37 foeAtkDef=6,6 CarlAtk=6 foeLevel=12
support PP=37,33 Carl-defense=9 enemy-attack=6,6
party action uses=2,37 / 0,33
frame=19202 map=34.4 pos=8,5 flags=7
party=2 HP=14/41,17/32 battle=0 battlers=4 outcome=1 PP=2,0 trial=1 donut-ability=0
persistent PP=2,0 status=0,0
growth level/xp/item=12/1136/0,11/1446/0 stats maxHP/attack,maxHP/magic=41/28,32/16 foesHP=0,0
pattern trainer=858 turn=8 foePP=36,37 foeAtkDef=6,6 CarlAtk=6 foeLevel=12
support PP=37,33 Carl-defense=9 enemy-attack=6,6
party action uses=2,37 / 0,33
frame=19203 map=34.4 pos=8,5 flags=7
party=2 HP=14/41,17/32 battle=0 battlers=4 outcome=1 PP=2,0 trial=1 donut-ability=0
persistent PP=2,0 status=0,0
growth level/xp/item=12/1136/0,11/1446/0 stats maxHP/attack,maxHP/magic=41/28,32/16 foesHP=0,0
pattern trainer=858 turn=8 foePP=36,37 foeAtkDef=6,6 CarlAtk=6 foeLevel=12
support PP=37,33 Carl-defense=9 enemy-attack=6,6
party action uses=2,37 / 0,33
frame=19603 map=34.4 pos=8,5 flags=7
party=2 HP=14/41,17/32 battle=0 battlers=4 outcome=1 PP=2,0 trial=1 donut-ability=0
persistent PP=2,0 status=0,0
growth level/xp/item=12/1136/0,11/1446/0 stats maxHP/attack,maxHP/magic=41/28,32/16 foesHP=0,0
pattern trainer=858 turn=8 foePP=36,37 foeAtkDef=6,6 CarlAtk=6 foeLevel=12
support PP=37,33 Carl-defense=9 enemy-attack=6,6
party action uses=2,37 / 0,33
frame=19604 map=34.4 pos=8,5 flags=7
party=2 HP=14/41,17/32 battle=0 battlers=4 outcome=1 PP=2,0 trial=1 donut-ability=0
persistent PP=2,0 status=0,0
growth level/xp/item=12/1136/0,11/1446/0 stats maxHP/attack,maxHP/magic=41/28,32/16 foesHP=0,0
pattern trainer=858 turn=8 foePP=36,37 foeAtkDef=6,6 CarlAtk=6 foeLevel=12
support PP=37,33 Carl-defense=9 enemy-attack=6,6
party action uses=2,37 / 0,33
frame=20004 map=34.4 pos=8,5 flags=7
party=2 HP=14/41,17/32 battle=0 battlers=4 outcome=1 PP=2,0 trial=1 donut-ability=0
persistent PP=2,0 status=0,0
growth level/xp/item=12/1136/0,11/1446/0 stats maxHP/attack,maxHP/magic=41/28,32/16 foesHP=0,0
pattern trainer=858 turn=8 foePP=36,37 foeAtkDef=6,6 CarlAtk=6 foeLevel=12
support PP=37,33 Carl-defense=9 enemy-attack=6,6
party action uses=2,37 / 0,33
frame=20005 map=34.4 pos=8,5 flags=7
party=2 HP=14/41,17/32 battle=0 battlers=4 outcome=1 PP=2,0 trial=1 donut-ability=0
persistent PP=2,0 status=0,0
growth level/xp/item=12/1136/0,11/1446/0 stats maxHP/attack,maxHP/magic=41/28,32/16 foesHP=0,0
pattern trainer=858 turn=8 foePP=36,37 foeAtkDef=6,6 CarlAtk=6 foeLevel=12
support PP=37,33 Carl-defense=9 enemy-attack=6,6
party action uses=2,37 / 0,33
frame=20405 map=34.4 pos=8,5 flags=7
party=2 HP=14/41,17/32 battle=0 battlers=4 outcome=1 PP=2,0 trial=1 donut-ability=0
persistent PP=2,0 status=0,0
growth level/xp/item=12/1136/0,11/1446/0 stats maxHP/attack,maxHP/magic=41/28,32/16 foesHP=0,0
pattern trainer=858 turn=8 foePP=36,37 foeAtkDef=6,6 CarlAtk=6 foeLevel=12
support PP=37,33 Carl-defense=9 enemy-attack=6,6
party action uses=2,37 / 0,33
frame=20406 map=34.4 pos=8,5 flags=7
party=2 HP=14/41,17/32 battle=0 battlers=4 outcome=1 PP=2,0 trial=1 donut-ability=0
persistent PP=2,0 status=0,0
growth level/xp/item=12/1136/0,11/1446/0 stats maxHP/attack,maxHP/magic=41/28,32/16 foesHP=0,0
pattern trainer=858 turn=8 foePP=36,37 foeAtkDef=6,6 CarlAtk=6 foeLevel=12
support PP=37,33 Carl-defense=9 enemy-attack=6,6
party action uses=2,37 / 0,33
frame=20806 map=34.4 pos=8,5 flags=7
party=2 HP=14/41,17/32 battle=0 battlers=4 outcome=1 PP=2,0 trial=1 donut-ability=0
persistent PP=2,0 status=0,0
growth level/xp/item=12/1136/0,11/1446/0 stats maxHP/attack,maxHP/magic=41/28,32/16 foesHP=0,0
pattern trainer=858 turn=8 foePP=36,37 foeAtkDef=6,6 CarlAtk=6 foeLevel=12
support PP=37,33 Carl-defense=9 enemy-attack=6,6
party action uses=2,37 / 0,33
frame=20807 map=34.4 pos=8,5 flags=7
party=2 HP=14/41,17/32 battle=0 battlers=4 outcome=1 PP=2,0 trial=1 donut-ability=0
persistent PP=2,0 status=0,0
growth level/xp/item=12/1136/0,11/1446/0 stats maxHP/attack,maxHP/magic=41/28,32/16 foesHP=0,0
pattern trainer=858 turn=8 foePP=36,37 foeAtkDef=6,6 CarlAtk=6 foeLevel=12
support PP=37,33 Carl-defense=9 enemy-attack=6,6
party action uses=2,37 / 0,33
frame=21207 map=34.4 pos=8,5 flags=7
party=2 HP=14/41,17/32 battle=0 battlers=4 outcome=1 PP=2,0 trial=1 donut-ability=0
persistent PP=2,0 status=0,0
growth level/xp/item=12/1136/0,11/1446/0 stats maxHP/attack,maxHP/magic=41/28,32/16 foesHP=0,0
pattern trainer=858 turn=8 foePP=36,37 foeAtkDef=6,6 CarlAtk=6 foeLevel=12
support PP=37,33 Carl-defense=9 enemy-attack=6,6
party action uses=2,37 / 0,33
frame=21208 map=34.4 pos=8,5 flags=7
party=2 HP=14/41,17/32 battle=0 battlers=4 outcome=1 PP=2,0 trial=1 donut-ability=0
persistent PP=2,0 status=0,0
growth level/xp/item=12/1136/0,11/1446/0 stats maxHP/attack,maxHP/magic=41/28,32/16 foesHP=0,0
pattern trainer=858 turn=8 foePP=36,37 foeAtkDef=6,6 CarlAtk=6 foeLevel=12
support PP=37,33 Carl-defense=9 enemy-attack=6,6
party action uses=2,37 / 0,33
frame=21328 map=34.4 pos=8,5 flags=7
party=2 HP=14/41,17/32 battle=0 battlers=4 outcome=1 PP=2,0 trial=1 donut-ability=0
persistent PP=2,0 status=0,0
growth level/xp/item=12/1136/0,11/1446/0 stats maxHP/attack,maxHP/magic=41/28,32/16 foesHP=0,0
pattern trainer=858 turn=8 foePP=36,37 foeAtkDef=6,6 CarlAtk=6 foeLevel=12
support PP=37,33 Carl-defense=9 enemy-attack=6,6
party action uses=2,37 / 0,33
frame=21328 map=34.4 pos=8,5 flags=7
party=2 HP=14/41,17/32 battle=0 battlers=4 outcome=1 PP=2,0 trial=1 donut-ability=0
persistent PP=2,0 status=0,0
growth level/xp/item=12/1136/0,11/1446/0 stats maxHP/attack,maxHP/magic=41/28,32/16 foesHP=0,0
pattern trainer=858 turn=8 foePP=36,37 foeAtkDef=6,6 CarlAtk=6 foeLevel=12
support PP=37,33 Carl-defense=9 enemy-attack=6,6
party action uses=2,37 / 0,33
PASS expect 34 4 8 5 7
frame=21328 map=34.4 pos=8,5 flags=7
party=2 HP=14/41,17/32 battle=0 battlers=4 outcome=1 PP=2,0 trial=1 donut-ability=0
persistent PP=2,0 status=0,0
growth level/xp/item=12/1136/0,11/1446/0 stats maxHP/attack,maxHP/magic=41/28,32/16 foesHP=0,0
PASS flag 2138 1
pattern trainer=858 turn=8 foePP=36,37 foeAtkDef=6,6 CarlAtk=6 foeLevel=12
support PP=37,33 Carl-defense=9 enemy-attack=6,6
party action uses=2,37 / 0,33
frame=21328 map=34.4 pos=8,5 flags=7
party=2 HP=14/41,17/32 battle=0 battlers=4 outcome=1 PP=2,0 trial=1 donut-ability=0
persistent PP=2,0 status=0,0
growth level/xp/item=12/1136/0,11/1446/0 stats maxHP/attack,maxHP/magic=41/28,32/16 foesHP=0,0
PASS flag 37 1
pattern trainer=858 turn=8 foePP=36,37 foeAtkDef=6,6 CarlAtk=6 foeLevel=12
support PP=37,33 Carl-defense=9 enemy-attack=6,6
party action uses=2,37 / 0,33
frame=21328 map=34.4 pos=8,5 flags=7
party=2 HP=14/41,17/32 battle=0 battlers=4 outcome=1 PP=2,0 trial=1 donut-ability=0
persistent PP=2,0 status=0,0
growth level/xp/item=12/1136/0,11/1446/0 stats maxHP/attack,maxHP/magic=41/28,32/16 foesHP=0,0
PASS flag 47 1
pattern trainer=858 turn=8 foePP=36,37 foeAtkDef=6,6 CarlAtk=6 foeLevel=12
support PP=37,33 Carl-defense=9 enemy-attack=6,6
party action uses=2,37 / 0,33
frame=21328 map=34.4 pos=8,5 flags=7
party=2 HP=14/41,17/32 battle=0 battlers=4 outcome=1 PP=2,0 trial=1 donut-ability=0
persistent PP=2,0 status=0,0
growth level/xp/item=12/1136/0,11/1446/0 stats maxHP/attack,maxHP/magic=41/28,32/16 foesHP=0,0
PASS flag 48 0
pattern trainer=858 turn=8 foePP=36,37 foeAtkDef=6,6 CarlAtk=6 foeLevel=12
support PP=37,33 Carl-defense=9 enemy-attack=6,6
party action uses=2,37 / 0,33
frame=21328 map=34.4 pos=8,5 flags=7
party=2 HP=14/41,17/32 battle=0 battlers=4 outcome=1 PP=2,0 trial=1 donut-ability=0
persistent PP=2,0 status=0,0
growth level/xp/item=12/1136/0,11/1446/0 stats maxHP/attack,maxHP/magic=41/28,32/16 foesHP=0,0
PASS growth 12 1136 0 11 1446 0
pattern trainer=858 turn=8 foePP=36,37 foeAtkDef=6,6 CarlAtk=6 foeLevel=12
support PP=37,33 Carl-defense=9 enemy-attack=6,6
party action uses=2,37 / 0,33
frame=21329 map=34.4 pos=8,5 flags=7
party=2 HP=14/41,17/32 battle=0 battlers=4 outcome=1 PP=2,0 trial=1 donut-ability=0
persistent PP=2,0 status=0,0
growth level/xp/item=12/1136/0,11/1446/0 stats maxHP/attack,maxHP/magic=41/28,32/16 foesHP=0,0
pattern trainer=858 turn=8 foePP=36,37 foeAtkDef=6,6 CarlAtk=6 foeLevel=12
support PP=37,33 Carl-defense=9 enemy-attack=6,6
party action uses=2,37 / 0,33
frame=21729 map=34.4 pos=8,5 flags=7
party=2 HP=14/41,17/32 battle=0 battlers=4 outcome=1 PP=2,0 trial=1 donut-ability=0
persistent PP=2,0 status=0,0
growth level/xp/item=12/1136/0,11/1446/0 stats maxHP/attack,maxHP/magic=41/28,32/16 foesHP=0,0
pattern trainer=858 turn=8 foePP=36,37 foeAtkDef=6,6 CarlAtk=6 foeLevel=12
support PP=37,33 Carl-defense=9 enemy-attack=6,6
party action uses=2,37 / 0,33
frame=21730 map=34.4 pos=8,5 flags=7
party=2 HP=14/41,17/32 battle=0 battlers=4 outcome=1 PP=2,0 trial=1 donut-ability=0
persistent PP=2,0 status=0,0
growth level/xp/item=12/1136/0,11/1446/0 stats maxHP/attack,maxHP/magic=41/28,32/16 foesHP=0,0
pattern trainer=858 turn=8 foePP=36,37 foeAtkDef=6,6 CarlAtk=6 foeLevel=12
support PP=37,33 Carl-defense=9 enemy-attack=6,6
party action uses=2,37 / 0,33
frame=21850 map=34.4 pos=8,5 flags=7
party=2 HP=14/41,17/32 battle=0 battlers=4 outcome=1 PP=2,0 trial=1 donut-ability=0
persistent PP=2,0 status=0,0
growth level/xp/item=12/1136/0,11/1446/0 stats maxHP/attack,maxHP/magic=41/28,32/16 foesHP=0,0
pattern trainer=858 turn=8 foePP=36,37 foeAtkDef=6,6 CarlAtk=6 foeLevel=12
support PP=37,33 Carl-defense=9 enemy-attack=6,6
party action uses=2,37 / 0,33
frame=21851 map=34.4 pos=8,5 flags=7
party=2 HP=14/41,17/32 battle=0 battlers=4 outcome=1 PP=2,0 trial=1 donut-ability=0
persistent PP=2,0 status=0,0
growth level/xp/item=12/1136/0,11/1446/0 stats maxHP/attack,maxHP/magic=41/28,32/16 foesHP=0,0
pattern trainer=858 turn=8 foePP=36,37 foeAtkDef=6,6 CarlAtk=6 foeLevel=12
support PP=37,33 Carl-defense=9 enemy-attack=6,6
party action uses=2,37 / 0,33
frame=21971 map=34.4 pos=8,5 flags=7
party=2 HP=14/41,17/32 battle=0 battlers=4 outcome=1 PP=2,0 trial=1 donut-ability=0
persistent PP=2,0 status=0,0
growth level/xp/item=12/1136/0,11/1446/0 stats maxHP/attack,maxHP/magic=41/28,32/16 foesHP=0,0
pattern trainer=858 turn=8 foePP=36,37 foeAtkDef=6,6 CarlAtk=6 foeLevel=12
support PP=37,33 Carl-defense=9 enemy-attack=6,6
party action uses=2,37 / 0,33
frame=21972 map=34.4 pos=8,5 flags=7
party=2 HP=14/41,17/32 battle=0 battlers=4 outcome=1 PP=2,0 trial=1 donut-ability=0
persistent PP=2,0 status=0,0
growth level/xp/item=12/1136/0,11/1446/0 stats maxHP/attack,maxHP/magic=41/28,32/16 foesHP=0,0
pattern trainer=858 turn=8 foePP=36,37 foeAtkDef=6,6 CarlAtk=6 foeLevel=12
support PP=37,33 Carl-defense=9 enemy-attack=6,6
party action uses=2,37 / 0,33
frame=22092 map=34.4 pos=8,5 flags=7
party=2 HP=14/41,17/32 battle=0 battlers=4 outcome=1 PP=2,0 trial=1 donut-ability=0
persistent PP=2,0 status=0,0
growth level/xp/item=12/1136/0,11/1446/0 stats maxHP/attack,maxHP/magic=41/28,32/16 foesHP=0,0
pattern trainer=858 turn=8 foePP=36,37 foeAtkDef=6,6 CarlAtk=6 foeLevel=12
support PP=37,33 Carl-defense=9 enemy-attack=6,6
party action uses=2,37 / 0,33
frame=22093 map=34.4 pos=8,5 flags=7
party=2 HP=14/41,17/32 battle=0 battlers=4 outcome=1 PP=2,0 trial=1 donut-ability=0
persistent PP=2,0 status=0,0
growth level/xp/item=12/1136/0,11/1446/0 stats maxHP/attack,maxHP/magic=41/28,32/16 foesHP=0,0
pattern trainer=858 turn=8 foePP=36,37 foeAtkDef=6,6 CarlAtk=6 foeLevel=12
support PP=37,33 Carl-defense=9 enemy-attack=6,6
party action uses=2,37 / 0,33
frame=22213 map=34.4 pos=8,5 flags=7
party=2 HP=14/41,17/32 battle=0 battlers=4 outcome=1 PP=2,0 trial=1 donut-ability=0
persistent PP=2,0 status=0,0
growth level/xp/item=12/1136/0,11/1446/0 stats maxHP/attack,maxHP/magic=41/28,32/16 foesHP=0,0
pattern trainer=858 turn=8 foePP=36,37 foeAtkDef=6,6 CarlAtk=6 foeLevel=12
support PP=37,33 Carl-defense=9 enemy-attack=6,6
party action uses=2,37 / 0,33
frame=22213 map=34.4 pos=8,5 flags=7
party=2 HP=14/41,17/32 battle=0 battlers=4 outcome=1 PP=2,0 trial=1 donut-ability=0
persistent PP=2,0 status=0,0
growth level/xp/item=12/1136/0,11/1446/0 stats maxHP/attack,maxHP/magic=41/28,32/16 foesHP=0,0
pattern trainer=858 turn=8 foePP=36,37 foeAtkDef=6,6 CarlAtk=6 foeLevel=12
support PP=37,33 Carl-defense=9 enemy-attack=6,6
party action uses=2,37 / 0,33
PASS expect 34 4 8 5 7
frame=22213 map=34.4 pos=8,5 flags=7
party=2 HP=14/41,17/32 battle=0 battlers=4 outcome=1 PP=2,0 trial=1 donut-ability=0
persistent PP=2,0 status=0,0
growth level/xp/item=12/1136/0,11/1446/0 stats maxHP/attack,maxHP/magic=41/28,32/16 foesHP=0,0
PASS flag 2138 1
pattern trainer=858 turn=8 foePP=36,37 foeAtkDef=6,6 CarlAtk=6 foeLevel=12
support PP=37,33 Carl-defense=9 enemy-attack=6,6
party action uses=2,37 / 0,33
frame=22213 map=34.4 pos=8,5 flags=7
party=2 HP=14/41,17/32 battle=0 battlers=4 outcome=1 PP=2,0 trial=1 donut-ability=0
persistent PP=2,0 status=0,0
growth level/xp/item=12/1136/0,11/1446/0 stats maxHP/attack,maxHP/magic=41/28,32/16 foesHP=0,0
PASS flag 37 1
pattern trainer=858 turn=8 foePP=36,37 foeAtkDef=6,6 CarlAtk=6 foeLevel=12
support PP=37,33 Carl-defense=9 enemy-attack=6,6
party action uses=2,37 / 0,33
frame=22213 map=34.4 pos=8,5 flags=7
party=2 HP=14/41,17/32 battle=0 battlers=4 outcome=1 PP=2,0 trial=1 donut-ability=0
persistent PP=2,0 status=0,0
growth level/xp/item=12/1136/0,11/1446/0 stats maxHP/attack,maxHP/magic=41/28,32/16 foesHP=0,0
PASS flag 47 1
pattern trainer=858 turn=8 foePP=36,37 foeAtkDef=6,6 CarlAtk=6 foeLevel=12
support PP=37,33 Carl-defense=9 enemy-attack=6,6
party action uses=2,37 / 0,33
frame=22213 map=34.4 pos=8,5 flags=7
party=2 HP=14/41,17/32 battle=0 battlers=4 outcome=1 PP=2,0 trial=1 donut-ability=0
persistent PP=2,0 status=0,0
growth level/xp/item=12/1136/0,11/1446/0 stats maxHP/attack,maxHP/magic=41/28,32/16 foesHP=0,0
PASS flag 48 0
pattern trainer=858 turn=8 foePP=36,37 foeAtkDef=6,6 CarlAtk=6 foeLevel=12
support PP=37,33 Carl-defense=9 enemy-attack=6,6
party action uses=2,37 / 0,33
frame=22213 map=34.4 pos=8,5 flags=7
party=2 HP=14/41,17/32 battle=0 battlers=4 outcome=1 PP=2,0 trial=1 donut-ability=0
persistent PP=2,0 status=0,0
growth level/xp/item=12/1136/0,11/1446/0 stats maxHP/attack,maxHP/magic=41/28,32/16 foesHP=0,0
PASS growth 12 1136 0 11 1446 0
pattern trainer=858 turn=8 foePP=36,37 foeAtkDef=6,6 CarlAtk=6 foeLevel=12
support PP=37,33 Carl-defense=9 enemy-attack=6,6
party action uses=2,37 / 0,33
frame=22214 map=34.4 pos=8,5 flags=7
party=2 HP=14/41,17/32 battle=0 battlers=4 outcome=1 PP=2,0 trial=1 donut-ability=0
persistent PP=2,0 status=0,0
growth level/xp/item=12/1136/0,11/1446/0 stats maxHP/attack,maxHP/magic=41/28,32/16 foesHP=0,0
pattern trainer=858 turn=8 foePP=36,37 foeAtkDef=6,6 CarlAtk=6 foeLevel=12
support PP=37,33 Carl-defense=9 enemy-attack=6,6
party action uses=2,37 / 0,33
frame=22334 map=34.4 pos=8,5 flags=7
party=2 HP=14/41,17/32 battle=0 battlers=4 outcome=1 PP=2,0 trial=1 donut-ability=0
persistent PP=2,0 status=0,0
growth level/xp/item=12/1136/0,11/1446/0 stats maxHP/attack,maxHP/magic=41/28,32/16 foesHP=0,0
pattern trainer=858 turn=8 foePP=36,37 foeAtkDef=6,6 CarlAtk=6 foeLevel=12
support PP=37,33 Carl-defense=9 enemy-attack=6,6
party action uses=2,37 / 0,33
frame=22335 map=34.4 pos=8,5 flags=7
party=2 HP=14/41,17/32 battle=0 battlers=4 outcome=1 PP=2,0 trial=1 donut-ability=0
persistent PP=2,0 status=0,0
growth level/xp/item=12/1136/0,11/1446/0 stats maxHP/attack,maxHP/magic=41/28,32/16 foesHP=0,0
pattern trainer=858 turn=8 foePP=36,37 foeAtkDef=6,6 CarlAtk=6 foeLevel=12
support PP=37,33 Carl-defense=9 enemy-attack=6,6
party action uses=2,37 / 0,33
frame=22355 map=34.4 pos=8,5 flags=7
party=2 HP=14/41,17/32 battle=0 battlers=4 outcome=1 PP=2,0 trial=1 donut-ability=0
persistent PP=2,0 status=0,0
growth level/xp/item=12/1136/0,11/1446/0 stats maxHP/attack,maxHP/magic=41/28,32/16 foesHP=0,0
pattern trainer=858 turn=8 foePP=36,37 foeAtkDef=6,6 CarlAtk=6 foeLevel=12
support PP=37,33 Carl-defense=9 enemy-attack=6,6
party action uses=2,37 / 0,33
frame=22356 map=34.4 pos=8,5 flags=7
party=2 HP=14/41,17/32 battle=0 battlers=4 outcome=1 PP=2,0 trial=1 donut-ability=0
persistent PP=2,0 status=0,0
growth level/xp/item=12/1136/0,11/1446/0 stats maxHP/attack,maxHP/magic=41/28,32/16 foesHP=0,0
pattern trainer=858 turn=8 foePP=36,37 foeAtkDef=6,6 CarlAtk=6 foeLevel=12
support PP=37,33 Carl-defense=9 enemy-attack=6,6
party action uses=2,37 / 0,33
frame=22376 map=34.4 pos=8,5 flags=7
party=2 HP=14/41,17/32 battle=0 battlers=4 outcome=1 PP=2,0 trial=1 donut-ability=0
persistent PP=2,0 status=0,0
growth level/xp/item=12/1136/0,11/1446/0 stats maxHP/attack,maxHP/magic=41/28,32/16 foesHP=0,0
pattern trainer=858 turn=8 foePP=36,37 foeAtkDef=6,6 CarlAtk=6 foeLevel=12
support PP=37,33 Carl-defense=9 enemy-attack=6,6
party action uses=2,37 / 0,33
frame=22377 map=34.4 pos=8,5 flags=7
party=2 HP=14/41,17/32 battle=0 battlers=4 outcome=1 PP=2,0 trial=1 donut-ability=0
persistent PP=2,0 status=0,0
growth level/xp/item=12/1136/0,11/1446/0 stats maxHP/attack,maxHP/magic=41/28,32/16 foesHP=0,0
pattern trainer=858 turn=8 foePP=36,37 foeAtkDef=6,6 CarlAtk=6 foeLevel=12
support PP=37,33 Carl-defense=9 enemy-attack=6,6
party action uses=2,37 / 0,33
frame=22537 map=34.4 pos=8,5 flags=7
party=2 HP=14/41,17/32 battle=0 battlers=4 outcome=1 PP=2,0 trial=1 donut-ability=0
persistent PP=2,0 status=0,0
growth level/xp/item=12/1136/0,11/1446/0 stats maxHP/attack,maxHP/magic=41/28,32/16 foesHP=0,0
pattern trainer=858 turn=8 foePP=36,37 foeAtkDef=6,6 CarlAtk=6 foeLevel=12
support PP=37,33 Carl-defense=9 enemy-attack=6,6
party action uses=2,37 / 0,33
frame=22538 map=34.4 pos=8,5 flags=7
party=2 HP=14/41,17/32 battle=0 battlers=4 outcome=1 PP=2,0 trial=1 donut-ability=0
persistent PP=2,0 status=0,0
growth level/xp/item=12/1136/0,11/1446/0 stats maxHP/attack,maxHP/magic=41/28,32/16 foesHP=0,0
pattern trainer=858 turn=8 foePP=36,37 foeAtkDef=6,6 CarlAtk=6 foeLevel=12
support PP=37,33 Carl-defense=9 enemy-attack=6,6
party action uses=2,37 / 0,33
frame=22718 map=34.4 pos=8,5 flags=7
party=2 HP=14/41,17/32 battle=0 battlers=4 outcome=1 PP=2,0 trial=1 donut-ability=0
persistent PP=2,0 status=0,0
growth level/xp/item=12/1136/0,11/1446/0 stats maxHP/attack,maxHP/magic=41/28,32/16 foesHP=0,0
pattern trainer=858 turn=8 foePP=36,37 foeAtkDef=6,6 CarlAtk=6 foeLevel=12
support PP=37,33 Carl-defense=9 enemy-attack=6,6
party action uses=2,37 / 0,33
frame=22719 map=34.4 pos=8,5 flags=7
party=2 HP=14/41,17/32 battle=0 battlers=4 outcome=1 PP=2,0 trial=1 donut-ability=0
persistent PP=2,0 status=0,0
growth level/xp/item=12/1136/0,11/1446/0 stats maxHP/attack,maxHP/magic=41/28,32/16 foesHP=0,0
pattern trainer=858 turn=8 foePP=36,37 foeAtkDef=6,6 CarlAtk=6 foeLevel=12
support PP=37,33 Carl-defense=9 enemy-attack=6,6
party action uses=2,37 / 0,33
frame=23319 map=34.4 pos=8,5 flags=7
party=2 HP=14/41,17/32 battle=0 battlers=4 outcome=1 PP=2,0 trial=1 donut-ability=0
persistent PP=2,0 status=0,0
growth level/xp/item=12/1136/0,11/1446/0 stats maxHP/attack,maxHP/magic=41/28,32/16 foesHP=0,0
pattern trainer=858 turn=8 foePP=36,37 foeAtkDef=6,6 CarlAtk=6 foeLevel=12
support PP=37,33 Carl-defense=9 enemy-attack=6,6
party action uses=2,37 / 0,33
frame=23320 map=34.4 pos=8,5 flags=7
party=2 HP=14/41,17/32 battle=0 battlers=4 outcome=1 PP=2,0 trial=1 donut-ability=0
persistent PP=2,0 status=0,0
growth level/xp/item=12/1136/0,11/1446/0 stats maxHP/attack,maxHP/magic=41/28,32/16 foesHP=0,0
pattern trainer=858 turn=8 foePP=36,37 foeAtkDef=6,6 CarlAtk=6 foeLevel=12
support PP=37,33 Carl-defense=9 enemy-attack=6,6
party action uses=2,37 / 0,33
frame=23920 map=34.4 pos=8,5 flags=7
party=2 HP=14/41,17/32 battle=0 battlers=4 outcome=1 PP=2,0 trial=1 donut-ability=0
persistent PP=2,0 status=0,0
growth level/xp/item=12/1136/0,11/1446/0 stats maxHP/attack,maxHP/magic=41/28,32/16 foesHP=0,0
pattern trainer=858 turn=8 foePP=36,37 foeAtkDef=6,6 CarlAtk=6 foeLevel=12
support PP=37,33 Carl-defense=9 enemy-attack=6,6
party action uses=2,37 / 0,33
frame=23920 map=34.4 pos=8,5 flags=7
party=2 HP=14/41,17/32 battle=0 battlers=4 outcome=1 PP=2,0 trial=1 donut-ability=0
persistent PP=2,0 status=0,0
growth level/xp/item=12/1136/0,11/1446/0 stats maxHP/attack,maxHP/magic=41/28,32/16 foesHP=0,0
pattern trainer=858 turn=8 foePP=36,37 foeAtkDef=6,6 CarlAtk=6 foeLevel=12
support PP=37,33 Carl-defense=9 enemy-attack=6,6
party action uses=2,37 / 0,33
PASS expect 34 4 8 5 7
frame=23920 map=34.4 pos=8,5 flags=7
party=2 HP=14/41,17/32 battle=0 battlers=4 outcome=1 PP=2,0 trial=1 donut-ability=0
persistent PP=2,0 status=0,0
growth level/xp/item=12/1136/0,11/1446/0 stats maxHP/attack,maxHP/magic=41/28,32/16 foesHP=0,0
PASS flag 2138 1
pattern trainer=858 turn=8 foePP=36,37 foeAtkDef=6,6 CarlAtk=6 foeLevel=12
support PP=37,33 Carl-defense=9 enemy-attack=6,6
party action uses=2,37 / 0,33
frame=23920 map=34.4 pos=8,5 flags=7
party=2 HP=14/41,17/32 battle=0 battlers=4 outcome=1 PP=2,0 trial=1 donut-ability=0
persistent PP=2,0 status=0,0
growth level/xp/item=12/1136/0,11/1446/0 stats maxHP/attack,maxHP/magic=41/28,32/16 foesHP=0,0
PASS flag 37 1
pattern trainer=858 turn=8 foePP=36,37 foeAtkDef=6,6 CarlAtk=6 foeLevel=12
support PP=37,33 Carl-defense=9 enemy-attack=6,6
party action uses=2,37 / 0,33
frame=23920 map=34.4 pos=8,5 flags=7
party=2 HP=14/41,17/32 battle=0 battlers=4 outcome=1 PP=2,0 trial=1 donut-ability=0
persistent PP=2,0 status=0,0
growth level/xp/item=12/1136/0,11/1446/0 stats maxHP/attack,maxHP/magic=41/28,32/16 foesHP=0,0
PASS flag 47 1
pattern trainer=858 turn=8 foePP=36,37 foeAtkDef=6,6 CarlAtk=6 foeLevel=12
support PP=37,33 Carl-defense=9 enemy-attack=6,6
party action uses=2,37 / 0,33
frame=23920 map=34.4 pos=8,5 flags=7
party=2 HP=14/41,17/32 battle=0 battlers=4 outcome=1 PP=2,0 trial=1 donut-ability=0
persistent PP=2,0 status=0,0
growth level/xp/item=12/1136/0,11/1446/0 stats maxHP/attack,maxHP/magic=41/28,32/16 foesHP=0,0
PASS flag 48 0
pattern trainer=858 turn=8 foePP=36,37 foeAtkDef=6,6 CarlAtk=6 foeLevel=12
support PP=37,33 Carl-defense=9 enemy-attack=6,6
party action uses=2,37 / 0,33
frame=23920 map=34.4 pos=8,5 flags=7
party=2 HP=14/41,17/32 battle=0 battlers=4 outcome=1 PP=2,0 trial=1 donut-ability=0
persistent PP=2,0 status=0,0
growth level/xp/item=12/1136/0,11/1446/0 stats maxHP/attack,maxHP/magic=41/28,32/16 foesHP=0,0
PASS growth 12 1136 0 11 1446 0
pattern trainer=858 turn=8 foePP=36,37 foeAtkDef=6,6 CarlAtk=6 foeLevel=12
support PP=37,33 Carl-defense=9 enemy-attack=6,6
party action uses=2,37 / 0,33
result=0 assertions=27
