mGBA 0.10.5; 240x160; save=/workspace/DungeonCrawlerCarlemon/artifacts/n04/run-5byf3z3n/prepared-loss.sav; read-only RAM diagnostics
frame=720 map=34.4 pos=8,5 flags=7
party=2 HP=10/38,25/30 battle=0 battlers=0 outcome=0 PP=0,0 trial=1 donut-ability=0
persistent PP=4,0 status=0,0
growth level/xp/item=11/940/0,10/1250/0 stats maxHP/attack,maxHP/magic=38/26,30/15 foesHP=0,0
pattern trainer=0 turn=0 foePP=0,0 foeAtkDef=0,0 CarlAtk=0 foeLevel=0
support PP=0,0 Carl-defense=0 enemy-attack=0,0
party action uses=4,40 / 0,38
frame=721 map=34.4 pos=8,5 flags=7
party=2 HP=10/38,25/30 battle=0 battlers=0 outcome=0 PP=0,0 trial=1 donut-ability=0
persistent PP=4,0 status=0,0
growth level/xp/item=11/940/0,10/1250/0 stats maxHP/attack,maxHP/magic=38/26,30/15 foesHP=0,0
pattern trainer=0 turn=0 foePP=0,0 foeAtkDef=0,0 CarlAtk=0 foeLevel=0
support PP=0,0 Carl-defense=0 enemy-attack=0,0
party action uses=4,40 / 0,38
frame=1081 map=34.4 pos=8,5 flags=7
party=2 HP=10/38,25/30 battle=0 battlers=0 outcome=0 PP=0,0 trial=1 donut-ability=0
persistent PP=4,0 status=0,0
growth level/xp/item=11/940/0,10/1250/0 stats maxHP/attack,maxHP/magic=38/26,30/15 foesHP=0,0
pattern trainer=0 turn=0 foePP=0,0 foeAtkDef=0,0 CarlAtk=0 foeLevel=0
support PP=0,0 Carl-defense=0 enemy-attack=0,0
party action uses=4,40 / 0,38
frame=1082 map=34.4 pos=8,5 flags=7
party=2 HP=10/38,25/30 battle=0 battlers=0 outcome=0 PP=0,0 trial=1 donut-ability=0
persistent PP=4,0 status=0,0
growth level/xp/item=11/940/0,10/1250/0 stats maxHP/attack,maxHP/magic=38/26,30/15 foesHP=0,0
pattern trainer=0 turn=0 foePP=0,0 foeAtkDef=0,0 CarlAtk=0 foeLevel=0
support PP=0,0 Carl-defense=0 enemy-attack=0,0
party action uses=4,40 / 0,38
frame=1262 map=34.4 pos=8,5 flags=7
party=2 HP=10/38,25/30 battle=0 battlers=0 outcome=0 PP=0,0 trial=1 donut-ability=0
persistent PP=4,0 status=0,0
growth level/xp/item=11/940/0,10/1250/0 stats maxHP/attack,maxHP/magic=38/26,30/15 foesHP=0,0
pattern trainer=0 turn=0 foePP=0,0 foeAtkDef=0,0 CarlAtk=0 foeLevel=0
support PP=0,0 Carl-defense=0 enemy-attack=0,0
party action uses=4,40 / 0,38
frame=1263 map=34.4 pos=8,5 flags=7
party=2 HP=10/38,25/30 battle=0 battlers=0 outcome=0 PP=0,0 trial=1 donut-ability=0
persistent PP=4,0 status=0,0
growth level/xp/item=11/940/0,10/1250/0 stats maxHP/attack,maxHP/magic=38/26,30/15 foesHP=0,0
pattern trainer=0 turn=0 foePP=0,0 foeAtkDef=0,0 CarlAtk=0 foeLevel=0
support PP=0,0 Carl-defense=0 enemy-attack=0,0
party action uses=4,40 / 0,38
frame=1443 map=34.4 pos=8,5 flags=7
party=2 HP=10/38,25/30 battle=0 battlers=0 outcome=0 PP=0,0 trial=1 donut-ability=0
persistent PP=4,0 status=0,0
growth level/xp/item=11/940/0,10/1250/0 stats maxHP/attack,maxHP/magic=38/26,30/15 foesHP=0,0
pattern trainer=0 turn=0 foePP=0,0 foeAtkDef=0,0 CarlAtk=0 foeLevel=0
support PP=0,0 Carl-defense=0 enemy-attack=0,0
party action uses=4,40 / 0,38
frame=1444 map=34.4 pos=8,5 flags=7
party=2 HP=10/38,25/30 battle=0 battlers=0 outcome=0 PP=0,0 trial=1 donut-ability=0
persistent PP=4,0 status=0,0
growth level/xp/item=11/940/0,10/1250/0 stats maxHP/attack,maxHP/magic=38/26,30/15 foesHP=0,0
pattern trainer=0 turn=0 foePP=0,0 foeAtkDef=0,0 CarlAtk=0 foeLevel=0
support PP=0,0 Carl-defense=0 enemy-attack=0,0
party action uses=4,40 / 0,38
frame=2044 map=34.4 pos=8,5 flags=7
party=2 HP=10/38,25/30 battle=0 battlers=0 outcome=0 PP=0,0 trial=1 donut-ability=0
persistent PP=4,0 status=0,0
growth level/xp/item=11/940/0,10/1250/0 stats maxHP/attack,maxHP/magic=38/26,30/15 foesHP=0,0
pattern trainer=0 turn=0 foePP=0,0 foeAtkDef=0,0 CarlAtk=0 foeLevel=0
support PP=0,0 Carl-defense=0 enemy-attack=0,0
party action uses=4,40 / 0,38
frame=2044 map=34.4 pos=8,5 flags=7
party=2 HP=10/38,25/30 battle=0 battlers=0 outcome=0 PP=0,0 trial=1 donut-ability=0
persistent PP=4,0 status=0,0
growth level/xp/item=11/940/0,10/1250/0 stats maxHP/attack,maxHP/magic=38/26,30/15 foesHP=0,0
pattern trainer=0 turn=0 foePP=0,0 foeAtkDef=0,0 CarlAtk=0 foeLevel=0
support PP=0,0 Carl-defense=0 enemy-attack=0,0
party action uses=4,40 / 0,38
PASS expect 34 4 8 5 7
frame=2044 map=34.4 pos=8,5 flags=7
party=2 HP=10/38,25/30 battle=0 battlers=0 outcome=0 PP=0,0 trial=1 donut-ability=0
persistent PP=4,0 status=0,0
growth level/xp/item=11/940/0,10/1250/0 stats maxHP/attack,maxHP/magic=38/26,30/15 foesHP=0,0
PASS flag 2139 1
pattern trainer=0 turn=0 foePP=0,0 foeAtkDef=0,0 CarlAtk=0 foeLevel=0
support PP=0,0 Carl-defense=0 enemy-attack=0,0
party action uses=4,40 / 0,38
frame=2044 map=34.4 pos=8,5 flags=7
party=2 HP=10/38,25/30 battle=0 battlers=0 outcome=0 PP=0,0 trial=1 donut-ability=0
persistent PP=4,0 status=0,0
growth level/xp/item=11/940/0,10/1250/0 stats maxHP/attack,maxHP/magic=38/26,30/15 foesHP=0,0
PASS flag 37 1
pattern trainer=0 turn=0 foePP=0,0 foeAtkDef=0,0 CarlAtk=0 foeLevel=0
support PP=0,0 Carl-defense=0 enemy-attack=0,0
party action uses=4,40 / 0,38
frame=2044 map=34.4 pos=8,5 flags=7
party=2 HP=10/38,25/30 battle=0 battlers=0 outcome=0 PP=0,0 trial=1 donut-ability=0
persistent PP=4,0 status=0,0
growth level/xp/item=11/940/0,10/1250/0 stats maxHP/attack,maxHP/magic=38/26,30/15 foesHP=0,0
PASS flag 47 1
pattern trainer=0 turn=0 foePP=0,0 foeAtkDef=0,0 CarlAtk=0 foeLevel=0
support PP=0,0 Carl-defense=0 enemy-attack=0,0
party action uses=4,40 / 0,38
frame=2044 map=34.4 pos=8,5 flags=7
party=2 HP=10/38,25/30 battle=0 battlers=0 outcome=0 PP=0,0 trial=1 donut-ability=0
persistent PP=4,0 status=0,0
growth level/xp/item=11/940/0,10/1250/0 stats maxHP/attack,maxHP/magic=38/26,30/15 foesHP=0,0
PASS flag 48 0
pattern trainer=0 turn=0 foePP=0,0 foeAtkDef=0,0 CarlAtk=0 foeLevel=0
support PP=0,0 Carl-defense=0 enemy-attack=0,0
party action uses=4,40 / 0,38
frame=2044 map=34.4 pos=8,5 flags=7
party=2 HP=10/38,25/30 battle=0 battlers=0 outcome=0 PP=0,0 trial=1 donut-ability=0
persistent PP=4,0 status=0,0
growth level/xp/item=11/940/0,10/1250/0 stats maxHP/attack,maxHP/magic=38/26,30/15 foesHP=0,0
PASS growth 11 940 0 10 1250 0
pattern trainer=0 turn=0 foePP=0,0 foeAtkDef=0,0 CarlAtk=0 foeLevel=0
support PP=0,0 Carl-defense=0 enemy-attack=0,0
party action uses=4,40 / 0,38
frame=2044 map=34.4 pos=8,5 flags=7
party=2 HP=10/38,25/30 battle=0 battlers=0 outcome=0 PP=0,0 trial=1 donut-ability=0
persistent PP=4,0 status=0,0
PASS roster 10 25 4 0 0 0
growth level/xp/item=11/940/0,10/1250/0 stats maxHP/attack,maxHP/magic=38/26,30/15 foesHP=0,0
pattern trainer=0 turn=0 foePP=0,0 foeAtkDef=0,0 CarlAtk=0 foeLevel=0
support PP=0,0 Carl-defense=0 enemy-attack=0,0
party action uses=4,40 / 0,38
frame=2044 map=34.4 pos=8,5 flags=7
party=2 HP=10/38,25/30 battle=0 battlers=0 outcome=0 PP=0,0 trial=1 donut-ability=0
persistent PP=4,0 status=0,0
growth level/xp/item=11/940/0,10/1250/0 stats maxHP/attack,maxHP/magic=38/26,30/15 foesHP=0,0
pattern trainer=0 turn=0 foePP=0,0 foeAtkDef=0,0 CarlAtk=0 foeLevel=0
support PP=0,0 Carl-defense=0 enemy-attack=0,0
party action uses=4,40 / 0,38
PASS uses 4 40 0 38
result=0 assertions=8
