mGBA 0.10.5; 240x160; save=../boss-loss.sav; read-only RAM diagnostics
frame=720 map=34.4 pos=8,5 flags=7
party=2 HP=38/38,30/30 battle=0 battlers=0 outcome=0 PP=0,0 trial=1 donut-ability=0
persistent PP=8,2 status=0,0
growth level/xp/item=11/748/0,10/1058/0 stats maxHP/attack,maxHP/magic=38/26,30/15 foesHP=0,0
pattern trainer=0 turn=0 foePP=0,0 foeAtkDef=0,0 CarlAtk=0 foeLevel=0
support PP=0,0 Carl-defense=0 enemy-attack=0,0
party action uses=8,40 / 2,40
frame=721 map=34.4 pos=8,5 flags=7
party=2 HP=38/38,30/30 battle=0 battlers=0 outcome=0 PP=0,0 trial=1 donut-ability=0
persistent PP=8,2 status=0,0
growth level/xp/item=11/748/0,10/1058/0 stats maxHP/attack,maxHP/magic=38/26,30/15 foesHP=0,0
pattern trainer=0 turn=0 foePP=0,0 foeAtkDef=0,0 CarlAtk=0 foeLevel=0
support PP=0,0 Carl-defense=0 enemy-attack=0,0
party action uses=8,40 / 2,40
frame=1081 map=34.4 pos=8,5 flags=7
party=2 HP=38/38,30/30 battle=0 battlers=0 outcome=0 PP=0,0 trial=1 donut-ability=0
persistent PP=8,2 status=0,0
growth level/xp/item=11/748/0,10/1058/0 stats maxHP/attack,maxHP/magic=38/26,30/15 foesHP=0,0
pattern trainer=0 turn=0 foePP=0,0 foeAtkDef=0,0 CarlAtk=0 foeLevel=0
support PP=0,0 Carl-defense=0 enemy-attack=0,0
party action uses=8,40 / 2,40
frame=1082 map=34.4 pos=8,5 flags=7
party=2 HP=38/38,30/30 battle=0 battlers=0 outcome=0 PP=0,0 trial=1 donut-ability=0
persistent PP=8,2 status=0,0
growth level/xp/item=11/748/0,10/1058/0 stats maxHP/attack,maxHP/magic=38/26,30/15 foesHP=0,0
pattern trainer=0 turn=0 foePP=0,0 foeAtkDef=0,0 CarlAtk=0 foeLevel=0
support PP=0,0 Carl-defense=0 enemy-attack=0,0
party action uses=8,40 / 2,40
frame=1262 map=34.4 pos=8,5 flags=7
party=2 HP=38/38,30/30 battle=0 battlers=0 outcome=0 PP=0,0 trial=1 donut-ability=0
persistent PP=8,2 status=0,0
growth level/xp/item=11/748/0,10/1058/0 stats maxHP/attack,maxHP/magic=38/26,30/15 foesHP=0,0
pattern trainer=0 turn=0 foePP=0,0 foeAtkDef=0,0 CarlAtk=0 foeLevel=0
support PP=0,0 Carl-defense=0 enemy-attack=0,0
party action uses=8,40 / 2,40
frame=1263 map=34.4 pos=8,5 flags=7
party=2 HP=38/38,30/30 battle=0 battlers=0 outcome=0 PP=0,0 trial=1 donut-ability=0
persistent PP=8,2 status=0,0
growth level/xp/item=11/748/0,10/1058/0 stats maxHP/attack,maxHP/magic=38/26,30/15 foesHP=0,0
pattern trainer=0 turn=0 foePP=0,0 foeAtkDef=0,0 CarlAtk=0 foeLevel=0
support PP=0,0 Carl-defense=0 enemy-attack=0,0
party action uses=8,40 / 2,40
frame=1443 map=34.4 pos=8,5 flags=7
party=2 HP=38/38,30/30 battle=0 battlers=0 outcome=0 PP=0,0 trial=1 donut-ability=0
persistent PP=8,2 status=0,0
growth level/xp/item=11/748/0,10/1058/0 stats maxHP/attack,maxHP/magic=38/26,30/15 foesHP=0,0
pattern trainer=0 turn=0 foePP=0,0 foeAtkDef=0,0 CarlAtk=0 foeLevel=0
support PP=0,0 Carl-defense=0 enemy-attack=0,0
party action uses=8,40 / 2,40
frame=1444 map=34.4 pos=8,5 flags=7
party=2 HP=38/38,30/30 battle=0 battlers=0 outcome=0 PP=0,0 trial=1 donut-ability=0
persistent PP=8,2 status=0,0
growth level/xp/item=11/748/0,10/1058/0 stats maxHP/attack,maxHP/magic=38/26,30/15 foesHP=0,0
pattern trainer=0 turn=0 foePP=0,0 foeAtkDef=0,0 CarlAtk=0 foeLevel=0
support PP=0,0 Carl-defense=0 enemy-attack=0,0
party action uses=8,40 / 2,40
frame=2044 map=34.4 pos=8,5 flags=7
party=2 HP=38/38,30/30 battle=0 battlers=0 outcome=0 PP=0,0 trial=1 donut-ability=0
persistent PP=8,2 status=0,0
growth level/xp/item=11/748/0,10/1058/0 stats maxHP/attack,maxHP/magic=38/26,30/15 foesHP=0,0
pattern trainer=0 turn=0 foePP=0,0 foeAtkDef=0,0 CarlAtk=0 foeLevel=0
support PP=0,0 Carl-defense=0 enemy-attack=0,0
party action uses=8,40 / 2,40
frame=2044 map=34.4 pos=8,5 flags=7
party=2 HP=38/38,30/30 battle=0 battlers=0 outcome=0 PP=0,0 trial=1 donut-ability=0
persistent PP=8,2 status=0,0
growth level/xp/item=11/748/0,10/1058/0 stats maxHP/attack,maxHP/magic=38/26,30/15 foesHP=0,0
pattern trainer=0 turn=0 foePP=0,0 foeAtkDef=0,0 CarlAtk=0 foeLevel=0
support PP=0,0 Carl-defense=0 enemy-attack=0,0
party action uses=8,40 / 2,40
PASS expect 34 4 8 5 7
frame=2044 map=34.4 pos=8,5 flags=7
party=2 HP=38/38,30/30 battle=0 battlers=0 outcome=0 PP=0,0 trial=1 donut-ability=0
persistent PP=8,2 status=0,0
growth level/xp/item=11/748/0,10/1058/0 stats maxHP/attack,maxHP/magic=38/26,30/15 foesHP=0,0
PASS flag 46 0
pattern trainer=0 turn=0 foePP=0,0 foeAtkDef=0,0 CarlAtk=0 foeLevel=0
support PP=0,0 Carl-defense=0 enemy-attack=0,0
party action uses=8,40 / 2,40
frame=2044 map=34.4 pos=8,5 flags=7
party=2 HP=38/38,30/30 battle=0 battlers=0 outcome=0 PP=0,0 trial=1 donut-ability=0
persistent PP=8,2 status=0,0
growth level/xp/item=11/748/0,10/1058/0 stats maxHP/attack,maxHP/magic=38/26,30/15 foesHP=0,0
pattern trainer=0 turn=0 foePP=0,0 foeAtkDef=0,0 CarlAtk=0 foeLevel=0
support PP=0,0 Carl-defense=0 enemy-attack=0,0
party action uses=8,40 / 2,40
PASS duo healthy
frame=2045 map=34.4 pos=8,5 flags=7
party=2 HP=38/38,30/30 battle=0 battlers=0 outcome=0 PP=0,0 trial=1 donut-ability=0
persistent PP=8,2 status=0,0
growth level/xp/item=11/748/0,10/1058/0 stats maxHP/attack,maxHP/magic=38/26,30/15 foesHP=0,0
pattern trainer=858 turn=0 foePP=0,0 foeAtkDef=0,0 CarlAtk=0 foeLevel=0
support PP=0,0 Carl-defense=0 enemy-attack=0,0
party action uses=8,40 / 2,40
frame=2445 map=34.4 pos=8,5 flags=7
party=2 HP=38/38,30/30 battle=0 battlers=0 outcome=0 PP=0,0 trial=1 donut-ability=0
persistent PP=8,2 status=0,0
growth level/xp/item=11/748/0,10/1058/0 stats maxHP/attack,maxHP/magic=38/26,30/15 foesHP=0,0
pattern trainer=858 turn=0 foePP=0,0 foeAtkDef=0,0 CarlAtk=0 foeLevel=0
support PP=0,0 Carl-defense=0 enemy-attack=0,0
party action uses=8,40 / 2,40
frame=2446 map=34.4 pos=8,5 flags=7
party=2 HP=38/38,30/30 battle=0 battlers=0 outcome=0 PP=0,0 trial=1 donut-ability=0
persistent PP=8,2 status=0,0
growth level/xp/item=11/748/0,10/1058/0 stats maxHP/attack,maxHP/magic=38/26,30/15 foesHP=0,0
pattern trainer=858 turn=0 foePP=0,0 foeAtkDef=0,0 CarlAtk=0 foeLevel=0
support PP=0,0 Carl-defense=0 enemy-attack=0,0
party action uses=8,40 / 2,40
frame=2846 map=34.4 pos=8,5 flags=7
party=2 HP=38/38,30/30 battle=0 battlers=0 outcome=0 PP=0,0 trial=1 donut-ability=0
persistent PP=8,2 status=0,0
growth level/xp/item=11/748/0,10/1058/0 stats maxHP/attack,maxHP/magic=38/26,30/15 foesHP=0,0
pattern trainer=858 turn=0 foePP=0,0 foeAtkDef=0,0 CarlAtk=0 foeLevel=0
support PP=0,0 Carl-defense=0 enemy-attack=0,0
party action uses=8,40 / 2,40
frame=2847 map=34.4 pos=8,5 flags=7
party=2 HP=38/38,30/30 battle=0 battlers=0 outcome=0 PP=0,0 trial=1 donut-ability=0
persistent PP=8,2 status=0,0
growth level/xp/item=11/748/0,10/1058/0 stats maxHP/attack,maxHP/magic=38/26,30/15 foesHP=0,0
pattern trainer=858 turn=0 foePP=0,0 foeAtkDef=0,0 CarlAtk=0 foeLevel=0
support PP=0,0 Carl-defense=0 enemy-attack=0,0
party action uses=8,40 / 2,40
frame=3747 map=34.4 pos=8,5 flags=7
party=2 HP=38/38,30/30 battle=1 battlers=4 outcome=0 PP=8,2 trial=1 donut-ability=0
persistent PP=8,2 status=0,0
growth level/xp/item=11/748/0,10/1058/0 stats maxHP/attack,maxHP/magic=38/26,30/15 foesHP=42,30
pattern trainer=858 turn=0 foePP=40,40 foeAtkDef=6,6 CarlAtk=6 foeLevel=12
support PP=40,40 Carl-defense=6 enemy-attack=6,6
party action uses=8,40 / 2,40
frame=3748 map=34.4 pos=8,5 flags=7
party=2 HP=38/38,30/30 battle=1 battlers=4 outcome=0 PP=8,2 trial=1 donut-ability=0
persistent PP=8,2 status=0,0
growth level/xp/item=11/748/0,10/1058/0 stats maxHP/attack,maxHP/magic=38/26,30/15 foesHP=42,30
pattern trainer=858 turn=0 foePP=40,40 foeAtkDef=6,6 CarlAtk=6 foeLevel=12
support PP=40,40 Carl-defense=6 enemy-attack=6,6
party action uses=8,40 / 2,40
frame=4348 map=34.4 pos=8,5 flags=7
party=2 HP=38/38,30/30 battle=1 battlers=4 outcome=0 PP=8,2 trial=1 donut-ability=0
persistent PP=8,2 status=0,0
growth level/xp/item=11/748/0,10/1058/0 stats maxHP/attack,maxHP/magic=38/26,30/15 foesHP=42,30
pattern trainer=858 turn=0 foePP=40,40 foeAtkDef=6,6 CarlAtk=6 foeLevel=12
support PP=40,40 Carl-defense=6 enemy-attack=6,6
party action uses=8,40 / 2,40
frame=4349 map=34.4 pos=8,5 flags=7
party=2 HP=38/38,30/30 battle=1 battlers=4 outcome=0 PP=8,2 trial=1 donut-ability=0
persistent PP=8,2 status=0,0
growth level/xp/item=11/748/0,10/1058/0 stats maxHP/attack,maxHP/magic=38/26,30/15 foesHP=42,30
pattern trainer=858 turn=0 foePP=40,40 foeAtkDef=6,6 CarlAtk=6 foeLevel=12
support PP=40,40 Carl-defense=6 enemy-attack=6,6
party action uses=8,40 / 2,40
frame=4949 map=34.4 pos=8,5 flags=7
party=2 HP=38/38,30/30 battle=1 battlers=4 outcome=0 PP=8,2 trial=1 donut-ability=0
persistent PP=8,2 status=0,0
growth level/xp/item=11/748/0,10/1058/0 stats maxHP/attack,maxHP/magic=38/26,30/15 foesHP=42,30
pattern trainer=858 turn=0 foePP=40,40 foeAtkDef=6,6 CarlAtk=6 foeLevel=12
support PP=40,40 Carl-defense=6 enemy-attack=6,6
party action uses=8,40 / 2,40
pilot frame=4949 turn=0 actor=0 menu=1 selection=0 key=1
pilot turn=0 HP=38,30 foeHP=42,30 foeAtk=6 foeDef=6 CarlAtk=6
pilot frame=4961 turn=0 actor=0 menu=2 selection=0 key=1
pilot frame=4973 turn=0 actor=0 menu=3 selection=1 key=16
pilot frame=4985 turn=0 actor=0 menu=3 selection=2 key=1
pilot frame=4997 turn=0 actor=2 menu=1 selection=0 key=1
pilot frame=5009 turn=0 actor=2 menu=2 selection=1 key=16
pilot frame=5021 turn=0 actor=2 menu=2 selection=1 key=1
pilot turn=1 HP=35,22 foeHP=42,30 foeAtk=6 foeDef=6 CarlAtk=6
pilot frame=6533 turn=1 actor=0 menu=1 selection=0 key=1
pilot frame=6545 turn=1 actor=0 menu=2 selection=0 key=1
pilot frame=6557 turn=1 actor=0 menu=3 selection=1 key=16
pilot frame=6569 turn=1 actor=0 menu=3 selection=2 key=1
pilot frame=6581 turn=1 actor=2 menu=1 selection=0 key=1
pilot frame=6593 turn=1 actor=2 menu=2 selection=1 key=1
pilot turn=2 HP=21,13 foeHP=42,30 foeAtk=5 foeDef=6 CarlAtk=6
pilot frame=7829 turn=2 actor=0 menu=1 selection=0 key=1
pilot frame=7841 turn=2 actor=0 menu=2 selection=0 key=1
pilot frame=7853 turn=2 actor=0 menu=3 selection=1 key=16
pilot frame=7865 turn=2 actor=0 menu=3 selection=2 key=1
pilot frame=7877 turn=2 actor=2 menu=1 selection=0 key=1
pilot frame=7889 turn=2 actor=2 menu=2 selection=1 key=1
pilot turn=3 HP=18,4 foeHP=42,30 foeAtk=5 foeDef=6 CarlAtk=6
pilot frame=9401 turn=3 actor=0 menu=1 selection=0 key=1
pilot frame=9413 turn=3 actor=0 menu=2 selection=0 key=1
pilot frame=9425 turn=3 actor=0 menu=3 selection=1 key=16
pilot frame=9437 turn=3 actor=0 menu=3 selection=2 key=1
pilot frame=9449 turn=3 actor=2 menu=1 selection=0 key=1
pilot frame=9461 turn=3 actor=2 menu=2 selection=1 key=1
pilot turn=4 HP=7,0 foeHP=42,30 foeAtk=4 foeDef=6 CarlAtk=6
pilot frame=10853 turn=4 actor=0 menu=1 selection=0 key=1
pilot frame=10865 turn=4 actor=0 menu=2 selection=1 key=16
pilot frame=10877 turn=4 actor=0 menu=2 selection=1 key=1
pilot turn=5 HP=4,0 foeHP=42,30 foeAtk=5 foeDef=6 CarlAtk=6
pilot frame=11969 turn=5 actor=0 menu=1 selection=0 key=1
pilot frame=11981 turn=5 actor=0 menu=2 selection=1 key=1
pilot completed policy=loss frames=7426 outcome=2 incapacitation=6
frame=12975 map=34.4 pos=8,5 flags=7
party=2 HP=38/38,30/30 battle=0 battlers=4 outcome=2 PP=4,2 trial=1 donut-ability=0
persistent PP=8,2 status=0,0
growth level/xp/item=11/748/0,10/1058/0 stats maxHP/attack,maxHP/magic=38/26,30/15 foesHP=42,30
pattern trainer=858 turn=5 foePP=37,37 foeAtkDef=5,6 CarlAtk=6 foeLevel=12
support PP=39,36 Carl-defense=6 enemy-attack=5,2
party action uses=8,40 / 2,40
PASS incap 6
frame=12975 map=34.4 pos=8,5 flags=7
party=2 HP=38/38,30/30 battle=0 battlers=4 outcome=2 PP=4,2 trial=1 donut-ability=0
persistent PP=8,2 status=0,0
growth level/xp/item=11/748/0,10/1058/0 stats maxHP/attack,maxHP/magic=38/26,30/15 foesHP=42,30
pattern trainer=858 turn=5 foePP=37,37 foeAtkDef=5,6 CarlAtk=6 foeLevel=12
support PP=39,36 Carl-defense=6 enemy-attack=5,2
party action uses=8,40 / 2,40
frame=12975 map=34.4 pos=8,5 flags=7
party=2 HP=38/38,30/30 battle=0 battlers=4 outcome=2 PP=4,2 trial=1 donut-ability=0
persistent PP=8,2 status=0,0
growth level/xp/item=11/748/0,10/1058/0 stats maxHP/attack,maxHP/magic=38/26,30/15 foesHP=42,30
pattern trainer=858 turn=5 foePP=37,37 foeAtkDef=5,6 CarlAtk=6 foeLevel=12
support PP=39,36 Carl-defense=6 enemy-attack=5,2
party action uses=8,40 / 2,40
PASS duo healthy
frame=12975 map=34.4 pos=8,5 flags=7
party=2 HP=38/38,30/30 battle=0 battlers=4 outcome=2 PP=4,2 trial=1 donut-ability=0
persistent PP=8,2 status=0,0
growth level/xp/item=11/748/0,10/1058/0 stats maxHP/attack,maxHP/magic=38/26,30/15 foesHP=42,30
pattern trainer=858 turn=5 foePP=37,37 foeAtkDef=5,6 CarlAtk=6 foeLevel=12
support PP=39,36 Carl-defense=6 enemy-attack=5,2
party action uses=8,40 / 2,40
PASS uses 8 40 2 40
frame=12975 map=34.4 pos=8,5 flags=7
party=2 HP=38/38,30/30 battle=0 battlers=4 outcome=2 PP=4,2 trial=1 donut-ability=0
persistent PP=8,2 status=0,0
growth level/xp/item=11/748/0,10/1058/0 stats maxHP/attack,maxHP/magic=38/26,30/15 foesHP=42,30
PASS growth 11 748 0 10 1058 0
pattern trainer=858 turn=5 foePP=37,37 foeAtkDef=5,6 CarlAtk=6 foeLevel=12
support PP=39,36 Carl-defense=6 enemy-attack=5,2
party action uses=8,40 / 2,40
frame=12975 map=34.4 pos=8,5 flags=7
party=2 HP=38/38,30/30 battle=0 battlers=4 outcome=2 PP=4,2 trial=1 donut-ability=0
persistent PP=8,2 status=0,0
growth level/xp/item=11/748/0,10/1058/0 stats maxHP/attack,maxHP/magic=38/26,30/15 foesHP=42,30
PASS flag 2138 0
pattern trainer=858 turn=5 foePP=37,37 foeAtkDef=5,6 CarlAtk=6 foeLevel=12
support PP=39,36 Carl-defense=6 enemy-attack=5,2
party action uses=8,40 / 2,40
frame=12975 map=34.4 pos=8,5 flags=7
party=2 HP=38/38,30/30 battle=0 battlers=4 outcome=2 PP=4,2 trial=1 donut-ability=0
persistent PP=8,2 status=0,0
growth level/xp/item=11/748/0,10/1058/0 stats maxHP/attack,maxHP/magic=38/26,30/15 foesHP=42,30
PASS flag 47 0
pattern trainer=858 turn=5 foePP=37,37 foeAtkDef=5,6 CarlAtk=6 foeLevel=12
support PP=39,36 Carl-defense=6 enemy-attack=5,2
party action uses=8,40 / 2,40
frame=12975 map=34.4 pos=8,5 flags=7
party=2 HP=38/38,30/30 battle=0 battlers=4 outcome=2 PP=4,2 trial=1 donut-ability=0
persistent PP=8,2 status=0,0
growth level/xp/item=11/748/0,10/1058/0 stats maxHP/attack,maxHP/magic=38/26,30/15 foesHP=42,30
PASS flag 48 0
pattern trainer=858 turn=5 foePP=37,37 foeAtkDef=5,6 CarlAtk=6 foeLevel=12
support PP=39,36 Carl-defense=6 enemy-attack=5,2
party action uses=8,40 / 2,40
frame=12975 map=34.4 pos=8,5 flags=7
party=2 HP=38/38,30/30 battle=0 battlers=4 outcome=2 PP=4,2 trial=1 donut-ability=0
persistent PP=8,2 status=0,0
growth level/xp/item=11/748/0,10/1058/0 stats maxHP/attack,maxHP/magic=38/26,30/15 foesHP=42,30
pattern trainer=858 turn=5 foePP=37,37 foeAtkDef=5,6 CarlAtk=6 foeLevel=12
support PP=39,36 Carl-defense=6 enemy-attack=5,2
party action uses=8,40 / 2,40
PASS expect 34 4 8 5 7
frame=12976 map=34.4 pos=8,5 flags=7
party=2 HP=38/38,30/30 battle=0 battlers=4 outcome=2 PP=4,2 trial=1 donut-ability=0
persistent PP=8,2 status=0,0
growth level/xp/item=11/748/0,10/1058/0 stats maxHP/attack,maxHP/magic=38/26,30/15 foesHP=42,30
pattern trainer=858 turn=5 foePP=37,37 foeAtkDef=5,6 CarlAtk=6 foeLevel=12
support PP=39,36 Carl-defense=6 enemy-attack=5,2
party action uses=8,40 / 2,40
frame=13096 map=34.4 pos=8,5 flags=7
party=2 HP=38/38,30/30 battle=0 battlers=4 outcome=2 PP=4,2 trial=1 donut-ability=0
persistent PP=8,2 status=0,0
growth level/xp/item=11/748/0,10/1058/0 stats maxHP/attack,maxHP/magic=38/26,30/15 foesHP=42,30
pattern trainer=858 turn=5 foePP=37,37 foeAtkDef=5,6 CarlAtk=6 foeLevel=12
support PP=39,36 Carl-defense=6 enemy-attack=5,2
party action uses=8,40 / 2,40
frame=13097 map=34.4 pos=8,5 flags=7
party=2 HP=38/38,30/30 battle=0 battlers=4 outcome=2 PP=4,2 trial=1 donut-ability=0
persistent PP=8,2 status=0,0
growth level/xp/item=11/748/0,10/1058/0 stats maxHP/attack,maxHP/magic=38/26,30/15 foesHP=42,30
pattern trainer=858 turn=5 foePP=37,37 foeAtkDef=5,6 CarlAtk=6 foeLevel=12
support PP=39,36 Carl-defense=6 enemy-attack=5,2
party action uses=8,40 / 2,40
frame=13217 map=34.4 pos=8,5 flags=7
party=2 HP=38/38,30/30 battle=0 battlers=4 outcome=2 PP=4,2 trial=1 donut-ability=0
persistent PP=8,2 status=0,0
growth level/xp/item=11/748/0,10/1058/0 stats maxHP/attack,maxHP/magic=38/26,30/15 foesHP=42,30
pattern trainer=858 turn=5 foePP=37,37 foeAtkDef=5,6 CarlAtk=6 foeLevel=12
support PP=39,36 Carl-defense=6 enemy-attack=5,2
party action uses=8,40 / 2,40
frame=13218 map=34.4 pos=8,5 flags=7
party=2 HP=38/38,30/30 battle=0 battlers=4 outcome=2 PP=4,2 trial=1 donut-ability=0
persistent PP=8,2 status=0,0
growth level/xp/item=11/748/0,10/1058/0 stats maxHP/attack,maxHP/magic=38/26,30/15 foesHP=42,30
pattern trainer=858 turn=5 foePP=37,37 foeAtkDef=5,6 CarlAtk=6 foeLevel=12
support PP=39,36 Carl-defense=6 enemy-attack=5,2
party action uses=8,40 / 2,40
frame=13238 map=34.4 pos=8,5 flags=7
party=2 HP=38/38,30/30 battle=0 battlers=4 outcome=2 PP=4,2 trial=1 donut-ability=0
persistent PP=8,2 status=0,0
growth level/xp/item=11/748/0,10/1058/0 stats maxHP/attack,maxHP/magic=38/26,30/15 foesHP=42,30
pattern trainer=858 turn=5 foePP=37,37 foeAtkDef=5,6 CarlAtk=6 foeLevel=12
support PP=39,36 Carl-defense=6 enemy-attack=5,2
party action uses=8,40 / 2,40
frame=13239 map=34.4 pos=8,5 flags=7
party=2 HP=38/38,30/30 battle=0 battlers=4 outcome=2 PP=4,2 trial=1 donut-ability=0
persistent PP=8,2 status=0,0
growth level/xp/item=11/748/0,10/1058/0 stats maxHP/attack,maxHP/magic=38/26,30/15 foesHP=42,30
pattern trainer=858 turn=5 foePP=37,37 foeAtkDef=5,6 CarlAtk=6 foeLevel=12
support PP=39,36 Carl-defense=6 enemy-attack=5,2
party action uses=8,40 / 2,40
frame=13259 map=34.4 pos=8,5 flags=7
party=2 HP=38/38,30/30 battle=0 battlers=4 outcome=2 PP=4,2 trial=1 donut-ability=0
persistent PP=8,2 status=0,0
growth level/xp/item=11/748/0,10/1058/0 stats maxHP/attack,maxHP/magic=38/26,30/15 foesHP=42,30
pattern trainer=858 turn=5 foePP=37,37 foeAtkDef=5,6 CarlAtk=6 foeLevel=12
support PP=39,36 Carl-defense=6 enemy-attack=5,2
party action uses=8,40 / 2,40
frame=13260 map=34.4 pos=8,5 flags=7
party=2 HP=38/38,30/30 battle=0 battlers=4 outcome=2 PP=4,2 trial=1 donut-ability=0
persistent PP=8,2 status=0,0
growth level/xp/item=11/748/0,10/1058/0 stats maxHP/attack,maxHP/magic=38/26,30/15 foesHP=42,30
pattern trainer=858 turn=5 foePP=37,37 foeAtkDef=5,6 CarlAtk=6 foeLevel=12
support PP=39,36 Carl-defense=6 enemy-attack=5,2
party action uses=8,40 / 2,40
frame=13420 map=34.4 pos=8,5 flags=7
party=2 HP=38/38,30/30 battle=0 battlers=4 outcome=2 PP=4,2 trial=1 donut-ability=0
persistent PP=8,2 status=0,0
growth level/xp/item=11/748/0,10/1058/0 stats maxHP/attack,maxHP/magic=38/26,30/15 foesHP=42,30
pattern trainer=858 turn=5 foePP=37,37 foeAtkDef=5,6 CarlAtk=6 foeLevel=12
support PP=39,36 Carl-defense=6 enemy-attack=5,2
party action uses=8,40 / 2,40
frame=13421 map=34.4 pos=8,5 flags=7
party=2 HP=38/38,30/30 battle=0 battlers=4 outcome=2 PP=4,2 trial=1 donut-ability=0
persistent PP=8,2 status=0,0
growth level/xp/item=11/748/0,10/1058/0 stats maxHP/attack,maxHP/magic=38/26,30/15 foesHP=42,30
pattern trainer=858 turn=5 foePP=37,37 foeAtkDef=5,6 CarlAtk=6 foeLevel=12
support PP=39,36 Carl-defense=6 enemy-attack=5,2
party action uses=8,40 / 2,40
frame=13601 map=34.4 pos=8,5 flags=7
party=2 HP=38/38,30/30 battle=0 battlers=4 outcome=2 PP=4,2 trial=1 donut-ability=0
persistent PP=8,2 status=0,0
growth level/xp/item=11/748/0,10/1058/0 stats maxHP/attack,maxHP/magic=38/26,30/15 foesHP=42,30
pattern trainer=858 turn=5 foePP=37,37 foeAtkDef=5,6 CarlAtk=6 foeLevel=12
support PP=39,36 Carl-defense=6 enemy-attack=5,2
party action uses=8,40 / 2,40
frame=13602 map=34.4 pos=8,5 flags=7
party=2 HP=38/38,30/30 battle=0 battlers=4 outcome=2 PP=4,2 trial=1 donut-ability=0
persistent PP=8,2 status=0,0
growth level/xp/item=11/748/0,10/1058/0 stats maxHP/attack,maxHP/magic=38/26,30/15 foesHP=42,30
pattern trainer=858 turn=5 foePP=37,37 foeAtkDef=5,6 CarlAtk=6 foeLevel=12
support PP=39,36 Carl-defense=6 enemy-attack=5,2
party action uses=8,40 / 2,40
frame=14202 map=34.4 pos=8,5 flags=7
party=2 HP=38/38,30/30 battle=0 battlers=4 outcome=2 PP=4,2 trial=1 donut-ability=0
persistent PP=8,2 status=0,0
growth level/xp/item=11/748/0,10/1058/0 stats maxHP/attack,maxHP/magic=38/26,30/15 foesHP=42,30
pattern trainer=858 turn=5 foePP=37,37 foeAtkDef=5,6 CarlAtk=6 foeLevel=12
support PP=39,36 Carl-defense=6 enemy-attack=5,2
party action uses=8,40 / 2,40
frame=14203 map=34.4 pos=8,5 flags=7
party=2 HP=38/38,30/30 battle=0 battlers=4 outcome=2 PP=4,2 trial=1 donut-ability=0
persistent PP=8,2 status=0,0
growth level/xp/item=11/748/0,10/1058/0 stats maxHP/attack,maxHP/magic=38/26,30/15 foesHP=42,30
pattern trainer=858 turn=5 foePP=37,37 foeAtkDef=5,6 CarlAtk=6 foeLevel=12
support PP=39,36 Carl-defense=6 enemy-attack=5,2
party action uses=8,40 / 2,40
frame=14803 map=34.4 pos=8,5 flags=7
party=2 HP=38/38,30/30 battle=0 battlers=4 outcome=2 PP=4,2 trial=1 donut-ability=0
persistent PP=8,2 status=0,0
growth level/xp/item=11/748/0,10/1058/0 stats maxHP/attack,maxHP/magic=38/26,30/15 foesHP=42,30
pattern trainer=858 turn=5 foePP=37,37 foeAtkDef=5,6 CarlAtk=6 foeLevel=12
support PP=39,36 Carl-defense=6 enemy-attack=5,2
party action uses=8,40 / 2,40
frame=14803 map=34.4 pos=8,5 flags=7
party=2 HP=38/38,30/30 battle=0 battlers=4 outcome=2 PP=4,2 trial=1 donut-ability=0
persistent PP=8,2 status=0,0
growth level/xp/item=11/748/0,10/1058/0 stats maxHP/attack,maxHP/magic=38/26,30/15 foesHP=42,30
pattern trainer=858 turn=5 foePP=37,37 foeAtkDef=5,6 CarlAtk=6 foeLevel=12
support PP=39,36 Carl-defense=6 enemy-attack=5,2
party action uses=8,40 / 2,40
PASS expect 34 4 8 5 7
result=0 assertions=13
