ffmpeg version 7.1.5-0+deb13u1 Copyright (c) 2000-2026 the FFmpeg developers
  built with gcc 14 (Debian 14.2.0-19)
  configuration: --prefix=/usr --extra-version=0+deb13u1 --toolchain=hardened --libdir=/usr/lib/x86_64-linux-gnu --incdir=/usr/include/x86_64-linux-gnu --arch=amd64 --enable-gpl --disable-stripping --disable-libmfx --disable-omx --enable-gnutls --enable-libaom --enable-libass --enable-libbs2b --enable-libcdio --enable-libcodec2 --enable-libdav1d --enable-libflite --enable-libfontconfig --enable-libfreetype --enable-libfribidi --enable-libglslang --enable-libgme --enable-libgsm --enable-libharfbuzz --enable-libmp3lame --enable-libmysofa --enable-libopenjpeg --enable-libopenmpt --enable-libopus --enable-librubberband --enable-libshine --enable-libsnappy --enable-libsoxr --enable-libspeex --enable-libtheora --enable-libtwolame --enable-libvidstab --enable-libvorbis --enable-libvpx --enable-libwebp --enable-libx265 --enable-libxml2 --enable-libxvid --enable-libzimg --enable-openal --enable-opencl --enable-opengl --disable-sndio --enable-libvpl --enable-libdc1394 --enable-libdrm --enable-libiec61883 --enable-chromaprint --enable-frei0r --enable-ladspa --enable-libbluray --enable-libcaca --enable-libdvdnav --enable-libdvdread --enable-libjack --enable-libpulse --enable-librabbitmq --enable-librist --enable-libsrt --enable-libssh --enable-libsvtav1 --enable-libx264 --enable-libzmq --enable-libzvbi --enable-lv2 --enable-sdl2 --enable-libplacebo --enable-librav1e --enable-pocketsphinx --enable-librsvg --enable-libjxl --enable-shared
  libavutil      59. 39.100 / 59. 39.100
  libavcodec     61. 19.101 / 61. 19.101
  libavformat    61.  7.103 / 61.  7.103
  libavdevice    61.  3.100 / 61.  3.100
  libavfilter    10.  5.100 / 10.  5.100
  libswscale      8.  3.100 /  8.  3.100
  libswresample   5.  3.100 /  5.  3.100
  libpostproc    58.  3.100 / 58.  3.100
Input #0, image2, from '/workspace/DungeonCrawlerCarlemon/artifacts/floor1/g01b/third-qywt1a9l/open/continuous-motion/frame-%05d.png':
  Duration: 00:00:12.59, start: 0.000000, bitrate: N/A
  Stream #0:0: Video: png, rgb24(pc, gbr/unknown/unknown), 240x160, 59.73 fps, 59.73 tbr, 59.73 tbn
Stream mapping:
  Stream #0:0 -> #0:0 (png (native) -> vp9 (libvpx-vp9))
Press [q] to stop, [?] for help
[libvpx-vp9 @ 0x564440818380] v1.15.0
Output #0, webm, to '/workspace/DungeonCrawlerCarlemon/artifacts/floor1/g01b/third-qywt1a9l/open/continuous-motion/walking.webm':
  Metadata:
    encoder         : Lavf61.7.103
  Stream #0:0: Video: vp9, yuv420p(tv, progressive), 240x160, q=2-31, 59.73 fps, 1k tbn
      Metadata:
        encoder         : Lavc61.19.101 libvpx-vp9
      Side data:
        cpb: bitrate max/min/avg: 0/0/0 buffer size: 0 vbv_delay: N/A
frame=  182 fps=0.0 q=30.0 size=       7KiB time=00:00:03.04 bitrate=  17.5kbits/s speed=6.09x    frame=  362 fps=362 q=30.0 size=      12KiB time=00:00:06.06 bitrate=  16.8kbits/s speed=6.06x    frame=  624 fps=416 q=30.0 size=      24KiB time=00:00:10.44 bitrate=  18.7kbits/s speed=6.96x    [out#0/webm @ 0x564440819200] video:29KiB audio:0KiB subtitle:0KiB other streams:0KiB global headers:0KiB muxing overhead: 17.143521%
frame=  752 fps=417 q=30.0 Lsize=      34KiB time=00:00:12.59 bitrate=  22.4kbits/s speed=6.99x    
