mGBA 0.10.5; 240x160; save=../alternate.sav; read-only RAM diagnostics
frame=720 map=34.3 pos=5,5 flags=7
party=2 HP=33/33,28/28 battle=0 battlers=0 outcome=0 PP=0,0 trial=1 donut-ability=0
persistent PP=8,2 status=0,0
growth level/xp/item=9/495/0,9/805/0 stats maxHP/attack,maxHP/magic=33/23,28/14 foesHP=0,0
pattern trainer=0 turn=0 foePP=0,0 foeAtkDef=0,0 CarlAtk=0 foeLevel=0
support PP=0,0 Carl-defense=0 enemy-attack=0,0
party action uses=8,40 / 2,40
frame=721 map=34.3 pos=5,5 flags=7
party=2 HP=33/33,28/28 battle=0 battlers=0 outcome=0 PP=0,0 trial=1 donut-ability=0
persistent PP=8,2 status=0,0
growth level/xp/item=9/495/0,9/805/0 stats maxHP/attack,maxHP/magic=33/23,28/14 foesHP=0,0
pattern trainer=0 turn=0 foePP=0,0 foeAtkDef=0,0 CarlAtk=0 foeLevel=0
support PP=0,0 Carl-defense=0 enemy-attack=0,0
party action uses=8,40 / 2,40
frame=1081 map=34.3 pos=5,5 flags=7
party=2 HP=33/33,28/28 battle=0 battlers=0 outcome=0 PP=0,0 trial=1 donut-ability=0
persistent PP=8,2 status=0,0
growth level/xp/item=9/495/0,9/805/0 stats maxHP/attack,maxHP/magic=33/23,28/14 foesHP=0,0
pattern trainer=0 turn=0 foePP=0,0 foeAtkDef=0,0 CarlAtk=0 foeLevel=0
support PP=0,0 Carl-defense=0 enemy-attack=0,0
party action uses=8,40 / 2,40
frame=1082 map=34.3 pos=5,5 flags=7
party=2 HP=33/33,28/28 battle=0 battlers=0 outcome=0 PP=0,0 trial=1 donut-ability=0
persistent PP=8,2 status=0,0
growth level/xp/item=9/495/0,9/805/0 stats maxHP/attack,maxHP/magic=33/23,28/14 foesHP=0,0
pattern trainer=0 turn=0 foePP=0,0 foeAtkDef=0,0 CarlAtk=0 foeLevel=0
support PP=0,0 Carl-defense=0 enemy-attack=0,0
party action uses=8,40 / 2,40
frame=1262 map=34.3 pos=5,5 flags=7
party=2 HP=33/33,28/28 battle=0 battlers=0 outcome=0 PP=0,0 trial=1 donut-ability=0
persistent PP=8,2 status=0,0
growth level/xp/item=9/495/0,9/805/0 stats maxHP/attack,maxHP/magic=33/23,28/14 foesHP=0,0
pattern trainer=0 turn=0 foePP=0,0 foeAtkDef=0,0 CarlAtk=0 foeLevel=0
support PP=0,0 Carl-defense=0 enemy-attack=0,0
party action uses=8,40 / 2,40
frame=1263 map=34.3 pos=5,5 flags=7
party=2 HP=33/33,28/28 battle=0 battlers=0 outcome=0 PP=0,0 trial=1 donut-ability=0
persistent PP=8,2 status=0,0
growth level/xp/item=9/495/0,9/805/0 stats maxHP/attack,maxHP/magic=33/23,28/14 foesHP=0,0
pattern trainer=0 turn=0 foePP=0,0 foeAtkDef=0,0 CarlAtk=0 foeLevel=0
support PP=0,0 Carl-defense=0 enemy-attack=0,0
party action uses=8,40 / 2,40
frame=1443 map=34.3 pos=5,5 flags=7
party=2 HP=33/33,28/28 battle=0 battlers=0 outcome=0 PP=0,0 trial=1 donut-ability=0
persistent PP=8,2 status=0,0
growth level/xp/item=9/495/0,9/805/0 stats maxHP/attack,maxHP/magic=33/23,28/14 foesHP=0,0
pattern trainer=0 turn=0 foePP=0,0 foeAtkDef=0,0 CarlAtk=0 foeLevel=0
support PP=0,0 Carl-defense=0 enemy-attack=0,0
party action uses=8,40 / 2,40
frame=1444 map=34.3 pos=5,5 flags=7
party=2 HP=33/33,28/28 battle=0 battlers=0 outcome=0 PP=0,0 trial=1 donut-ability=0
persistent PP=8,2 status=0,0
growth level/xp/item=9/495/0,9/805/0 stats maxHP/attack,maxHP/magic=33/23,28/14 foesHP=0,0
pattern trainer=0 turn=0 foePP=0,0 foeAtkDef=0,0 CarlAtk=0 foeLevel=0
support PP=0,0 Carl-defense=0 enemy-attack=0,0
party action uses=8,40 / 2,40
frame=2044 map=34.3 pos=5,5 flags=7
party=2 HP=33/33,28/28 battle=0 battlers=0 outcome=0 PP=0,0 trial=1 donut-ability=0
persistent PP=8,2 status=0,0
growth level/xp/item=9/495/0,9/805/0 stats maxHP/attack,maxHP/magic=33/23,28/14 foesHP=0,0
pattern trainer=0 turn=0 foePP=0,0 foeAtkDef=0,0 CarlAtk=0 foeLevel=0
support PP=0,0 Carl-defense=0 enemy-attack=0,0
party action uses=8,40 / 2,40
frame=2044 map=34.3 pos=5,5 flags=7
party=2 HP=33/33,28/28 battle=0 battlers=0 outcome=0 PP=0,0 trial=1 donut-ability=0
persistent PP=8,2 status=0,0
growth level/xp/item=9/495/0,9/805/0 stats maxHP/attack,maxHP/magic=33/23,28/14 foesHP=0,0
pattern trainer=0 turn=0 foePP=0,0 foeAtkDef=0,0 CarlAtk=0 foeLevel=0
support PP=0,0 Carl-defense=0 enemy-attack=0,0
party action uses=8,40 / 2,40
PASS expect 34 3 5 5 7
frame=2044 map=34.3 pos=5,5 flags=7
party=2 HP=33/33,28/28 battle=0 battlers=0 outcome=0 PP=0,0 trial=1 donut-ability=0
persistent PP=8,2 status=0,0
growth level/xp/item=9/495/0,9/805/0 stats maxHP/attack,maxHP/magic=33/23,28/14 foesHP=0,0
PASS flag 2136 0
pattern trainer=0 turn=0 foePP=0,0 foeAtkDef=0,0 CarlAtk=0 foeLevel=0
support PP=0,0 Carl-defense=0 enemy-attack=0,0
party action uses=8,40 / 2,40
frame=2044 map=34.3 pos=5,5 flags=7
party=2 HP=33/33,28/28 battle=0 battlers=0 outcome=0 PP=0,0 trial=1 donut-ability=0
persistent PP=8,2 status=0,0
growth level/xp/item=9/495/0,9/805/0 stats maxHP/attack,maxHP/magic=33/23,28/14 foesHP=0,0
PASS flag 2137 0
pattern trainer=0 turn=0 foePP=0,0 foeAtkDef=0,0 CarlAtk=0 foeLevel=0
support PP=0,0 Carl-defense=0 enemy-attack=0,0
party action uses=8,40 / 2,40
frame=2128 map=34.3 pos=10,5 flags=7
party=2 HP=33/33,28/28 battle=0 battlers=0 outcome=0 PP=0,0 trial=1 donut-ability=0
persistent PP=8,2 status=0,0
growth level/xp/item=9/495/0,9/805/0 stats maxHP/attack,maxHP/magic=33/23,28/14 foesHP=0,0
pattern trainer=0 turn=0 foePP=0,0 foeAtkDef=0,0 CarlAtk=0 foeLevel=0
support PP=0,0 Carl-defense=0 enemy-attack=0,0
party action uses=8,40 / 2,40
frame=2168 map=34.3 pos=10,5 flags=7
party=2 HP=33/33,28/28 battle=0 battlers=0 outcome=0 PP=0,0 trial=1 donut-ability=0
persistent PP=8,2 status=0,0
growth level/xp/item=9/495/0,9/805/0 stats maxHP/attack,maxHP/magic=33/23,28/14 foesHP=0,0
pattern trainer=0 turn=0 foePP=0,0 foeAtkDef=0,0 CarlAtk=0 foeLevel=0
support PP=0,0 Carl-defense=0 enemy-attack=0,0
party action uses=8,40 / 2,40
frame=2169 map=34.3 pos=10,5 flags=7
party=2 HP=33/33,28/28 battle=0 battlers=0 outcome=0 PP=0,0 trial=1 donut-ability=0
persistent PP=8,2 status=0,0
growth level/xp/item=9/495/0,9/805/0 stats maxHP/attack,maxHP/magic=33/23,28/14 foesHP=0,0
pattern trainer=0 turn=0 foePP=0,0 foeAtkDef=0,0 CarlAtk=0 foeLevel=0
support PP=0,0 Carl-defense=0 enemy-attack=0,0
party action uses=8,40 / 2,40
frame=2209 map=34.3 pos=10,5 flags=7
party=2 HP=33/33,28/28 battle=0 battlers=0 outcome=0 PP=0,0 trial=1 donut-ability=0
persistent PP=8,2 status=0,0
growth level/xp/item=9/495/0,9/805/0 stats maxHP/attack,maxHP/magic=33/23,28/14 foesHP=0,0
pattern trainer=0 turn=0 foePP=0,0 foeAtkDef=0,0 CarlAtk=0 foeLevel=0
support PP=0,0 Carl-defense=0 enemy-attack=0,0
party action uses=8,40 / 2,40
frame=2209 map=34.3 pos=10,5 flags=7
party=2 HP=33/33,28/28 battle=0 battlers=0 outcome=0 PP=0,0 trial=1 donut-ability=0
persistent PP=8,2 status=0,0
growth level/xp/item=9/495/0,9/805/0 stats maxHP/attack,maxHP/magic=33/23,28/14 foesHP=0,0
pattern trainer=0 turn=0 foePP=0,0 foeAtkDef=0,0 CarlAtk=0 foeLevel=0
support PP=0,0 Carl-defense=0 enemy-attack=0,0
party action uses=8,40 / 2,40
PASS expect 34 3 10 5 7
frame=2209 map=34.3 pos=10,5 flags=7
party=2 HP=33/33,28/28 battle=0 battlers=0 outcome=0 PP=0,0 trial=1 donut-ability=0
persistent PP=8,2 status=0,0
growth level/xp/item=9/495/0,9/805/0 stats maxHP/attack,maxHP/magic=33/23,28/14 foesHP=0,0
pattern trainer=0 turn=0 foePP=0,0 foeAtkDef=0,0 CarlAtk=0 foeLevel=0
support PP=0,0 Carl-defense=0 enemy-attack=0,0
party action uses=8,40 / 2,40
PASS duo healthy
frame=2210 map=34.3 pos=10,5 flags=7
party=2 HP=33/33,28/28 battle=0 battlers=0 outcome=0 PP=0,0 trial=1 donut-ability=0
persistent PP=8,2 status=0,0
growth level/xp/item=9/495/0,9/805/0 stats maxHP/attack,maxHP/magic=33/23,28/14 foesHP=0,0
pattern trainer=857 turn=0 foePP=0,0 foeAtkDef=0,0 CarlAtk=0 foeLevel=0
support PP=0,0 Carl-defense=0 enemy-attack=0,0
party action uses=8,40 / 2,40
frame=2610 map=34.3 pos=10,5 flags=7
party=2 HP=33/33,28/28 battle=0 battlers=0 outcome=0 PP=0,0 trial=1 donut-ability=0
persistent PP=8,2 status=0,0
growth level/xp/item=9/495/0,9/805/0 stats maxHP/attack,maxHP/magic=33/23,28/14 foesHP=0,0
pattern trainer=857 turn=0 foePP=0,0 foeAtkDef=0,0 CarlAtk=0 foeLevel=0
support PP=0,0 Carl-defense=0 enemy-attack=0,0
party action uses=8,40 / 2,40
frame=2611 map=34.3 pos=10,5 flags=7
party=2 HP=33/33,28/28 battle=0 battlers=0 outcome=0 PP=0,0 trial=1 donut-ability=0
persistent PP=8,2 status=0,0
growth level/xp/item=9/495/0,9/805/0 stats maxHP/attack,maxHP/magic=33/23,28/14 foesHP=0,0
pattern trainer=857 turn=0 foePP=0,0 foeAtkDef=0,0 CarlAtk=0 foeLevel=0
support PP=0,0 Carl-defense=0 enemy-attack=0,0
party action uses=8,40 / 2,40
frame=3011 map=34.3 pos=10,5 flags=7
party=2 HP=33/33,28/28 battle=0 battlers=0 outcome=0 PP=0,0 trial=1 donut-ability=0
persistent PP=8,2 status=0,0
growth level/xp/item=9/495/0,9/805/0 stats maxHP/attack,maxHP/magic=33/23,28/14 foesHP=0,0
pattern trainer=857 turn=0 foePP=0,0 foeAtkDef=0,0 CarlAtk=0 foeLevel=0
support PP=0,0 Carl-defense=0 enemy-attack=0,0
party action uses=8,40 / 2,40
frame=3012 map=34.3 pos=10,5 flags=7
party=2 HP=33/33,28/28 battle=0 battlers=0 outcome=0 PP=0,0 trial=1 donut-ability=0
persistent PP=8,2 status=0,0
growth level/xp/item=9/495/0,9/805/0 stats maxHP/attack,maxHP/magic=33/23,28/14 foesHP=0,0
pattern trainer=857 turn=0 foePP=0,0 foeAtkDef=0,0 CarlAtk=0 foeLevel=0
support PP=0,0 Carl-defense=0 enemy-attack=0,0
party action uses=8,40 / 2,40
frame=3912 map=34.3 pos=10,5 flags=7
party=2 HP=33/33,28/28 battle=1 battlers=4 outcome=0 PP=8,2 trial=1 donut-ability=0
persistent PP=8,2 status=0,0
growth level/xp/item=9/495/0,9/805/0 stats maxHP/attack,maxHP/magic=33/23,28/14 foesHP=30,25
pattern trainer=857 turn=0 foePP=35,40 foeAtkDef=6,6 CarlAtk=6 foeLevel=9
support PP=40,40 Carl-defense=6 enemy-attack=6,6
party action uses=8,40 / 2,40
frame=3913 map=34.3 pos=10,5 flags=7
party=2 HP=33/33,28/28 battle=1 battlers=4 outcome=0 PP=8,2 trial=1 donut-ability=0
persistent PP=8,2 status=0,0
growth level/xp/item=9/495/0,9/805/0 stats maxHP/attack,maxHP/magic=33/23,28/14 foesHP=30,25
pattern trainer=857 turn=0 foePP=35,40 foeAtkDef=6,6 CarlAtk=6 foeLevel=9
support PP=40,40 Carl-defense=6 enemy-attack=6,6
party action uses=8,40 / 2,40
frame=4513 map=34.3 pos=10,5 flags=7
party=2 HP=33/33,28/28 battle=1 battlers=4 outcome=0 PP=8,2 trial=1 donut-ability=0
persistent PP=8,2 status=0,0
growth level/xp/item=9/495/0,9/805/0 stats maxHP/attack,maxHP/magic=33/23,28/14 foesHP=30,25
pattern trainer=857 turn=0 foePP=35,40 foeAtkDef=6,6 CarlAtk=6 foeLevel=9
support PP=40,40 Carl-defense=6 enemy-attack=6,6
party action uses=8,40 / 2,40
frame=4514 map=34.3 pos=10,5 flags=7
party=2 HP=33/33,28/28 battle=1 battlers=4 outcome=0 PP=8,2 trial=1 donut-ability=0
persistent PP=8,2 status=0,0
growth level/xp/item=9/495/0,9/805/0 stats maxHP/attack,maxHP/magic=33/23,28/14 foesHP=30,25
pattern trainer=857 turn=0 foePP=35,40 foeAtkDef=6,6 CarlAtk=6 foeLevel=9
support PP=40,40 Carl-defense=6 enemy-attack=6,6
party action uses=8,40 / 2,40
frame=5114 map=34.3 pos=10,5 flags=7
party=2 HP=33/33,28/28 battle=1 battlers=4 outcome=0 PP=8,2 trial=1 donut-ability=0
persistent PP=8,2 status=0,0
growth level/xp/item=9/495/0,9/805/0 stats maxHP/attack,maxHP/magic=33/23,28/14 foesHP=30,25
pattern trainer=857 turn=0 foePP=35,40 foeAtkDef=6,6 CarlAtk=6 foeLevel=9
support PP=40,40 Carl-defense=6 enemy-attack=6,6
party action uses=8,40 / 2,40
frame=5114 map=34.3 pos=10,5 flags=7
party=2 HP=33/33,28/28 battle=1 battlers=4 outcome=0 PP=8,2 trial=1 donut-ability=0
persistent PP=8,2 status=0,0
growth level/xp/item=9/495/0,9/805/0 stats maxHP/attack,maxHP/magic=33/23,28/14 foesHP=30,25
pattern trainer=857 turn=0 foePP=35,40 foeAtkDef=6,6 CarlAtk=6 foeLevel=9
PASS pattern 857 0 35 40 6 6 6 9
support PP=40,40 Carl-defense=6 enemy-attack=6,6
party action uses=8,40 / 2,40
pilot frame=5114 turn=0 actor=0 menu=1 selection=0 key=1
pilot turn=0 HP=33,28 foeHP=30,25 foeAtk=6 foeDef=6 CarlAtk=6
pilot frame=5126 turn=0 actor=0 menu=2 selection=0 key=1
pilot frame=5138 turn=0 actor=0 menu=3 selection=1 key=1
pilot frame=5150 turn=0 actor=2 menu=1 selection=0 key=1
pilot frame=5162 turn=0 actor=2 menu=2 selection=0 key=1
pilot turn=1 HP=33,23 foeHP=16,22 foeAtk=6 foeDef=6 CarlAtk=5
pilot frame=6482 turn=1 actor=0 menu=1 selection=0 key=1
pilot frame=6494 turn=1 actor=0 menu=2 selection=0 key=1
pilot frame=6506 turn=1 actor=0 menu=3 selection=1 key=1
pilot frame=6518 turn=1 actor=2 menu=1 selection=0 key=1
pilot frame=6530 turn=1 actor=2 menu=2 selection=0 key=1
pilot turn=2 HP=22,23 foeHP=5,19 foeAtk=6 foeDef=6 CarlAtk=5
pilot frame=7442 turn=2 actor=0 menu=1 selection=0 key=1
pilot frame=7454 turn=2 actor=0 menu=2 selection=0 key=1
pilot frame=7466 turn=2 actor=0 menu=3 selection=1 key=1
pilot frame=7478 turn=2 actor=2 menu=1 selection=0 key=1
pilot frame=7490 turn=2 actor=2 menu=2 selection=1 key=16
pilot frame=7502 turn=2 actor=2 menu=2 selection=1 key=1
pilot turn=3 HP=22,23 foeHP=0,19 foeAtk=6 foeDef=6 CarlAtk=5
pilot frame=9110 turn=3 actor=0 menu=1 selection=0 key=1
pilot frame=9122 turn=3 actor=0 menu=2 selection=0 key=1
pilot frame=9134 turn=3 actor=0 menu=3 selection=3 key=1
pilot frame=9146 turn=3 actor=2 menu=1 selection=0 key=1
pilot frame=9158 turn=3 actor=2 menu=2 selection=1 key=1
pilot turn=4 HP=22,20 foeHP=0,13 foeAtk=6 foeDef=6 CarlAtk=5
pilot frame=9962 turn=4 actor=0 menu=1 selection=0 key=1
pilot frame=9974 turn=4 actor=0 menu=2 selection=0 key=1
pilot frame=9986 turn=4 actor=0 menu=3 selection=3 key=1
pilot frame=9998 turn=4 actor=2 menu=1 selection=0 key=1
pilot frame=10010 turn=4 actor=2 menu=2 selection=1 key=1
pilot turn=5 HP=22,20 foeHP=0,7 foeAtk=6 foeDef=6 CarlAtk=5
pilot frame=10922 turn=5 actor=0 menu=1 selection=0 key=1
pilot frame=10934 turn=5 actor=0 menu=2 selection=0 key=1
pilot frame=10946 turn=5 actor=0 menu=3 selection=3 key=1
pilot frame=10958 turn=5 actor=2 menu=1 selection=0 key=1
pilot frame=10970 turn=5 actor=2 menu=2 selection=1 key=1
pilot turn=6 HP=22,10 foeHP=0,1 foeAtk=6 foeDef=6 CarlAtk=5
pilot frame=11906 turn=6 actor=0 menu=1 selection=0 key=1
pilot frame=11918 turn=6 actor=0 menu=2 selection=0 key=1
pilot frame=11930 turn=6 actor=0 menu=3 selection=3 key=1
pilot frame=11942 turn=6 actor=2 menu=1 selection=0 key=1
pilot frame=11954 turn=6 actor=2 menu=2 selection=1 key=1
pilot completed policy=offensive frames=8812 outcome=1 incapacitation=0
frame=14166 map=34.3 pos=10,5 flags=7
party=2 HP=21/36,10/28 battle=0 battlers=4 outcome=1 PP=1,0 trial=1 donut-ability=0
persistent PP=1,0 status=0,0
growth level/xp/item=10/616/0,9/926/0 stats maxHP/attack,maxHP/magic=36/25,28/14 foesHP=0,0
pattern trainer=857 turn=6 foePP=34,39 foeAtkDef=6,6 CarlAtk=5 foeLevel=9
support PP=40,35 Carl-defense=6 enemy-attack=6,6
party action uses=1,40 / 0,35
frame=14167 map=34.3 pos=10,5 flags=7
party=2 HP=21/36,10/28 battle=0 battlers=4 outcome=1 PP=1,0 trial=1 donut-ability=0
persistent PP=1,0 status=0,0
growth level/xp/item=10/616/0,9/926/0 stats maxHP/attack,maxHP/magic=36/25,28/14 foesHP=0,0
pattern trainer=857 turn=6 foePP=34,39 foeAtkDef=6,6 CarlAtk=5 foeLevel=9
support PP=40,35 Carl-defense=6 enemy-attack=6,6
party action uses=1,40 / 0,35
frame=14567 map=34.3 pos=10,5 flags=7
party=2 HP=21/36,10/28 battle=0 battlers=4 outcome=1 PP=1,0 trial=1 donut-ability=0
persistent PP=1,0 status=0,0
growth level/xp/item=10/616/0,9/926/0 stats maxHP/attack,maxHP/magic=36/25,28/14 foesHP=0,0
pattern trainer=857 turn=6 foePP=34,39 foeAtkDef=6,6 CarlAtk=5 foeLevel=9
support PP=40,35 Carl-defense=6 enemy-attack=6,6
party action uses=1,40 / 0,35
frame=14568 map=34.3 pos=10,5 flags=7
party=2 HP=21/36,10/28 battle=0 battlers=4 outcome=1 PP=1,0 trial=1 donut-ability=0
persistent PP=1,0 status=0,0
growth level/xp/item=10/616/0,9/926/0 stats maxHP/attack,maxHP/magic=36/25,28/14 foesHP=0,0
pattern trainer=857 turn=6 foePP=34,39 foeAtkDef=6,6 CarlAtk=5 foeLevel=9
support PP=40,35 Carl-defense=6 enemy-attack=6,6
party action uses=1,40 / 0,35
frame=14968 map=34.3 pos=10,5 flags=7
party=2 HP=21/36,10/28 battle=0 battlers=4 outcome=1 PP=1,0 trial=1 donut-ability=0
persistent PP=1,0 status=0,0
growth level/xp/item=10/616/0,9/926/0 stats maxHP/attack,maxHP/magic=36/25,28/14 foesHP=0,0
pattern trainer=857 turn=6 foePP=34,39 foeAtkDef=6,6 CarlAtk=5 foeLevel=9
support PP=40,35 Carl-defense=6 enemy-attack=6,6
party action uses=1,40 / 0,35
frame=14969 map=34.3 pos=10,5 flags=7
party=2 HP=21/36,10/28 battle=0 battlers=4 outcome=1 PP=1,0 trial=1 donut-ability=0
persistent PP=1,0 status=0,0
growth level/xp/item=10/616/0,9/926/0 stats maxHP/attack,maxHP/magic=36/25,28/14 foesHP=0,0
pattern trainer=857 turn=6 foePP=34,39 foeAtkDef=6,6 CarlAtk=5 foeLevel=9
support PP=40,35 Carl-defense=6 enemy-attack=6,6
party action uses=1,40 / 0,35
frame=15369 map=34.3 pos=10,5 flags=7
party=2 HP=21/36,10/28 battle=0 battlers=4 outcome=1 PP=1,0 trial=1 donut-ability=0
persistent PP=1,0 status=0,0
growth level/xp/item=10/616/0,9/926/0 stats maxHP/attack,maxHP/magic=36/25,28/14 foesHP=0,0
pattern trainer=857 turn=6 foePP=34,39 foeAtkDef=6,6 CarlAtk=5 foeLevel=9
support PP=40,35 Carl-defense=6 enemy-attack=6,6
party action uses=1,40 / 0,35
frame=15370 map=34.3 pos=10,5 flags=7
party=2 HP=21/36,10/28 battle=0 battlers=4 outcome=1 PP=1,0 trial=1 donut-ability=0
persistent PP=1,0 status=0,0
growth level/xp/item=10/616/0,9/926/0 stats maxHP/attack,maxHP/magic=36/25,28/14 foesHP=0,0
pattern trainer=857 turn=6 foePP=34,39 foeAtkDef=6,6 CarlAtk=5 foeLevel=9
support PP=40,35 Carl-defense=6 enemy-attack=6,6
party action uses=1,40 / 0,35
frame=15490 map=34.3 pos=10,5 flags=7
party=2 HP=21/36,10/28 battle=0 battlers=4 outcome=1 PP=1,0 trial=1 donut-ability=0
persistent PP=1,0 status=0,0
growth level/xp/item=10/616/0,9/926/0 stats maxHP/attack,maxHP/magic=36/25,28/14 foesHP=0,0
pattern trainer=857 turn=6 foePP=34,39 foeAtkDef=6,6 CarlAtk=5 foeLevel=9
support PP=40,35 Carl-defense=6 enemy-attack=6,6
party action uses=1,40 / 0,35
frame=15490 map=34.3 pos=10,5 flags=7
party=2 HP=21/36,10/28 battle=0 battlers=4 outcome=1 PP=1,0 trial=1 donut-ability=0
persistent PP=1,0 status=0,0
growth level/xp/item=10/616/0,9/926/0 stats maxHP/attack,maxHP/magic=36/25,28/14 foesHP=0,0
PASS flag 2136 0
pattern trainer=857 turn=6 foePP=34,39 foeAtkDef=6,6 CarlAtk=5 foeLevel=9
support PP=40,35 Carl-defense=6 enemy-attack=6,6
party action uses=1,40 / 0,35
frame=15490 map=34.3 pos=10,5 flags=7
party=2 HP=21/36,10/28 battle=0 battlers=4 outcome=1 PP=1,0 trial=1 donut-ability=0
persistent PP=1,0 status=0,0
growth level/xp/item=10/616/0,9/926/0 stats maxHP/attack,maxHP/magic=36/25,28/14 foesHP=0,0
PASS flag 2137 1
pattern trainer=857 turn=6 foePP=34,39 foeAtkDef=6,6 CarlAtk=5 foeLevel=9
support PP=40,35 Carl-defense=6 enemy-attack=6,6
party action uses=1,40 / 0,35
frame=15490 map=34.3 pos=10,5 flags=7
party=2 HP=21/36,10/28 battle=0 battlers=4 outcome=1 PP=1,0 trial=1 donut-ability=0
persistent PP=1,0 status=0,0
growth level/xp/item=10/616/0,9/926/0 stats maxHP/attack,maxHP/magic=36/25,28/14 foesHP=0,0
PASS flag 47 0
pattern trainer=857 turn=6 foePP=34,39 foeAtkDef=6,6 CarlAtk=5 foeLevel=9
support PP=40,35 Carl-defense=6 enemy-attack=6,6
party action uses=1,40 / 0,35
frame=15491 map=34.3 pos=10,5 flags=7
party=2 HP=21/36,10/28 battle=0 battlers=4 outcome=1 PP=1,0 trial=1 donut-ability=0
persistent PP=1,0 status=0,0
growth level/xp/item=10/616/0,9/926/0 stats maxHP/attack,maxHP/magic=36/25,28/14 foesHP=0,0
pattern trainer=857 turn=6 foePP=34,39 foeAtkDef=6,6 CarlAtk=5 foeLevel=9
support PP=40,35 Carl-defense=6 enemy-attack=6,6
party action uses=1,40 / 0,35
frame=15611 map=34.3 pos=10,5 flags=7
party=2 HP=21/36,10/28 battle=0 battlers=4 outcome=1 PP=1,0 trial=1 donut-ability=0
persistent PP=1,0 status=0,0
growth level/xp/item=10/616/0,9/926/0 stats maxHP/attack,maxHP/magic=36/25,28/14 foesHP=0,0
pattern trainer=857 turn=6 foePP=34,39 foeAtkDef=6,6 CarlAtk=5 foeLevel=9
support PP=40,35 Carl-defense=6 enemy-attack=6,6
party action uses=1,40 / 0,35
frame=15612 map=34.3 pos=10,5 flags=7
party=2 HP=21/36,10/28 battle=0 battlers=4 outcome=1 PP=1,0 trial=1 donut-ability=0
persistent PP=1,0 status=0,0
growth level/xp/item=10/616/0,9/926/0 stats maxHP/attack,maxHP/magic=36/25,28/14 foesHP=0,0
pattern trainer=857 turn=6 foePP=34,39 foeAtkDef=6,6 CarlAtk=5 foeLevel=9
support PP=40,35 Carl-defense=6 enemy-attack=6,6
party action uses=1,40 / 0,35
frame=15632 map=34.3 pos=10,5 flags=7
party=2 HP=21/36,10/28 battle=0 battlers=4 outcome=1 PP=1,0 trial=1 donut-ability=0
persistent PP=1,0 status=0,0
growth level/xp/item=10/616/0,9/926/0 stats maxHP/attack,maxHP/magic=36/25,28/14 foesHP=0,0
pattern trainer=857 turn=6 foePP=34,39 foeAtkDef=6,6 CarlAtk=5 foeLevel=9
support PP=40,35 Carl-defense=6 enemy-attack=6,6
party action uses=1,40 / 0,35
frame=15633 map=34.3 pos=10,5 flags=7
party=2 HP=21/36,10/28 battle=0 battlers=4 outcome=1 PP=1,0 trial=1 donut-ability=0
persistent PP=1,0 status=0,0
growth level/xp/item=10/616/0,9/926/0 stats maxHP/attack,maxHP/magic=36/25,28/14 foesHP=0,0
pattern trainer=857 turn=6 foePP=34,39 foeAtkDef=6,6 CarlAtk=5 foeLevel=9
support PP=40,35 Carl-defense=6 enemy-attack=6,6
party action uses=1,40 / 0,35
frame=15653 map=34.3 pos=10,5 flags=7
party=2 HP=21/36,10/28 battle=0 battlers=4 outcome=1 PP=1,0 trial=1 donut-ability=0
persistent PP=1,0 status=0,0
growth level/xp/item=10/616/0,9/926/0 stats maxHP/attack,maxHP/magic=36/25,28/14 foesHP=0,0
pattern trainer=857 turn=6 foePP=34,39 foeAtkDef=6,6 CarlAtk=5 foeLevel=9
support PP=40,35 Carl-defense=6 enemy-attack=6,6
party action uses=1,40 / 0,35
frame=15654 map=34.3 pos=10,5 flags=7
party=2 HP=21/36,10/28 battle=0 battlers=4 outcome=1 PP=1,0 trial=1 donut-ability=0
persistent PP=1,0 status=0,0
growth level/xp/item=10/616/0,9/926/0 stats maxHP/attack,maxHP/magic=36/25,28/14 foesHP=0,0
pattern trainer=857 turn=6 foePP=34,39 foeAtkDef=6,6 CarlAtk=5 foeLevel=9
support PP=40,35 Carl-defense=6 enemy-attack=6,6
party action uses=1,40 / 0,35
frame=15814 map=34.3 pos=10,5 flags=7
party=2 HP=21/36,10/28 battle=0 battlers=4 outcome=1 PP=1,0 trial=1 donut-ability=0
persistent PP=1,0 status=0,0
growth level/xp/item=10/616/0,9/926/0 stats maxHP/attack,maxHP/magic=36/25,28/14 foesHP=0,0
pattern trainer=857 turn=6 foePP=34,39 foeAtkDef=6,6 CarlAtk=5 foeLevel=9
support PP=40,35 Carl-defense=6 enemy-attack=6,6
party action uses=1,40 / 0,35
frame=15815 map=34.3 pos=10,5 flags=7
party=2 HP=21/36,10/28 battle=0 battlers=4 outcome=1 PP=1,0 trial=1 donut-ability=0
persistent PP=1,0 status=0,0
growth level/xp/item=10/616/0,9/926/0 stats maxHP/attack,maxHP/magic=36/25,28/14 foesHP=0,0
pattern trainer=857 turn=6 foePP=34,39 foeAtkDef=6,6 CarlAtk=5 foeLevel=9
support PP=40,35 Carl-defense=6 enemy-attack=6,6
party action uses=1,40 / 0,35
frame=15995 map=34.3 pos=10,5 flags=7
party=2 HP=21/36,10/28 battle=0 battlers=4 outcome=1 PP=1,0 trial=1 donut-ability=0
persistent PP=1,0 status=0,0
growth level/xp/item=10/616/0,9/926/0 stats maxHP/attack,maxHP/magic=36/25,28/14 foesHP=0,0
pattern trainer=857 turn=6 foePP=34,39 foeAtkDef=6,6 CarlAtk=5 foeLevel=9
support PP=40,35 Carl-defense=6 enemy-attack=6,6
party action uses=1,40 / 0,35
frame=15996 map=34.3 pos=10,5 flags=7
party=2 HP=21/36,10/28 battle=0 battlers=4 outcome=1 PP=1,0 trial=1 donut-ability=0
persistent PP=1,0 status=0,0
growth level/xp/item=10/616/0,9/926/0 stats maxHP/attack,maxHP/magic=36/25,28/14 foesHP=0,0
pattern trainer=857 turn=6 foePP=34,39 foeAtkDef=6,6 CarlAtk=5 foeLevel=9
support PP=40,35 Carl-defense=6 enemy-attack=6,6
party action uses=1,40 / 0,35
frame=16596 map=34.3 pos=10,5 flags=7
party=2 HP=21/36,10/28 battle=0 battlers=4 outcome=1 PP=1,0 trial=1 donut-ability=0
persistent PP=1,0 status=0,0
growth level/xp/item=10/616/0,9/926/0 stats maxHP/attack,maxHP/magic=36/25,28/14 foesHP=0,0
pattern trainer=857 turn=6 foePP=34,39 foeAtkDef=6,6 CarlAtk=5 foeLevel=9
support PP=40,35 Carl-defense=6 enemy-attack=6,6
party action uses=1,40 / 0,35
frame=16597 map=34.3 pos=10,5 flags=7
party=2 HP=21/36,10/28 battle=0 battlers=4 outcome=1 PP=1,0 trial=1 donut-ability=0
persistent PP=1,0 status=0,0
growth level/xp/item=10/616/0,9/926/0 stats maxHP/attack,maxHP/magic=36/25,28/14 foesHP=0,0
pattern trainer=857 turn=6 foePP=34,39 foeAtkDef=6,6 CarlAtk=5 foeLevel=9
support PP=40,35 Carl-defense=6 enemy-attack=6,6
party action uses=1,40 / 0,35
frame=17197 map=34.3 pos=10,5 flags=7
party=2 HP=21/36,10/28 battle=0 battlers=4 outcome=1 PP=1,0 trial=1 donut-ability=0
persistent PP=1,0 status=0,0
growth level/xp/item=10/616/0,9/926/0 stats maxHP/attack,maxHP/magic=36/25,28/14 foesHP=0,0
pattern trainer=857 turn=6 foePP=34,39 foeAtkDef=6,6 CarlAtk=5 foeLevel=9
support PP=40,35 Carl-defense=6 enemy-attack=6,6
party action uses=1,40 / 0,35
frame=17197 map=34.3 pos=10,5 flags=7
party=2 HP=21/36,10/28 battle=0 battlers=4 outcome=1 PP=1,0 trial=1 donut-ability=0
persistent PP=1,0 status=0,0
growth level/xp/item=10/616/0,9/926/0 stats maxHP/attack,maxHP/magic=36/25,28/14 foesHP=0,0
pattern trainer=857 turn=6 foePP=34,39 foeAtkDef=6,6 CarlAtk=5 foeLevel=9
support PP=40,35 Carl-defense=6 enemy-attack=6,6
party action uses=1,40 / 0,35
PASS expect 34 3 10 5 7
result=0 assertions=11
