/workspace/DungeonCrawlerCarlemon/artifacts/floor1/g01e/live-oy70wecu/source/engine/pokeemerald.elf  :
section                              size        addr
.pseudo.save_block_1                15752           0
.pseudo.save_block_2                 3884           0
.pseudo.pokemon_storage             33744           0
.pseudo.hall_of_fame                 6000           0
.pseudo.recorded_battle_save         3968           0
.pseudo.trainer_hill_challenge          8           0
ewram                              249704    33554432
iwram                               30892    50331648
.text                             1945624   134217728
script_data                       1073084   136163352
lib_text                            42940   137236436
.rodata                           6392720   137279376
song_data                          684052   143672096
lib_rodata                           1056   144356148
multiboot_data                     191700   144357204
anim_mon_front_pic_data            624776   145752064
gfx_data                          2347488   146800640
extra                                2880   149148128
.debug_aranges                       9376           0
.debug_pubnames                    533163           0
.debug_info                      32562914           0
.debug_abbrev                      214427           0
.debug_line                       1807949           0
Total                            48778101


