mGBA 0.10.5; 240x160; save=../playtest.sav; read-only RAM diagnostics
frame=720 map=34.1 pos=11,4 flags=3
party=2 HP=30/30,26/26 battle=0 battlers=0 outcome=0 PP=0,0 trial=0 donut-ability=0
persistent PP=8,2 status=0,0
growth level/xp/item=8/399/377,8/709/0 stats maxHP/attack,maxHP/magic=30/20,26/13 foesHP=0,0
support PP=0,0 Carl-defense=0 enemy-attack=0,0
party action uses=8,40 / 2,40
frame=721 map=34.1 pos=11,4 flags=3
party=2 HP=30/30,26/26 battle=0 battlers=0 outcome=0 PP=0,0 trial=0 donut-ability=0
persistent PP=8,2 status=0,0
growth level/xp/item=8/399/377,8/709/0 stats maxHP/attack,maxHP/magic=30/20,26/13 foesHP=0,0
support PP=0,0 Carl-defense=0 enemy-attack=0,0
party action uses=8,40 / 2,40
frame=1081 map=34.1 pos=11,4 flags=3
party=2 HP=30/30,26/26 battle=0 battlers=0 outcome=0 PP=0,0 trial=0 donut-ability=0
persistent PP=8,2 status=0,0
growth level/xp/item=8/399/377,8/709/0 stats maxHP/attack,maxHP/magic=30/20,26/13 foesHP=0,0
support PP=0,0 Carl-defense=0 enemy-attack=0,0
party action uses=8,40 / 2,40
frame=1082 map=34.1 pos=11,4 flags=3
party=2 HP=30/30,26/26 battle=0 battlers=0 outcome=0 PP=0,0 trial=0 donut-ability=0
persistent PP=8,2 status=0,0
growth level/xp/item=8/399/377,8/709/0 stats maxHP/attack,maxHP/magic=30/20,26/13 foesHP=0,0
support PP=0,0 Carl-defense=0 enemy-attack=0,0
party action uses=8,40 / 2,40
frame=1262 map=34.1 pos=11,4 flags=3
party=2 HP=30/30,26/26 battle=0 battlers=0 outcome=0 PP=0,0 trial=0 donut-ability=0
persistent PP=8,2 status=0,0
growth level/xp/item=8/399/377,8/709/0 stats maxHP/attack,maxHP/magic=30/20,26/13 foesHP=0,0
support PP=0,0 Carl-defense=0 enemy-attack=0,0
party action uses=8,40 / 2,40
frame=1263 map=34.1 pos=11,4 flags=3
party=2 HP=30/30,26/26 battle=0 battlers=0 outcome=0 PP=0,0 trial=0 donut-ability=0
persistent PP=8,2 status=0,0
growth level/xp/item=8/399/377,8/709/0 stats maxHP/attack,maxHP/magic=30/20,26/13 foesHP=0,0
support PP=0,0 Carl-defense=0 enemy-attack=0,0
party action uses=8,40 / 2,40
frame=1443 map=34.1 pos=11,4 flags=3
party=2 HP=30/30,26/26 battle=0 battlers=0 outcome=0 PP=0,0 trial=0 donut-ability=0
persistent PP=8,2 status=0,0
growth level/xp/item=8/399/377,8/709/0 stats maxHP/attack,maxHP/magic=30/20,26/13 foesHP=0,0
support PP=0,0 Carl-defense=0 enemy-attack=0,0
party action uses=8,40 / 2,40
frame=1444 map=34.1 pos=11,4 flags=3
party=2 HP=30/30,26/26 battle=0 battlers=0 outcome=0 PP=0,0 trial=0 donut-ability=0
persistent PP=8,2 status=0,0
growth level/xp/item=8/399/377,8/709/0 stats maxHP/attack,maxHP/magic=30/20,26/13 foesHP=0,0
support PP=0,0 Carl-defense=0 enemy-attack=0,0
party action uses=8,40 / 2,40
frame=2044 map=34.1 pos=11,4 flags=3
party=2 HP=30/30,26/26 battle=0 battlers=0 outcome=0 PP=0,0 trial=0 donut-ability=0
persistent PP=8,2 status=0,0
growth level/xp/item=8/399/377,8/709/0 stats maxHP/attack,maxHP/magic=30/20,26/13 foesHP=0,0
support PP=0,0 Carl-defense=0 enemy-attack=0,0
party action uses=8,40 / 2,40
frame=2044 map=34.1 pos=11,4 flags=3
party=2 HP=30/30,26/26 battle=0 battlers=0 outcome=0 PP=0,0 trial=0 donut-ability=0
persistent PP=8,2 status=0,0
growth level/xp/item=8/399/377,8/709/0 stats maxHP/attack,maxHP/magic=30/20,26/13 foesHP=0,0
support PP=0,0 Carl-defense=0 enemy-attack=0,0
party action uses=8,40 / 2,40
PASS duo healthy
frame=2044 map=34.1 pos=11,4 flags=3
party=2 HP=30/30,26/26 battle=0 battlers=0 outcome=0 PP=0,0 trial=0 donut-ability=0
persistent PP=8,2 status=0,0
growth level/xp/item=8/399/377,8/709/0 stats maxHP/attack,maxHP/magic=30/20,26/13 foesHP=0,0
PASS growth 8 399 377 8 709 0
support PP=0,0 Carl-defense=0 enemy-attack=0,0
party action uses=8,40 / 2,40
frame=2044 map=34.1 pos=11,4 flags=3
party=2 HP=30/30,26/26 battle=0 battlers=0 outcome=0 PP=0,0 trial=0 donut-ability=0
persistent PP=8,2 status=0,0
growth level/xp/item=8/399/377,8/709/0 stats maxHP/attack,maxHP/magic=30/20,26/13 foesHP=0,0
PASS item 377 0
support PP=0,0 Carl-defense=0 enemy-attack=0,0
party action uses=8,40 / 2,40
frame=2044 map=34.1 pos=11,4 flags=3
party=2 HP=30/30,26/26 battle=0 battlers=0 outcome=0 PP=0,0 trial=0 donut-ability=0
persistent PP=8,2 status=0,0
growth level/xp/item=8/399/377,8/709/0 stats maxHP/attack,maxHP/magic=30/20,26/13 foesHP=0,0
PASS flag 35 1
support PP=0,0 Carl-defense=0 enemy-attack=0,0
party action uses=8,40 / 2,40
frame=2044 map=34.1 pos=11,4 flags=3
party=2 HP=30/30,26/26 battle=0 battlers=0 outcome=0 PP=0,0 trial=0 donut-ability=0
persistent PP=8,2 status=0,0
growth level/xp/item=8/399/377,8/709/0 stats maxHP/attack,maxHP/magic=30/20,26/13 foesHP=0,0
support PP=0,0 Carl-defense=0 enemy-attack=0,0
party action uses=8,40 / 2,40
PASS uses 8 40 2 40
frame=2072 map=34.1 pos=9,4 flags=3
party=2 HP=30/30,26/26 battle=0 battlers=0 outcome=0 PP=0,0 trial=0 donut-ability=0
persistent PP=8,2 status=0,0
growth level/xp/item=8/399/377,8/709/0 stats maxHP/attack,maxHP/magic=30/20,26/13 foesHP=0,0
support PP=0,0 Carl-defense=0 enemy-attack=0,0
party action uses=8,40 / 2,40
frame=2112 map=34.1 pos=9,4 flags=3
party=2 HP=30/30,26/26 battle=0 battlers=0 outcome=0 PP=0,0 trial=0 donut-ability=0
persistent PP=8,2 status=0,0
growth level/xp/item=8/399/377,8/709/0 stats maxHP/attack,maxHP/magic=30/20,26/13 foesHP=0,0
support PP=0,0 Carl-defense=0 enemy-attack=0,0
party action uses=8,40 / 2,40
frame=2132 map=34.1 pos=9,5 flags=3
party=2 HP=30/30,26/26 battle=0 battlers=0 outcome=0 PP=0,0 trial=0 donut-ability=0
persistent PP=8,2 status=0,0
growth level/xp/item=8/399/377,8/709/0 stats maxHP/attack,maxHP/magic=30/20,26/13 foesHP=0,0
support PP=0,0 Carl-defense=0 enemy-attack=0,0
party action uses=8,40 / 2,40
frame=2172 map=34.1 pos=9,5 flags=3
party=2 HP=30/30,26/26 battle=0 battlers=0 outcome=0 PP=0,0 trial=0 donut-ability=0
persistent PP=8,2 status=0,0
growth level/xp/item=8/399/377,8/709/0 stats maxHP/attack,maxHP/magic=30/20,26/13 foesHP=0,0
support PP=0,0 Carl-defense=0 enemy-attack=0,0
party action uses=8,40 / 2,40
frame=2172 map=34.1 pos=9,5 flags=3
party=2 HP=30/30,26/26 battle=0 battlers=0 outcome=0 PP=0,0 trial=0 donut-ability=0
persistent PP=8,2 status=0,0
growth level/xp/item=8/399/377,8/709/0 stats maxHP/attack,maxHP/magic=30/20,26/13 foesHP=0,0
support PP=0,0 Carl-defense=0 enemy-attack=0,0
party action uses=8,40 / 2,40
PASS expect 34 1 9 5 3
frame=2173 map=34.1 pos=9,5 flags=3
party=2 HP=30/30,26/26 battle=0 battlers=0 outcome=0 PP=0,0 trial=0 donut-ability=0
persistent PP=8,2 status=0,0
growth level/xp/item=8/399/377,8/709/0 stats maxHP/attack,maxHP/magic=30/20,26/13 foesHP=0,0
support PP=0,0 Carl-defense=0 enemy-attack=0,0
party action uses=8,40 / 2,40
frame=2573 map=34.1 pos=9,5 flags=3
party=2 HP=30/30,26/26 battle=0 battlers=0 outcome=0 PP=0,0 trial=0 donut-ability=0
persistent PP=8,2 status=0,0
growth level/xp/item=8/399/377,8/709/0 stats maxHP/attack,maxHP/magic=30/20,26/13 foesHP=0,0
support PP=0,0 Carl-defense=0 enemy-attack=0,0
party action uses=8,40 / 2,40
frame=2574 map=34.1 pos=9,5 flags=3
party=2 HP=30/30,26/26 battle=0 battlers=0 outcome=0 PP=0,0 trial=0 donut-ability=0
persistent PP=8,2 status=0,0
growth level/xp/item=8/399/377,8/709/0 stats maxHP/attack,maxHP/magic=30/20,26/13 foesHP=0,0
support PP=0,0 Carl-defense=0 enemy-attack=0,0
party action uses=8,40 / 2,40
frame=2974 map=34.1 pos=9,5 flags=3
party=2 HP=30/30,26/26 battle=0 battlers=0 outcome=0 PP=0,0 trial=0 donut-ability=0
persistent PP=8,2 status=0,0
growth level/xp/item=8/399/377,8/709/0 stats maxHP/attack,maxHP/magic=30/20,26/13 foesHP=0,0
support PP=0,0 Carl-defense=0 enemy-attack=0,0
party action uses=8,40 / 2,40
frame=2975 map=34.1 pos=9,5 flags=3
party=2 HP=30/30,26/26 battle=0 battlers=0 outcome=0 PP=0,0 trial=0 donut-ability=0
persistent PP=8,2 status=0,0
growth level/xp/item=8/399/377,8/709/0 stats maxHP/attack,maxHP/magic=30/20,26/13 foesHP=0,0
support PP=0,0 Carl-defense=0 enemy-attack=0,0
party action uses=8,40 / 2,40
frame=3875 map=34.1 pos=9,5 flags=3
party=2 HP=30/30,26/26 battle=1 battlers=4 outcome=0 PP=8,2 trial=0 donut-ability=0
persistent PP=8,2 status=0,0
growth level/xp/item=8/399/377,8/709/0 stats maxHP/attack,maxHP/magic=30/20,26/13 foesHP=24,25
support PP=40,40 Carl-defense=6 enemy-attack=6,6
party action uses=8,40 / 2,40
frame=3876 map=34.1 pos=9,5 flags=3
party=2 HP=30/30,26/26 battle=1 battlers=4 outcome=0 PP=8,2 trial=0 donut-ability=0
persistent PP=8,2 status=0,0
growth level/xp/item=8/399/377,8/709/0 stats maxHP/attack,maxHP/magic=30/20,26/13 foesHP=24,25
support PP=40,40 Carl-defense=6 enemy-attack=6,6
party action uses=8,40 / 2,40
frame=4476 map=34.1 pos=9,5 flags=3
party=2 HP=30/30,26/26 battle=1 battlers=4 outcome=0 PP=8,2 trial=0 donut-ability=0
persistent PP=8,2 status=0,0
growth level/xp/item=8/399/377,8/709/0 stats maxHP/attack,maxHP/magic=30/20,26/13 foesHP=24,25
support PP=40,40 Carl-defense=6 enemy-attack=6,6
party action uses=8,40 / 2,40
frame=4477 map=34.1 pos=9,5 flags=3
party=2 HP=30/30,26/26 battle=1 battlers=4 outcome=0 PP=8,2 trial=0 donut-ability=0
persistent PP=8,2 status=0,0
growth level/xp/item=8/399/377,8/709/0 stats maxHP/attack,maxHP/magic=30/20,26/13 foesHP=24,25
support PP=40,40 Carl-defense=6 enemy-attack=6,6
party action uses=8,40 / 2,40
frame=5077 map=34.1 pos=9,5 flags=3
party=2 HP=30/30,26/26 battle=1 battlers=4 outcome=0 PP=8,2 trial=0 donut-ability=0
persistent PP=8,2 status=0,0
growth level/xp/item=8/399/377,8/709/0 stats maxHP/attack,maxHP/magic=30/20,26/13 foesHP=24,25
support PP=40,40 Carl-defense=6 enemy-attack=6,6
party action uses=8,40 / 2,40
frame=5077 map=34.1 pos=9,5 flags=3
party=2 HP=30/30,26/26 battle=1 battlers=4 outcome=0 PP=8,2 trial=0 donut-ability=0
persistent PP=8,2 status=0,0
growth level/xp/item=8/399/377,8/709/0 stats maxHP/attack,maxHP/magic=30/20,26/13 foesHP=24,25
support PP=40,40 Carl-defense=6 enemy-attack=6,6
party action uses=8,40 / 2,40
PASS battle 1 4 0 8 2 0 0
frame=5077 map=34.1 pos=9,5 flags=3
party=2 HP=30/30,26/26 battle=1 battlers=4 outcome=0 PP=8,2 trial=0 donut-ability=0
persistent PP=8,2 status=0,0
growth level/xp/item=8/399/377,8/709/0 stats maxHP/attack,maxHP/magic=30/20,26/13 foesHP=24,25
support PP=40,40 Carl-defense=6 enemy-attack=6,6
PASS support 40 40 6 6 6
party action uses=8,40 / 2,40
frame=5078 map=34.1 pos=9,5 flags=3
party=2 HP=30/30,26/26 battle=1 battlers=4 outcome=0 PP=8,2 trial=0 donut-ability=0
persistent PP=8,2 status=0,0
growth level/xp/item=8/399/377,8/709/0 stats maxHP/attack,maxHP/magic=30/20,26/13 foesHP=24,25
support PP=40,40 Carl-defense=6 enemy-attack=6,6
party action uses=8,40 / 2,40
frame=5198 map=34.1 pos=9,5 flags=3
party=2 HP=30/30,26/26 battle=1 battlers=4 outcome=0 PP=8,2 trial=0 donut-ability=0
persistent PP=8,2 status=0,0
growth level/xp/item=8/399/377,8/709/0 stats maxHP/attack,maxHP/magic=30/20,26/13 foesHP=24,25
support PP=40,40 Carl-defense=6 enemy-attack=6,6
party action uses=8,40 / 2,40
frame=5199 map=34.1 pos=9,5 flags=3
party=2 HP=30/30,26/26 battle=1 battlers=4 outcome=0 PP=8,2 trial=0 donut-ability=0
persistent PP=8,2 status=0,0
growth level/xp/item=8/399/377,8/709/0 stats maxHP/attack,maxHP/magic=30/20,26/13 foesHP=24,25
support PP=40,40 Carl-defense=6 enemy-attack=6,6
party action uses=8,40 / 2,40
frame=5259 map=34.1 pos=9,5 flags=3
party=2 HP=30/30,26/26 battle=1 battlers=4 outcome=0 PP=8,2 trial=0 donut-ability=0
persistent PP=8,2 status=0,0
growth level/xp/item=8/399/377,8/709/0 stats maxHP/attack,maxHP/magic=30/20,26/13 foesHP=24,25
support PP=40,40 Carl-defense=6 enemy-attack=6,6
party action uses=8,40 / 2,40
frame=5260 map=34.1 pos=9,5 flags=3
party=2 HP=30/30,26/26 battle=1 battlers=4 outcome=0 PP=8,2 trial=0 donut-ability=0
persistent PP=8,2 status=0,0
growth level/xp/item=8/399/377,8/709/0 stats maxHP/attack,maxHP/magic=30/20,26/13 foesHP=24,25
support PP=40,40 Carl-defense=6 enemy-attack=6,6
party action uses=8,40 / 2,40
frame=5380 map=34.1 pos=9,5 flags=3
party=2 HP=30/30,26/26 battle=1 battlers=4 outcome=0 PP=8,2 trial=0 donut-ability=0
persistent PP=8,2 status=0,0
growth level/xp/item=8/399/377,8/709/0 stats maxHP/attack,maxHP/magic=30/20,26/13 foesHP=24,25
support PP=40,40 Carl-defense=6 enemy-attack=6,6
party action uses=8,40 / 2,40
frame=5381 map=34.1 pos=9,5 flags=3
party=2 HP=30/30,26/26 battle=1 battlers=4 outcome=0 PP=8,2 trial=0 donut-ability=0
persistent PP=8,2 status=0,0
growth level/xp/item=8/399/377,8/709/0 stats maxHP/attack,maxHP/magic=30/20,26/13 foesHP=24,25
support PP=40,40 Carl-defense=6 enemy-attack=6,6
party action uses=8,40 / 2,40
frame=5501 map=34.1 pos=9,5 flags=3
party=2 HP=30/30,26/26 battle=1 battlers=4 outcome=0 PP=8,2 trial=0 donut-ability=0
persistent PP=8,2 status=0,0
growth level/xp/item=8/399/377,8/709/0 stats maxHP/attack,maxHP/magic=30/20,26/13 foesHP=24,25
support PP=40,40 Carl-defense=6 enemy-attack=6,6
party action uses=8,40 / 2,40
frame=5502 map=34.1 pos=9,5 flags=3
party=2 HP=30/30,26/26 battle=1 battlers=4 outcome=0 PP=8,2 trial=0 donut-ability=0
persistent PP=8,2 status=0,0
growth level/xp/item=8/399/377,8/709/0 stats maxHP/attack,maxHP/magic=30/20,26/13 foesHP=24,25
support PP=40,40 Carl-defense=6 enemy-attack=6,6
party action uses=8,40 / 2,40
frame=6502 map=34.1 pos=9,5 flags=3
party=2 HP=26/30,20/26 battle=1 battlers=4 outcome=0 PP=7,1 trial=0 donut-ability=0
persistent PP=7,1 status=0,0
growth level/xp/item=8/399/377,8/709/0 stats maxHP/attack,maxHP/magic=30/20,26/13 foesHP=12,21
support PP=40,40 Carl-defense=6 enemy-attack=6,6
party action uses=7,40 / 1,40
frame=6502 map=34.1 pos=9,5 flags=3
party=2 HP=26/30,20/26 battle=1 battlers=4 outcome=0 PP=7,1 trial=0 donut-ability=0
persistent PP=7,1 status=0,0
growth level/xp/item=8/399/377,8/709/0 stats maxHP/attack,maxHP/magic=30/20,26/13 foesHP=12,21
PASS foes 12 21
support PP=40,40 Carl-defense=6 enemy-attack=6,6
party action uses=7,40 / 1,40
frame=6502 map=34.1 pos=9,5 flags=3
party=2 HP=26/30,20/26 battle=1 battlers=4 outcome=0 PP=7,1 trial=0 donut-ability=0
persistent PP=7,1 status=0,0
growth level/xp/item=8/399/377,8/709/0 stats maxHP/attack,maxHP/magic=30/20,26/13 foesHP=12,21
support PP=40,40 Carl-defense=6 enemy-attack=6,6
party action uses=7,40 / 1,40
PASS battle 1 4 0 7 1 0 0
frame=6503 map=34.1 pos=9,5 flags=3
party=2 HP=26/30,20/26 battle=1 battlers=4 outcome=0 PP=7,1 trial=0 donut-ability=0
persistent PP=7,1 status=0,0
growth level/xp/item=8/399/377,8/709/0 stats maxHP/attack,maxHP/magic=30/20,26/13 foesHP=12,21
support PP=40,40 Carl-defense=6 enemy-attack=6,6
party action uses=7,40 / 1,40
frame=6563 map=34.1 pos=9,5 flags=3
party=2 HP=26/30,20/26 battle=1 battlers=4 outcome=0 PP=7,1 trial=0 donut-ability=0
persistent PP=7,1 status=0,0
growth level/xp/item=8/399/377,8/709/0 stats maxHP/attack,maxHP/magic=30/20,26/13 foesHP=12,21
support PP=40,40 Carl-defense=6 enemy-attack=6,6
party action uses=7,40 / 1,40
frame=6564 map=34.1 pos=9,5 flags=3
party=2 HP=26/30,20/26 battle=1 battlers=4 outcome=0 PP=7,1 trial=0 donut-ability=0
persistent PP=7,1 status=0,0
growth level/xp/item=8/399/377,8/709/0 stats maxHP/attack,maxHP/magic=30/20,26/13 foesHP=12,21
support PP=40,40 Carl-defense=6 enemy-attack=6,6
party action uses=7,40 / 1,40
frame=6624 map=34.1 pos=9,5 flags=3
party=2 HP=26/30,20/26 battle=1 battlers=4 outcome=0 PP=7,1 trial=0 donut-ability=0
persistent PP=7,1 status=0,0
growth level/xp/item=8/399/377,8/709/0 stats maxHP/attack,maxHP/magic=30/20,26/13 foesHP=12,21
support PP=40,40 Carl-defense=6 enemy-attack=6,6
party action uses=7,40 / 1,40
frame=6625 map=34.1 pos=9,5 flags=3
party=2 HP=26/30,20/26 battle=1 battlers=4 outcome=0 PP=7,1 trial=0 donut-ability=0
persistent PP=7,1 status=0,0
growth level/xp/item=8/399/377,8/709/0 stats maxHP/attack,maxHP/magic=30/20,26/13 foesHP=12,21
support PP=40,40 Carl-defense=6 enemy-attack=6,6
party action uses=7,40 / 1,40
frame=6685 map=34.1 pos=9,5 flags=3
party=2 HP=26/30,20/26 battle=1 battlers=4 outcome=0 PP=7,1 trial=0 donut-ability=0
persistent PP=7,1 status=0,0
growth level/xp/item=8/399/377,8/709/0 stats maxHP/attack,maxHP/magic=30/20,26/13 foesHP=12,21
support PP=40,40 Carl-defense=6 enemy-attack=6,6
party action uses=7,40 / 1,40
frame=6686 map=34.1 pos=9,5 flags=3
party=2 HP=26/30,20/26 battle=1 battlers=4 outcome=0 PP=7,1 trial=0 donut-ability=0
persistent PP=7,1 status=0,0
growth level/xp/item=8/399/377,8/709/0 stats maxHP/attack,maxHP/magic=30/20,26/13 foesHP=12,21
support PP=40,40 Carl-defense=6 enemy-attack=6,6
party action uses=7,40 / 1,40
frame=6746 map=34.1 pos=9,5 flags=3
party=2 HP=26/30,20/26 battle=1 battlers=4 outcome=0 PP=7,1 trial=0 donut-ability=0
persistent PP=7,1 status=0,0
growth level/xp/item=8/399/377,8/709/0 stats maxHP/attack,maxHP/magic=30/20,26/13 foesHP=12,21
support PP=40,40 Carl-defense=6 enemy-attack=6,6
party action uses=7,40 / 1,40
frame=6747 map=34.1 pos=9,5 flags=3
party=2 HP=26/30,20/26 battle=1 battlers=4 outcome=0 PP=7,1 trial=0 donut-ability=0
persistent PP=7,1 status=0,0
growth level/xp/item=8/399/377,8/709/0 stats maxHP/attack,maxHP/magic=30/20,26/13 foesHP=12,21
support PP=40,40 Carl-defense=6 enemy-attack=6,6
party action uses=7,40 / 1,40
frame=7747 map=34.1 pos=9,5 flags=3
party=2 HP=26/30,15/26 battle=1 battlers=4 outcome=0 PP=6,0 trial=0 donut-ability=0
persistent PP=6,0 status=0,0
growth level/xp/item=8/399/377,8/709/0 stats maxHP/attack,maxHP/magic=30/20,26/13 foesHP=0,17
support PP=40,40 Carl-defense=6 enemy-attack=6,6
party action uses=6,40 / 0,40
frame=7747 map=34.1 pos=9,5 flags=3
party=2 HP=26/30,15/26 battle=1 battlers=4 outcome=0 PP=6,0 trial=0 donut-ability=0
persistent PP=6,0 status=0,0
growth level/xp/item=8/399/377,8/709/0 stats maxHP/attack,maxHP/magic=30/20,26/13 foesHP=0,17
PASS foes 0 17
support PP=40,40 Carl-defense=6 enemy-attack=6,6
party action uses=6,40 / 0,40
frame=7747 map=34.1 pos=9,5 flags=3
party=2 HP=26/30,15/26 battle=1 battlers=4 outcome=0 PP=6,0 trial=0 donut-ability=0
persistent PP=6,0 status=0,0
growth level/xp/item=8/399/377,8/709/0 stats maxHP/attack,maxHP/magic=30/20,26/13 foesHP=0,17
support PP=40,40 Carl-defense=6 enemy-attack=6,6
party action uses=6,40 / 0,40
PASS battle 1 4 0 6 0 0 0
frame=7748 map=34.1 pos=9,5 flags=3
party=2 HP=26/30,15/26 battle=1 battlers=4 outcome=0 PP=6,0 trial=0 donut-ability=0
persistent PP=6,0 status=0,0
growth level/xp/item=8/399/377,8/709/0 stats maxHP/attack,maxHP/magic=30/20,26/13 foesHP=0,17
support PP=40,40 Carl-defense=6 enemy-attack=6,6
party action uses=6,40 / 0,40
frame=8148 map=34.1 pos=9,5 flags=3
party=2 HP=26/30,15/26 battle=1 battlers=4 outcome=0 PP=6,0 trial=0 donut-ability=0
persistent PP=6,0 status=0,0
growth level/xp/item=8/399/377,8/709/0 stats maxHP/attack,maxHP/magic=30/20,26/13 foesHP=0,17
support PP=40,40 Carl-defense=6 enemy-attack=6,6
party action uses=6,40 / 0,40
frame=8149 map=34.1 pos=9,5 flags=3
party=2 HP=26/30,15/26 battle=1 battlers=4 outcome=0 PP=6,0 trial=0 donut-ability=0
persistent PP=6,0 status=0,0
growth level/xp/item=8/399/377,8/709/0 stats maxHP/attack,maxHP/magic=30/20,26/13 foesHP=0,17
support PP=40,40 Carl-defense=6 enemy-attack=6,6
party action uses=6,40 / 0,40
frame=8549 map=34.1 pos=9,5 flags=3
party=2 HP=29/33,15/26 battle=1 battlers=4 outcome=0 PP=6,0 trial=0 donut-ability=0
persistent PP=6,0 status=0,0
growth level/xp/item=9/419/377,8/709/0 stats maxHP/attack,maxHP/magic=33/23,26/13 foesHP=0,17
support PP=40,40 Carl-defense=6 enemy-attack=6,6
party action uses=6,40 / 0,40
frame=8550 map=34.1 pos=9,5 flags=3
party=2 HP=29/33,15/26 battle=1 battlers=4 outcome=0 PP=6,0 trial=0 donut-ability=0
persistent PP=6,0 status=0,0
growth level/xp/item=9/419/377,8/709/0 stats maxHP/attack,maxHP/magic=33/23,26/13 foesHP=0,17
support PP=40,40 Carl-defense=6 enemy-attack=6,6
party action uses=6,40 / 0,40
frame=8950 map=34.1 pos=9,5 flags=3
party=2 HP=29/33,15/26 battle=1 battlers=4 outcome=0 PP=6,0 trial=0 donut-ability=0
persistent PP=6,0 status=0,0
growth level/xp/item=9/419/377,8/709/0 stats maxHP/attack,maxHP/magic=33/23,26/13 foesHP=0,17
support PP=40,40 Carl-defense=6 enemy-attack=6,6
party action uses=6,40 / 0,40
frame=8951 map=34.1 pos=9,5 flags=3
party=2 HP=29/33,15/26 battle=1 battlers=4 outcome=0 PP=6,0 trial=0 donut-ability=0
persistent PP=6,0 status=0,0
growth level/xp/item=9/419/377,8/709/0 stats maxHP/attack,maxHP/magic=33/23,26/13 foesHP=0,17
support PP=40,40 Carl-defense=6 enemy-attack=6,6
party action uses=6,40 / 0,40
frame=9351 map=34.1 pos=9,5 flags=3
party=2 HP=29/33,15/26 battle=1 battlers=4 outcome=0 PP=6,0 trial=0 donut-ability=0
persistent PP=6,0 status=0,0
growth level/xp/item=9/419/377,8/709/0 stats maxHP/attack,maxHP/magic=33/23,26/13 foesHP=0,17
support PP=40,40 Carl-defense=6 enemy-attack=6,6
party action uses=6,40 / 0,40
frame=9352 map=34.1 pos=9,5 flags=3
party=2 HP=29/33,15/26 battle=1 battlers=4 outcome=0 PP=6,0 trial=0 donut-ability=0
persistent PP=6,0 status=0,0
growth level/xp/item=9/419/377,8/709/0 stats maxHP/attack,maxHP/magic=33/23,26/13 foesHP=0,17
support PP=40,40 Carl-defense=6 enemy-attack=6,6
party action uses=6,40 / 0,40
frame=9752 map=34.1 pos=9,5 flags=3
party=2 HP=29/33,15/26 battle=1 battlers=4 outcome=0 PP=6,0 trial=0 donut-ability=0
persistent PP=6,0 status=0,0
growth level/xp/item=9/450/377,8/709/0 stats maxHP/attack,maxHP/magic=33/23,26/13 foesHP=0,17
support PP=40,40 Carl-defense=6 enemy-attack=6,6
party action uses=6,40 / 0,40
frame=9753 map=34.1 pos=9,5 flags=3
party=2 HP=29/33,15/26 battle=1 battlers=4 outcome=0 PP=6,0 trial=0 donut-ability=0
persistent PP=6,0 status=0,0
growth level/xp/item=9/450/377,8/709/0 stats maxHP/attack,maxHP/magic=33/23,26/13 foesHP=0,17
support PP=40,40 Carl-defense=6 enemy-attack=6,6
party action uses=6,40 / 0,40
frame=10153 map=34.1 pos=9,5 flags=3
party=2 HP=29/33,17/28 battle=1 battlers=4 outcome=0 PP=6,0 trial=0 donut-ability=0
persistent PP=6,0 status=0,0
growth level/xp/item=9/450/377,9/729/0 stats maxHP/attack,maxHP/magic=33/23,28/14 foesHP=0,17
support PP=40,40 Carl-defense=6 enemy-attack=6,6
party action uses=6,40 / 0,40
frame=10154 map=34.1 pos=9,5 flags=3
party=2 HP=29/33,17/28 battle=1 battlers=4 outcome=0 PP=6,0 trial=0 donut-ability=0
persistent PP=6,0 status=0,0
growth level/xp/item=9/450/377,9/729/0 stats maxHP/attack,maxHP/magic=33/23,28/14 foesHP=0,17
support PP=40,40 Carl-defense=6 enemy-attack=6,6
party action uses=6,40 / 0,40
frame=10554 map=34.1 pos=9,5 flags=3
party=2 HP=29/33,17/28 battle=1 battlers=4 outcome=0 PP=6,0 trial=0 donut-ability=0
persistent PP=6,0 status=0,0
growth level/xp/item=9/450/377,9/729/0 stats maxHP/attack,maxHP/magic=33/23,28/14 foesHP=0,17
support PP=40,40 Carl-defense=6 enemy-attack=6,6
party action uses=6,40 / 0,40
frame=10555 map=34.1 pos=9,5 flags=3
party=2 HP=29/33,17/28 battle=1 battlers=4 outcome=0 PP=6,0 trial=0 donut-ability=0
persistent PP=6,0 status=0,0
growth level/xp/item=9/450/377,9/729/0 stats maxHP/attack,maxHP/magic=33/23,28/14 foesHP=0,17
support PP=40,40 Carl-defense=6 enemy-attack=6,6
party action uses=6,40 / 0,40
frame=10955 map=34.1 pos=9,5 flags=3
party=2 HP=29/33,17/28 battle=1 battlers=4 outcome=0 PP=6,0 trial=0 donut-ability=0
persistent PP=6,0 status=0,0
growth level/xp/item=9/450/377,9/729/0 stats maxHP/attack,maxHP/magic=33/23,28/14 foesHP=0,17
support PP=40,40 Carl-defense=6 enemy-attack=6,6
party action uses=6,40 / 0,40
frame=10956 map=34.1 pos=9,5 flags=3
party=2 HP=29/33,17/28 battle=1 battlers=4 outcome=0 PP=6,0 trial=0 donut-ability=0
persistent PP=6,0 status=0,0
growth level/xp/item=9/450/377,9/729/0 stats maxHP/attack,maxHP/magic=33/23,28/14 foesHP=0,17
support PP=40,40 Carl-defense=6 enemy-attack=6,6
party action uses=6,40 / 0,40
frame=11356 map=34.1 pos=9,5 flags=3
party=2 HP=29/33,17/28 battle=1 battlers=4 outcome=0 PP=6,0 trial=0 donut-ability=0
persistent PP=6,0 status=0,0
growth level/xp/item=9/450/377,9/760/0 stats maxHP/attack,maxHP/magic=33/23,28/14 foesHP=0,17
support PP=40,40 Carl-defense=6 enemy-attack=6,6
party action uses=6,40 / 0,40
frame=11356 map=34.1 pos=9,5 flags=3
party=2 HP=29/33,17/28 battle=1 battlers=4 outcome=0 PP=6,0 trial=0 donut-ability=0
persistent PP=6,0 status=0,0
growth level/xp/item=9/450/377,9/760/0 stats maxHP/attack,maxHP/magic=33/23,28/14 foesHP=0,17
PASS growth 9 450 377 9 760 0
support PP=40,40 Carl-defense=6 enemy-attack=6,6
party action uses=6,40 / 0,40
frame=11356 map=34.1 pos=9,5 flags=3
party=2 HP=29/33,17/28 battle=1 battlers=4 outcome=0 PP=6,0 trial=0 donut-ability=0
persistent PP=6,0 status=0,0
growth level/xp/item=9/450/377,9/760/0 stats maxHP/attack,maxHP/magic=33/23,28/14 foesHP=0,17
PASS stats 33 23 28 14
support PP=40,40 Carl-defense=6 enemy-attack=6,6
party action uses=6,40 / 0,40
frame=11356 map=34.1 pos=9,5 flags=3
party=2 HP=29/33,17/28 battle=1 battlers=4 outcome=0 PP=6,0 trial=0 donut-ability=0
persistent PP=6,0 status=0,0
growth level/xp/item=9/450/377,9/760/0 stats maxHP/attack,maxHP/magic=33/23,28/14 foesHP=0,17
support PP=40,40 Carl-defense=6 enemy-attack=6,6
party action uses=6,40 / 0,40
PASS uses 6 40 0 40
frame=11357 map=34.1 pos=9,5 flags=3
party=2 HP=29/33,17/28 battle=1 battlers=4 outcome=0 PP=6,0 trial=0 donut-ability=0
persistent PP=6,0 status=0,0
growth level/xp/item=9/450/377,9/760/0 stats maxHP/attack,maxHP/magic=33/23,28/14 foesHP=0,17
support PP=40,40 Carl-defense=6 enemy-attack=6,6
party action uses=6,40 / 0,40
frame=11477 map=34.1 pos=9,5 flags=3
party=2 HP=29/33,17/28 battle=1 battlers=4 outcome=0 PP=6,0 trial=0 donut-ability=0
persistent PP=6,0 status=0,0
growth level/xp/item=9/450/377,9/760/0 stats maxHP/attack,maxHP/magic=33/23,28/14 foesHP=0,17
support PP=40,40 Carl-defense=6 enemy-attack=6,6
party action uses=6,40 / 0,40
frame=11478 map=34.1 pos=9,5 flags=3
party=2 HP=29/33,17/28 battle=1 battlers=4 outcome=0 PP=6,0 trial=0 donut-ability=0
persistent PP=6,0 status=0,0
growth level/xp/item=9/450/377,9/760/0 stats maxHP/attack,maxHP/magic=33/23,28/14 foesHP=0,17
support PP=40,40 Carl-defense=6 enemy-attack=6,6
party action uses=6,40 / 0,40
frame=11598 map=34.1 pos=9,5 flags=3
party=2 HP=29/33,17/28 battle=1 battlers=4 outcome=0 PP=6,0 trial=0 donut-ability=0
persistent PP=6,0 status=0,0
growth level/xp/item=9/450/377,9/760/0 stats maxHP/attack,maxHP/magic=33/23,28/14 foesHP=0,17
support PP=40,40 Carl-defense=6 enemy-attack=6,6
party action uses=6,40 / 0,40
frame=11599 map=34.1 pos=9,5 flags=3
party=2 HP=29/33,17/28 battle=1 battlers=4 outcome=0 PP=6,0 trial=0 donut-ability=0
persistent PP=6,0 status=0,0
growth level/xp/item=9/450/377,9/760/0 stats maxHP/attack,maxHP/magic=33/23,28/14 foesHP=0,17
support PP=40,40 Carl-defense=6 enemy-attack=6,6
party action uses=6,40 / 0,40
frame=11719 map=34.1 pos=9,5 flags=3
party=2 HP=29/33,17/28 battle=1 battlers=4 outcome=0 PP=6,0 trial=0 donut-ability=0
persistent PP=6,0 status=0,0
growth level/xp/item=9/450/377,9/760/0 stats maxHP/attack,maxHP/magic=33/23,28/14 foesHP=0,17
support PP=40,40 Carl-defense=6 enemy-attack=6,6
party action uses=6,40 / 0,40
frame=11720 map=34.1 pos=9,5 flags=3
party=2 HP=29/33,17/28 battle=1 battlers=4 outcome=0 PP=6,0 trial=0 donut-ability=0
persistent PP=6,0 status=0,0
growth level/xp/item=9/450/377,9/760/0 stats maxHP/attack,maxHP/magic=33/23,28/14 foesHP=0,17
support PP=40,40 Carl-defense=6 enemy-attack=6,6
party action uses=6,40 / 0,40
frame=11840 map=34.1 pos=9,5 flags=3
party=2 HP=29/33,17/28 battle=1 battlers=4 outcome=0 PP=6,0 trial=0 donut-ability=0
persistent PP=6,0 status=0,0
growth level/xp/item=9/450/377,9/760/0 stats maxHP/attack,maxHP/magic=33/23,28/14 foesHP=0,17
support PP=40,40 Carl-defense=6 enemy-attack=6,6
party action uses=6,40 / 0,40
frame=11841 map=34.1 pos=9,5 flags=3
party=2 HP=29/33,17/28 battle=1 battlers=4 outcome=0 PP=6,0 trial=0 donut-ability=0
persistent PP=6,0 status=0,0
growth level/xp/item=9/450/377,9/760/0 stats maxHP/attack,maxHP/magic=33/23,28/14 foesHP=0,17
support PP=40,40 Carl-defense=6 enemy-attack=6,6
party action uses=6,40 / 0,40
frame=11901 map=34.1 pos=9,5 flags=3
party=2 HP=29/33,17/28 battle=1 battlers=4 outcome=0 PP=6,0 trial=0 donut-ability=0
persistent PP=6,0 status=0,0
growth level/xp/item=9/450/377,9/760/0 stats maxHP/attack,maxHP/magic=33/23,28/14 foesHP=0,17
support PP=40,40 Carl-defense=6 enemy-attack=6,6
party action uses=6,40 / 0,40
frame=11902 map=34.1 pos=9,5 flags=3
party=2 HP=29/33,17/28 battle=1 battlers=4 outcome=0 PP=6,0 trial=0 donut-ability=0
persistent PP=6,0 status=0,0
growth level/xp/item=9/450/377,9/760/0 stats maxHP/attack,maxHP/magic=33/23,28/14 foesHP=0,17
support PP=40,40 Carl-defense=6 enemy-attack=6,6
party action uses=6,40 / 0,40
frame=12902 map=34.1 pos=9,5 flags=3
party=2 HP=29/33,14/28 battle=1 battlers=4 outcome=0 PP=5,0 trial=0 donut-ability=0
persistent PP=5,0 status=0,0
growth level/xp/item=9/450/377,9/760/0 stats maxHP/attack,maxHP/magic=33/23,28/14 foesHP=0,8
support PP=40,39 Carl-defense=6 enemy-attack=6,5
party action uses=5,40 / 0,39
frame=12903 map=34.1 pos=9,5 flags=3
party=2 HP=29/33,14/28 battle=1 battlers=4 outcome=0 PP=5,0 trial=0 donut-ability=0
persistent PP=5,0 status=0,0
growth level/xp/item=9/450/377,9/760/0 stats maxHP/attack,maxHP/magic=33/23,28/14 foesHP=0,8
support PP=40,39 Carl-defense=6 enemy-attack=6,5
party action uses=5,40 / 0,39
frame=13023 map=34.1 pos=9,5 flags=3
party=2 HP=29/33,14/28 battle=1 battlers=4 outcome=0 PP=5,0 trial=0 donut-ability=0
persistent PP=5,0 status=0,0
growth level/xp/item=9/450/377,9/760/0 stats maxHP/attack,maxHP/magic=33/23,28/14 foesHP=0,8
support PP=40,39 Carl-defense=6 enemy-attack=6,5
party action uses=5,40 / 0,39
frame=13024 map=34.1 pos=9,5 flags=3
party=2 HP=29/33,14/28 battle=1 battlers=4 outcome=0 PP=5,0 trial=0 donut-ability=0
persistent PP=5,0 status=0,0
growth level/xp/item=9/450/377,9/760/0 stats maxHP/attack,maxHP/magic=33/23,28/14 foesHP=0,8
support PP=40,39 Carl-defense=6 enemy-attack=6,5
party action uses=5,40 / 0,39
frame=13144 map=34.1 pos=9,5 flags=3
party=2 HP=29/33,14/28 battle=1 battlers=4 outcome=0 PP=5,0 trial=0 donut-ability=0
persistent PP=5,0 status=0,0
growth level/xp/item=9/450/377,9/760/0 stats maxHP/attack,maxHP/magic=33/23,28/14 foesHP=0,8
support PP=40,39 Carl-defense=6 enemy-attack=6,5
party action uses=5,40 / 0,39
frame=13145 map=34.1 pos=9,5 flags=3
party=2 HP=29/33,14/28 battle=1 battlers=4 outcome=0 PP=5,0 trial=0 donut-ability=0
persistent PP=5,0 status=0,0
growth level/xp/item=9/450/377,9/760/0 stats maxHP/attack,maxHP/magic=33/23,28/14 foesHP=0,8
support PP=40,39 Carl-defense=6 enemy-attack=6,5
party action uses=5,40 / 0,39
frame=13265 map=34.1 pos=9,5 flags=3
party=2 HP=29/33,14/28 battle=1 battlers=4 outcome=0 PP=5,0 trial=0 donut-ability=0
persistent PP=5,0 status=0,0
growth level/xp/item=9/450/377,9/760/0 stats maxHP/attack,maxHP/magic=33/23,28/14 foesHP=0,8
support PP=40,39 Carl-defense=6 enemy-attack=6,5
party action uses=5,40 / 0,39
frame=13266 map=34.1 pos=9,5 flags=3
party=2 HP=29/33,14/28 battle=1 battlers=4 outcome=0 PP=5,0 trial=0 donut-ability=0
persistent PP=5,0 status=0,0
growth level/xp/item=9/450/377,9/760/0 stats maxHP/attack,maxHP/magic=33/23,28/14 foesHP=0,8
support PP=40,39 Carl-defense=6 enemy-attack=6,5
party action uses=5,40 / 0,39
frame=13386 map=34.1 pos=9,5 flags=3
party=2 HP=29/33,14/28 battle=1 battlers=4 outcome=0 PP=5,0 trial=0 donut-ability=0
persistent PP=5,0 status=0,0
growth level/xp/item=9/450/377,9/760/0 stats maxHP/attack,maxHP/magic=33/23,28/14 foesHP=0,8
support PP=40,39 Carl-defense=6 enemy-attack=6,5
party action uses=5,40 / 0,39
frame=13387 map=34.1 pos=9,5 flags=3
party=2 HP=29/33,14/28 battle=1 battlers=4 outcome=0 PP=5,0 trial=0 donut-ability=0
persistent PP=5,0 status=0,0
growth level/xp/item=9/450/377,9/760/0 stats maxHP/attack,maxHP/magic=33/23,28/14 foesHP=0,8
support PP=40,39 Carl-defense=6 enemy-attack=6,5
party action uses=5,40 / 0,39
frame=14387 map=34.1 pos=9,5 flags=3
party=2 HP=29/33,14/28 battle=1 battlers=4 outcome=0 PP=4,0 trial=0 donut-ability=0
persistent PP=4,0 status=0,0
growth level/xp/item=9/450/377,9/760/0 stats maxHP/attack,maxHP/magic=33/23,28/14 foesHP=0,0
support PP=40,38 Carl-defense=6 enemy-attack=6,6
party action uses=4,40 / 0,38
frame=14388 map=34.1 pos=9,5 flags=3
party=2 HP=29/33,14/28 battle=1 battlers=4 outcome=0 PP=4,0 trial=0 donut-ability=0
persistent PP=4,0 status=0,0
growth level/xp/item=9/450/377,9/760/0 stats maxHP/attack,maxHP/magic=33/23,28/14 foesHP=0,0
support PP=40,38 Carl-defense=6 enemy-attack=6,6
party action uses=4,40 / 0,38
frame=14788 map=34.1 pos=9,5 flags=3
party=2 HP=29/33,14/28 battle=1 battlers=4 outcome=0 PP=4,0 trial=0 donut-ability=0
persistent PP=4,0 status=0,0
growth level/xp/item=9/450/377,9/760/0 stats maxHP/attack,maxHP/magic=33/23,28/14 foesHP=0,0
support PP=40,38 Carl-defense=6 enemy-attack=6,6
party action uses=4,40 / 0,38
frame=14789 map=34.1 pos=9,5 flags=3
party=2 HP=29/33,14/28 battle=1 battlers=4 outcome=0 PP=4,0 trial=0 donut-ability=0
persistent PP=4,0 status=0,0
growth level/xp/item=9/450/377,9/760/0 stats maxHP/attack,maxHP/magic=33/23,28/14 foesHP=0,0
support PP=40,38 Carl-defense=6 enemy-attack=6,6
party action uses=4,40 / 0,38
frame=15189 map=34.1 pos=9,5 flags=3
party=2 HP=29/33,14/28 battle=1 battlers=4 outcome=0 PP=4,0 trial=0 donut-ability=0
persistent PP=4,0 status=0,0
growth level/xp/item=9/495/377,9/760/0 stats maxHP/attack,maxHP/magic=33/23,28/14 foesHP=0,0
support PP=40,38 Carl-defense=6 enemy-attack=6,6
party action uses=4,40 / 0,38
frame=15190 map=34.1 pos=9,5 flags=3
party=2 HP=29/33,14/28 battle=1 battlers=4 outcome=0 PP=4,0 trial=0 donut-ability=0
persistent PP=4,0 status=0,0
growth level/xp/item=9/495/377,9/760/0 stats maxHP/attack,maxHP/magic=33/23,28/14 foesHP=0,0
support PP=40,38 Carl-defense=6 enemy-attack=6,6
party action uses=4,40 / 0,38
frame=15590 map=34.1 pos=9,5 flags=3
party=2 HP=29/33,14/28 battle=1 battlers=4 outcome=1 PP=4,0 trial=0 donut-ability=0
persistent PP=4,0 status=0,0
growth level/xp/item=9/495/377,9/805/0 stats maxHP/attack,maxHP/magic=33/23,28/14 foesHP=0,0
support PP=40,38 Carl-defense=6 enemy-attack=6,6
party action uses=4,40 / 0,38
frame=15591 map=34.1 pos=9,5 flags=3
party=2 HP=29/33,14/28 battle=1 battlers=4 outcome=1 PP=4,0 trial=0 donut-ability=0
persistent PP=4,0 status=0,0
growth level/xp/item=9/495/377,9/805/0 stats maxHP/attack,maxHP/magic=33/23,28/14 foesHP=0,0
support PP=40,38 Carl-defense=6 enemy-attack=6,6
party action uses=4,40 / 0,38
frame=15991 map=34.1 pos=9,5 flags=3
party=2 HP=29/33,14/28 battle=1 battlers=4 outcome=1 PP=4,0 trial=0 donut-ability=0
persistent PP=4,0 status=0,0
growth level/xp/item=9/495/377,9/805/0 stats maxHP/attack,maxHP/magic=33/23,28/14 foesHP=0,0
support PP=40,38 Carl-defense=6 enemy-attack=6,6
party action uses=4,40 / 0,38
frame=15992 map=34.1 pos=9,5 flags=3
party=2 HP=29/33,14/28 battle=1 battlers=4 outcome=1 PP=4,0 trial=0 donut-ability=0
persistent PP=4,0 status=0,0
growth level/xp/item=9/495/377,9/805/0 stats maxHP/attack,maxHP/magic=33/23,28/14 foesHP=0,0
support PP=40,38 Carl-defense=6 enemy-attack=6,6
party action uses=4,40 / 0,38
frame=16392 map=34.1 pos=9,5 flags=3
party=2 HP=29/33,14/28 battle=1 battlers=4 outcome=1 PP=4,0 trial=0 donut-ability=0
persistent PP=4,0 status=0,0
growth level/xp/item=9/495/377,9/805/0 stats maxHP/attack,maxHP/magic=33/23,28/14 foesHP=0,0
support PP=40,38 Carl-defense=6 enemy-attack=6,6
party action uses=4,40 / 0,38
frame=16393 map=34.1 pos=9,5 flags=3
party=2 HP=29/33,14/28 battle=1 battlers=4 outcome=1 PP=4,0 trial=0 donut-ability=0
persistent PP=4,0 status=0,0
growth level/xp/item=9/495/377,9/805/0 stats maxHP/attack,maxHP/magic=33/23,28/14 foesHP=0,0
support PP=40,38 Carl-defense=6 enemy-attack=6,6
party action uses=4,40 / 0,38
frame=16793 map=34.1 pos=9,5 flags=3
party=2 HP=29/33,14/28 battle=0 battlers=4 outcome=1 PP=4,0 trial=1 donut-ability=0
persistent PP=4,0 status=0,0
growth level/xp/item=9/495/377,9/805/0 stats maxHP/attack,maxHP/magic=33/23,28/14 foesHP=0,0
support PP=40,38 Carl-defense=6 enemy-attack=6,6
party action uses=4,40 / 0,38
frame=16794 map=34.1 pos=9,5 flags=3
party=2 HP=29/33,14/28 battle=0 battlers=4 outcome=1 PP=4,0 trial=1 donut-ability=0
persistent PP=4,0 status=0,0
growth level/xp/item=9/495/377,9/805/0 stats maxHP/attack,maxHP/magic=33/23,28/14 foesHP=0,0
support PP=40,38 Carl-defense=6 enemy-attack=6,6
party action uses=4,40 / 0,38
frame=17194 map=34.1 pos=9,5 flags=3
party=2 HP=29/33,14/28 battle=0 battlers=4 outcome=1 PP=4,0 trial=1 donut-ability=0
persistent PP=4,0 status=0,0
growth level/xp/item=9/495/377,9/805/0 stats maxHP/attack,maxHP/magic=33/23,28/14 foesHP=0,0
support PP=40,38 Carl-defense=6 enemy-attack=6,6
party action uses=4,40 / 0,38
frame=17195 map=34.1 pos=9,5 flags=3
party=2 HP=29/33,14/28 battle=0 battlers=4 outcome=1 PP=4,0 trial=1 donut-ability=0
persistent PP=4,0 status=0,0
growth level/xp/item=9/495/377,9/805/0 stats maxHP/attack,maxHP/magic=33/23,28/14 foesHP=0,0
support PP=40,38 Carl-defense=6 enemy-attack=6,6
party action uses=4,40 / 0,38
frame=17595 map=34.1 pos=9,5 flags=3
party=2 HP=29/33,14/28 battle=0 battlers=4 outcome=1 PP=4,0 trial=1 donut-ability=0
persistent PP=4,0 status=0,0
growth level/xp/item=9/495/377,9/805/0 stats maxHP/attack,maxHP/magic=33/23,28/14 foesHP=0,0
support PP=40,38 Carl-defense=6 enemy-attack=6,6
party action uses=4,40 / 0,38
frame=17595 map=34.1 pos=9,5 flags=3
party=2 HP=29/33,14/28 battle=0 battlers=4 outcome=1 PP=4,0 trial=1 donut-ability=0
persistent PP=4,0 status=0,0
growth level/xp/item=9/495/377,9/805/0 stats maxHP/attack,maxHP/magic=33/23,28/14 foesHP=0,0
support PP=40,38 Carl-defense=6 enemy-attack=6,6
party action uses=4,40 / 0,38
PASS battle 0 4 1 4 0 1 0
frame=17595 map=34.1 pos=9,5 flags=3
party=2 HP=29/33,14/28 battle=0 battlers=4 outcome=1 PP=4,0 trial=1 donut-ability=0
persistent PP=4,0 status=0,0
growth level/xp/item=9/495/377,9/805/0 stats maxHP/attack,maxHP/magic=33/23,28/14 foesHP=0,0
PASS growth 9 495 377 9 805 0
support PP=40,38 Carl-defense=6 enemy-attack=6,6
party action uses=4,40 / 0,38
frame=17595 map=34.1 pos=9,5 flags=3
party=2 HP=29/33,14/28 battle=0 battlers=4 outcome=1 PP=4,0 trial=1 donut-ability=0
persistent PP=4,0 status=0,0
growth level/xp/item=9/495/377,9/805/0 stats maxHP/attack,maxHP/magic=33/23,28/14 foesHP=0,0
PASS stats 33 23 28 14
support PP=40,38 Carl-defense=6 enemy-attack=6,6
party action uses=4,40 / 0,38
frame=17595 map=34.1 pos=9,5 flags=3
party=2 HP=29/33,14/28 battle=0 battlers=4 outcome=1 PP=4,0 trial=1 donut-ability=0
persistent PP=4,0 status=0,0
growth level/xp/item=9/495/377,9/805/0 stats maxHP/attack,maxHP/magic=33/23,28/14 foesHP=0,0
support PP=40,38 Carl-defense=6 enemy-attack=6,6
party action uses=4,40 / 0,38
PASS uses 4 40 0 38
frame=17595 map=34.1 pos=9,5 flags=3
party=2 HP=29/33,14/28 battle=0 battlers=4 outcome=1 PP=4,0 trial=1 donut-ability=0
persistent PP=4,0 status=0,0
growth level/xp/item=9/495/377,9/805/0 stats maxHP/attack,maxHP/magic=33/23,28/14 foesHP=0,0
PASS item 377 0
support PP=40,38 Carl-defense=6 enemy-attack=6,6
party action uses=4,40 / 0,38
frame=17595 map=34.1 pos=9,5 flags=3
party=2 HP=29/33,14/28 battle=0 battlers=4 outcome=1 PP=4,0 trial=1 donut-ability=0
persistent PP=4,0 status=0,0
growth level/xp/item=9/495/377,9/805/0 stats maxHP/attack,maxHP/magic=33/23,28/14 foesHP=0,0
PASS flag 35 1
support PP=40,38 Carl-defense=6 enemy-attack=6,6
party action uses=4,40 / 0,38
frame=17595 map=34.1 pos=9,5 flags=3
party=2 HP=29/33,14/28 battle=0 battlers=4 outcome=1 PP=4,0 trial=1 donut-ability=0
persistent PP=4,0 status=0,0
growth level/xp/item=9/495/377,9/805/0 stats maxHP/attack,maxHP/magic=33/23,28/14 foesHP=0,0
support PP=40,38 Carl-defense=6 enemy-attack=6,6
party action uses=4,40 / 0,38
PASS expect 34 1 9 5 3
frame=17596 map=34.1 pos=9,5 flags=3
party=2 HP=29/33,14/28 battle=0 battlers=4 outcome=1 PP=4,0 trial=1 donut-ability=0
persistent PP=4,0 status=0,0
growth level/xp/item=9/495/377,9/805/0 stats maxHP/attack,maxHP/magic=33/23,28/14 foesHP=0,0
support PP=40,38 Carl-defense=6 enemy-attack=6,6
party action uses=4,40 / 0,38
frame=17716 map=34.1 pos=9,5 flags=3
party=2 HP=29/33,14/28 battle=0 battlers=4 outcome=1 PP=4,0 trial=1 donut-ability=0
persistent PP=4,0 status=0,0
growth level/xp/item=9/495/377,9/805/0 stats maxHP/attack,maxHP/magic=33/23,28/14 foesHP=0,0
support PP=40,38 Carl-defense=6 enemy-attack=6,6
party action uses=4,40 / 0,38
frame=17717 map=34.1 pos=9,5 flags=3
party=2 HP=29/33,14/28 battle=0 battlers=4 outcome=1 PP=4,0 trial=1 donut-ability=0
persistent PP=4,0 status=0,0
growth level/xp/item=9/495/377,9/805/0 stats maxHP/attack,maxHP/magic=33/23,28/14 foesHP=0,0
support PP=40,38 Carl-defense=6 enemy-attack=6,6
party action uses=4,40 / 0,38
frame=17737 map=34.1 pos=9,5 flags=3
party=2 HP=29/33,14/28 battle=0 battlers=4 outcome=1 PP=4,0 trial=1 donut-ability=0
persistent PP=4,0 status=0,0
growth level/xp/item=9/495/377,9/805/0 stats maxHP/attack,maxHP/magic=33/23,28/14 foesHP=0,0
support PP=40,38 Carl-defense=6 enemy-attack=6,6
party action uses=4,40 / 0,38
frame=17738 map=34.1 pos=9,5 flags=3
party=2 HP=29/33,14/28 battle=0 battlers=4 outcome=1 PP=4,0 trial=1 donut-ability=0
persistent PP=4,0 status=0,0
growth level/xp/item=9/495/377,9/805/0 stats maxHP/attack,maxHP/magic=33/23,28/14 foesHP=0,0
support PP=40,38 Carl-defense=6 enemy-attack=6,6
party action uses=4,40 / 0,38
frame=17758 map=34.1 pos=9,5 flags=3
party=2 HP=29/33,14/28 battle=0 battlers=4 outcome=1 PP=4,0 trial=1 donut-ability=0
persistent PP=4,0 status=0,0
growth level/xp/item=9/495/377,9/805/0 stats maxHP/attack,maxHP/magic=33/23,28/14 foesHP=0,0
support PP=40,38 Carl-defense=6 enemy-attack=6,6
party action uses=4,40 / 0,38
frame=17759 map=34.1 pos=9,5 flags=3
party=2 HP=29/33,14/28 battle=0 battlers=4 outcome=1 PP=4,0 trial=1 donut-ability=0
persistent PP=4,0 status=0,0
growth level/xp/item=9/495/377,9/805/0 stats maxHP/attack,maxHP/magic=33/23,28/14 foesHP=0,0
support PP=40,38 Carl-defense=6 enemy-attack=6,6
party action uses=4,40 / 0,38
frame=17919 map=34.1 pos=9,5 flags=3
party=2 HP=29/33,14/28 battle=0 battlers=4 outcome=1 PP=4,0 trial=1 donut-ability=0
persistent PP=4,0 status=0,0
growth level/xp/item=9/495/377,9/805/0 stats maxHP/attack,maxHP/magic=33/23,28/14 foesHP=0,0
support PP=40,38 Carl-defense=6 enemy-attack=6,6
party action uses=4,40 / 0,38
frame=17920 map=34.1 pos=9,5 flags=3
party=2 HP=29/33,14/28 battle=0 battlers=4 outcome=1 PP=4,0 trial=1 donut-ability=0
persistent PP=4,0 status=0,0
growth level/xp/item=9/495/377,9/805/0 stats maxHP/attack,maxHP/magic=33/23,28/14 foesHP=0,0
support PP=40,38 Carl-defense=6 enemy-attack=6,6
party action uses=4,40 / 0,38
frame=18100 map=34.1 pos=9,5 flags=3
party=2 HP=29/33,14/28 battle=0 battlers=4 outcome=1 PP=4,0 trial=1 donut-ability=0
persistent PP=4,0 status=0,0
growth level/xp/item=9/495/377,9/805/0 stats maxHP/attack,maxHP/magic=33/23,28/14 foesHP=0,0
support PP=40,38 Carl-defense=6 enemy-attack=6,6
party action uses=4,40 / 0,38
frame=18101 map=34.1 pos=9,5 flags=3
party=2 HP=29/33,14/28 battle=0 battlers=4 outcome=1 PP=4,0 trial=1 donut-ability=0
persistent PP=4,0 status=0,0
growth level/xp/item=9/495/377,9/805/0 stats maxHP/attack,maxHP/magic=33/23,28/14 foesHP=0,0
support PP=40,38 Carl-defense=6 enemy-attack=6,6
party action uses=4,40 / 0,38
frame=18701 map=34.1 pos=9,5 flags=3
party=2 HP=29/33,14/28 battle=0 battlers=4 outcome=1 PP=4,0 trial=1 donut-ability=0
persistent PP=4,0 status=0,0
growth level/xp/item=9/495/377,9/805/0 stats maxHP/attack,maxHP/magic=33/23,28/14 foesHP=0,0
support PP=40,38 Carl-defense=6 enemy-attack=6,6
party action uses=4,40 / 0,38
frame=18702 map=34.1 pos=9,5 flags=3
party=2 HP=29/33,14/28 battle=0 battlers=4 outcome=1 PP=4,0 trial=1 donut-ability=0
persistent PP=4,0 status=0,0
growth level/xp/item=9/495/377,9/805/0 stats maxHP/attack,maxHP/magic=33/23,28/14 foesHP=0,0
support PP=40,38 Carl-defense=6 enemy-attack=6,6
party action uses=4,40 / 0,38
frame=19302 map=34.1 pos=9,5 flags=3
party=2 HP=29/33,14/28 battle=0 battlers=4 outcome=1 PP=4,0 trial=1 donut-ability=0
persistent PP=4,0 status=0,0
growth level/xp/item=9/495/377,9/805/0 stats maxHP/attack,maxHP/magic=33/23,28/14 foesHP=0,0
support PP=40,38 Carl-defense=6 enemy-attack=6,6
party action uses=4,40 / 0,38
frame=19302 map=34.1 pos=9,5 flags=3
party=2 HP=29/33,14/28 battle=0 battlers=4 outcome=1 PP=4,0 trial=1 donut-ability=0
persistent PP=4,0 status=0,0
growth level/xp/item=9/495/377,9/805/0 stats maxHP/attack,maxHP/magic=33/23,28/14 foesHP=0,0
PASS growth 9 495 377 9 805 0
support PP=40,38 Carl-defense=6 enemy-attack=6,6
party action uses=4,40 / 0,38
frame=19302 map=34.1 pos=9,5 flags=3
party=2 HP=29/33,14/28 battle=0 battlers=4 outcome=1 PP=4,0 trial=1 donut-ability=0
persistent PP=4,0 status=0,0
growth level/xp/item=9/495/377,9/805/0 stats maxHP/attack,maxHP/magic=33/23,28/14 foesHP=0,0
support PP=40,38 Carl-defense=6 enemy-attack=6,6
party action uses=4,40 / 0,38
PASS uses 4 40 0 38
result=0 assertions=24
