mGBA 0.10.5; 240x160; save=../playtest.sav; read-only RAM diagnostics
frame=720 map=34.1 pos=9,5 flags=3
party=2 HP=29/33,14/28 battle=0 battlers=0 outcome=0 PP=0,0 trial=1 donut-ability=0
persistent PP=4,0 status=0,0
growth level/xp/item=9/495/377,9/805/0 stats maxHP/attack,maxHP/magic=33/23,28/14 foesHP=0,0
support PP=0,0 Carl-defense=0 enemy-attack=0,0
party action uses=4,40 / 0,38
frame=721 map=34.1 pos=9,5 flags=3
party=2 HP=29/33,14/28 battle=0 battlers=0 outcome=0 PP=0,0 trial=1 donut-ability=0
persistent PP=4,0 status=0,0
growth level/xp/item=9/495/377,9/805/0 stats maxHP/attack,maxHP/magic=33/23,28/14 foesHP=0,0
support PP=0,0 Carl-defense=0 enemy-attack=0,0
party action uses=4,40 / 0,38
frame=1081 map=34.1 pos=9,5 flags=3
party=2 HP=29/33,14/28 battle=0 battlers=0 outcome=0 PP=0,0 trial=1 donut-ability=0
persistent PP=4,0 status=0,0
growth level/xp/item=9/495/377,9/805/0 stats maxHP/attack,maxHP/magic=33/23,28/14 foesHP=0,0
support PP=0,0 Carl-defense=0 enemy-attack=0,0
party action uses=4,40 / 0,38
frame=1082 map=34.1 pos=9,5 flags=3
party=2 HP=29/33,14/28 battle=0 battlers=0 outcome=0 PP=0,0 trial=1 donut-ability=0
persistent PP=4,0 status=0,0
growth level/xp/item=9/495/377,9/805/0 stats maxHP/attack,maxHP/magic=33/23,28/14 foesHP=0,0
support PP=0,0 Carl-defense=0 enemy-attack=0,0
party action uses=4,40 / 0,38
frame=1262 map=34.1 pos=9,5 flags=3
party=2 HP=29/33,14/28 battle=0 battlers=0 outcome=0 PP=0,0 trial=1 donut-ability=0
persistent PP=4,0 status=0,0
growth level/xp/item=9/495/377,9/805/0 stats maxHP/attack,maxHP/magic=33/23,28/14 foesHP=0,0
support PP=0,0 Carl-defense=0 enemy-attack=0,0
party action uses=4,40 / 0,38
frame=1263 map=34.1 pos=9,5 flags=3
party=2 HP=29/33,14/28 battle=0 battlers=0 outcome=0 PP=0,0 trial=1 donut-ability=0
persistent PP=4,0 status=0,0
growth level/xp/item=9/495/377,9/805/0 stats maxHP/attack,maxHP/magic=33/23,28/14 foesHP=0,0
support PP=0,0 Carl-defense=0 enemy-attack=0,0
party action uses=4,40 / 0,38
frame=1443 map=34.1 pos=9,5 flags=3
party=2 HP=29/33,14/28 battle=0 battlers=0 outcome=0 PP=0,0 trial=1 donut-ability=0
persistent PP=4,0 status=0,0
growth level/xp/item=9/495/377,9/805/0 stats maxHP/attack,maxHP/magic=33/23,28/14 foesHP=0,0
support PP=0,0 Carl-defense=0 enemy-attack=0,0
party action uses=4,40 / 0,38
frame=1444 map=34.1 pos=9,5 flags=3
party=2 HP=29/33,14/28 battle=0 battlers=0 outcome=0 PP=0,0 trial=1 donut-ability=0
persistent PP=4,0 status=0,0
growth level/xp/item=9/495/377,9/805/0 stats maxHP/attack,maxHP/magic=33/23,28/14 foesHP=0,0
support PP=0,0 Carl-defense=0 enemy-attack=0,0
party action uses=4,40 / 0,38
frame=2044 map=34.1 pos=9,5 flags=3
party=2 HP=29/33,14/28 battle=0 battlers=0 outcome=0 PP=0,0 trial=1 donut-ability=0
persistent PP=4,0 status=0,0
growth level/xp/item=9/495/377,9/805/0 stats maxHP/attack,maxHP/magic=33/23,28/14 foesHP=0,0
support PP=0,0 Carl-defense=0 enemy-attack=0,0
party action uses=4,40 / 0,38
frame=2044 map=34.1 pos=9,5 flags=3
party=2 HP=29/33,14/28 battle=0 battlers=0 outcome=0 PP=0,0 trial=1 donut-ability=0
persistent PP=4,0 status=0,0
growth level/xp/item=9/495/377,9/805/0 stats maxHP/attack,maxHP/magic=33/23,28/14 foesHP=0,0
support PP=0,0 Carl-defense=0 enemy-attack=0,0
party action uses=4,40 / 0,38
PASS expect 34 1 9 5 3
frame=2044 map=34.1 pos=9,5 flags=3
party=2 HP=29/33,14/28 battle=0 battlers=0 outcome=0 PP=0,0 trial=1 donut-ability=0
persistent PP=4,0 status=0,0
growth level/xp/item=9/495/377,9/805/0 stats maxHP/attack,maxHP/magic=33/23,28/14 foesHP=0,0
PASS growth 9 495 377 9 805 0
support PP=0,0 Carl-defense=0 enemy-attack=0,0
party action uses=4,40 / 0,38
frame=2044 map=34.1 pos=9,5 flags=3
party=2 HP=29/33,14/28 battle=0 battlers=0 outcome=0 PP=0,0 trial=1 donut-ability=0
persistent PP=4,0 status=0,0
growth level/xp/item=9/495/377,9/805/0 stats maxHP/attack,maxHP/magic=33/23,28/14 foesHP=0,0
PASS stats 33 23 28 14
support PP=0,0 Carl-defense=0 enemy-attack=0,0
party action uses=4,40 / 0,38
frame=2044 map=34.1 pos=9,5 flags=3
party=2 HP=29/33,14/28 battle=0 battlers=0 outcome=0 PP=0,0 trial=1 donut-ability=0
persistent PP=4,0 status=0,0
PASS roster 29 14 4 0 0 0
growth level/xp/item=9/495/377,9/805/0 stats maxHP/attack,maxHP/magic=33/23,28/14 foesHP=0,0
support PP=0,0 Carl-defense=0 enemy-attack=0,0
party action uses=4,40 / 0,38
frame=2044 map=34.1 pos=9,5 flags=3
party=2 HP=29/33,14/28 battle=0 battlers=0 outcome=0 PP=0,0 trial=1 donut-ability=0
persistent PP=4,0 status=0,0
growth level/xp/item=9/495/377,9/805/0 stats maxHP/attack,maxHP/magic=33/23,28/14 foesHP=0,0
support PP=0,0 Carl-defense=0 enemy-attack=0,0
party action uses=4,40 / 0,38
PASS uses 4 40 0 38
frame=2044 map=34.1 pos=9,5 flags=3
party=2 HP=29/33,14/28 battle=0 battlers=0 outcome=0 PP=0,0 trial=1 donut-ability=0
persistent PP=4,0 status=0,0
growth level/xp/item=9/495/377,9/805/0 stats maxHP/attack,maxHP/magic=33/23,28/14 foesHP=0,0
PASS item 377 0
support PP=0,0 Carl-defense=0 enemy-attack=0,0
party action uses=4,40 / 0,38
frame=2044 map=34.1 pos=9,5 flags=3
party=2 HP=29/33,14/28 battle=0 battlers=0 outcome=0 PP=0,0 trial=1 donut-ability=0
persistent PP=4,0 status=0,0
growth level/xp/item=9/495/377,9/805/0 stats maxHP/attack,maxHP/magic=33/23,28/14 foesHP=0,0
PASS flag 35 1
support PP=0,0 Carl-defense=0 enemy-attack=0,0
party action uses=4,40 / 0,38
frame=2112 map=34.1 pos=5,5 flags=3
party=2 HP=29/33,14/28 battle=0 battlers=0 outcome=0 PP=0,0 trial=1 donut-ability=0
persistent PP=4,0 status=0,0
growth level/xp/item=9/495/377,9/805/0 stats maxHP/attack,maxHP/magic=33/23,28/14 foesHP=0,0
support PP=0,0 Carl-defense=0 enemy-attack=0,0
party action uses=4,40 / 0,38
frame=2152 map=34.1 pos=5,5 flags=3
party=2 HP=29/33,14/28 battle=0 battlers=0 outcome=0 PP=0,0 trial=1 donut-ability=0
persistent PP=4,0 status=0,0
growth level/xp/item=9/495/377,9/805/0 stats maxHP/attack,maxHP/magic=33/23,28/14 foesHP=0,0
support PP=0,0 Carl-defense=0 enemy-attack=0,0
party action uses=4,40 / 0,38
frame=2188 map=34.1 pos=5,7 flags=3
party=2 HP=29/33,14/28 battle=0 battlers=0 outcome=0 PP=0,0 trial=1 donut-ability=0
persistent PP=4,0 status=0,0
growth level/xp/item=9/495/377,9/805/0 stats maxHP/attack,maxHP/magic=33/23,28/14 foesHP=0,0
support PP=0,0 Carl-defense=0 enemy-attack=0,0
party action uses=4,40 / 0,38
frame=2228 map=34.1 pos=5,7 flags=3
party=2 HP=29/33,14/28 battle=0 battlers=0 outcome=0 PP=0,0 trial=1 donut-ability=0
persistent PP=4,0 status=0,0
growth level/xp/item=9/495/377,9/805/0 stats maxHP/attack,maxHP/magic=33/23,28/14 foesHP=0,0
support PP=0,0 Carl-defense=0 enemy-attack=0,0
party action uses=4,40 / 0,38
frame=2248 map=34.1 pos=4,7 flags=3
party=2 HP=29/33,14/28 battle=0 battlers=0 outcome=0 PP=0,0 trial=1 donut-ability=0
persistent PP=4,0 status=0,0
growth level/xp/item=9/495/377,9/805/0 stats maxHP/attack,maxHP/magic=33/23,28/14 foesHP=0,0
support PP=0,0 Carl-defense=0 enemy-attack=0,0
party action uses=4,40 / 0,38
frame=2288 map=34.1 pos=4,7 flags=3
party=2 HP=29/33,14/28 battle=0 battlers=0 outcome=0 PP=0,0 trial=1 donut-ability=0
persistent PP=4,0 status=0,0
growth level/xp/item=9/495/377,9/805/0 stats maxHP/attack,maxHP/magic=33/23,28/14 foesHP=0,0
support PP=0,0 Carl-defense=0 enemy-attack=0,0
party action uses=4,40 / 0,38
frame=2289 map=34.1 pos=4,7 flags=3
party=2 HP=29/33,14/28 battle=0 battlers=0 outcome=0 PP=0,0 trial=1 donut-ability=0
persistent PP=4,0 status=0,0
growth level/xp/item=9/495/377,9/805/0 stats maxHP/attack,maxHP/magic=33/23,28/14 foesHP=0,0
support PP=0,0 Carl-defense=0 enemy-attack=0,0
party action uses=4,40 / 0,38
frame=2329 map=34.1 pos=4,7 flags=3
party=2 HP=29/33,14/28 battle=0 battlers=0 outcome=0 PP=0,0 trial=1 donut-ability=0
persistent PP=4,0 status=0,0
growth level/xp/item=9/495/377,9/805/0 stats maxHP/attack,maxHP/magic=33/23,28/14 foesHP=0,0
support PP=0,0 Carl-defense=0 enemy-attack=0,0
party action uses=4,40 / 0,38
frame=2329 map=34.1 pos=4,7 flags=3
party=2 HP=29/33,14/28 battle=0 battlers=0 outcome=0 PP=0,0 trial=1 donut-ability=0
persistent PP=4,0 status=0,0
growth level/xp/item=9/495/377,9/805/0 stats maxHP/attack,maxHP/magic=33/23,28/14 foesHP=0,0
support PP=0,0 Carl-defense=0 enemy-attack=0,0
party action uses=4,40 / 0,38
PASS expect 34 1 4 7 3
frame=2330 map=34.1 pos=4,7 flags=3
party=2 HP=29/33,14/28 battle=0 battlers=0 outcome=0 PP=0,0 trial=1 donut-ability=0
persistent PP=4,0 status=0,0
growth level/xp/item=9/495/377,9/805/0 stats maxHP/attack,maxHP/magic=33/23,28/14 foesHP=0,0
support PP=0,0 Carl-defense=0 enemy-attack=0,0
party action uses=4,40 / 0,38
frame=2730 map=34.1 pos=4,7 flags=3
party=2 HP=29/33,14/28 battle=0 battlers=0 outcome=0 PP=0,0 trial=1 donut-ability=0
persistent PP=4,0 status=0,0
growth level/xp/item=9/495/377,9/805/0 stats maxHP/attack,maxHP/magic=33/23,28/14 foesHP=0,0
support PP=0,0 Carl-defense=0 enemy-attack=0,0
party action uses=4,40 / 0,38
frame=2731 map=34.1 pos=4,7 flags=3
party=2 HP=29/33,14/28 battle=0 battlers=0 outcome=0 PP=0,0 trial=1 donut-ability=0
persistent PP=4,0 status=0,0
growth level/xp/item=9/495/377,9/805/0 stats maxHP/attack,maxHP/magic=33/23,28/14 foesHP=0,0
support PP=0,0 Carl-defense=0 enemy-attack=0,0
party action uses=4,40 / 0,38
frame=3131 map=34.1 pos=4,7 flags=3
party=2 HP=29/33,14/28 battle=0 battlers=0 outcome=0 PP=0,0 trial=1 donut-ability=0
persistent PP=4,0 status=0,0
growth level/xp/item=9/495/377,9/805/0 stats maxHP/attack,maxHP/magic=33/23,28/14 foesHP=0,0
support PP=0,0 Carl-defense=0 enemy-attack=0,0
party action uses=4,40 / 0,38
frame=3132 map=34.1 pos=4,7 flags=3
party=2 HP=29/33,14/28 battle=0 battlers=0 outcome=0 PP=0,0 trial=1 donut-ability=0
persistent PP=4,0 status=0,0
growth level/xp/item=9/495/377,9/805/0 stats maxHP/attack,maxHP/magic=33/23,28/14 foesHP=0,0
support PP=0,0 Carl-defense=0 enemy-attack=0,0
party action uses=4,40 / 0,38
frame=3532 map=34.1 pos=4,7 flags=7
party=2 HP=33/33,28/28 battle=0 battlers=0 outcome=0 PP=0,0 trial=1 donut-ability=0
persistent PP=8,2 status=0,0
growth level/xp/item=9/495/377,9/805/0 stats maxHP/attack,maxHP/magic=33/23,28/14 foesHP=0,0
support PP=0,0 Carl-defense=0 enemy-attack=0,0
party action uses=8,40 / 2,40
frame=3532 map=34.1 pos=4,7 flags=7
party=2 HP=33/33,28/28 battle=0 battlers=0 outcome=0 PP=0,0 trial=1 donut-ability=0
persistent PP=8,2 status=0,0
PASS roster 33 28 8 2 0 0
growth level/xp/item=9/495/377,9/805/0 stats maxHP/attack,maxHP/magic=33/23,28/14 foesHP=0,0
support PP=0,0 Carl-defense=0 enemy-attack=0,0
party action uses=8,40 / 2,40
frame=3532 map=34.1 pos=4,7 flags=7
party=2 HP=33/33,28/28 battle=0 battlers=0 outcome=0 PP=0,0 trial=1 donut-ability=0
persistent PP=8,2 status=0,0
growth level/xp/item=9/495/377,9/805/0 stats maxHP/attack,maxHP/magic=33/23,28/14 foesHP=0,0
support PP=0,0 Carl-defense=0 enemy-attack=0,0
party action uses=8,40 / 2,40
PASS uses 8 40 2 40
frame=3532 map=34.1 pos=4,7 flags=7
party=2 HP=33/33,28/28 battle=0 battlers=0 outcome=0 PP=0,0 trial=1 donut-ability=0
persistent PP=8,2 status=0,0
growth level/xp/item=9/495/377,9/805/0 stats maxHP/attack,maxHP/magic=33/23,28/14 foesHP=0,0
PASS growth 9 495 377 9 805 0
support PP=0,0 Carl-defense=0 enemy-attack=0,0
party action uses=8,40 / 2,40
frame=3533 map=34.1 pos=4,7 flags=7
party=2 HP=33/33,28/28 battle=0 battlers=0 outcome=0 PP=0,0 trial=1 donut-ability=0
persistent PP=8,2 status=0,0
growth level/xp/item=9/495/377,9/805/0 stats maxHP/attack,maxHP/magic=33/23,28/14 foesHP=0,0
support PP=0,0 Carl-defense=0 enemy-attack=0,0
party action uses=8,40 / 2,40
frame=3933 map=34.1 pos=4,7 flags=7
party=2 HP=33/33,28/28 battle=0 battlers=0 outcome=0 PP=0,0 trial=1 donut-ability=0
persistent PP=8,2 status=0,0
growth level/xp/item=9/495/377,9/805/0 stats maxHP/attack,maxHP/magic=33/23,28/14 foesHP=0,0
support PP=0,0 Carl-defense=0 enemy-attack=0,0
party action uses=8,40 / 2,40
frame=3934 map=34.1 pos=4,7 flags=7
party=2 HP=33/33,28/28 battle=0 battlers=0 outcome=0 PP=0,0 trial=1 donut-ability=0
persistent PP=8,2 status=0,0
growth level/xp/item=9/495/377,9/805/0 stats maxHP/attack,maxHP/magic=33/23,28/14 foesHP=0,0
support PP=0,0 Carl-defense=0 enemy-attack=0,0
party action uses=8,40 / 2,40
frame=4334 map=34.1 pos=4,7 flags=7
party=2 HP=33/33,28/28 battle=0 battlers=0 outcome=0 PP=0,0 trial=1 donut-ability=0
persistent PP=8,2 status=0,0
growth level/xp/item=9/495/377,9/805/0 stats maxHP/attack,maxHP/magic=33/23,28/14 foesHP=0,0
support PP=0,0 Carl-defense=0 enemy-attack=0,0
party action uses=8,40 / 2,40
frame=4335 map=34.1 pos=4,7 flags=7
party=2 HP=33/33,28/28 battle=0 battlers=0 outcome=0 PP=0,0 trial=1 donut-ability=0
persistent PP=8,2 status=0,0
growth level/xp/item=9/495/377,9/805/0 stats maxHP/attack,maxHP/magic=33/23,28/14 foesHP=0,0
support PP=0,0 Carl-defense=0 enemy-attack=0,0
party action uses=8,40 / 2,40
frame=4455 map=34.1 pos=4,7 flags=7
party=2 HP=33/33,28/28 battle=0 battlers=0 outcome=0 PP=0,0 trial=1 donut-ability=0
persistent PP=8,2 status=0,0
growth level/xp/item=9/495/377,9/805/0 stats maxHP/attack,maxHP/magic=33/23,28/14 foesHP=0,0
support PP=0,0 Carl-defense=0 enemy-attack=0,0
party action uses=8,40 / 2,40
frame=4456 map=34.1 pos=4,7 flags=7
party=2 HP=33/33,28/28 battle=0 battlers=0 outcome=0 PP=0,0 trial=1 donut-ability=0
persistent PP=8,2 status=0,0
growth level/xp/item=9/495/377,9/805/0 stats maxHP/attack,maxHP/magic=33/23,28/14 foesHP=0,0
support PP=0,0 Carl-defense=0 enemy-attack=0,0
party action uses=8,40 / 2,40
frame=4576 map=34.1 pos=4,7 flags=7
party=2 HP=33/33,28/28 battle=0 battlers=0 outcome=0 PP=0,0 trial=1 donut-ability=0
persistent PP=8,2 status=0,0
growth level/xp/item=9/495/377,9/805/0 stats maxHP/attack,maxHP/magic=33/23,28/14 foesHP=0,0
support PP=0,0 Carl-defense=0 enemy-attack=0,0
party action uses=8,40 / 2,40
frame=4577 map=34.1 pos=4,7 flags=7
party=2 HP=33/33,28/28 battle=0 battlers=0 outcome=0 PP=0,0 trial=1 donut-ability=0
persistent PP=8,2 status=0,0
growth level/xp/item=9/495/377,9/805/0 stats maxHP/attack,maxHP/magic=33/23,28/14 foesHP=0,0
support PP=0,0 Carl-defense=0 enemy-attack=0,0
party action uses=8,40 / 2,40
frame=4757 map=34.1 pos=4,7 flags=7
party=2 HP=33/33,28/28 battle=0 battlers=0 outcome=0 PP=0,0 trial=1 donut-ability=0
persistent PP=8,2 status=0,0
growth level/xp/item=9/495/377,9/805/0 stats maxHP/attack,maxHP/magic=33/23,28/14 foesHP=0,0
support PP=0,0 Carl-defense=0 enemy-attack=0,0
party action uses=8,40 / 2,40
frame=4758 map=34.1 pos=4,7 flags=7
party=2 HP=33/33,28/28 battle=0 battlers=0 outcome=0 PP=0,0 trial=1 donut-ability=0
persistent PP=136,2 status=0,0
growth level/xp/item=9/1785069935/27423,9/805/0 stats maxHP/attack,maxHP/magic=33/23,28/14 foesHP=0,0
support PP=0,0 Carl-defense=0 enemy-attack=0,0
party action uses=136,40 / 2,40
frame=4878 map=34.1 pos=4,7 flags=7
party=2 HP=33/33,28/28 battle=0 battlers=0 outcome=0 PP=0,0 trial=1 donut-ability=0
persistent PP=8,2 status=0,0
growth level/xp/item=9/495/377,9/805/0 stats maxHP/attack,maxHP/magic=33/23,28/14 foesHP=0,0
support PP=0,0 Carl-defense=0 enemy-attack=0,0
party action uses=8,40 / 2,40
frame=4879 map=34.1 pos=4,7 flags=7
party=2 HP=33/33,28/28 battle=0 battlers=0 outcome=0 PP=0,0 trial=1 donut-ability=0
persistent PP=8,2 status=0,0
growth level/xp/item=9/495/377,9/805/0 stats maxHP/attack,maxHP/magic=33/23,28/14 foesHP=0,0
support PP=0,0 Carl-defense=0 enemy-attack=0,0
party action uses=8,40 / 2,40
frame=4919 map=34.1 pos=4,7 flags=7
party=2 HP=33/33,28/28 battle=0 battlers=0 outcome=0 PP=0,0 trial=1 donut-ability=0
persistent PP=8,2 status=0,0
growth level/xp/item=9/495/377,9/805/0 stats maxHP/attack,maxHP/magic=33/23,28/14 foesHP=0,0
support PP=0,0 Carl-defense=0 enemy-attack=0,0
party action uses=8,40 / 2,40
frame=4920 map=34.1 pos=4,7 flags=7
party=2 HP=33/33,28/28 battle=0 battlers=0 outcome=0 PP=0,0 trial=1 donut-ability=0
persistent PP=8,2 status=0,0
growth level/xp/item=9/495/377,9/805/0 stats maxHP/attack,maxHP/magic=33/23,28/14 foesHP=0,0
support PP=0,0 Carl-defense=0 enemy-attack=0,0
party action uses=8,40 / 2,40
frame=5040 map=34.1 pos=4,7 flags=7
party=2 HP=33/33,28/28 battle=0 battlers=0 outcome=0 PP=0,0 trial=1 donut-ability=0
persistent PP=8,2 status=0,0
growth level/xp/item=9/495/377,9/805/0 stats maxHP/attack,maxHP/magic=33/23,28/14 foesHP=0,0
support PP=0,0 Carl-defense=0 enemy-attack=0,0
party action uses=8,40 / 2,40
frame=5041 map=34.1 pos=4,7 flags=7
party=2 HP=33/33,28/28 battle=0 battlers=0 outcome=0 PP=0,0 trial=1 donut-ability=0
persistent PP=8,2 status=0,0
growth level/xp/item=9/495/377,9/805/0 stats maxHP/attack,maxHP/magic=33/23,28/14 foesHP=0,0
support PP=0,0 Carl-defense=0 enemy-attack=0,0
party action uses=8,40 / 2,40
frame=5081 map=34.1 pos=4,7 flags=7
party=2 HP=33/33,28/28 battle=0 battlers=0 outcome=0 PP=0,0 trial=1 donut-ability=0
persistent PP=8,2 status=0,0
growth level/xp/item=9/495/377,9/805/0 stats maxHP/attack,maxHP/magic=33/23,28/14 foesHP=0,0
support PP=0,0 Carl-defense=0 enemy-attack=0,0
party action uses=8,40 / 2,40
frame=5082 map=34.1 pos=4,7 flags=7
party=2 HP=33/33,28/28 battle=0 battlers=0 outcome=0 PP=0,0 trial=1 donut-ability=0
persistent PP=8,2 status=0,0
growth level/xp/item=9/495/0,9/805/0 stats maxHP/attack,maxHP/magic=33/23,28/14 foesHP=0,0
support PP=0,0 Carl-defense=0 enemy-attack=0,0
party action uses=8,40 / 2,40
frame=5262 map=34.1 pos=4,7 flags=7
party=2 HP=33/33,28/28 battle=0 battlers=0 outcome=0 PP=0,0 trial=1 donut-ability=0
persistent PP=8,2 status=0,0
growth level/xp/item=9/495/0,9/805/0 stats maxHP/attack,maxHP/magic=33/23,28/14 foesHP=0,0
support PP=0,0 Carl-defense=0 enemy-attack=0,0
party action uses=8,40 / 2,40
frame=5262 map=34.1 pos=4,7 flags=7
party=2 HP=33/33,28/28 battle=0 battlers=0 outcome=0 PP=0,0 trial=1 donut-ability=0
persistent PP=8,2 status=0,0
growth level/xp/item=9/495/0,9/805/0 stats maxHP/attack,maxHP/magic=33/23,28/14 foesHP=0,0
PASS growth 9 495 0 9 805 0
support PP=0,0 Carl-defense=0 enemy-attack=0,0
party action uses=8,40 / 2,40
frame=5262 map=34.1 pos=4,7 flags=7
party=2 HP=33/33,28/28 battle=0 battlers=0 outcome=0 PP=0,0 trial=1 donut-ability=0
persistent PP=8,2 status=0,0
growth level/xp/item=9/495/0,9/805/0 stats maxHP/attack,maxHP/magic=33/23,28/14 foesHP=0,0
PASS item 377 1
support PP=0,0 Carl-defense=0 enemy-attack=0,0
party action uses=8,40 / 2,40
frame=5262 map=34.1 pos=4,7 flags=7
party=2 HP=33/33,28/28 battle=0 battlers=0 outcome=0 PP=0,0 trial=1 donut-ability=0
persistent PP=8,2 status=0,0
growth level/xp/item=9/495/0,9/805/0 stats maxHP/attack,maxHP/magic=33/23,28/14 foesHP=0,0
PASS flag 35 1
support PP=0,0 Carl-defense=0 enemy-attack=0,0
party action uses=8,40 / 2,40
frame=5263 map=34.1 pos=4,7 flags=7
party=2 HP=33/33,28/28 battle=0 battlers=0 outcome=0 PP=0,0 trial=1 donut-ability=0
persistent PP=8,2 status=0,0
growth level/xp/item=9/495/0,9/805/0 stats maxHP/attack,maxHP/magic=33/23,28/14 foesHP=0,0
support PP=0,0 Carl-defense=0 enemy-attack=0,0
party action uses=8,40 / 2,40
frame=5443 map=34.1 pos=4,7 flags=7
party=2 HP=33/33,28/28 battle=0 battlers=0 outcome=0 PP=0,0 trial=1 donut-ability=0
persistent PP=8,2 status=0,0
growth level/xp/item=9/495/0,9/805/0 stats maxHP/attack,maxHP/magic=33/23,28/14 foesHP=0,0
support PP=0,0 Carl-defense=0 enemy-attack=0,0
party action uses=8,40 / 2,40
frame=5444 map=34.1 pos=4,7 flags=7
party=2 HP=33/33,28/28 battle=0 battlers=0 outcome=0 PP=0,0 trial=1 donut-ability=0
persistent PP=8,2 status=0,0
growth level/xp/item=9/495/0,9/805/0 stats maxHP/attack,maxHP/magic=33/23,28/14 foesHP=0,0
support PP=0,0 Carl-defense=0 enemy-attack=0,0
party action uses=8,40 / 2,40
frame=5624 map=34.1 pos=4,7 flags=7
party=2 HP=33/33,28/28 battle=0 battlers=0 outcome=0 PP=0,0 trial=1 donut-ability=0
persistent PP=8,2 status=0,0
growth level/xp/item=9/495/0,9/805/0 stats maxHP/attack,maxHP/magic=33/23,28/14 foesHP=0,0
support PP=0,0 Carl-defense=0 enemy-attack=0,0
party action uses=8,40 / 2,40
frame=5625 map=34.1 pos=4,7 flags=7
party=2 HP=33/33,28/28 battle=0 battlers=0 outcome=0 PP=0,0 trial=1 donut-ability=0
persistent PP=8,2 status=0,0
growth level/xp/item=9/495/0,9/805/0 stats maxHP/attack,maxHP/magic=33/23,28/14 foesHP=0,0
support PP=0,0 Carl-defense=0 enemy-attack=0,0
party action uses=8,40 / 2,40
frame=5805 map=34.1 pos=4,7 flags=7
party=2 HP=33/33,28/28 battle=0 battlers=0 outcome=0 PP=0,0 trial=1 donut-ability=0
persistent PP=8,2 status=0,0
growth level/xp/item=9/495/0,9/805/0 stats maxHP/attack,maxHP/magic=33/23,28/14 foesHP=0,0
support PP=0,0 Carl-defense=0 enemy-attack=0,0
party action uses=8,40 / 2,40
frame=5806 map=34.1 pos=4,7 flags=7
party=2 HP=33/33,28/28 battle=0 battlers=0 outcome=0 PP=0,0 trial=1 donut-ability=0
persistent PP=8,2 status=0,0
growth level/xp/item=9/495/0,9/805/0 stats maxHP/attack,maxHP/magic=33/23,28/14 foesHP=0,0
support PP=0,0 Carl-defense=0 enemy-attack=0,0
party action uses=8,40 / 2,40
frame=5986 map=34.1 pos=4,7 flags=7
party=2 HP=33/33,28/28 battle=0 battlers=0 outcome=0 PP=0,0 trial=1 donut-ability=0
persistent PP=8,2 status=0,0
growth level/xp/item=9/495/0,9/805/0 stats maxHP/attack,maxHP/magic=33/23,28/14 foesHP=0,0
support PP=0,0 Carl-defense=0 enemy-attack=0,0
party action uses=8,40 / 2,40
frame=5987 map=34.1 pos=4,7 flags=7
party=2 HP=33/33,28/28 battle=0 battlers=0 outcome=0 PP=0,0 trial=1 donut-ability=0
persistent PP=8,2 status=0,0
growth level/xp/item=9/495/0,9/805/0 stats maxHP/attack,maxHP/magic=33/23,28/14 foesHP=0,0
support PP=0,0 Carl-defense=0 enemy-attack=0,0
party action uses=8,40 / 2,40
frame=6107 map=34.1 pos=4,7 flags=7
party=2 HP=33/33,28/28 battle=0 battlers=0 outcome=0 PP=0,0 trial=1 donut-ability=0
persistent PP=8,2 status=0,0
growth level/xp/item=9/495/0,9/805/0 stats maxHP/attack,maxHP/magic=33/23,28/14 foesHP=0,0
support PP=0,0 Carl-defense=0 enemy-attack=0,0
party action uses=8,40 / 2,40
frame=6108 map=34.1 pos=4,7 flags=7
party=2 HP=33/33,28/28 battle=0 battlers=0 outcome=0 PP=0,0 trial=1 donut-ability=0
persistent PP=8,2 status=0,0
growth level/xp/item=9/495/0,9/805/0 stats maxHP/attack,maxHP/magic=33/23,28/14 foesHP=0,0
support PP=0,0 Carl-defense=0 enemy-attack=0,0
party action uses=8,40 / 2,40
frame=6128 map=34.1 pos=4,7 flags=7
party=2 HP=33/33,28/28 battle=0 battlers=0 outcome=0 PP=0,0 trial=1 donut-ability=0
persistent PP=8,2 status=0,0
growth level/xp/item=9/495/0,9/805/0 stats maxHP/attack,maxHP/magic=33/23,28/14 foesHP=0,0
support PP=0,0 Carl-defense=0 enemy-attack=0,0
party action uses=8,40 / 2,40
frame=6129 map=34.1 pos=4,7 flags=7
party=2 HP=33/33,28/28 battle=0 battlers=0 outcome=0 PP=0,0 trial=1 donut-ability=0
persistent PP=8,2 status=0,0
growth level/xp/item=9/495/0,9/805/0 stats maxHP/attack,maxHP/magic=33/23,28/14 foesHP=0,0
support PP=0,0 Carl-defense=0 enemy-attack=0,0
party action uses=8,40 / 2,40
frame=6309 map=34.1 pos=4,7 flags=7
party=2 HP=33/33,28/28 battle=0 battlers=0 outcome=0 PP=0,0 trial=1 donut-ability=0
persistent PP=8,2 status=0,0
growth level/xp/item=9/495/0,9/805/0 stats maxHP/attack,maxHP/magic=33/23,28/14 foesHP=0,0
support PP=0,0 Carl-defense=0 enemy-attack=0,0
party action uses=8,40 / 2,40
frame=6310 map=34.1 pos=4,7 flags=7
party=2 HP=33/33,28/28 battle=0 battlers=0 outcome=0 PP=0,0 trial=1 donut-ability=0
persistent PP=8,2 status=0,0
growth level/xp/item=9/495/0,9/805/0 stats maxHP/attack,maxHP/magic=33/23,28/14 foesHP=0,0
support PP=0,0 Carl-defense=0 enemy-attack=0,0
party action uses=8,40 / 2,40
frame=6430 map=34.1 pos=4,7 flags=7
party=2 HP=33/33,28/28 battle=0 battlers=0 outcome=0 PP=0,0 trial=1 donut-ability=0
persistent PP=8,2 status=0,0
growth level/xp/item=9/495/0,9/805/0 stats maxHP/attack,maxHP/magic=33/23,28/14 foesHP=0,0
support PP=0,0 Carl-defense=0 enemy-attack=0,0
party action uses=8,40 / 2,40
frame=6431 map=34.1 pos=4,7 flags=7
party=2 HP=33/33,28/28 battle=0 battlers=0 outcome=0 PP=0,0 trial=1 donut-ability=0
persistent PP=8,2 status=0,0
growth level/xp/item=9/495/0,9/805/0 stats maxHP/attack,maxHP/magic=33/23,28/14 foesHP=0,0
support PP=0,0 Carl-defense=0 enemy-attack=0,0
party action uses=8,40 / 2,40
frame=6471 map=34.1 pos=4,7 flags=7
party=2 HP=33/33,28/28 battle=0 battlers=0 outcome=0 PP=0,0 trial=1 donut-ability=0
persistent PP=8,2 status=0,0
growth level/xp/item=9/495/0,9/805/0 stats maxHP/attack,maxHP/magic=33/23,28/14 foesHP=0,0
support PP=0,0 Carl-defense=0 enemy-attack=0,0
party action uses=8,40 / 2,40
frame=6472 map=34.1 pos=4,7 flags=7
party=2 HP=33/33,28/28 battle=0 battlers=0 outcome=0 PP=0,0 trial=1 donut-ability=0
persistent PP=8,2 status=0,0
growth level/xp/item=9/495/0,9/805/0 stats maxHP/attack,maxHP/magic=33/23,28/14 foesHP=0,0
support PP=0,0 Carl-defense=0 enemy-attack=0,0
party action uses=8,40 / 2,40
frame=6652 map=34.1 pos=4,7 flags=7
party=2 HP=33/33,28/28 battle=0 battlers=0 outcome=0 PP=0,0 trial=1 donut-ability=0
persistent PP=8,2 status=0,0
growth level/xp/item=9/495/0,9/805/0 stats maxHP/attack,maxHP/magic=33/23,28/14 foesHP=0,0
support PP=0,0 Carl-defense=0 enemy-attack=0,0
party action uses=8,40 / 2,40
frame=6653 map=34.1 pos=4,7 flags=7
party=2 HP=33/33,28/28 battle=0 battlers=0 outcome=0 PP=0,0 trial=1 donut-ability=0
persistent PP=8,2 status=0,0
growth level/xp/item=9/495/377,9/805/0 stats maxHP/attack,maxHP/magic=33/23,28/14 foesHP=0,0
support PP=0,0 Carl-defense=0 enemy-attack=0,0
party action uses=8,40 / 2,40
frame=6833 map=34.1 pos=4,7 flags=7
party=2 HP=33/33,28/28 battle=0 battlers=0 outcome=0 PP=0,0 trial=1 donut-ability=0
persistent PP=8,2 status=0,0
growth level/xp/item=9/495/377,9/805/0 stats maxHP/attack,maxHP/magic=33/23,28/14 foesHP=0,0
support PP=0,0 Carl-defense=0 enemy-attack=0,0
party action uses=8,40 / 2,40
frame=6833 map=34.1 pos=4,7 flags=7
party=2 HP=33/33,28/28 battle=0 battlers=0 outcome=0 PP=0,0 trial=1 donut-ability=0
persistent PP=8,2 status=0,0
growth level/xp/item=9/495/377,9/805/0 stats maxHP/attack,maxHP/magic=33/23,28/14 foesHP=0,0
PASS growth 9 495 377 9 805 0
support PP=0,0 Carl-defense=0 enemy-attack=0,0
party action uses=8,40 / 2,40
frame=6833 map=34.1 pos=4,7 flags=7
party=2 HP=33/33,28/28 battle=0 battlers=0 outcome=0 PP=0,0 trial=1 donut-ability=0
persistent PP=8,2 status=0,0
growth level/xp/item=9/495/377,9/805/0 stats maxHP/attack,maxHP/magic=33/23,28/14 foesHP=0,0
PASS item 377 0
support PP=0,0 Carl-defense=0 enemy-attack=0,0
party action uses=8,40 / 2,40
frame=6834 map=34.1 pos=4,7 flags=7
party=2 HP=33/33,28/28 battle=0 battlers=0 outcome=0 PP=0,0 trial=1 donut-ability=0
persistent PP=8,2 status=0,0
growth level/xp/item=9/495/377,9/805/0 stats maxHP/attack,maxHP/magic=33/23,28/14 foesHP=0,0
support PP=0,0 Carl-defense=0 enemy-attack=0,0
party action uses=8,40 / 2,40
frame=7014 map=34.1 pos=4,7 flags=7
party=2 HP=33/33,28/28 battle=0 battlers=0 outcome=0 PP=0,0 trial=1 donut-ability=0
persistent PP=8,2 status=0,0
growth level/xp/item=9/495/377,9/805/0 stats maxHP/attack,maxHP/magic=33/23,28/14 foesHP=0,0
support PP=0,0 Carl-defense=0 enemy-attack=0,0
party action uses=8,40 / 2,40
frame=7015 map=34.1 pos=4,7 flags=7
party=2 HP=33/33,28/28 battle=0 battlers=0 outcome=0 PP=0,0 trial=1 donut-ability=0
persistent PP=8,2 status=0,0
growth level/xp/item=9/495/377,9/805/0 stats maxHP/attack,maxHP/magic=33/23,28/14 foesHP=0,0
support PP=0,0 Carl-defense=0 enemy-attack=0,0
party action uses=8,40 / 2,40
frame=7195 map=34.1 pos=4,7 flags=7
party=2 HP=33/33,28/28 battle=0 battlers=0 outcome=0 PP=0,0 trial=1 donut-ability=0
persistent PP=8,2 status=0,0
growth level/xp/item=9/495/377,9/805/0 stats maxHP/attack,maxHP/magic=33/23,28/14 foesHP=0,0
support PP=0,0 Carl-defense=0 enemy-attack=0,0
party action uses=8,40 / 2,40
frame=7196 map=34.1 pos=4,7 flags=7
party=2 HP=33/33,28/28 battle=0 battlers=0 outcome=0 PP=0,0 trial=1 donut-ability=0
persistent PP=8,2 status=0,0
growth level/xp/item=9/495/377,9/805/0 stats maxHP/attack,maxHP/magic=33/23,28/14 foesHP=0,0
support PP=0,0 Carl-defense=0 enemy-attack=0,0
party action uses=8,40 / 2,40
frame=7376 map=34.1 pos=4,7 flags=7
party=2 HP=33/33,28/28 battle=0 battlers=0 outcome=0 PP=0,0 trial=1 donut-ability=0
persistent PP=8,2 status=0,0
growth level/xp/item=9/495/377,9/805/0 stats maxHP/attack,maxHP/magic=33/23,28/14 foesHP=0,0
support PP=0,0 Carl-defense=0 enemy-attack=0,0
party action uses=8,40 / 2,40
frame=7377 map=34.1 pos=4,7 flags=7
party=2 HP=33/33,28/28 battle=0 battlers=0 outcome=0 PP=0,0 trial=1 donut-ability=0
persistent PP=8,2 status=0,0
growth level/xp/item=9/495/377,9/805/0 stats maxHP/attack,maxHP/magic=33/23,28/14 foesHP=0,0
support PP=0,0 Carl-defense=0 enemy-attack=0,0
party action uses=8,40 / 2,40
frame=7557 map=34.1 pos=4,7 flags=7
party=2 HP=33/33,28/28 battle=0 battlers=0 outcome=0 PP=0,0 trial=1 donut-ability=0
persistent PP=8,2 status=0,0
growth level/xp/item=9/495/377,9/805/0 stats maxHP/attack,maxHP/magic=33/23,28/14 foesHP=0,0
support PP=0,0 Carl-defense=0 enemy-attack=0,0
party action uses=8,40 / 2,40
frame=7557 map=34.1 pos=4,7 flags=7
party=2 HP=33/33,28/28 battle=0 battlers=0 outcome=0 PP=0,0 trial=1 donut-ability=0
persistent PP=8,2 status=0,0
growth level/xp/item=9/495/377,9/805/0 stats maxHP/attack,maxHP/magic=33/23,28/14 foesHP=0,0
support PP=0,0 Carl-defense=0 enemy-attack=0,0
party action uses=8,40 / 2,40
PASS expect 34 1 4 7 7
frame=7558 map=34.1 pos=4,7 flags=7
party=2 HP=33/33,28/28 battle=0 battlers=0 outcome=0 PP=0,0 trial=1 donut-ability=0
persistent PP=8,2 status=0,0
growth level/xp/item=9/495/377,9/805/0 stats maxHP/attack,maxHP/magic=33/23,28/14 foesHP=0,0
support PP=0,0 Carl-defense=0 enemy-attack=0,0
party action uses=8,40 / 2,40
frame=7678 map=34.1 pos=4,7 flags=7
party=2 HP=33/33,28/28 battle=0 battlers=0 outcome=0 PP=0,0 trial=1 donut-ability=0
persistent PP=8,2 status=0,0
growth level/xp/item=9/495/377,9/805/0 stats maxHP/attack,maxHP/magic=33/23,28/14 foesHP=0,0
support PP=0,0 Carl-defense=0 enemy-attack=0,0
party action uses=8,40 / 2,40
frame=7679 map=34.1 pos=4,7 flags=7
party=2 HP=33/33,28/28 battle=0 battlers=0 outcome=0 PP=0,0 trial=1 donut-ability=0
persistent PP=8,2 status=0,0
growth level/xp/item=9/495/377,9/805/0 stats maxHP/attack,maxHP/magic=33/23,28/14 foesHP=0,0
support PP=0,0 Carl-defense=0 enemy-attack=0,0
party action uses=8,40 / 2,40
frame=7699 map=34.1 pos=4,7 flags=7
party=2 HP=33/33,28/28 battle=0 battlers=0 outcome=0 PP=0,0 trial=1 donut-ability=0
persistent PP=8,2 status=0,0
growth level/xp/item=9/495/377,9/805/0 stats maxHP/attack,maxHP/magic=33/23,28/14 foesHP=0,0
support PP=0,0 Carl-defense=0 enemy-attack=0,0
party action uses=8,40 / 2,40
frame=7700 map=34.1 pos=4,7 flags=7
party=2 HP=33/33,28/28 battle=0 battlers=0 outcome=0 PP=0,0 trial=1 donut-ability=0
persistent PP=8,2 status=0,0
growth level/xp/item=9/495/377,9/805/0 stats maxHP/attack,maxHP/magic=33/23,28/14 foesHP=0,0
support PP=0,0 Carl-defense=0 enemy-attack=0,0
party action uses=8,40 / 2,40
frame=7860 map=34.1 pos=4,7 flags=7
party=2 HP=33/33,28/28 battle=0 battlers=0 outcome=0 PP=0,0 trial=1 donut-ability=0
persistent PP=8,2 status=0,0
growth level/xp/item=9/495/377,9/805/0 stats maxHP/attack,maxHP/magic=33/23,28/14 foesHP=0,0
support PP=0,0 Carl-defense=0 enemy-attack=0,0
party action uses=8,40 / 2,40
frame=7861 map=34.1 pos=4,7 flags=7
party=2 HP=33/33,28/28 battle=0 battlers=0 outcome=0 PP=0,0 trial=1 donut-ability=0
persistent PP=8,2 status=0,0
growth level/xp/item=9/495/377,9/805/0 stats maxHP/attack,maxHP/magic=33/23,28/14 foesHP=0,0
support PP=0,0 Carl-defense=0 enemy-attack=0,0
party action uses=8,40 / 2,40
frame=8041 map=34.1 pos=4,7 flags=7
party=2 HP=33/33,28/28 battle=0 battlers=0 outcome=0 PP=0,0 trial=1 donut-ability=0
persistent PP=8,2 status=0,0
growth level/xp/item=9/495/377,9/805/0 stats maxHP/attack,maxHP/magic=33/23,28/14 foesHP=0,0
support PP=0,0 Carl-defense=0 enemy-attack=0,0
party action uses=8,40 / 2,40
frame=8042 map=34.1 pos=4,7 flags=7
party=2 HP=33/33,28/28 battle=0 battlers=0 outcome=0 PP=0,0 trial=1 donut-ability=0
persistent PP=8,2 status=0,0
growth level/xp/item=9/495/377,9/805/0 stats maxHP/attack,maxHP/magic=33/23,28/14 foesHP=0,0
support PP=0,0 Carl-defense=0 enemy-attack=0,0
party action uses=8,40 / 2,40
frame=8642 map=34.1 pos=4,7 flags=7
party=2 HP=33/33,28/28 battle=0 battlers=0 outcome=0 PP=0,0 trial=1 donut-ability=0
persistent PP=8,2 status=0,0
growth level/xp/item=9/495/377,9/805/0 stats maxHP/attack,maxHP/magic=33/23,28/14 foesHP=0,0
support PP=0,0 Carl-defense=0 enemy-attack=0,0
party action uses=8,40 / 2,40
frame=8643 map=34.1 pos=4,7 flags=7
party=2 HP=33/33,28/28 battle=0 battlers=0 outcome=0 PP=0,0 trial=1 donut-ability=0
persistent PP=8,2 status=0,0
growth level/xp/item=9/495/377,9/805/0 stats maxHP/attack,maxHP/magic=33/23,28/14 foesHP=0,0
support PP=0,0 Carl-defense=0 enemy-attack=0,0
party action uses=8,40 / 2,40
frame=9243 map=34.1 pos=4,7 flags=7
party=2 HP=33/33,28/28 battle=0 battlers=0 outcome=0 PP=0,0 trial=1 donut-ability=0
persistent PP=8,2 status=0,0
growth level/xp/item=9/495/377,9/805/0 stats maxHP/attack,maxHP/magic=33/23,28/14 foesHP=0,0
support PP=0,0 Carl-defense=0 enemy-attack=0,0
party action uses=8,40 / 2,40
frame=9243 map=34.1 pos=4,7 flags=7
party=2 HP=33/33,28/28 battle=0 battlers=0 outcome=0 PP=0,0 trial=1 donut-ability=0
persistent PP=8,2 status=0,0
growth level/xp/item=9/495/377,9/805/0 stats maxHP/attack,maxHP/magic=33/23,28/14 foesHP=0,0
PASS growth 9 495 377 9 805 0
support PP=0,0 Carl-defense=0 enemy-attack=0,0
party action uses=8,40 / 2,40
frame=9243 map=34.1 pos=4,7 flags=7
party=2 HP=33/33,28/28 battle=0 battlers=0 outcome=0 PP=0,0 trial=1 donut-ability=0
persistent PP=8,2 status=0,0
PASS roster 33 28 8 2 0 0
growth level/xp/item=9/495/377,9/805/0 stats maxHP/attack,maxHP/magic=33/23,28/14 foesHP=0,0
support PP=0,0 Carl-defense=0 enemy-attack=0,0
party action uses=8,40 / 2,40
frame=9243 map=34.1 pos=4,7 flags=7
party=2 HP=33/33,28/28 battle=0 battlers=0 outcome=0 PP=0,0 trial=1 donut-ability=0
persistent PP=8,2 status=0,0
growth level/xp/item=9/495/377,9/805/0 stats maxHP/attack,maxHP/magic=33/23,28/14 foesHP=0,0
support PP=0,0 Carl-defense=0 enemy-attack=0,0
party action uses=8,40 / 2,40
PASS uses 8 40 2 40
result=0 assertions=20
