mGBA 0.10.5; 240x160; save=../defeat.sav; read-only RAM diagnostics
frame=720 map=34.1 pos=9,5 flags=3
party=2 HP=30/30,26/26 battle=0 battlers=0 outcome=0 PP=0,0 trial=0 donut-ability=0
persistent PP=8,2 status=0,0
growth level/xp/item=8/399/377,8/709/0 stats maxHP/attack,maxHP/magic=30/20,26/13 foesHP=0,0
support PP=0,0 Carl-defense=0 enemy-attack=0,0
party action uses=8,40 / 2,40
frame=721 map=34.1 pos=9,5 flags=3
party=2 HP=30/30,26/26 battle=0 battlers=0 outcome=0 PP=0,0 trial=0 donut-ability=0
persistent PP=8,2 status=0,0
growth level/xp/item=8/399/377,8/709/0 stats maxHP/attack,maxHP/magic=30/20,26/13 foesHP=0,0
support PP=0,0 Carl-defense=0 enemy-attack=0,0
party action uses=8,40 / 2,40
frame=1081 map=34.1 pos=9,5 flags=3
party=2 HP=30/30,26/26 battle=0 battlers=0 outcome=0 PP=0,0 trial=0 donut-ability=0
persistent PP=8,2 status=0,0
growth level/xp/item=8/399/377,8/709/0 stats maxHP/attack,maxHP/magic=30/20,26/13 foesHP=0,0
support PP=0,0 Carl-defense=0 enemy-attack=0,0
party action uses=8,40 / 2,40
frame=1082 map=34.1 pos=9,5 flags=3
party=2 HP=30/30,26/26 battle=0 battlers=0 outcome=0 PP=0,0 trial=0 donut-ability=0
persistent PP=8,2 status=0,0
growth level/xp/item=8/399/377,8/709/0 stats maxHP/attack,maxHP/magic=30/20,26/13 foesHP=0,0
support PP=0,0 Carl-defense=0 enemy-attack=0,0
party action uses=8,40 / 2,40
frame=1262 map=34.1 pos=9,5 flags=3
party=2 HP=30/30,26/26 battle=0 battlers=0 outcome=0 PP=0,0 trial=0 donut-ability=0
persistent PP=8,2 status=0,0
growth level/xp/item=8/399/377,8/709/0 stats maxHP/attack,maxHP/magic=30/20,26/13 foesHP=0,0
support PP=0,0 Carl-defense=0 enemy-attack=0,0
party action uses=8,40 / 2,40
frame=1263 map=34.1 pos=9,5 flags=3
party=2 HP=30/30,26/26 battle=0 battlers=0 outcome=0 PP=0,0 trial=0 donut-ability=0
persistent PP=8,2 status=0,0
growth level/xp/item=8/399/377,8/709/0 stats maxHP/attack,maxHP/magic=30/20,26/13 foesHP=0,0
support PP=0,0 Carl-defense=0 enemy-attack=0,0
party action uses=8,40 / 2,40
frame=1443 map=34.1 pos=9,5 flags=3
party=2 HP=30/30,26/26 battle=0 battlers=0 outcome=0 PP=0,0 trial=0 donut-ability=0
persistent PP=8,2 status=0,0
growth level/xp/item=8/399/377,8/709/0 stats maxHP/attack,maxHP/magic=30/20,26/13 foesHP=0,0
support PP=0,0 Carl-defense=0 enemy-attack=0,0
party action uses=8,40 / 2,40
frame=1444 map=34.1 pos=9,5 flags=3
party=2 HP=30/30,26/26 battle=0 battlers=0 outcome=0 PP=0,0 trial=0 donut-ability=0
persistent PP=8,2 status=0,0
growth level/xp/item=8/399/377,8/709/0 stats maxHP/attack,maxHP/magic=30/20,26/13 foesHP=0,0
support PP=0,0 Carl-defense=0 enemy-attack=0,0
party action uses=8,40 / 2,40
frame=2044 map=34.1 pos=9,5 flags=3
party=2 HP=30/30,26/26 battle=0 battlers=0 outcome=0 PP=0,0 trial=0 donut-ability=0
persistent PP=8,2 status=0,0
growth level/xp/item=8/399/377,8/709/0 stats maxHP/attack,maxHP/magic=30/20,26/13 foesHP=0,0
support PP=0,0 Carl-defense=0 enemy-attack=0,0
party action uses=8,40 / 2,40
frame=2044 map=34.1 pos=9,5 flags=3
party=2 HP=30/30,26/26 battle=0 battlers=0 outcome=0 PP=0,0 trial=0 donut-ability=0
persistent PP=8,2 status=0,0
growth level/xp/item=8/399/377,8/709/0 stats maxHP/attack,maxHP/magic=30/20,26/13 foesHP=0,0
support PP=0,0 Carl-defense=0 enemy-attack=0,0
party action uses=8,40 / 2,40
PASS expect 34 1 9 5 3
frame=2044 map=34.1 pos=9,5 flags=3
party=2 HP=30/30,26/26 battle=0 battlers=0 outcome=0 PP=0,0 trial=0 donut-ability=0
persistent PP=8,2 status=0,0
growth level/xp/item=8/399/377,8/709/0 stats maxHP/attack,maxHP/magic=30/20,26/13 foesHP=0,0
PASS growth 8 399 377 8 709 0
support PP=0,0 Carl-defense=0 enemy-attack=0,0
party action uses=8,40 / 2,40
frame=2044 map=34.1 pos=9,5 flags=3
party=2 HP=30/30,26/26 battle=0 battlers=0 outcome=0 PP=0,0 trial=0 donut-ability=0
persistent PP=8,2 status=0,0
PASS roster 30 26 8 2 0 0
growth level/xp/item=8/399/377,8/709/0 stats maxHP/attack,maxHP/magic=30/20,26/13 foesHP=0,0
support PP=0,0 Carl-defense=0 enemy-attack=0,0
party action uses=8,40 / 2,40
frame=2044 map=34.1 pos=9,5 flags=3
party=2 HP=30/30,26/26 battle=0 battlers=0 outcome=0 PP=0,0 trial=0 donut-ability=0
persistent PP=8,2 status=0,0
growth level/xp/item=8/399/377,8/709/0 stats maxHP/attack,maxHP/magic=30/20,26/13 foesHP=0,0
support PP=0,0 Carl-defense=0 enemy-attack=0,0
party action uses=8,40 / 2,40
PASS uses 8 40 2 40
frame=2044 map=34.1 pos=9,5 flags=3
party=2 HP=30/30,26/26 battle=0 battlers=0 outcome=0 PP=0,0 trial=0 donut-ability=0
persistent PP=8,2 status=0,0
growth level/xp/item=8/399/377,8/709/0 stats maxHP/attack,maxHP/magic=30/20,26/13 foesHP=0,0
PASS item 377 0
support PP=0,0 Carl-defense=0 enemy-attack=0,0
party action uses=8,40 / 2,40
frame=2044 map=34.1 pos=9,5 flags=3
party=2 HP=30/30,26/26 battle=0 battlers=0 outcome=0 PP=0,0 trial=0 donut-ability=0
persistent PP=8,2 status=0,0
growth level/xp/item=8/399/377,8/709/0 stats maxHP/attack,maxHP/magic=30/20,26/13 foesHP=0,0
PASS flag 35 1
support PP=0,0 Carl-defense=0 enemy-attack=0,0
party action uses=8,40 / 2,40
frame=2044 map=34.1 pos=9,5 flags=3
party=2 HP=30/30,26/26 battle=0 battlers=0 outcome=0 PP=0,0 trial=0 donut-ability=0
persistent PP=8,2 status=0,0
growth level/xp/item=8/399/377,8/709/0 stats maxHP/attack,maxHP/magic=30/20,26/13 foesHP=0,0
PASS flag 2135 0
support PP=0,0 Carl-defense=0 enemy-attack=0,0
party action uses=8,40 / 2,40
frame=2045 map=34.1 pos=9,5 flags=3
party=2 HP=30/30,26/26 battle=0 battlers=0 outcome=0 PP=0,0 trial=0 donut-ability=0
persistent PP=8,2 status=0,0
growth level/xp/item=8/399/377,8/709/0 stats maxHP/attack,maxHP/magic=30/20,26/13 foesHP=0,0
support PP=0,0 Carl-defense=0 enemy-attack=0,0
party action uses=8,40 / 2,40
frame=2445 map=34.1 pos=9,5 flags=3
party=2 HP=30/30,26/26 battle=0 battlers=0 outcome=0 PP=0,0 trial=0 donut-ability=0
persistent PP=8,2 status=0,0
growth level/xp/item=8/399/377,8/709/0 stats maxHP/attack,maxHP/magic=30/20,26/13 foesHP=0,0
support PP=0,0 Carl-defense=0 enemy-attack=0,0
party action uses=8,40 / 2,40
frame=2446 map=34.1 pos=9,5 flags=3
party=2 HP=30/30,26/26 battle=0 battlers=0 outcome=0 PP=0,0 trial=0 donut-ability=0
persistent PP=8,2 status=0,0
growth level/xp/item=8/399/377,8/709/0 stats maxHP/attack,maxHP/magic=30/20,26/13 foesHP=0,0
support PP=0,0 Carl-defense=0 enemy-attack=0,0
party action uses=8,40 / 2,40
frame=2846 map=34.1 pos=9,5 flags=3
party=2 HP=30/30,26/26 battle=0 battlers=0 outcome=0 PP=0,0 trial=0 donut-ability=0
persistent PP=8,2 status=0,0
growth level/xp/item=8/399/377,8/709/0 stats maxHP/attack,maxHP/magic=30/20,26/13 foesHP=0,0
support PP=0,0 Carl-defense=0 enemy-attack=0,0
party action uses=8,40 / 2,40
frame=2847 map=34.1 pos=9,5 flags=3
party=2 HP=30/30,26/26 battle=0 battlers=0 outcome=0 PP=0,0 trial=0 donut-ability=0
persistent PP=8,2 status=0,0
growth level/xp/item=8/399/377,8/709/0 stats maxHP/attack,maxHP/magic=30/20,26/13 foesHP=0,0
support PP=0,0 Carl-defense=0 enemy-attack=0,0
party action uses=8,40 / 2,40
frame=3747 map=34.1 pos=9,5 flags=3
party=2 HP=30/30,26/26 battle=1 battlers=4 outcome=0 PP=8,2 trial=0 donut-ability=0
persistent PP=8,2 status=0,0
growth level/xp/item=8/399/377,8/709/0 stats maxHP/attack,maxHP/magic=30/20,26/13 foesHP=24,25
support PP=40,40 Carl-defense=6 enemy-attack=6,6
party action uses=8,40 / 2,40
frame=3747 map=34.1 pos=9,5 flags=3
party=2 HP=30/30,26/26 battle=1 battlers=4 outcome=0 PP=8,2 trial=0 donut-ability=0
persistent PP=8,2 status=0,0
growth level/xp/item=8/399/377,8/709/0 stats maxHP/attack,maxHP/magic=30/20,26/13 foesHP=24,25
support PP=40,40 Carl-defense=6 enemy-attack=6,6
party action uses=8,40 / 2,40
PASS battle 1 4 0 8 2 0 0
frame=3747 map=34.1 pos=9,5 flags=3
party=2 HP=30/30,26/26 battle=1 battlers=4 outcome=0 PP=8,2 trial=0 donut-ability=0
persistent PP=8,2 status=0,0
growth level/xp/item=8/399/377,8/709/0 stats maxHP/attack,maxHP/magic=30/20,26/13 foesHP=24,25
PASS growth 8 399 377 8 709 0
support PP=40,40 Carl-defense=6 enemy-attack=6,6
party action uses=8,40 / 2,40
result=0 assertions=9
