mGBA 0.10.5; 240x160; save=/workspace/scratch/c01a-action-hints-r3-20261010/baseline/game.sav; read-only RAM diagnostics
frame=720 map=35.3 pos=8,7 flags=7
party=2 HP=38/38,30/30 battle=0 battlers=0 outcome=0 PP=0,0 trial=1 donut-ability=0
persistent PP=8,2 status=0,0
growth level/xp/item=11/748/0,10/1058/0 stats maxHP/attack,maxHP/magic=38/26,30/15 foesHP=0,0
pattern trainer=0 turn=0 foePP=0,0 foeAtkDef=0,0 CarlAtk=0 foeLevel=0
support PP=0,0 Carl-defense=0 enemy-attack=0,0
party action uses=8,40 / 2,40
frame=721 map=35.3 pos=8,7 flags=7
party=2 HP=38/38,30/30 battle=0 battlers=0 outcome=0 PP=0,0 trial=1 donut-ability=0
persistent PP=8,2 status=0,0
growth level/xp/item=11/748/0,10/1058/0 stats maxHP/attack,maxHP/magic=38/26,30/15 foesHP=0,0
pattern trainer=0 turn=0 foePP=0,0 foeAtkDef=0,0 CarlAtk=0 foeLevel=0
support PP=0,0 Carl-defense=0 enemy-attack=0,0
party action uses=8,40 / 2,40
frame=1081 map=35.3 pos=8,7 flags=7
party=2 HP=38/38,30/30 battle=0 battlers=0 outcome=0 PP=0,0 trial=1 donut-ability=0
persistent PP=8,2 status=0,0
growth level/xp/item=11/748/0,10/1058/0 stats maxHP/attack,maxHP/magic=38/26,30/15 foesHP=0,0
pattern trainer=0 turn=0 foePP=0,0 foeAtkDef=0,0 CarlAtk=0 foeLevel=0
support PP=0,0 Carl-defense=0 enemy-attack=0,0
party action uses=8,40 / 2,40
frame=1082 map=35.3 pos=8,7 flags=7
party=2 HP=38/38,30/30 battle=0 battlers=0 outcome=0 PP=0,0 trial=1 donut-ability=0
persistent PP=8,2 status=0,0
growth level/xp/item=11/748/0,10/1058/0 stats maxHP/attack,maxHP/magic=38/26,30/15 foesHP=0,0
pattern trainer=0 turn=0 foePP=0,0 foeAtkDef=0,0 CarlAtk=0 foeLevel=0
support PP=0,0 Carl-defense=0 enemy-attack=0,0
party action uses=8,40 / 2,40
frame=1262 map=35.3 pos=8,7 flags=7
party=2 HP=38/38,30/30 battle=0 battlers=0 outcome=0 PP=0,0 trial=1 donut-ability=0
persistent PP=8,2 status=0,0
growth level/xp/item=11/748/0,10/1058/0 stats maxHP/attack,maxHP/magic=38/26,30/15 foesHP=0,0
pattern trainer=0 turn=0 foePP=0,0 foeAtkDef=0,0 CarlAtk=0 foeLevel=0
support PP=0,0 Carl-defense=0 enemy-attack=0,0
party action uses=8,40 / 2,40
frame=1263 map=35.3 pos=8,7 flags=7
party=2 HP=38/38,30/30 battle=0 battlers=0 outcome=0 PP=0,0 trial=1 donut-ability=0
persistent PP=8,2 status=0,0
growth level/xp/item=11/748/0,10/1058/0 stats maxHP/attack,maxHP/magic=38/26,30/15 foesHP=0,0
pattern trainer=0 turn=0 foePP=0,0 foeAtkDef=0,0 CarlAtk=0 foeLevel=0
support PP=0,0 Carl-defense=0 enemy-attack=0,0
party action uses=8,40 / 2,40
frame=1443 map=35.3 pos=8,7 flags=7
party=2 HP=38/38,30/30 battle=0 battlers=0 outcome=0 PP=0,0 trial=1 donut-ability=0
persistent PP=8,2 status=0,0
growth level/xp/item=11/748/0,10/1058/0 stats maxHP/attack,maxHP/magic=38/26,30/15 foesHP=0,0
pattern trainer=0 turn=0 foePP=0,0 foeAtkDef=0,0 CarlAtk=0 foeLevel=0
support PP=0,0 Carl-defense=0 enemy-attack=0,0
party action uses=8,40 / 2,40
frame=1444 map=35.3 pos=8,7 flags=7
party=2 HP=38/38,30/30 battle=0 battlers=0 outcome=0 PP=0,0 trial=1 donut-ability=0
persistent PP=8,2 status=0,0
growth level/xp/item=11/748/0,10/1058/0 stats maxHP/attack,maxHP/magic=38/26,30/15 foesHP=0,0
pattern trainer=0 turn=0 foePP=0,0 foeAtkDef=0,0 CarlAtk=0 foeLevel=0
support PP=0,0 Carl-defense=0 enemy-attack=0,0
party action uses=8,40 / 2,40
frame=2044 map=35.3 pos=8,7 flags=7
party=2 HP=38/38,30/30 battle=0 battlers=0 outcome=0 PP=0,0 trial=1 donut-ability=0
persistent PP=8,2 status=0,0
growth level/xp/item=11/748/0,10/1058/0 stats maxHP/attack,maxHP/magic=38/26,30/15 foesHP=0,0
pattern trainer=0 turn=0 foePP=0,0 foeAtkDef=0,0 CarlAtk=0 foeLevel=0
support PP=0,0 Carl-defense=0 enemy-attack=0,0
party action uses=8,40 / 2,40
PASS ready
PASS retained ordinary input exact600 party/count300 flags1272 logical resources/counter; native field ready
frame=2044 map=35.3 pos=8,7 flags=7
party=2 HP=38/38,30/30 battle=0 battlers=0 outcome=0 PP=0,0 trial=1 donut-ability=0
persistent PP=8,2 status=0,0
growth level/xp/item=11/748/0,10/1058/0 stats maxHP/attack,maxHP/magic=38/26,30/15 foesHP=0,0
pattern trainer=0 turn=0 foePP=0,0 foeAtkDef=0,0 CarlAtk=0 foeLevel=0
support PP=0,0 Carl-defense=0 enemy-attack=0,0
party action uses=8,40 / 2,40
PASS expect 35 3 8 7 7
PASS levels 11 10
frame=2044 map=35.3 pos=8,7 flags=7
party=2 HP=38/38,30/30 battle=0 battlers=0 outcome=0 PP=0,0 trial=1 donut-ability=0
persistent PP=8,2 status=0,0
growth level/xp/item=11/748/0,10/1058/0 stats maxHP/attack,maxHP/magic=38/26,30/15 foesHP=0,0
pattern trainer=0 turn=0 foePP=0,0 foeAtkDef=0,0 CarlAtk=0 foeLevel=0
support PP=0,0 Carl-defense=0 enemy-attack=0,0
party action uses=8,40 / 2,40
PASS duo healthy
frame=2044 map=35.3 pos=8,7 flags=7
party=2 HP=38/38,30/30 battle=0 battlers=0 outcome=0 PP=0,0 trial=1 donut-ability=0
persistent PP=8,2 status=0,0
growth level/xp/item=11/748/0,10/1058/0 stats maxHP/attack,maxHP/magic=38/26,30/15 foesHP=0,0
pattern trainer=0 turn=0 foePP=0,0 foeAtkDef=0,0 CarlAtk=0 foeLevel=0
support PP=0,0 Carl-defense=0 enemy-attack=0,0
party action uses=8,40 / 2,40
PASS uses 8 40 2 40
frame=2044 map=35.3 pos=8,7 flags=7
party=2 HP=38/38,30/30 battle=0 battlers=0 outcome=0 PP=0,0 trial=1 donut-ability=0
persistent PP=8,2 status=0,0
growth level/xp/item=11/748/0,10/1058/0 stats maxHP/attack,maxHP/magic=38/26,30/15 foesHP=0,0
PASS item 13 1
pattern trainer=0 turn=0 foePP=0,0 foeAtkDef=0,0 CarlAtk=0 foeLevel=0
support PP=0,0 Carl-defense=0 enemy-attack=0,0
party action uses=8,40 / 2,40
frame=2044 map=35.3 pos=8,7 flags=7
party=2 HP=38/38,30/30 battle=0 battlers=0 outcome=0 PP=0,0 trial=1 donut-ability=0
persistent PP=8,2 status=0,0
growth level/xp/item=11/748/0,10/1058/0 stats maxHP/attack,maxHP/magic=38/26,30/15 foesHP=0,0
PASS item 378 2
pattern trainer=0 turn=0 foePP=0,0 foeAtkDef=0,0 CarlAtk=0 foeLevel=0
support PP=0,0 Carl-defense=0 enemy-attack=0,0
party action uses=8,40 / 2,40
frame=2044 map=35.3 pos=8,7 flags=7
party=2 HP=38/38,30/30 battle=0 battlers=0 outcome=0 PP=0,0 trial=1 donut-ability=0
persistent PP=8,2 status=0,0
growth level/xp/item=11/748/0,10/1058/0 stats maxHP/attack,maxHP/magic=38/26,30/15 foesHP=0,0
PASS flag 47 0
pattern trainer=0 turn=0 foePP=0,0 foeAtkDef=0,0 CarlAtk=0 foeLevel=0
support PP=0,0 Carl-defense=0 enemy-attack=0,0
party action uses=8,40 / 2,40
frame=2045 map=35.3 pos=8,7 flags=7
party=2 HP=38/38,30/30 battle=0 battlers=0 outcome=0 PP=0,0 trial=1 donut-ability=0
persistent PP=8,2 status=0,0
growth level/xp/item=11/748/0,10/1058/0 stats maxHP/attack,maxHP/magic=38/26,30/15 foesHP=0,0
pattern trainer=0 turn=0 foePP=0,0 foeAtkDef=0,0 CarlAtk=0 foeLevel=0
support PP=0,0 Carl-defense=0 enemy-attack=0,0
party action uses=8,40 / 2,40
frame=2085 map=35.3 pos=8,7 flags=7
party=2 HP=38/38,30/30 battle=0 battlers=0 outcome=0 PP=0,0 trial=1 donut-ability=0
persistent PP=8,2 status=0,0
growth level/xp/item=11/748/0,10/1058/0 stats maxHP/attack,maxHP/magic=38/26,30/15 foesHP=0,0
pattern trainer=0 turn=0 foePP=0,0 foeAtkDef=0,0 CarlAtk=0 foeLevel=0
support PP=0,0 Carl-defense=0 enemy-attack=0,0
party action uses=8,40 / 2,40
engage completed frames=1264
frame=4549 map=35.3 pos=8,7 flags=7
party=2 HP=38/38,30/30 battle=1 battlers=4 outcome=0 PP=8,2 trial=1 donut-ability=0
persistent PP=8,2 status=0,0
growth level/xp/item=11/748/0,10/1058/0 stats maxHP/attack,maxHP/magic=38/26,30/15 foesHP=42,30
pattern trainer=858 turn=0 foePP=40,40 foeAtkDef=6,6 CarlAtk=6 foeLevel=12
support PP=40,40 Carl-defense=6 enemy-attack=6,6
party action uses=8,40 / 2,40
UI_READY action actor=0 visual=3169 waited=664
frame=5214 map=35.3 pos=8,7 flags=7
party=2 HP=38/38,30/30 battle=1 battlers=4 outcome=0 PP=8,2 trial=1 donut-ability=0
persistent PP=8,2 status=0,0
growth level/xp/item=11/748/0,10/1058/0 stats maxHP/attack,maxHP/magic=38/26,30/15 foesHP=42,30
pattern trainer=858 turn=0 foePP=40,40 foeAtkDef=6,6 CarlAtk=6 foeLevel=12
support PP=40,40 Carl-defense=6 enemy-attack=6,6
party action uses=8,40 / 2,40
frame=5238 map=35.3 pos=8,7 flags=7
party=2 HP=38/38,30/30 battle=1 battlers=4 outcome=0 PP=8,2 trial=1 donut-ability=0
persistent PP=8,2 status=0,0
growth level/xp/item=11/748/0,10/1058/0 stats maxHP/attack,maxHP/magic=38/26,30/15 foesHP=42,30
pattern trainer=858 turn=0 foePP=40,40 foeAtkDef=6,6 CarlAtk=6 foeLevel=12
support PP=40,40 Carl-defense=6 enemy-attack=6,6
party action uses=8,40 / 2,40
UI_READY move actor=0 visual=3194 waited=0
UI_MOVE actor=0 cursor=0 pp=8 frame=3194
frame=5262 map=35.3 pos=8,7 flags=7
party=2 HP=38/38,30/30 battle=1 battlers=4 outcome=0 PP=8,2 trial=1 donut-ability=0
persistent PP=8,2 status=0,0
growth level/xp/item=11/748/0,10/1058/0 stats maxHP/attack,maxHP/magic=38/26,30/15 foesHP=42,30
pattern trainer=858 turn=0 foePP=40,40 foeAtkDef=6,6 CarlAtk=6 foeLevel=12
support PP=40,40 Carl-defense=6 enemy-attack=6,6
party action uses=8,40 / 2,40
frame=5263 map=35.3 pos=8,7 flags=7
party=2 HP=38/38,30/30 battle=1 battlers=4 outcome=0 PP=8,2 trial=1 donut-ability=0
persistent PP=8,2 status=0,0
growth level/xp/item=11/748/0,10/1058/0 stats maxHP/attack,maxHP/magic=38/26,30/15 foesHP=42,30
pattern trainer=858 turn=0 foePP=40,40 foeAtkDef=6,6 CarlAtk=6 foeLevel=12
support PP=40,40 Carl-defense=6 enemy-attack=6,6
party action uses=8,40 / 2,40
frame=5287 map=35.3 pos=8,7 flags=7
party=2 HP=38/38,30/30 battle=1 battlers=4 outcome=0 PP=8,2 trial=1 donut-ability=0
persistent PP=8,2 status=0,0
growth level/xp/item=11/748/0,10/1058/0 stats maxHP/attack,maxHP/magic=38/26,30/15 foesHP=42,30
pattern trainer=858 turn=0 foePP=40,40 foeAtkDef=6,6 CarlAtk=6 foeLevel=12
support PP=40,40 Carl-defense=6 enemy-attack=6,6
party action uses=8,40 / 2,40
UI_READY target actor=0 visual=3243 waited=0
frame=5311 map=35.3 pos=8,7 flags=7
party=2 HP=38/38,30/30 battle=1 battlers=4 outcome=0 PP=8,2 trial=1 donut-ability=0
persistent PP=8,2 status=0,0
growth level/xp/item=11/748/0,10/1058/0 stats maxHP/attack,maxHP/magic=38/26,30/15 foesHP=42,30
pattern trainer=858 turn=0 foePP=40,40 foeAtkDef=6,6 CarlAtk=6 foeLevel=12
support PP=40,40 Carl-defense=6 enemy-attack=6,6
party action uses=8,40 / 2,40
frame=5312 map=35.3 pos=8,7 flags=7
party=2 HP=38/38,30/30 battle=1 battlers=4 outcome=0 PP=8,2 trial=1 donut-ability=0
persistent PP=8,2 status=0,0
growth level/xp/item=11/748/0,10/1058/0 stats maxHP/attack,maxHP/magic=38/26,30/15 foesHP=42,30
pattern trainer=858 turn=0 foePP=40,40 foeAtkDef=6,6 CarlAtk=6 foeLevel=12
support PP=40,40 Carl-defense=6 enemy-attack=6,6
party action uses=8,40 / 2,40
frame=5336 map=35.3 pos=8,7 flags=7
party=2 HP=38/38,30/30 battle=1 battlers=4 outcome=0 PP=8,2 trial=1 donut-ability=0
persistent PP=8,2 status=0,0
growth level/xp/item=11/748/0,10/1058/0 stats maxHP/attack,maxHP/magic=38/26,30/15 foesHP=42,30
pattern trainer=858 turn=0 foePP=40,40 foeAtkDef=6,6 CarlAtk=6 foeLevel=12
support PP=40,40 Carl-defense=6 enemy-attack=6,6
party action uses=8,40 / 2,40
UI_READY move actor=0 visual=3292 waited=0
UI_MOVE actor=0 cursor=0 pp=8 frame=3292
frame=5337 map=35.3 pos=8,7 flags=7
party=2 HP=38/38,30/30 battle=1 battlers=4 outcome=0 PP=8,2 trial=1 donut-ability=0
persistent PP=8,2 status=0,0
growth level/xp/item=11/748/0,10/1058/0 stats maxHP/attack,maxHP/magic=38/26,30/15 foesHP=42,30
pattern trainer=858 turn=0 foePP=40,40 foeAtkDef=6,6 CarlAtk=6 foeLevel=12
support PP=40,40 Carl-defense=6 enemy-attack=6,6
party action uses=8,40 / 2,40
frame=5361 map=35.3 pos=8,7 flags=7
party=2 HP=38/38,30/30 battle=1 battlers=4 outcome=0 PP=8,2 trial=1 donut-ability=0
persistent PP=8,2 status=0,0
growth level/xp/item=11/748/0,10/1058/0 stats maxHP/attack,maxHP/magic=38/26,30/15 foesHP=42,30
pattern trainer=858 turn=0 foePP=40,40 foeAtkDef=6,6 CarlAtk=6 foeLevel=12
support PP=40,40 Carl-defense=6 enemy-attack=6,6
party action uses=8,40 / 2,40
UI_MOVE actor=0 cursor=1 pp=40 frame=3317
frame=5362 map=35.3 pos=8,7 flags=7
party=2 HP=38/38,30/30 battle=1 battlers=4 outcome=0 PP=8,2 trial=1 donut-ability=0
persistent PP=8,2 status=0,0
growth level/xp/item=11/748/0,10/1058/0 stats maxHP/attack,maxHP/magic=38/26,30/15 foesHP=42,30
pattern trainer=858 turn=0 foePP=40,40 foeAtkDef=6,6 CarlAtk=6 foeLevel=12
support PP=40,40 Carl-defense=6 enemy-attack=6,6
party action uses=8,40 / 2,40
frame=5386 map=35.3 pos=8,7 flags=7
party=2 HP=38/38,30/30 battle=1 battlers=4 outcome=0 PP=8,2 trial=1 donut-ability=0
persistent PP=8,2 status=0,0
growth level/xp/item=11/748/0,10/1058/0 stats maxHP/attack,maxHP/magic=38/26,30/15 foesHP=42,30
pattern trainer=858 turn=0 foePP=40,40 foeAtkDef=6,6 CarlAtk=6 foeLevel=12
support PP=40,40 Carl-defense=6 enemy-attack=6,6
party action uses=8,40 / 2,40
UI_MOVE actor=0 cursor=0 pp=8 frame=3342
frame=5387 map=35.3 pos=8,7 flags=7
party=2 HP=38/38,30/30 battle=1 battlers=4 outcome=0 PP=8,2 trial=1 donut-ability=0
persistent PP=8,2 status=0,0
growth level/xp/item=11/748/0,10/1058/0 stats maxHP/attack,maxHP/magic=38/26,30/15 foesHP=42,30
pattern trainer=858 turn=0 foePP=40,40 foeAtkDef=6,6 CarlAtk=6 foeLevel=12
support PP=40,40 Carl-defense=6 enemy-attack=6,6
party action uses=8,40 / 2,40
frame=5411 map=35.3 pos=8,7 flags=7
party=2 HP=38/38,30/30 battle=1 battlers=4 outcome=0 PP=8,2 trial=1 donut-ability=0
persistent PP=8,2 status=0,0
growth level/xp/item=11/748/0,10/1058/0 stats maxHP/attack,maxHP/magic=38/26,30/15 foesHP=42,30
pattern trainer=858 turn=0 foePP=40,40 foeAtkDef=6,6 CarlAtk=6 foeLevel=12
support PP=40,40 Carl-defense=6 enemy-attack=6,6
party action uses=8,40 / 2,40
UI_READY action actor=0 visual=3367 waited=0
frame=5412 map=35.3 pos=8,7 flags=7
party=2 HP=38/38,30/30 battle=1 battlers=4 outcome=0 PP=8,2 trial=1 donut-ability=0
persistent PP=8,2 status=0,0
growth level/xp/item=11/748/0,10/1058/0 stats maxHP/attack,maxHP/magic=38/26,30/15 foesHP=42,30
pattern trainer=858 turn=0 foePP=40,40 foeAtkDef=6,6 CarlAtk=6 foeLevel=12
support PP=40,40 Carl-defense=6 enemy-attack=6,6
party action uses=8,40 / 2,40
frame=5436 map=35.3 pos=8,7 flags=7
party=2 HP=38/38,30/30 battle=1 battlers=4 outcome=0 PP=8,2 trial=1 donut-ability=0
persistent PP=8,2 status=0,0
growth level/xp/item=11/748/0,10/1058/0 stats maxHP/attack,maxHP/magic=38/26,30/15 foesHP=42,30
pattern trainer=858 turn=0 foePP=40,40 foeAtkDef=6,6 CarlAtk=6 foeLevel=12
support PP=40,40 Carl-defense=6 enemy-attack=6,6
party action uses=8,40 / 2,40
frame=5437 map=35.3 pos=8,7 flags=7
party=2 HP=38/38,30/30 battle=1 battlers=4 outcome=0 PP=8,2 trial=1 donut-ability=0
persistent PP=8,2 status=0,0
growth level/xp/item=11/748/0,10/1058/0 stats maxHP/attack,maxHP/magic=38/26,30/15 foesHP=42,30
pattern trainer=858 turn=0 foePP=40,40 foeAtkDef=6,6 CarlAtk=6 foeLevel=12
support PP=40,40 Carl-defense=6 enemy-attack=6,6
party action uses=8,40 / 2,40
frame=5461 map=35.3 pos=8,7 flags=7
party=2 HP=38/38,30/30 battle=1 battlers=4 outcome=0 PP=8,2 trial=1 donut-ability=0
persistent PP=8,2 status=0,0
growth level/xp/item=11/748/0,10/1058/0 stats maxHP/attack,maxHP/magic=38/26,30/15 foesHP=42,30
pattern trainer=858 turn=0 foePP=40,40 foeAtkDef=6,6 CarlAtk=6 foeLevel=12
support PP=40,40 Carl-defense=6 enemy-attack=6,6
party action uses=8,40 / 2,40
UI_READY bag actor=0 visual=3422 waited=5
frame=5490 map=35.3 pos=8,7 flags=7
party=2 HP=38/38,30/30 battle=1 battlers=4 outcome=0 PP=8,2 trial=1 donut-ability=0
persistent PP=8,2 status=0,0
growth level/xp/item=11/748/0,10/1058/0 stats maxHP/attack,maxHP/magic=38/26,30/15 foesHP=42,30
pattern trainer=858 turn=0 foePP=40,40 foeAtkDef=6,6 CarlAtk=6 foeLevel=12
support PP=40,40 Carl-defense=6 enemy-attack=6,6
party action uses=8,40 / 2,40
frame=5491 map=35.3 pos=8,7 flags=7
party=2 HP=38/38,30/30 battle=1 battlers=4 outcome=0 PP=8,2 trial=1 donut-ability=0
persistent PP=8,2 status=0,0
growth level/xp/item=11/748/0,10/1058/0 stats maxHP/attack,maxHP/magic=38/26,30/15 foesHP=42,30
pattern trainer=858 turn=0 foePP=40,40 foeAtkDef=6,6 CarlAtk=6 foeLevel=12
support PP=40,40 Carl-defense=6 enemy-attack=6,6
party action uses=8,40 / 2,40
frame=5515 map=35.3 pos=8,7 flags=7
party=2 HP=38/38,30/30 battle=1 battlers=4 outcome=0 PP=8,2 trial=1 donut-ability=0
persistent PP=8,2 status=0,0
growth level/xp/item=11/748/0,10/1058/0 stats maxHP/attack,maxHP/magic=38/26,30/15 foesHP=42,30
pattern trainer=858 turn=0 foePP=40,40 foeAtkDef=6,6 CarlAtk=6 foeLevel=12
support PP=40,40 Carl-defense=6 enemy-attack=6,6
party action uses=8,40 / 2,40
UI readiness stop action actor=0 frame=4371
WARDEN battle_frames=3067 attempts=0
result=122 assertions=24
