mGBA 0.10.5; 240x160; save=normal-save.sav; read-only RAM diagnostics
frame=720 map=34.5 pos=4,6 flags=7
party=2 HP=14/41,15/30 battle=0 battlers=0 outcome=0 PP=0,0 trial=1 donut-ability=0
persistent PP=2,0 status=0,0
growth level/xp/item=12/974/0,10/1284/0 stats maxHP/attack,maxHP/magic=41/28,30/15 foesHP=0,0
pattern trainer=0 turn=0 foePP=0,0 foeAtkDef=0,0 CarlAtk=0 foeLevel=0
support PP=0,0 Carl-defense=0 enemy-attack=0,0
party action uses=2,37 / 0,33
frame=721 map=34.5 pos=4,6 flags=7
party=2 HP=14/41,15/30 battle=0 battlers=0 outcome=0 PP=0,0 trial=1 donut-ability=0
persistent PP=2,0 status=0,0
growth level/xp/item=12/974/0,10/1284/0 stats maxHP/attack,maxHP/magic=41/28,30/15 foesHP=0,0
pattern trainer=0 turn=0 foePP=0,0 foeAtkDef=0,0 CarlAtk=0 foeLevel=0
support PP=0,0 Carl-defense=0 enemy-attack=0,0
party action uses=2,37 / 0,33
frame=1081 map=34.5 pos=4,6 flags=7
party=2 HP=14/41,15/30 battle=0 battlers=0 outcome=0 PP=0,0 trial=1 donut-ability=0
persistent PP=2,0 status=0,0
growth level/xp/item=12/974/0,10/1284/0 stats maxHP/attack,maxHP/magic=41/28,30/15 foesHP=0,0
pattern trainer=0 turn=0 foePP=0,0 foeAtkDef=0,0 CarlAtk=0 foeLevel=0
support PP=0,0 Carl-defense=0 enemy-attack=0,0
party action uses=2,37 / 0,33
frame=1082 map=34.5 pos=4,6 flags=7
party=2 HP=14/41,15/30 battle=0 battlers=0 outcome=0 PP=0,0 trial=1 donut-ability=0
persistent PP=2,0 status=0,0
growth level/xp/item=12/974/0,10/1284/0 stats maxHP/attack,maxHP/magic=41/28,30/15 foesHP=0,0
pattern trainer=0 turn=0 foePP=0,0 foeAtkDef=0,0 CarlAtk=0 foeLevel=0
support PP=0,0 Carl-defense=0 enemy-attack=0,0
party action uses=2,37 / 0,33
frame=1262 map=34.5 pos=4,6 flags=7
party=2 HP=14/41,15/30 battle=0 battlers=0 outcome=0 PP=0,0 trial=1 donut-ability=0
persistent PP=2,0 status=0,0
growth level/xp/item=12/974/0,10/1284/0 stats maxHP/attack,maxHP/magic=41/28,30/15 foesHP=0,0
pattern trainer=0 turn=0 foePP=0,0 foeAtkDef=0,0 CarlAtk=0 foeLevel=0
support PP=0,0 Carl-defense=0 enemy-attack=0,0
party action uses=2,37 / 0,33
frame=1263 map=34.5 pos=4,6 flags=7
party=2 HP=14/41,15/30 battle=0 battlers=0 outcome=0 PP=0,0 trial=1 donut-ability=0
persistent PP=2,0 status=0,0
growth level/xp/item=12/974/0,10/1284/0 stats maxHP/attack,maxHP/magic=41/28,30/15 foesHP=0,0
pattern trainer=0 turn=0 foePP=0,0 foeAtkDef=0,0 CarlAtk=0 foeLevel=0
support PP=0,0 Carl-defense=0 enemy-attack=0,0
party action uses=2,37 / 0,33
frame=1443 map=34.5 pos=4,6 flags=7
party=2 HP=14/41,15/30 battle=0 battlers=0 outcome=0 PP=0,0 trial=1 donut-ability=0
persistent PP=2,0 status=0,0
growth level/xp/item=12/974/0,10/1284/0 stats maxHP/attack,maxHP/magic=41/28,30/15 foesHP=0,0
pattern trainer=0 turn=0 foePP=0,0 foeAtkDef=0,0 CarlAtk=0 foeLevel=0
support PP=0,0 Carl-defense=0 enemy-attack=0,0
party action uses=2,37 / 0,33
frame=1444 map=34.5 pos=4,6 flags=7
party=2 HP=14/41,15/30 battle=0 battlers=0 outcome=0 PP=0,0 trial=1 donut-ability=0
persistent PP=2,0 status=0,0
growth level/xp/item=12/974/0,10/1284/0 stats maxHP/attack,maxHP/magic=41/28,30/15 foesHP=0,0
pattern trainer=0 turn=0 foePP=0,0 foeAtkDef=0,0 CarlAtk=0 foeLevel=0
support PP=0,0 Carl-defense=0 enemy-attack=0,0
party action uses=2,37 / 0,33
frame=2044 map=34.5 pos=4,6 flags=7
party=2 HP=14/41,15/30 battle=0 battlers=0 outcome=0 PP=0,0 trial=1 donut-ability=0
persistent PP=2,0 status=0,0
growth level/xp/item=12/974/0,10/1284/0 stats maxHP/attack,maxHP/magic=41/28,30/15 foesHP=0,0
pattern trainer=0 turn=0 foePP=0,0 foeAtkDef=0,0 CarlAtk=0 foeLevel=0
support PP=0,0 Carl-defense=0 enemy-attack=0,0
party action uses=2,37 / 0,33
frame=2044 map=34.5 pos=4,6 flags=7
party=2 HP=14/41,15/30 battle=0 battlers=0 outcome=0 PP=0,0 trial=1 donut-ability=0
persistent PP=2,0 status=0,0
growth level/xp/item=12/974/0,10/1284/0 stats maxHP/attack,maxHP/magic=41/28,30/15 foesHP=0,0
pattern trainer=0 turn=0 foePP=0,0 foeAtkDef=0,0 CarlAtk=0 foeLevel=0
support PP=0,0 Carl-defense=0 enemy-attack=0,0
party action uses=2,37 / 0,33
PASS expect 34 5 4 6 7
frame=2044 map=34.5 pos=4,6 flags=7
party=2 HP=14/41,15/30 battle=0 battlers=0 outcome=0 PP=0,0 trial=1 donut-ability=0
persistent PP=2,0 status=0,0
growth level/xp/item=12/974/0,10/1284/0 stats maxHP/attack,maxHP/magic=41/28,30/15 foesHP=0,0
PASS flag 48 1
pattern trainer=0 turn=0 foePP=0,0 foeAtkDef=0,0 CarlAtk=0 foeLevel=0
support PP=0,0 Carl-defense=0 enemy-attack=0,0
party action uses=2,37 / 0,33
frame=2064 map=34.5 pos=4,8 flags=7
party=2 HP=14/41,15/30 battle=0 battlers=0 outcome=0 PP=0,0 trial=1 donut-ability=0
persistent PP=2,0 status=0,0
growth level/xp/item=12/974/0,10/1284/0 stats maxHP/attack,maxHP/magic=41/28,30/15 foesHP=0,0
pattern trainer=0 turn=0 foePP=0,0 foeAtkDef=0,0 CarlAtk=0 foeLevel=0
support PP=0,0 Carl-defense=0 enemy-attack=0,0
party action uses=2,37 / 0,33
frame=2104 map=34.5 pos=4,8 flags=7
party=2 HP=14/41,15/30 battle=0 battlers=0 outcome=0 PP=0,0 trial=1 donut-ability=0
persistent PP=2,0 status=0,0
growth level/xp/item=12/974/0,10/1284/0 stats maxHP/attack,maxHP/magic=41/28,30/15 foesHP=0,0
pattern trainer=0 turn=0 foePP=0,0 foeAtkDef=0,0 CarlAtk=0 foeLevel=0
support PP=0,0 Carl-defense=0 enemy-attack=0,0
party action uses=2,37 / 0,33
frame=2252 map=34.5 pos=13,8 flags=7
party=2 HP=14/41,15/30 battle=0 battlers=0 outcome=0 PP=0,0 trial=1 donut-ability=0
persistent PP=2,0 status=0,0
growth level/xp/item=12/974/0,10/1284/0 stats maxHP/attack,maxHP/magic=41/28,30/15 foesHP=0,0
pattern trainer=0 turn=0 foePP=0,0 foeAtkDef=0,0 CarlAtk=0 foeLevel=0
support PP=0,0 Carl-defense=0 enemy-attack=0,0
party action uses=2,37 / 0,33
frame=2292 map=34.5 pos=13,8 flags=7
party=2 HP=14/41,15/30 battle=0 battlers=0 outcome=0 PP=0,0 trial=1 donut-ability=0
persistent PP=2,0 status=0,0
growth level/xp/item=12/974/0,10/1284/0 stats maxHP/attack,maxHP/magic=41/28,30/15 foesHP=0,0
pattern trainer=0 turn=0 foePP=0,0 foeAtkDef=0,0 CarlAtk=0 foeLevel=0
support PP=0,0 Carl-defense=0 enemy-attack=0,0
party action uses=2,37 / 0,33
frame=2312 map=34.5 pos=13,9 flags=7
party=2 HP=14/41,15/30 battle=0 battlers=0 outcome=0 PP=0,0 trial=1 donut-ability=0
persistent PP=2,0 status=0,0
growth level/xp/item=12/974/0,10/1284/0 stats maxHP/attack,maxHP/magic=41/28,30/15 foesHP=0,0
pattern trainer=0 turn=0 foePP=0,0 foeAtkDef=0,0 CarlAtk=0 foeLevel=0
support PP=0,0 Carl-defense=0 enemy-attack=0,0
party action uses=2,37 / 0,33
frame=2352 map=34.5 pos=13,9 flags=7
party=2 HP=14/41,15/30 battle=0 battlers=0 outcome=0 PP=0,0 trial=1 donut-ability=0
persistent PP=2,0 status=0,0
growth level/xp/item=12/974/0,10/1284/0 stats maxHP/attack,maxHP/magic=41/28,30/15 foesHP=0,0
pattern trainer=0 turn=0 foePP=0,0 foeAtkDef=0,0 CarlAtk=0 foeLevel=0
support PP=0,0 Carl-defense=0 enemy-attack=0,0
party action uses=2,37 / 0,33
frame=2352 map=34.5 pos=13,9 flags=7
party=2 HP=14/41,15/30 battle=0 battlers=0 outcome=0 PP=0,0 trial=1 donut-ability=0
persistent PP=2,0 status=0,0
growth level/xp/item=12/974/0,10/1284/0 stats maxHP/attack,maxHP/magic=41/28,30/15 foesHP=0,0
pattern trainer=0 turn=0 foePP=0,0 foeAtkDef=0,0 CarlAtk=0 foeLevel=0
support PP=0,0 Carl-defense=0 enemy-attack=0,0
party action uses=2,37 / 0,33
PASS expect 34 5 13 9 7
frame=2353 map=34.5 pos=13,9 flags=7
party=2 HP=14/41,15/30 battle=0 battlers=0 outcome=0 PP=0,0 trial=1 donut-ability=0
persistent PP=2,0 status=0,0
growth level/xp/item=12/974/0,10/1284/0 stats maxHP/attack,maxHP/magic=41/28,30/15 foesHP=0,0
pattern trainer=0 turn=0 foePP=0,0 foeAtkDef=0,0 CarlAtk=0 foeLevel=0
support PP=0,0 Carl-defense=0 enemy-attack=0,0
party action uses=2,37 / 0,33
frame=2473 map=34.5 pos=13,9 flags=7
party=2 HP=14/41,15/30 battle=0 battlers=0 outcome=0 PP=0,0 trial=1 donut-ability=0
persistent PP=2,0 status=0,0
growth level/xp/item=12/974/0,10/1284/0 stats maxHP/attack,maxHP/magic=41/28,30/15 foesHP=0,0
pattern trainer=0 turn=0 foePP=0,0 foeAtkDef=0,0 CarlAtk=0 foeLevel=0
support PP=0,0 Carl-defense=0 enemy-attack=0,0
party action uses=2,37 / 0,33
frame=2474 map=34.5 pos=13,9 flags=7
party=2 HP=14/41,15/30 battle=0 battlers=0 outcome=0 PP=0,0 trial=1 donut-ability=0
persistent PP=2,0 status=0,0
growth level/xp/item=12/974/0,10/1284/0 stats maxHP/attack,maxHP/magic=41/28,30/15 foesHP=0,0
pattern trainer=0 turn=0 foePP=0,0 foeAtkDef=0,0 CarlAtk=0 foeLevel=0
support PP=0,0 Carl-defense=0 enemy-attack=0,0
party action uses=2,37 / 0,33
frame=2494 map=34.5 pos=13,9 flags=7
party=2 HP=14/41,15/30 battle=0 battlers=0 outcome=0 PP=0,0 trial=1 donut-ability=0
persistent PP=2,0 status=0,0
growth level/xp/item=12/974/0,10/1284/0 stats maxHP/attack,maxHP/magic=41/28,30/15 foesHP=0,0
pattern trainer=0 turn=0 foePP=0,0 foeAtkDef=0,0 CarlAtk=0 foeLevel=0
support PP=0,0 Carl-defense=0 enemy-attack=0,0
party action uses=2,37 / 0,33
frame=2495 map=34.5 pos=13,9 flags=7
party=2 HP=14/41,15/30 battle=0 battlers=0 outcome=0 PP=0,0 trial=1 donut-ability=0
persistent PP=2,0 status=0,0
growth level/xp/item=12/974/0,10/1284/0 stats maxHP/attack,maxHP/magic=41/28,30/15 foesHP=0,0
pattern trainer=0 turn=0 foePP=0,0 foeAtkDef=0,0 CarlAtk=0 foeLevel=0
support PP=0,0 Carl-defense=0 enemy-attack=0,0
party action uses=2,37 / 0,33
frame=2515 map=34.5 pos=13,9 flags=7
party=2 HP=14/41,15/30 battle=0 battlers=0 outcome=0 PP=0,0 trial=1 donut-ability=0
persistent PP=2,0 status=0,0
growth level/xp/item=12/974/0,10/1284/0 stats maxHP/attack,maxHP/magic=41/28,30/15 foesHP=0,0
pattern trainer=0 turn=0 foePP=0,0 foeAtkDef=0,0 CarlAtk=0 foeLevel=0
support PP=0,0 Carl-defense=0 enemy-attack=0,0
party action uses=2,37 / 0,33
frame=2516 map=34.5 pos=13,9 flags=7
party=2 HP=14/41,15/30 battle=0 battlers=0 outcome=0 PP=0,0 trial=1 donut-ability=0
persistent PP=2,0 status=0,0
growth level/xp/item=12/974/0,10/1284/0 stats maxHP/attack,maxHP/magic=41/28,30/15 foesHP=0,0
pattern trainer=0 turn=0 foePP=0,0 foeAtkDef=0,0 CarlAtk=0 foeLevel=0
support PP=0,0 Carl-defense=0 enemy-attack=0,0
party action uses=2,37 / 0,33
frame=2676 map=34.5 pos=13,9 flags=7
party=2 HP=14/41,15/30 battle=0 battlers=0 outcome=0 PP=0,0 trial=1 donut-ability=0
persistent PP=2,0 status=0,0
growth level/xp/item=12/974/0,10/1284/0 stats maxHP/attack,maxHP/magic=41/28,30/15 foesHP=0,0
pattern trainer=0 turn=0 foePP=0,0 foeAtkDef=0,0 CarlAtk=0 foeLevel=0
support PP=0,0 Carl-defense=0 enemy-attack=0,0
party action uses=2,37 / 0,33
frame=2677 map=34.5 pos=13,9 flags=7
party=2 HP=14/41,15/30 battle=0 battlers=0 outcome=0 PP=0,0 trial=1 donut-ability=0
persistent PP=2,0 status=0,0
growth level/xp/item=12/974/0,10/1284/0 stats maxHP/attack,maxHP/magic=41/28,30/15 foesHP=0,0
pattern trainer=0 turn=0 foePP=0,0 foeAtkDef=0,0 CarlAtk=0 foeLevel=0
support PP=0,0 Carl-defense=0 enemy-attack=0,0
party action uses=2,37 / 0,33
frame=2857 map=34.5 pos=13,9 flags=7
party=2 HP=14/41,15/30 battle=0 battlers=0 outcome=0 PP=0,0 trial=1 donut-ability=0
persistent PP=2,0 status=0,0
growth level/xp/item=12/974/0,10/1284/0 stats maxHP/attack,maxHP/magic=41/28,30/15 foesHP=0,0
pattern trainer=0 turn=0 foePP=0,0 foeAtkDef=0,0 CarlAtk=0 foeLevel=0
support PP=0,0 Carl-defense=0 enemy-attack=0,0
party action uses=2,37 / 0,33
frame=2858 map=34.5 pos=13,9 flags=7
party=2 HP=14/41,15/30 battle=0 battlers=0 outcome=0 PP=0,0 trial=1 donut-ability=0
persistent PP=2,0 status=0,0
growth level/xp/item=12/974/0,10/1284/0 stats maxHP/attack,maxHP/magic=41/28,30/15 foesHP=0,0
pattern trainer=0 turn=0 foePP=0,0 foeAtkDef=0,0 CarlAtk=0 foeLevel=0
support PP=0,0 Carl-defense=0 enemy-attack=0,0
party action uses=2,37 / 0,33
frame=3458 map=34.5 pos=13,9 flags=7
party=2 HP=14/41,15/30 battle=0 battlers=0 outcome=0 PP=0,0 trial=1 donut-ability=0
persistent PP=2,0 status=0,0
growth level/xp/item=12/974/0,10/1284/0 stats maxHP/attack,maxHP/magic=41/28,30/15 foesHP=0,0
pattern trainer=0 turn=0 foePP=0,0 foeAtkDef=0,0 CarlAtk=0 foeLevel=0
support PP=0,0 Carl-defense=0 enemy-attack=0,0
party action uses=2,37 / 0,33
frame=3459 map=34.5 pos=13,9 flags=7
party=2 HP=14/41,15/30 battle=0 battlers=0 outcome=0 PP=0,0 trial=1 donut-ability=0
persistent PP=2,0 status=0,0
growth level/xp/item=12/974/0,10/1284/0 stats maxHP/attack,maxHP/magic=41/28,30/15 foesHP=0,0
pattern trainer=0 turn=0 foePP=0,0 foeAtkDef=0,0 CarlAtk=0 foeLevel=0
support PP=0,0 Carl-defense=0 enemy-attack=0,0
party action uses=2,37 / 0,33
frame=4059 map=34.5 pos=13,9 flags=7
party=2 HP=14/41,15/30 battle=0 battlers=0 outcome=0 PP=0,0 trial=1 donut-ability=0
persistent PP=2,0 status=0,0
growth level/xp/item=12/974/0,10/1284/0 stats maxHP/attack,maxHP/magic=41/28,30/15 foesHP=0,0
pattern trainer=0 turn=0 foePP=0,0 foeAtkDef=0,0 CarlAtk=0 foeLevel=0
support PP=0,0 Carl-defense=0 enemy-attack=0,0
party action uses=2,37 / 0,33
frame=4059 map=34.5 pos=13,9 flags=7
party=2 HP=14/41,15/30 battle=0 battlers=0 outcome=0 PP=0,0 trial=1 donut-ability=0
persistent PP=2,0 status=0,0
growth level/xp/item=12/974/0,10/1284/0 stats maxHP/attack,maxHP/magic=41/28,30/15 foesHP=0,0
pattern trainer=0 turn=0 foePP=0,0 foeAtkDef=0,0 CarlAtk=0 foeLevel=0
support PP=0,0 Carl-defense=0 enemy-attack=0,0
party action uses=2,37 / 0,33
PASS expect 34 5 13 9 7
frame=4059 map=34.5 pos=13,9 flags=7
party=2 HP=14/41,15/30 battle=0 battlers=0 outcome=0 PP=0,0 trial=1 donut-ability=0
persistent PP=2,0 status=0,0
growth level/xp/item=12/974/0,10/1284/0 stats maxHP/attack,maxHP/magic=41/28,30/15 foesHP=0,0
PASS flag 48 1
pattern trainer=0 turn=0 foePP=0,0 foeAtkDef=0,0 CarlAtk=0 foeLevel=0
support PP=0,0 Carl-defense=0 enemy-attack=0,0
party action uses=2,37 / 0,33
result=0 assertions=5
