mGBA 0.10.5; 240x160; save=/workspace/DungeonCrawlerCarlemon/artifacts/n04/run-kc8ohyg_/guard-loss.sav; read-only RAM diagnostics
frame=720 map=34.3 pos=5,5 flags=7
party=2 HP=33/33,28/28 battle=0 battlers=0 outcome=0 PP=0,0 trial=1 donut-ability=0
persistent PP=8,2 status=0,0
growth level/xp/item=9/495/0,9/805/0 stats maxHP/attack,maxHP/magic=33/23,28/14 foesHP=0,0
pattern trainer=0 turn=0 foePP=0,0 foeAtkDef=0,0 CarlAtk=0 foeLevel=0
support PP=0,0 Carl-defense=0 enemy-attack=0,0
party action uses=8,40 / 2,40
frame=721 map=34.3 pos=5,5 flags=7
party=2 HP=33/33,28/28 battle=0 battlers=0 outcome=0 PP=0,0 trial=1 donut-ability=0
persistent PP=8,2 status=0,0
growth level/xp/item=9/495/0,9/805/0 stats maxHP/attack,maxHP/magic=33/23,28/14 foesHP=0,0
pattern trainer=0 turn=0 foePP=0,0 foeAtkDef=0,0 CarlAtk=0 foeLevel=0
support PP=0,0 Carl-defense=0 enemy-attack=0,0
party action uses=8,40 / 2,40
frame=1081 map=34.3 pos=5,5 flags=7
party=2 HP=33/33,28/28 battle=0 battlers=0 outcome=0 PP=0,0 trial=1 donut-ability=0
persistent PP=8,2 status=0,0
growth level/xp/item=9/495/0,9/805/0 stats maxHP/attack,maxHP/magic=33/23,28/14 foesHP=0,0
pattern trainer=0 turn=0 foePP=0,0 foeAtkDef=0,0 CarlAtk=0 foeLevel=0
support PP=0,0 Carl-defense=0 enemy-attack=0,0
party action uses=8,40 / 2,40
frame=1082 map=34.3 pos=5,5 flags=7
party=2 HP=33/33,28/28 battle=0 battlers=0 outcome=0 PP=0,0 trial=1 donut-ability=0
persistent PP=8,2 status=0,0
growth level/xp/item=9/495/0,9/805/0 stats maxHP/attack,maxHP/magic=33/23,28/14 foesHP=0,0
pattern trainer=0 turn=0 foePP=0,0 foeAtkDef=0,0 CarlAtk=0 foeLevel=0
support PP=0,0 Carl-defense=0 enemy-attack=0,0
party action uses=8,40 / 2,40
frame=1262 map=34.3 pos=5,5 flags=7
party=2 HP=33/33,28/28 battle=0 battlers=0 outcome=0 PP=0,0 trial=1 donut-ability=0
persistent PP=8,2 status=0,0
growth level/xp/item=9/495/0,9/805/0 stats maxHP/attack,maxHP/magic=33/23,28/14 foesHP=0,0
pattern trainer=0 turn=0 foePP=0,0 foeAtkDef=0,0 CarlAtk=0 foeLevel=0
support PP=0,0 Carl-defense=0 enemy-attack=0,0
party action uses=8,40 / 2,40
frame=1263 map=34.3 pos=5,5 flags=7
party=2 HP=33/33,28/28 battle=0 battlers=0 outcome=0 PP=0,0 trial=1 donut-ability=0
persistent PP=8,2 status=0,0
growth level/xp/item=9/495/0,9/805/0 stats maxHP/attack,maxHP/magic=33/23,28/14 foesHP=0,0
pattern trainer=0 turn=0 foePP=0,0 foeAtkDef=0,0 CarlAtk=0 foeLevel=0
support PP=0,0 Carl-defense=0 enemy-attack=0,0
party action uses=8,40 / 2,40
frame=1443 map=34.3 pos=5,5 flags=7
party=2 HP=33/33,28/28 battle=0 battlers=0 outcome=0 PP=0,0 trial=1 donut-ability=0
persistent PP=8,2 status=0,0
growth level/xp/item=9/495/0,9/805/0 stats maxHP/attack,maxHP/magic=33/23,28/14 foesHP=0,0
pattern trainer=0 turn=0 foePP=0,0 foeAtkDef=0,0 CarlAtk=0 foeLevel=0
support PP=0,0 Carl-defense=0 enemy-attack=0,0
party action uses=8,40 / 2,40
frame=1444 map=34.3 pos=5,5 flags=7
party=2 HP=33/33,28/28 battle=0 battlers=0 outcome=0 PP=0,0 trial=1 donut-ability=0
persistent PP=8,2 status=0,0
growth level/xp/item=9/495/0,9/805/0 stats maxHP/attack,maxHP/magic=33/23,28/14 foesHP=0,0
pattern trainer=0 turn=0 foePP=0,0 foeAtkDef=0,0 CarlAtk=0 foeLevel=0
support PP=0,0 Carl-defense=0 enemy-attack=0,0
party action uses=8,40 / 2,40
frame=2044 map=34.3 pos=5,5 flags=7
party=2 HP=33/33,28/28 battle=0 battlers=0 outcome=0 PP=0,0 trial=1 donut-ability=0
persistent PP=8,2 status=0,0
growth level/xp/item=9/495/0,9/805/0 stats maxHP/attack,maxHP/magic=33/23,28/14 foesHP=0,0
pattern trainer=0 turn=0 foePP=0,0 foeAtkDef=0,0 CarlAtk=0 foeLevel=0
support PP=0,0 Carl-defense=0 enemy-attack=0,0
party action uses=8,40 / 2,40
frame=2044 map=34.3 pos=5,5 flags=7
party=2 HP=33/33,28/28 battle=0 battlers=0 outcome=0 PP=0,0 trial=1 donut-ability=0
persistent PP=8,2 status=0,0
growth level/xp/item=9/495/0,9/805/0 stats maxHP/attack,maxHP/magic=33/23,28/14 foesHP=0,0
pattern trainer=0 turn=0 foePP=0,0 foeAtkDef=0,0 CarlAtk=0 foeLevel=0
support PP=0,0 Carl-defense=0 enemy-attack=0,0
party action uses=8,40 / 2,40
PASS expect 34 3 5 5 7
frame=2044 map=34.3 pos=5,5 flags=7
party=2 HP=33/33,28/28 battle=0 battlers=0 outcome=0 PP=0,0 trial=1 donut-ability=0
persistent PP=8,2 status=0,0
growth level/xp/item=9/495/0,9/805/0 stats maxHP/attack,maxHP/magic=33/23,28/14 foesHP=0,0
pattern trainer=0 turn=0 foePP=0,0 foeAtkDef=0,0 CarlAtk=0 foeLevel=0
support PP=0,0 Carl-defense=0 enemy-attack=0,0
party action uses=8,40 / 2,40
PASS duo healthy
frame=2044 map=34.3 pos=5,5 flags=7
party=2 HP=33/33,28/28 battle=0 battlers=0 outcome=0 PP=0,0 trial=1 donut-ability=0
persistent PP=8,2 status=0,0
growth level/xp/item=9/495/0,9/805/0 stats maxHP/attack,maxHP/magic=33/23,28/14 foesHP=0,0
pattern trainer=0 turn=0 foePP=0,0 foeAtkDef=0,0 CarlAtk=0 foeLevel=0
support PP=0,0 Carl-defense=0 enemy-attack=0,0
party action uses=8,40 / 2,40
PASS uses 8 40 2 40
frame=2044 map=34.3 pos=5,5 flags=7
party=2 HP=33/33,28/28 battle=0 battlers=0 outcome=0 PP=0,0 trial=1 donut-ability=0
persistent PP=8,2 status=0,0
growth level/xp/item=9/495/0,9/805/0 stats maxHP/attack,maxHP/magic=33/23,28/14 foesHP=0,0
PASS growth 9 495 0 9 805 0
pattern trainer=0 turn=0 foePP=0,0 foeAtkDef=0,0 CarlAtk=0 foeLevel=0
support PP=0,0 Carl-defense=0 enemy-attack=0,0
party action uses=8,40 / 2,40
frame=2044 map=34.3 pos=5,5 flags=7
party=2 HP=33/33,28/28 battle=0 battlers=0 outcome=0 PP=0,0 trial=1 donut-ability=0
persistent PP=8,2 status=0,0
growth level/xp/item=9/495/0,9/805/0 stats maxHP/attack,maxHP/magic=33/23,28/14 foesHP=0,0
PASS flag 2136 0
pattern trainer=0 turn=0 foePP=0,0 foeAtkDef=0,0 CarlAtk=0 foeLevel=0
support PP=0,0 Carl-defense=0 enemy-attack=0,0
party action uses=8,40 / 2,40
frame=2044 map=34.3 pos=5,5 flags=7
party=2 HP=33/33,28/28 battle=0 battlers=0 outcome=0 PP=0,0 trial=1 donut-ability=0
persistent PP=8,2 status=0,0
growth level/xp/item=9/495/0,9/805/0 stats maxHP/attack,maxHP/magic=33/23,28/14 foesHP=0,0
PASS flag 47 0
pattern trainer=0 turn=0 foePP=0,0 foeAtkDef=0,0 CarlAtk=0 foeLevel=0
support PP=0,0 Carl-defense=0 enemy-attack=0,0
party action uses=8,40 / 2,40
frame=2044 map=34.3 pos=5,5 flags=7
party=2 HP=33/33,28/28 battle=0 battlers=0 outcome=0 PP=0,0 trial=1 donut-ability=0
persistent PP=8,2 status=0,0
growth level/xp/item=9/495/0,9/805/0 stats maxHP/attack,maxHP/magic=33/23,28/14 foesHP=0,0
PASS flag 48 0
pattern trainer=0 turn=0 foePP=0,0 foeAtkDef=0,0 CarlAtk=0 foeLevel=0
support PP=0,0 Carl-defense=0 enemy-attack=0,0
party action uses=8,40 / 2,40
frame=2045 map=34.3 pos=5,5 flags=7
party=2 HP=33/33,28/28 battle=0 battlers=0 outcome=0 PP=0,0 trial=1 donut-ability=0
persistent PP=8,2 status=0,0
growth level/xp/item=9/495/0,9/805/0 stats maxHP/attack,maxHP/magic=33/23,28/14 foesHP=0,0
pattern trainer=856 turn=0 foePP=0,0 foeAtkDef=0,0 CarlAtk=0 foeLevel=0
support PP=0,0 Carl-defense=0 enemy-attack=0,0
party action uses=8,40 / 2,40
frame=2445 map=34.3 pos=5,5 flags=7
party=2 HP=33/33,28/28 battle=0 battlers=0 outcome=0 PP=0,0 trial=1 donut-ability=0
persistent PP=8,2 status=0,0
growth level/xp/item=9/495/0,9/805/0 stats maxHP/attack,maxHP/magic=33/23,28/14 foesHP=0,0
pattern trainer=856 turn=0 foePP=0,0 foeAtkDef=0,0 CarlAtk=0 foeLevel=0
support PP=0,0 Carl-defense=0 enemy-attack=0,0
party action uses=8,40 / 2,40
frame=2446 map=34.3 pos=5,5 flags=7
party=2 HP=33/33,28/28 battle=0 battlers=0 outcome=0 PP=0,0 trial=1 donut-ability=0
persistent PP=8,2 status=0,0
growth level/xp/item=9/495/0,9/805/0 stats maxHP/attack,maxHP/magic=33/23,28/14 foesHP=0,0
pattern trainer=856 turn=0 foePP=0,0 foeAtkDef=0,0 CarlAtk=0 foeLevel=0
support PP=0,0 Carl-defense=0 enemy-attack=0,0
party action uses=8,40 / 2,40
frame=2846 map=34.3 pos=5,5 flags=7
party=2 HP=33/33,28/28 battle=0 battlers=0 outcome=0 PP=0,0 trial=1 donut-ability=0
persistent PP=8,2 status=0,0
growth level/xp/item=9/495/0,9/805/0 stats maxHP/attack,maxHP/magic=33/23,28/14 foesHP=0,0
pattern trainer=856 turn=0 foePP=0,0 foeAtkDef=0,0 CarlAtk=0 foeLevel=0
support PP=0,0 Carl-defense=0 enemy-attack=0,0
party action uses=8,40 / 2,40
frame=2847 map=34.3 pos=5,5 flags=7
party=2 HP=33/33,28/28 battle=0 battlers=0 outcome=0 PP=0,0 trial=1 donut-ability=0
persistent PP=8,2 status=0,0
growth level/xp/item=9/495/0,9/805/0 stats maxHP/attack,maxHP/magic=33/23,28/14 foesHP=0,0
pattern trainer=856 turn=0 foePP=0,0 foeAtkDef=0,0 CarlAtk=0 foeLevel=0
support PP=0,0 Carl-defense=0 enemy-attack=0,0
party action uses=8,40 / 2,40
frame=3747 map=34.3 pos=5,5 flags=7
party=2 HP=33/33,28/28 battle=1 battlers=4 outcome=0 PP=8,2 trial=1 donut-ability=0
persistent PP=8,2 status=0,0
growth level/xp/item=9/495/0,9/805/0 stats maxHP/attack,maxHP/magic=33/23,28/14 foesHP=29,24
pattern trainer=856 turn=0 foePP=35,40 foeAtkDef=6,6 CarlAtk=6 foeLevel=9
support PP=40,40 Carl-defense=6 enemy-attack=6,6
party action uses=8,40 / 2,40
frame=3748 map=34.3 pos=5,5 flags=7
party=2 HP=33/33,28/28 battle=1 battlers=4 outcome=0 PP=8,2 trial=1 donut-ability=0
persistent PP=8,2 status=0,0
growth level/xp/item=9/495/0,9/805/0 stats maxHP/attack,maxHP/magic=33/23,28/14 foesHP=29,24
pattern trainer=856 turn=0 foePP=35,40 foeAtkDef=6,6 CarlAtk=6 foeLevel=9
support PP=40,40 Carl-defense=6 enemy-attack=6,6
party action uses=8,40 / 2,40
frame=4348 map=34.3 pos=5,5 flags=7
party=2 HP=33/33,28/28 battle=1 battlers=4 outcome=0 PP=8,2 trial=1 donut-ability=0
persistent PP=8,2 status=0,0
growth level/xp/item=9/495/0,9/805/0 stats maxHP/attack,maxHP/magic=33/23,28/14 foesHP=29,24
pattern trainer=856 turn=0 foePP=35,40 foeAtkDef=6,6 CarlAtk=6 foeLevel=9
support PP=40,40 Carl-defense=6 enemy-attack=6,6
party action uses=8,40 / 2,40
frame=4349 map=34.3 pos=5,5 flags=7
party=2 HP=33/33,28/28 battle=1 battlers=4 outcome=0 PP=8,2 trial=1 donut-ability=0
persistent PP=8,2 status=0,0
growth level/xp/item=9/495/0,9/805/0 stats maxHP/attack,maxHP/magic=33/23,28/14 foesHP=29,24
pattern trainer=856 turn=0 foePP=35,40 foeAtkDef=6,6 CarlAtk=6 foeLevel=9
support PP=40,40 Carl-defense=6 enemy-attack=6,6
party action uses=8,40 / 2,40
frame=4949 map=34.3 pos=5,5 flags=7
party=2 HP=33/33,28/28 battle=1 battlers=4 outcome=0 PP=8,2 trial=1 donut-ability=0
persistent PP=8,2 status=0,0
growth level/xp/item=9/495/0,9/805/0 stats maxHP/attack,maxHP/magic=33/23,28/14 foesHP=29,24
pattern trainer=856 turn=0 foePP=35,40 foeAtkDef=6,6 CarlAtk=6 foeLevel=9
support PP=40,40 Carl-defense=6 enemy-attack=6,6
party action uses=8,40 / 2,40
frame=4949 map=34.3 pos=5,5 flags=7
party=2 HP=33/33,28/28 battle=1 battlers=4 outcome=0 PP=8,2 trial=1 donut-ability=0
persistent PP=8,2 status=0,0
growth level/xp/item=9/495/0,9/805/0 stats maxHP/attack,maxHP/magic=33/23,28/14 foesHP=29,24
pattern trainer=856 turn=0 foePP=35,40 foeAtkDef=6,6 CarlAtk=6 foeLevel=9
support PP=40,40 Carl-defense=6 enemy-attack=6,6
party action uses=8,40 / 2,40
PASS battle 1 4 0 8 2 1 0
pilot frame=4949 turn=0 actor=0 menu=2 selection=1 key=16
pilot turn=0 HP=33,28 foeHP=29,24 foeAtk=6 foeDef=6 CarlAtk=6
pilot frame=4961 turn=0 actor=0 menu=2 selection=1 key=1
pilot frame=4973 turn=0 actor=2 menu=1 selection=0 key=1
pilot frame=4985 turn=0 actor=2 menu=2 selection=1 key=16
pilot frame=4997 turn=0 actor=2 menu=2 selection=1 key=1
pilot turn=1 HP=33,24 foeHP=29,24 foeAtk=5 foeDef=7 CarlAtk=6
pilot frame=6713 turn=1 actor=0 menu=1 selection=0 key=1
pilot frame=6725 turn=1 actor=0 menu=2 selection=1 key=1
pilot frame=6737 turn=1 actor=2 menu=1 selection=0 key=1
pilot frame=6749 turn=1 actor=2 menu=2 selection=1 key=1
pilot turn=2 HP=30,21 foeHP=29,24 foeAtk=4 foeDef=7 CarlAtk=6
pilot frame=8213 turn=2 actor=0 menu=1 selection=0 key=1
pilot frame=8225 turn=2 actor=0 menu=2 selection=0 key=32
pilot frame=8237 turn=2 actor=0 menu=2 selection=0 key=1
pilot frame=8249 turn=2 actor=0 menu=3 selection=1 key=1
pilot frame=8261 turn=2 actor=2 menu=1 selection=0 key=1
pilot frame=8273 turn=2 actor=2 menu=2 selection=1 key=1
pilot turn=3 HP=27,18 foeHP=24,24 foeAtk=3 foeDef=7 CarlAtk=6
pilot frame=9521 turn=3 actor=0 menu=1 selection=0 key=1
pilot frame=9533 turn=3 actor=0 menu=2 selection=0 key=1
pilot frame=9545 turn=3 actor=0 menu=3 selection=1 key=1
pilot frame=9557 turn=3 actor=2 menu=1 selection=0 key=1
pilot frame=9569 turn=3 actor=2 menu=2 selection=0 key=32
pilot frame=9581 turn=3 actor=2 menu=2 selection=0 key=1
pilot turn=4 HP=24,15 foeHP=15,21 foeAtk=3 foeDef=7 CarlAtk=6
pilot frame=10469 turn=4 actor=0 menu=1 selection=0 key=1
pilot frame=10481 turn=4 actor=0 menu=2 selection=0 key=1
pilot frame=10493 turn=4 actor=0 menu=3 selection=1 key=1
pilot frame=10505 turn=4 actor=2 menu=1 selection=0 key=1
pilot frame=10517 turn=4 actor=2 menu=2 selection=0 key=1
pilot turn=5 HP=17,15 foeHP=7,18 foeAtk=3 foeDef=7 CarlAtk=6
pilot frame=11405 turn=5 actor=0 menu=1 selection=0 key=1
pilot frame=11417 turn=5 actor=0 menu=2 selection=0 key=1
pilot frame=11429 turn=5 actor=0 menu=3 selection=1 key=1
pilot frame=11441 turn=5 actor=2 menu=1 selection=0 key=1
pilot frame=11453 turn=5 actor=2 menu=2 selection=1 key=16
pilot frame=11465 turn=5 actor=2 menu=2 selection=1 key=1
pilot turn=6 HP=14,12 foeHP=2,18 foeAtk=2 foeDef=7 CarlAtk=6
pilot frame=12713 turn=6 actor=0 menu=1 selection=0 key=1
pilot frame=12725 turn=6 actor=0 menu=2 selection=0 key=1
pilot frame=12737 turn=6 actor=0 menu=3 selection=1 key=1
pilot frame=12749 turn=6 actor=2 menu=1 selection=0 key=1
pilot frame=12761 turn=6 actor=2 menu=2 selection=1 key=1
pilot turn=7 HP=14,9 foeHP=0,18 foeAtk=6 foeDef=6 CarlAtk=6
pilot frame=14609 turn=7 actor=0 menu=1 selection=0 key=1
pilot frame=14621 turn=7 actor=0 menu=2 selection=0 key=1
pilot frame=14633 turn=7 actor=0 menu=3 selection=3 key=1
pilot frame=14645 turn=7 actor=2 menu=1 selection=0 key=1
pilot frame=14657 turn=7 actor=2 menu=2 selection=1 key=1
pilot turn=8 HP=14,6 foeHP=0,7 foeAtk=6 foeDef=6 CarlAtk=6
pilot frame=15473 turn=8 actor=0 menu=1 selection=0 key=1
pilot frame=15485 turn=8 actor=0 menu=2 selection=0 key=1
pilot frame=15497 turn=8 actor=0 menu=3 selection=3 key=1
pilot frame=15509 turn=8 actor=2 menu=1 selection=0 key=1
pilot frame=15521 turn=8 actor=2 menu=2 selection=1 key=1
pilot completed policy=defensive frames=12112 outcome=1 incapacitation=0
frame=17661 map=34.3 pos=5,5 flags=7
party=2 HP=14/36,6/28 battle=0 battlers=4 outcome=1 PP=1,0 trial=1 donut-ability=0
persistent PP=1,0 status=0,0
growth level/xp/item=10/627/0,9/937/0 stats maxHP/attack,maxHP/magic=36/25,28/14 foesHP=0,0
pattern trainer=856 turn=8 foePP=29,39 foeAtkDef=6,6 CarlAtk=6 foeLevel=9
support PP=38,33 Carl-defense=8 enemy-attack=6,6
party action uses=1,38 / 0,33
frame=17662 map=34.3 pos=5,5 flags=7
party=2 HP=14/36,6/28 battle=0 battlers=4 outcome=1 PP=1,0 trial=1 donut-ability=0
persistent PP=1,0 status=0,0
growth level/xp/item=10/627/0,9/937/0 stats maxHP/attack,maxHP/magic=36/25,28/14 foesHP=0,0
pattern trainer=856 turn=8 foePP=29,39 foeAtkDef=6,6 CarlAtk=6 foeLevel=9
support PP=38,33 Carl-defense=8 enemy-attack=6,6
party action uses=1,38 / 0,33
frame=18062 map=34.3 pos=5,5 flags=7
party=2 HP=14/36,6/28 battle=0 battlers=4 outcome=1 PP=1,0 trial=1 donut-ability=0
persistent PP=1,0 status=0,0
growth level/xp/item=10/627/0,9/937/0 stats maxHP/attack,maxHP/magic=36/25,28/14 foesHP=0,0
pattern trainer=856 turn=8 foePP=29,39 foeAtkDef=6,6 CarlAtk=6 foeLevel=9
support PP=38,33 Carl-defense=8 enemy-attack=6,6
party action uses=1,38 / 0,33
frame=18063 map=34.3 pos=5,5 flags=7
party=2 HP=14/36,6/28 battle=0 battlers=4 outcome=1 PP=1,0 trial=1 donut-ability=0
persistent PP=1,0 status=0,0
growth level/xp/item=10/627/0,9/937/0 stats maxHP/attack,maxHP/magic=36/25,28/14 foesHP=0,0
pattern trainer=856 turn=8 foePP=29,39 foeAtkDef=6,6 CarlAtk=6 foeLevel=9
support PP=38,33 Carl-defense=8 enemy-attack=6,6
party action uses=1,38 / 0,33
frame=18463 map=34.3 pos=5,5 flags=7
party=2 HP=14/36,6/28 battle=0 battlers=4 outcome=1 PP=1,0 trial=1 donut-ability=0
persistent PP=1,0 status=0,0
growth level/xp/item=10/627/0,9/937/0 stats maxHP/attack,maxHP/magic=36/25,28/14 foesHP=0,0
pattern trainer=856 turn=8 foePP=29,39 foeAtkDef=6,6 CarlAtk=6 foeLevel=9
support PP=38,33 Carl-defense=8 enemy-attack=6,6
party action uses=1,38 / 0,33
frame=18464 map=34.3 pos=5,5 flags=7
party=2 HP=14/36,6/28 battle=0 battlers=4 outcome=1 PP=1,0 trial=1 donut-ability=0
persistent PP=1,0 status=0,0
growth level/xp/item=10/627/0,9/937/0 stats maxHP/attack,maxHP/magic=36/25,28/14 foesHP=0,0
pattern trainer=856 turn=8 foePP=29,39 foeAtkDef=6,6 CarlAtk=6 foeLevel=9
support PP=38,33 Carl-defense=8 enemy-attack=6,6
party action uses=1,38 / 0,33
frame=18864 map=34.3 pos=5,5 flags=7
party=2 HP=14/36,6/28 battle=0 battlers=4 outcome=1 PP=1,0 trial=1 donut-ability=0
persistent PP=1,0 status=0,0
growth level/xp/item=10/627/0,9/937/0 stats maxHP/attack,maxHP/magic=36/25,28/14 foesHP=0,0
pattern trainer=856 turn=8 foePP=29,39 foeAtkDef=6,6 CarlAtk=6 foeLevel=9
support PP=38,33 Carl-defense=8 enemy-attack=6,6
party action uses=1,38 / 0,33
frame=18865 map=34.3 pos=5,5 flags=7
party=2 HP=14/36,6/28 battle=0 battlers=4 outcome=1 PP=1,0 trial=1 donut-ability=0
persistent PP=1,0 status=0,0
growth level/xp/item=10/627/0,9/937/0 stats maxHP/attack,maxHP/magic=36/25,28/14 foesHP=0,0
pattern trainer=856 turn=8 foePP=29,39 foeAtkDef=6,6 CarlAtk=6 foeLevel=9
support PP=38,33 Carl-defense=8 enemy-attack=6,6
party action uses=1,38 / 0,33
frame=19265 map=34.3 pos=5,5 flags=7
party=2 HP=14/36,6/28 battle=0 battlers=4 outcome=1 PP=1,0 trial=1 donut-ability=0
persistent PP=1,0 status=0,0
growth level/xp/item=10/627/0,9/937/0 stats maxHP/attack,maxHP/magic=36/25,28/14 foesHP=0,0
pattern trainer=856 turn=8 foePP=29,39 foeAtkDef=6,6 CarlAtk=6 foeLevel=9
support PP=38,33 Carl-defense=8 enemy-attack=6,6
party action uses=1,38 / 0,33
frame=19266 map=34.3 pos=5,5 flags=7
party=2 HP=14/36,6/28 battle=0 battlers=4 outcome=1 PP=1,0 trial=1 donut-ability=0
persistent PP=1,0 status=0,0
growth level/xp/item=10/627/0,9/937/0 stats maxHP/attack,maxHP/magic=36/25,28/14 foesHP=0,0
pattern trainer=856 turn=8 foePP=29,39 foeAtkDef=6,6 CarlAtk=6 foeLevel=9
support PP=38,33 Carl-defense=8 enemy-attack=6,6
party action uses=1,38 / 0,33
frame=19666 map=34.3 pos=5,5 flags=7
party=2 HP=14/36,6/28 battle=0 battlers=4 outcome=1 PP=1,0 trial=1 donut-ability=0
persistent PP=1,0 status=0,0
growth level/xp/item=10/627/0,9/937/0 stats maxHP/attack,maxHP/magic=36/25,28/14 foesHP=0,0
pattern trainer=856 turn=8 foePP=29,39 foeAtkDef=6,6 CarlAtk=6 foeLevel=9
support PP=38,33 Carl-defense=8 enemy-attack=6,6
party action uses=1,38 / 0,33
frame=19667 map=34.3 pos=5,5 flags=7
party=2 HP=14/36,6/28 battle=0 battlers=4 outcome=1 PP=1,0 trial=1 donut-ability=0
persistent PP=1,0 status=0,0
growth level/xp/item=10/627/0,9/937/0 stats maxHP/attack,maxHP/magic=36/25,28/14 foesHP=0,0
pattern trainer=856 turn=8 foePP=29,39 foeAtkDef=6,6 CarlAtk=6 foeLevel=9
support PP=38,33 Carl-defense=8 enemy-attack=6,6
party action uses=1,38 / 0,33
frame=20067 map=34.3 pos=5,5 flags=7
party=2 HP=14/36,6/28 battle=0 battlers=4 outcome=1 PP=1,0 trial=1 donut-ability=0
persistent PP=1,0 status=0,0
growth level/xp/item=10/627/0,9/937/0 stats maxHP/attack,maxHP/magic=36/25,28/14 foesHP=0,0
pattern trainer=856 turn=8 foePP=29,39 foeAtkDef=6,6 CarlAtk=6 foeLevel=9
support PP=38,33 Carl-defense=8 enemy-attack=6,6
party action uses=1,38 / 0,33
frame=20068 map=34.3 pos=5,5 flags=7
party=2 HP=14/36,6/28 battle=0 battlers=4 outcome=1 PP=1,0 trial=1 donut-ability=0
persistent PP=1,0 status=0,0
growth level/xp/item=10/627/0,9/937/0 stats maxHP/attack,maxHP/magic=36/25,28/14 foesHP=0,0
pattern trainer=856 turn=8 foePP=29,39 foeAtkDef=6,6 CarlAtk=6 foeLevel=9
support PP=38,33 Carl-defense=8 enemy-attack=6,6
party action uses=1,38 / 0,33
frame=20188 map=34.3 pos=5,5 flags=7
party=2 HP=14/36,6/28 battle=0 battlers=4 outcome=1 PP=1,0 trial=1 donut-ability=0
persistent PP=1,0 status=0,0
growth level/xp/item=10/627/0,9/937/0 stats maxHP/attack,maxHP/magic=36/25,28/14 foesHP=0,0
pattern trainer=856 turn=8 foePP=29,39 foeAtkDef=6,6 CarlAtk=6 foeLevel=9
support PP=38,33 Carl-defense=8 enemy-attack=6,6
party action uses=1,38 / 0,33
frame=20188 map=34.3 pos=5,5 flags=7
party=2 HP=14/36,6/28 battle=0 battlers=4 outcome=1 PP=1,0 trial=1 donut-ability=0
persistent PP=1,0 status=0,0
growth level/xp/item=10/627/0,9/937/0 stats maxHP/attack,maxHP/magic=36/25,28/14 foesHP=0,0
pattern trainer=856 turn=8 foePP=29,39 foeAtkDef=6,6 CarlAtk=6 foeLevel=9
support PP=38,33 Carl-defense=8 enemy-attack=6,6
party action uses=1,38 / 0,33
PASS expect 34 3 5 5 7
frame=20188 map=34.3 pos=5,5 flags=7
party=2 HP=14/36,6/28 battle=0 battlers=4 outcome=1 PP=1,0 trial=1 donut-ability=0
persistent PP=1,0 status=0,0
growth level/xp/item=10/627/0,9/937/0 stats maxHP/attack,maxHP/magic=36/25,28/14 foesHP=0,0
PASS flag 2136 1
pattern trainer=856 turn=8 foePP=29,39 foeAtkDef=6,6 CarlAtk=6 foeLevel=9
support PP=38,33 Carl-defense=8 enemy-attack=6,6
party action uses=1,38 / 0,33
frame=20188 map=34.3 pos=5,5 flags=7
party=2 HP=14/36,6/28 battle=0 battlers=4 outcome=1 PP=1,0 trial=1 donut-ability=0
persistent PP=1,0 status=0,0
growth level/xp/item=10/627/0,9/937/0 stats maxHP/attack,maxHP/magic=36/25,28/14 foesHP=0,0
PASS flag 37 1
pattern trainer=856 turn=8 foePP=29,39 foeAtkDef=6,6 CarlAtk=6 foeLevel=9
support PP=38,33 Carl-defense=8 enemy-attack=6,6
party action uses=1,38 / 0,33
frame=20188 map=34.3 pos=5,5 flags=7
party=2 HP=14/36,6/28 battle=0 battlers=4 outcome=1 PP=1,0 trial=1 donut-ability=0
persistent PP=1,0 status=0,0
growth level/xp/item=10/627/0,9/937/0 stats maxHP/attack,maxHP/magic=36/25,28/14 foesHP=0,0
PASS flag 47 0
pattern trainer=856 turn=8 foePP=29,39 foeAtkDef=6,6 CarlAtk=6 foeLevel=9
support PP=38,33 Carl-defense=8 enemy-attack=6,6
party action uses=1,38 / 0,33
frame=20188 map=34.3 pos=5,5 flags=7
party=2 HP=14/36,6/28 battle=0 battlers=4 outcome=1 PP=1,0 trial=1 donut-ability=0
persistent PP=1,0 status=0,0
growth level/xp/item=10/627/0,9/937/0 stats maxHP/attack,maxHP/magic=36/25,28/14 foesHP=0,0
PASS flag 48 0
pattern trainer=856 turn=8 foePP=29,39 foeAtkDef=6,6 CarlAtk=6 foeLevel=9
support PP=38,33 Carl-defense=8 enemy-attack=6,6
party action uses=1,38 / 0,33
frame=20188 map=34.3 pos=5,5 flags=7
party=2 HP=14/36,6/28 battle=0 battlers=4 outcome=1 PP=1,0 trial=1 donut-ability=0
persistent PP=1,0 status=0,0
growth level/xp/item=10/627/0,9/937/0 stats maxHP/attack,maxHP/magic=36/25,28/14 foesHP=0,0
PASS growth 10 627 0 9 937 0
pattern trainer=856 turn=8 foePP=29,39 foeAtkDef=6,6 CarlAtk=6 foeLevel=9
support PP=38,33 Carl-defense=8 enemy-attack=6,6
party action uses=1,38 / 0,33
frame=20189 map=34.3 pos=5,5 flags=7
party=2 HP=14/36,6/28 battle=0 battlers=4 outcome=1 PP=1,0 trial=1 donut-ability=0
persistent PP=1,0 status=0,0
growth level/xp/item=10/627/0,9/937/0 stats maxHP/attack,maxHP/magic=36/25,28/14 foesHP=0,0
pattern trainer=856 turn=8 foePP=29,39 foeAtkDef=6,6 CarlAtk=6 foeLevel=9
support PP=38,33 Carl-defense=8 enemy-attack=6,6
party action uses=1,38 / 0,33
frame=20589 map=34.3 pos=5,5 flags=7
party=2 HP=14/36,6/28 battle=0 battlers=4 outcome=1 PP=1,0 trial=1 donut-ability=0
persistent PP=1,0 status=0,0
growth level/xp/item=10/627/0,9/937/0 stats maxHP/attack,maxHP/magic=36/25,28/14 foesHP=0,0
pattern trainer=856 turn=8 foePP=29,39 foeAtkDef=6,6 CarlAtk=6 foeLevel=9
support PP=38,33 Carl-defense=8 enemy-attack=6,6
party action uses=1,38 / 0,33
frame=20590 map=34.3 pos=5,5 flags=7
party=2 HP=14/36,6/28 battle=0 battlers=4 outcome=1 PP=1,0 trial=1 donut-ability=0
persistent PP=1,0 status=0,0
growth level/xp/item=10/627/0,9/937/0 stats maxHP/attack,maxHP/magic=36/25,28/14 foesHP=0,0
pattern trainer=856 turn=8 foePP=29,39 foeAtkDef=6,6 CarlAtk=6 foeLevel=9
support PP=38,33 Carl-defense=8 enemy-attack=6,6
party action uses=1,38 / 0,33
frame=20710 map=34.3 pos=5,5 flags=7
party=2 HP=14/36,6/28 battle=0 battlers=4 outcome=1 PP=1,0 trial=1 donut-ability=0
persistent PP=1,0 status=0,0
growth level/xp/item=10/627/0,9/937/0 stats maxHP/attack,maxHP/magic=36/25,28/14 foesHP=0,0
pattern trainer=856 turn=8 foePP=29,39 foeAtkDef=6,6 CarlAtk=6 foeLevel=9
support PP=38,33 Carl-defense=8 enemy-attack=6,6
party action uses=1,38 / 0,33
frame=20711 map=34.3 pos=5,5 flags=7
party=2 HP=14/36,6/28 battle=0 battlers=4 outcome=1 PP=1,0 trial=1 donut-ability=0
persistent PP=1,0 status=0,0
growth level/xp/item=10/627/0,9/937/0 stats maxHP/attack,maxHP/magic=36/25,28/14 foesHP=0,0
pattern trainer=856 turn=8 foePP=29,39 foeAtkDef=6,6 CarlAtk=6 foeLevel=9
support PP=38,33 Carl-defense=8 enemy-attack=6,6
party action uses=1,38 / 0,33
frame=20831 map=34.3 pos=5,5 flags=7
party=2 HP=14/36,6/28 battle=0 battlers=4 outcome=1 PP=1,0 trial=1 donut-ability=0
persistent PP=1,0 status=0,0
growth level/xp/item=10/627/0,9/937/0 stats maxHP/attack,maxHP/magic=36/25,28/14 foesHP=0,0
pattern trainer=856 turn=8 foePP=29,39 foeAtkDef=6,6 CarlAtk=6 foeLevel=9
support PP=38,33 Carl-defense=8 enemy-attack=6,6
party action uses=1,38 / 0,33
frame=20832 map=34.3 pos=5,5 flags=7
party=2 HP=14/36,6/28 battle=0 battlers=4 outcome=1 PP=1,0 trial=1 donut-ability=0
persistent PP=1,0 status=0,0
growth level/xp/item=10/627/0,9/937/0 stats maxHP/attack,maxHP/magic=36/25,28/14 foesHP=0,0
pattern trainer=856 turn=8 foePP=29,39 foeAtkDef=6,6 CarlAtk=6 foeLevel=9
support PP=38,33 Carl-defense=8 enemy-attack=6,6
party action uses=1,38 / 0,33
frame=20952 map=34.3 pos=5,5 flags=7
party=2 HP=14/36,6/28 battle=0 battlers=4 outcome=1 PP=1,0 trial=1 donut-ability=0
persistent PP=1,0 status=0,0
growth level/xp/item=10/627/0,9/937/0 stats maxHP/attack,maxHP/magic=36/25,28/14 foesHP=0,0
pattern trainer=856 turn=8 foePP=29,39 foeAtkDef=6,6 CarlAtk=6 foeLevel=9
support PP=38,33 Carl-defense=8 enemy-attack=6,6
party action uses=1,38 / 0,33
frame=20953 map=34.3 pos=5,5 flags=7
party=2 HP=14/36,6/28 battle=0 battlers=4 outcome=1 PP=1,0 trial=1 donut-ability=0
persistent PP=1,0 status=0,0
growth level/xp/item=10/627/0,9/937/0 stats maxHP/attack,maxHP/magic=36/25,28/14 foesHP=0,0
pattern trainer=856 turn=8 foePP=29,39 foeAtkDef=6,6 CarlAtk=6 foeLevel=9
support PP=38,33 Carl-defense=8 enemy-attack=6,6
party action uses=1,38 / 0,33
frame=21073 map=34.3 pos=5,5 flags=7
party=2 HP=14/36,6/28 battle=0 battlers=4 outcome=1 PP=1,0 trial=1 donut-ability=0
persistent PP=1,0 status=0,0
growth level/xp/item=10/627/0,9/937/0 stats maxHP/attack,maxHP/magic=36/25,28/14 foesHP=0,0
pattern trainer=856 turn=8 foePP=29,39 foeAtkDef=6,6 CarlAtk=6 foeLevel=9
support PP=38,33 Carl-defense=8 enemy-attack=6,6
party action uses=1,38 / 0,33
frame=21073 map=34.3 pos=5,5 flags=7
party=2 HP=14/36,6/28 battle=0 battlers=4 outcome=1 PP=1,0 trial=1 donut-ability=0
persistent PP=1,0 status=0,0
growth level/xp/item=10/627/0,9/937/0 stats maxHP/attack,maxHP/magic=36/25,28/14 foesHP=0,0
pattern trainer=856 turn=8 foePP=29,39 foeAtkDef=6,6 CarlAtk=6 foeLevel=9
support PP=38,33 Carl-defense=8 enemy-attack=6,6
party action uses=1,38 / 0,33
PASS expect 34 3 5 5 7
frame=21073 map=34.3 pos=5,5 flags=7
party=2 HP=14/36,6/28 battle=0 battlers=4 outcome=1 PP=1,0 trial=1 donut-ability=0
persistent PP=1,0 status=0,0
growth level/xp/item=10/627/0,9/937/0 stats maxHP/attack,maxHP/magic=36/25,28/14 foesHP=0,0
PASS flag 2136 1
pattern trainer=856 turn=8 foePP=29,39 foeAtkDef=6,6 CarlAtk=6 foeLevel=9
support PP=38,33 Carl-defense=8 enemy-attack=6,6
party action uses=1,38 / 0,33
frame=21073 map=34.3 pos=5,5 flags=7
party=2 HP=14/36,6/28 battle=0 battlers=4 outcome=1 PP=1,0 trial=1 donut-ability=0
persistent PP=1,0 status=0,0
growth level/xp/item=10/627/0,9/937/0 stats maxHP/attack,maxHP/magic=36/25,28/14 foesHP=0,0
PASS flag 37 1
pattern trainer=856 turn=8 foePP=29,39 foeAtkDef=6,6 CarlAtk=6 foeLevel=9
support PP=38,33 Carl-defense=8 enemy-attack=6,6
party action uses=1,38 / 0,33
frame=21073 map=34.3 pos=5,5 flags=7
party=2 HP=14/36,6/28 battle=0 battlers=4 outcome=1 PP=1,0 trial=1 donut-ability=0
persistent PP=1,0 status=0,0
growth level/xp/item=10/627/0,9/937/0 stats maxHP/attack,maxHP/magic=36/25,28/14 foesHP=0,0
PASS flag 47 0
pattern trainer=856 turn=8 foePP=29,39 foeAtkDef=6,6 CarlAtk=6 foeLevel=9
support PP=38,33 Carl-defense=8 enemy-attack=6,6
party action uses=1,38 / 0,33
frame=21073 map=34.3 pos=5,5 flags=7
party=2 HP=14/36,6/28 battle=0 battlers=4 outcome=1 PP=1,0 trial=1 donut-ability=0
persistent PP=1,0 status=0,0
growth level/xp/item=10/627/0,9/937/0 stats maxHP/attack,maxHP/magic=36/25,28/14 foesHP=0,0
PASS flag 48 0
pattern trainer=856 turn=8 foePP=29,39 foeAtkDef=6,6 CarlAtk=6 foeLevel=9
support PP=38,33 Carl-defense=8 enemy-attack=6,6
party action uses=1,38 / 0,33
frame=21073 map=34.3 pos=5,5 flags=7
party=2 HP=14/36,6/28 battle=0 battlers=4 outcome=1 PP=1,0 trial=1 donut-ability=0
persistent PP=1,0 status=0,0
growth level/xp/item=10/627/0,9/937/0 stats maxHP/attack,maxHP/magic=36/25,28/14 foesHP=0,0
PASS growth 10 627 0 9 937 0
pattern trainer=856 turn=8 foePP=29,39 foeAtkDef=6,6 CarlAtk=6 foeLevel=9
support PP=38,33 Carl-defense=8 enemy-attack=6,6
party action uses=1,38 / 0,33
frame=21074 map=34.3 pos=5,5 flags=7
party=2 HP=14/36,6/28 battle=0 battlers=4 outcome=1 PP=1,0 trial=1 donut-ability=0
persistent PP=1,0 status=0,0
growth level/xp/item=10/627/0,9/937/0 stats maxHP/attack,maxHP/magic=36/25,28/14 foesHP=0,0
pattern trainer=856 turn=8 foePP=29,39 foeAtkDef=6,6 CarlAtk=6 foeLevel=9
support PP=38,33 Carl-defense=8 enemy-attack=6,6
party action uses=1,38 / 0,33
frame=21194 map=34.3 pos=5,5 flags=7
party=2 HP=14/36,6/28 battle=0 battlers=4 outcome=1 PP=1,0 trial=1 donut-ability=0
persistent PP=1,0 status=0,0
growth level/xp/item=10/627/0,9/937/0 stats maxHP/attack,maxHP/magic=36/25,28/14 foesHP=0,0
pattern trainer=856 turn=8 foePP=29,39 foeAtkDef=6,6 CarlAtk=6 foeLevel=9
support PP=38,33 Carl-defense=8 enemy-attack=6,6
party action uses=1,38 / 0,33
frame=21195 map=34.3 pos=5,5 flags=7
party=2 HP=14/36,6/28 battle=0 battlers=4 outcome=1 PP=1,0 trial=1 donut-ability=0
persistent PP=1,0 status=0,0
growth level/xp/item=10/627/0,9/937/0 stats maxHP/attack,maxHP/magic=36/25,28/14 foesHP=0,0
pattern trainer=856 turn=8 foePP=29,39 foeAtkDef=6,6 CarlAtk=6 foeLevel=9
support PP=38,33 Carl-defense=8 enemy-attack=6,6
party action uses=1,38 / 0,33
frame=21215 map=34.3 pos=5,5 flags=7
party=2 HP=14/36,6/28 battle=0 battlers=4 outcome=1 PP=1,0 trial=1 donut-ability=0
persistent PP=1,0 status=0,0
growth level/xp/item=10/627/0,9/937/0 stats maxHP/attack,maxHP/magic=36/25,28/14 foesHP=0,0
pattern trainer=856 turn=8 foePP=29,39 foeAtkDef=6,6 CarlAtk=6 foeLevel=9
support PP=38,33 Carl-defense=8 enemy-attack=6,6
party action uses=1,38 / 0,33
frame=21216 map=34.3 pos=5,5 flags=7
party=2 HP=14/36,6/28 battle=0 battlers=4 outcome=1 PP=1,0 trial=1 donut-ability=0
persistent PP=1,0 status=0,0
growth level/xp/item=10/627/0,9/937/0 stats maxHP/attack,maxHP/magic=36/25,28/14 foesHP=0,0
pattern trainer=856 turn=8 foePP=29,39 foeAtkDef=6,6 CarlAtk=6 foeLevel=9
support PP=38,33 Carl-defense=8 enemy-attack=6,6
party action uses=1,38 / 0,33
frame=21236 map=34.3 pos=5,5 flags=7
party=2 HP=14/36,6/28 battle=0 battlers=4 outcome=1 PP=1,0 trial=1 donut-ability=0
persistent PP=1,0 status=0,0
growth level/xp/item=10/627/0,9/937/0 stats maxHP/attack,maxHP/magic=36/25,28/14 foesHP=0,0
pattern trainer=856 turn=8 foePP=29,39 foeAtkDef=6,6 CarlAtk=6 foeLevel=9
support PP=38,33 Carl-defense=8 enemy-attack=6,6
party action uses=1,38 / 0,33
frame=21237 map=34.3 pos=5,5 flags=7
party=2 HP=14/36,6/28 battle=0 battlers=4 outcome=1 PP=1,0 trial=1 donut-ability=0
persistent PP=1,0 status=0,0
growth level/xp/item=10/627/0,9/937/0 stats maxHP/attack,maxHP/magic=36/25,28/14 foesHP=0,0
pattern trainer=856 turn=8 foePP=29,39 foeAtkDef=6,6 CarlAtk=6 foeLevel=9
support PP=38,33 Carl-defense=8 enemy-attack=6,6
party action uses=1,38 / 0,33
frame=21397 map=34.3 pos=5,5 flags=7
party=2 HP=14/36,6/28 battle=0 battlers=4 outcome=1 PP=1,0 trial=1 donut-ability=0
persistent PP=1,0 status=0,0
growth level/xp/item=10/627/0,9/937/0 stats maxHP/attack,maxHP/magic=36/25,28/14 foesHP=0,0
pattern trainer=856 turn=8 foePP=29,39 foeAtkDef=6,6 CarlAtk=6 foeLevel=9
support PP=38,33 Carl-defense=8 enemy-attack=6,6
party action uses=1,38 / 0,33
frame=21398 map=34.3 pos=5,5 flags=7
party=2 HP=14/36,6/28 battle=0 battlers=4 outcome=1 PP=1,0 trial=1 donut-ability=0
persistent PP=1,0 status=0,0
growth level/xp/item=10/627/0,9/937/0 stats maxHP/attack,maxHP/magic=36/25,28/14 foesHP=0,0
pattern trainer=856 turn=8 foePP=29,39 foeAtkDef=6,6 CarlAtk=6 foeLevel=9
support PP=38,33 Carl-defense=8 enemy-attack=6,6
party action uses=1,38 / 0,33
frame=21578 map=34.3 pos=5,5 flags=7
party=2 HP=14/36,6/28 battle=0 battlers=4 outcome=1 PP=1,0 trial=1 donut-ability=0
persistent PP=1,0 status=0,0
growth level/xp/item=10/627/0,9/937/0 stats maxHP/attack,maxHP/magic=36/25,28/14 foesHP=0,0
pattern trainer=856 turn=8 foePP=29,39 foeAtkDef=6,6 CarlAtk=6 foeLevel=9
support PP=38,33 Carl-defense=8 enemy-attack=6,6
party action uses=1,38 / 0,33
frame=21579 map=34.3 pos=5,5 flags=7
party=2 HP=14/36,6/28 battle=0 battlers=4 outcome=1 PP=1,0 trial=1 donut-ability=0
persistent PP=1,0 status=0,0
growth level/xp/item=10/627/0,9/937/0 stats maxHP/attack,maxHP/magic=36/25,28/14 foesHP=0,0
pattern trainer=856 turn=8 foePP=29,39 foeAtkDef=6,6 CarlAtk=6 foeLevel=9
support PP=38,33 Carl-defense=8 enemy-attack=6,6
party action uses=1,38 / 0,33
frame=22179 map=34.3 pos=5,5 flags=7
party=2 HP=14/36,6/28 battle=0 battlers=4 outcome=1 PP=1,0 trial=1 donut-ability=0
persistent PP=1,0 status=0,0
growth level/xp/item=10/627/0,9/937/0 stats maxHP/attack,maxHP/magic=36/25,28/14 foesHP=0,0
pattern trainer=856 turn=8 foePP=29,39 foeAtkDef=6,6 CarlAtk=6 foeLevel=9
support PP=38,33 Carl-defense=8 enemy-attack=6,6
party action uses=1,38 / 0,33
frame=22180 map=34.3 pos=5,5 flags=7
party=2 HP=14/36,6/28 battle=0 battlers=4 outcome=1 PP=1,0 trial=1 donut-ability=0
persistent PP=1,0 status=0,0
growth level/xp/item=10/627/0,9/937/0 stats maxHP/attack,maxHP/magic=36/25,28/14 foesHP=0,0
pattern trainer=856 turn=8 foePP=29,39 foeAtkDef=6,6 CarlAtk=6 foeLevel=9
support PP=38,33 Carl-defense=8 enemy-attack=6,6
party action uses=1,38 / 0,33
frame=22780 map=34.3 pos=5,5 flags=7
party=2 HP=14/36,6/28 battle=0 battlers=4 outcome=1 PP=1,0 trial=1 donut-ability=0
persistent PP=1,0 status=0,0
growth level/xp/item=10/627/0,9/937/0 stats maxHP/attack,maxHP/magic=36/25,28/14 foesHP=0,0
pattern trainer=856 turn=8 foePP=29,39 foeAtkDef=6,6 CarlAtk=6 foeLevel=9
support PP=38,33 Carl-defense=8 enemy-attack=6,6
party action uses=1,38 / 0,33
frame=22780 map=34.3 pos=5,5 flags=7
party=2 HP=14/36,6/28 battle=0 battlers=4 outcome=1 PP=1,0 trial=1 donut-ability=0
persistent PP=1,0 status=0,0
growth level/xp/item=10/627/0,9/937/0 stats maxHP/attack,maxHP/magic=36/25,28/14 foesHP=0,0
pattern trainer=856 turn=8 foePP=29,39 foeAtkDef=6,6 CarlAtk=6 foeLevel=9
support PP=38,33 Carl-defense=8 enemy-attack=6,6
party action uses=1,38 / 0,33
PASS expect 34 3 5 5 7
frame=22780 map=34.3 pos=5,5 flags=7
party=2 HP=14/36,6/28 battle=0 battlers=4 outcome=1 PP=1,0 trial=1 donut-ability=0
persistent PP=1,0 status=0,0
growth level/xp/item=10/627/0,9/937/0 stats maxHP/attack,maxHP/magic=36/25,28/14 foesHP=0,0
PASS flag 2136 1
pattern trainer=856 turn=8 foePP=29,39 foeAtkDef=6,6 CarlAtk=6 foeLevel=9
support PP=38,33 Carl-defense=8 enemy-attack=6,6
party action uses=1,38 / 0,33
frame=22780 map=34.3 pos=5,5 flags=7
party=2 HP=14/36,6/28 battle=0 battlers=4 outcome=1 PP=1,0 trial=1 donut-ability=0
persistent PP=1,0 status=0,0
growth level/xp/item=10/627/0,9/937/0 stats maxHP/attack,maxHP/magic=36/25,28/14 foesHP=0,0
PASS flag 37 1
pattern trainer=856 turn=8 foePP=29,39 foeAtkDef=6,6 CarlAtk=6 foeLevel=9
support PP=38,33 Carl-defense=8 enemy-attack=6,6
party action uses=1,38 / 0,33
frame=22780 map=34.3 pos=5,5 flags=7
party=2 HP=14/36,6/28 battle=0 battlers=4 outcome=1 PP=1,0 trial=1 donut-ability=0
persistent PP=1,0 status=0,0
growth level/xp/item=10/627/0,9/937/0 stats maxHP/attack,maxHP/magic=36/25,28/14 foesHP=0,0
PASS flag 47 0
pattern trainer=856 turn=8 foePP=29,39 foeAtkDef=6,6 CarlAtk=6 foeLevel=9
support PP=38,33 Carl-defense=8 enemy-attack=6,6
party action uses=1,38 / 0,33
frame=22780 map=34.3 pos=5,5 flags=7
party=2 HP=14/36,6/28 battle=0 battlers=4 outcome=1 PP=1,0 trial=1 donut-ability=0
persistent PP=1,0 status=0,0
growth level/xp/item=10/627/0,9/937/0 stats maxHP/attack,maxHP/magic=36/25,28/14 foesHP=0,0
PASS flag 48 0
pattern trainer=856 turn=8 foePP=29,39 foeAtkDef=6,6 CarlAtk=6 foeLevel=9
support PP=38,33 Carl-defense=8 enemy-attack=6,6
party action uses=1,38 / 0,33
frame=22780 map=34.3 pos=5,5 flags=7
party=2 HP=14/36,6/28 battle=0 battlers=4 outcome=1 PP=1,0 trial=1 donut-ability=0
persistent PP=1,0 status=0,0
growth level/xp/item=10/627/0,9/937/0 stats maxHP/attack,maxHP/magic=36/25,28/14 foesHP=0,0
PASS growth 10 627 0 9 937 0
pattern trainer=856 turn=8 foePP=29,39 foeAtkDef=6,6 CarlAtk=6 foeLevel=9
support PP=38,33 Carl-defense=8 enemy-attack=6,6
party action uses=1,38 / 0,33
result=0 assertions=27
