make: Entering directory '/workspace/DungeonCrawlerCarlemon/artifacts/floor1/a01/boundaries-162utiud/source/engine'
tools/scaninc/scaninc -M build/emerald/src/battle_script_commands.d -g build/assets -I include -I tools/agbcc/include src/battle_script_commands.c
tools/scaninc/scaninc -M build/emerald/src/battle_setup.d -g build/assets -I include -I tools/agbcc/include src/battle_setup.c
tools/scaninc/scaninc -M build/emerald/src/crawler.d -g build/assets -I include -I tools/agbcc/include src/crawler.c
tools/scaninc/scaninc -M build/emerald/src/crawler_identity.d -g build/assets -I include -I tools/agbcc/include src/crawler_identity.c
tools/scaninc/scaninc -M build/emerald/src/event_object_movement.d -g build/assets -I include -I tools/agbcc/include src/event_object_movement.c
tools/scaninc/scaninc -M build/emerald/src/fieldmap.d -g build/assets -I include -I tools/agbcc/include src/fieldmap.c
tools/scaninc/scaninc -M build/emerald/src/overworld.d -g build/assets -I include -I tools/agbcc/include src/overworld.c
tools/scaninc/scaninc -M build/emerald/data/event_scripts.d -g build/assets -I include -I "" data/event_scripts.s
tools/agbcc/bin/agbcc <flags> -o build/emerald/src/battle_script_commands.o src/battle_script_commands.c
tools/agbcc/bin/agbcc <flags> -o build/emerald/src/battle_setup.o src/battle_setup.c
tools/agbcc/bin/agbcc <flags> -o build/emerald/src/crawler.o src/crawler.c
tools/agbcc/bin/agbcc <flags> -o build/emerald/src/crawler_identity.o src/crawler_identity.c
tools/agbcc/bin/agbcc <flags> -o build/emerald/src/event_object_movement.o src/event_object_movement.c
tools/agbcc/bin/agbcc <flags> -o build/emerald/src/fieldmap.o src/fieldmap.c
tools/agbcc/bin/agbcc <flags> -o build/emerald/src/overworld.o src/overworld.c
tools/preproc/preproc data/event_scripts.s charmap.txt | cc -E -I include - | tools/preproc/preproc -ie data/event_scripts.s charmap.txt | arm-none-eabi-as -mcpu=arm7tdmi --defsym MODERN=0 -o build/emerald/data/event_scripts.o
tools/ramscrgen/ramscrgen COMMON sym_common.txt ENGLISH -c build/emerald/src,common_syms > build/emerald/sym_common.ld
Memory region         Used Size  Region Size  %age Used
           EWRAM:      256142 B       256 KB     97.71%
           IWRAM:       30892 B        32 KB     94.27%
             ROM:    14932658 B        32 MB     44.50%
      SaveBlock1:       15752 B      15872 B     99.24%
      SaveBlock2:        3884 B       3968 B     97.88%
  PokemonStorage:       33744 B      35712 B     94.49%
cd build/emerald && arm-none-eabi-ld -Map ../../pokeemerald.map -T ../../ld_script.ld --print-memory-usage -o ../../pokeemerald.elf <objs> <libs>
tools/gbafix/gbafix pokeemerald.elf -t"POKEMON EMER" -cBPEE -m01 -r0 --silent
arm-none-eabi-objcopy -O binary pokeemerald.elf pokeemerald.gba
tools/gbafix/gbafix pokeemerald.gba -p --silent
make: Leaving directory '/workspace/DungeonCrawlerCarlemon/artifacts/floor1/a01/boundaries-162utiud/source/engine'
