mGBA 0.10.5; 240x160; save=/workspace/DungeonCrawlerCarlemon/artifacts/floor1/g01/observe-14u_5hmo/closed-copy.sav; read-only RAM diagnostics
frame=720 map=35.0 pos=30,12 flags=0
party=2 HP=30/30,26/26 battle=0 battlers=0 outcome=0 PP=0,0 trial=0 donut-ability=0
persistent PP=8,2 status=0,0
growth level/xp/item=8/399/0,8/709/0 stats maxHP/attack,maxHP/magic=30/20,26/13 foesHP=0,0
pattern trainer=0 turn=0 foePP=0,0 foeAtkDef=0,0 CarlAtk=0 foeLevel=0
support PP=0,0 Carl-defense=0 enemy-attack=0,0
party action uses=8,40 / 2,40
frame=721 map=35.0 pos=30,12 flags=0
party=2 HP=30/30,26/26 battle=0 battlers=0 outcome=0 PP=0,0 trial=0 donut-ability=0
persistent PP=8,2 status=0,0
growth level/xp/item=8/399/0,8/709/0 stats maxHP/attack,maxHP/magic=30/20,26/13 foesHP=0,0
pattern trainer=0 turn=0 foePP=0,0 foeAtkDef=0,0 CarlAtk=0 foeLevel=0
support PP=0,0 Carl-defense=0 enemy-attack=0,0
party action uses=8,40 / 2,40
frame=1081 map=35.0 pos=30,12 flags=0
party=2 HP=30/30,26/26 battle=0 battlers=0 outcome=0 PP=0,0 trial=0 donut-ability=0
persistent PP=8,2 status=0,0
growth level/xp/item=8/399/0,8/709/0 stats maxHP/attack,maxHP/magic=30/20,26/13 foesHP=0,0
pattern trainer=0 turn=0 foePP=0,0 foeAtkDef=0,0 CarlAtk=0 foeLevel=0
support PP=0,0 Carl-defense=0 enemy-attack=0,0
party action uses=8,40 / 2,40
frame=1082 map=35.0 pos=30,12 flags=0
party=2 HP=30/30,26/26 battle=0 battlers=0 outcome=0 PP=0,0 trial=0 donut-ability=0
persistent PP=8,2 status=0,0
growth level/xp/item=8/399/0,8/709/0 stats maxHP/attack,maxHP/magic=30/20,26/13 foesHP=0,0
pattern trainer=0 turn=0 foePP=0,0 foeAtkDef=0,0 CarlAtk=0 foeLevel=0
support PP=0,0 Carl-defense=0 enemy-attack=0,0
party action uses=8,40 / 2,40
frame=1262 map=35.0 pos=30,12 flags=0
party=2 HP=30/30,26/26 battle=0 battlers=0 outcome=0 PP=0,0 trial=0 donut-ability=0
persistent PP=8,2 status=0,0
growth level/xp/item=8/399/0,8/709/0 stats maxHP/attack,maxHP/magic=30/20,26/13 foesHP=0,0
pattern trainer=0 turn=0 foePP=0,0 foeAtkDef=0,0 CarlAtk=0 foeLevel=0
support PP=0,0 Carl-defense=0 enemy-attack=0,0
party action uses=8,40 / 2,40
frame=1263 map=35.0 pos=30,12 flags=0
party=2 HP=30/30,26/26 battle=0 battlers=0 outcome=0 PP=0,0 trial=0 donut-ability=0
persistent PP=8,2 status=0,0
growth level/xp/item=8/399/0,8/709/0 stats maxHP/attack,maxHP/magic=30/20,26/13 foesHP=0,0
pattern trainer=0 turn=0 foePP=0,0 foeAtkDef=0,0 CarlAtk=0 foeLevel=0
support PP=0,0 Carl-defense=0 enemy-attack=0,0
party action uses=8,40 / 2,40
frame=1443 map=35.0 pos=30,12 flags=0
party=2 HP=30/30,26/26 battle=0 battlers=0 outcome=0 PP=0,0 trial=0 donut-ability=0
persistent PP=8,2 status=0,0
growth level/xp/item=8/399/0,8/709/0 stats maxHP/attack,maxHP/magic=30/20,26/13 foesHP=0,0
pattern trainer=0 turn=0 foePP=0,0 foeAtkDef=0,0 CarlAtk=0 foeLevel=0
support PP=0,0 Carl-defense=0 enemy-attack=0,0
party action uses=8,40 / 2,40
frame=1444 map=35.0 pos=30,12 flags=0
party=2 HP=30/30,26/26 battle=0 battlers=0 outcome=0 PP=0,0 trial=0 donut-ability=0
persistent PP=8,2 status=0,0
growth level/xp/item=8/399/0,8/709/0 stats maxHP/attack,maxHP/magic=30/20,26/13 foesHP=0,0
pattern trainer=0 turn=0 foePP=0,0 foeAtkDef=0,0 CarlAtk=0 foeLevel=0
support PP=0,0 Carl-defense=0 enemy-attack=0,0
party action uses=8,40 / 2,40
frame=2044 map=35.0 pos=30,12 flags=0
party=2 HP=30/30,26/26 battle=0 battlers=0 outcome=0 PP=0,0 trial=0 donut-ability=0
persistent PP=8,2 status=0,0
growth level/xp/item=8/399/0,8/709/0 stats maxHP/attack,maxHP/magic=30/20,26/13 foesHP=0,0
pattern trainer=0 turn=0 foePP=0,0 foeAtkDef=0,0 CarlAtk=0 foeLevel=0
support PP=0,0 Carl-defense=0 enemy-attack=0,0
party action uses=8,40 / 2,40
frame=2044 map=35.0 pos=30,12 flags=0
party=2 HP=30/30,26/26 battle=0 battlers=0 outcome=0 PP=0,0 trial=0 donut-ability=0
persistent PP=8,2 status=0,0
growth level/xp/item=8/399/0,8/709/0 stats maxHP/attack,maxHP/magic=30/20,26/13 foesHP=0,0
pattern trainer=0 turn=0 foePP=0,0 foeAtkDef=0,0 CarlAtk=0 foeLevel=0
support PP=0,0 Carl-defense=0 enemy-attack=0,0
party action uses=8,40 / 2,40
PASS expect 35 0 30 12 0
frame=2044 map=35.0 pos=30,12 flags=0
party=2 HP=30/30,26/26 battle=0 battlers=0 outcome=0 PP=0,0 trial=0 donut-ability=0
persistent PP=8,2 status=0,0
growth level/xp/item=8/399/0,8/709/0 stats maxHP/attack,maxHP/magic=30/20,26/13 foesHP=0,0
pattern trainer=0 turn=0 foePP=0,0 foeAtkDef=0,0 CarlAtk=0 foeLevel=0
support PP=0,0 Carl-defense=0 enemy-attack=0,0
party action uses=8,40 / 2,40
PASS duo healthy
frame=2044 map=35.0 pos=30,12 flags=0
party=2 HP=30/30,26/26 battle=0 battlers=0 outcome=0 PP=0,0 trial=0 donut-ability=0
persistent PP=8,2 status=0,0
growth level/xp/item=8/399/0,8/709/0 stats maxHP/attack,maxHP/magic=30/20,26/13 foesHP=0,0
pattern trainer=0 turn=0 foePP=0,0 foeAtkDef=0,0 CarlAtk=0 foeLevel=0
support PP=0,0 Carl-defense=0 enemy-attack=0,0
party action uses=8,40 / 2,40
PASS uses 8 40 2 40
frame=2044 map=35.0 pos=30,12 flags=0
party=2 HP=30/30,26/26 battle=0 battlers=0 outcome=0 PP=0,0 trial=0 donut-ability=0
persistent PP=8,2 status=0,0
growth level/xp/item=8/399/0,8/709/0 stats maxHP/attack,maxHP/magic=30/20,26/13 foesHP=0,0
PASS flag 32 0
pattern trainer=0 turn=0 foePP=0,0 foeAtkDef=0,0 CarlAtk=0 foeLevel=0
support PP=0,0 Carl-defense=0 enemy-attack=0,0
party action uses=8,40 / 2,40
frame=2044 map=35.0 pos=30,12 flags=0
party=2 HP=30/30,26/26 battle=0 battlers=0 outcome=0 PP=0,0 trial=0 donut-ability=0
persistent PP=8,2 status=0,0
growth level/xp/item=8/399/0,8/709/0 stats maxHP/attack,maxHP/magic=30/20,26/13 foesHP=0,0
PASS flag 33 0
pattern trainer=0 turn=0 foePP=0,0 foeAtkDef=0,0 CarlAtk=0 foeLevel=0
support PP=0,0 Carl-defense=0 enemy-attack=0,0
party action uses=8,40 / 2,40
frame=2044 map=35.0 pos=30,12 flags=0
party=2 HP=30/30,26/26 battle=0 battlers=0 outcome=0 PP=0,0 trial=0 donut-ability=0
persistent PP=8,2 status=0,0
growth level/xp/item=8/399/0,8/709/0 stats maxHP/attack,maxHP/magic=30/20,26/13 foesHP=0,0
PASS flag 34 0
pattern trainer=0 turn=0 foePP=0,0 foeAtkDef=0,0 CarlAtk=0 foeLevel=0
support PP=0,0 Carl-defense=0 enemy-attack=0,0
party action uses=8,40 / 2,40
frame=2044 map=35.0 pos=30,12 flags=0
party=2 HP=30/30,26/26 battle=0 battlers=0 outcome=0 PP=0,0 trial=0 donut-ability=0
persistent PP=8,2 status=0,0
growth level/xp/item=8/399/0,8/709/0 stats maxHP/attack,maxHP/magic=30/20,26/13 foesHP=0,0
PASS flag 35 0
pattern trainer=0 turn=0 foePP=0,0 foeAtkDef=0,0 CarlAtk=0 foeLevel=0
support PP=0,0 Carl-defense=0 enemy-attack=0,0
party action uses=8,40 / 2,40
frame=2044 map=35.0 pos=30,12 flags=0
party=2 HP=30/30,26/26 battle=0 battlers=0 outcome=0 PP=0,0 trial=0 donut-ability=0
persistent PP=8,2 status=0,0
growth level/xp/item=8/399/0,8/709/0 stats maxHP/attack,maxHP/magic=30/20,26/13 foesHP=0,0
PASS flag 36 0
pattern trainer=0 turn=0 foePP=0,0 foeAtkDef=0,0 CarlAtk=0 foeLevel=0
support PP=0,0 Carl-defense=0 enemy-attack=0,0
party action uses=8,40 / 2,40
frame=2044 map=35.0 pos=30,12 flags=0
party=2 HP=30/30,26/26 battle=0 battlers=0 outcome=0 PP=0,0 trial=0 donut-ability=0
persistent PP=8,2 status=0,0
growth level/xp/item=8/399/0,8/709/0 stats maxHP/attack,maxHP/magic=30/20,26/13 foesHP=0,0
PASS flag 37 0
pattern trainer=0 turn=0 foePP=0,0 foeAtkDef=0,0 CarlAtk=0 foeLevel=0
support PP=0,0 Carl-defense=0 enemy-attack=0,0
party action uses=8,40 / 2,40
frame=2044 map=35.0 pos=30,12 flags=0
party=2 HP=30/30,26/26 battle=0 battlers=0 outcome=0 PP=0,0 trial=0 donut-ability=0
persistent PP=8,2 status=0,0
growth level/xp/item=8/399/0,8/709/0 stats maxHP/attack,maxHP/magic=30/20,26/13 foesHP=0,0
PASS flag 38 0
pattern trainer=0 turn=0 foePP=0,0 foeAtkDef=0,0 CarlAtk=0 foeLevel=0
support PP=0,0 Carl-defense=0 enemy-attack=0,0
party action uses=8,40 / 2,40
frame=2044 map=35.0 pos=30,12 flags=0
party=2 HP=30/30,26/26 battle=0 battlers=0 outcome=0 PP=0,0 trial=0 donut-ability=0
persistent PP=8,2 status=0,0
growth level/xp/item=8/399/0,8/709/0 stats maxHP/attack,maxHP/magic=30/20,26/13 foesHP=0,0
PASS flag 39 0
pattern trainer=0 turn=0 foePP=0,0 foeAtkDef=0,0 CarlAtk=0 foeLevel=0
support PP=0,0 Carl-defense=0 enemy-attack=0,0
party action uses=8,40 / 2,40
frame=2044 map=35.0 pos=30,12 flags=0
party=2 HP=30/30,26/26 battle=0 battlers=0 outcome=0 PP=0,0 trial=0 donut-ability=0
persistent PP=8,2 status=0,0
growth level/xp/item=8/399/0,8/709/0 stats maxHP/attack,maxHP/magic=30/20,26/13 foesHP=0,0
PASS flag 40 0
pattern trainer=0 turn=0 foePP=0,0 foeAtkDef=0,0 CarlAtk=0 foeLevel=0
support PP=0,0 Carl-defense=0 enemy-attack=0,0
party action uses=8,40 / 2,40
frame=2044 map=35.0 pos=30,12 flags=0
party=2 HP=30/30,26/26 battle=0 battlers=0 outcome=0 PP=0,0 trial=0 donut-ability=0
persistent PP=8,2 status=0,0
growth level/xp/item=8/399/0,8/709/0 stats maxHP/attack,maxHP/magic=30/20,26/13 foesHP=0,0
PASS flag 41 0
pattern trainer=0 turn=0 foePP=0,0 foeAtkDef=0,0 CarlAtk=0 foeLevel=0
support PP=0,0 Carl-defense=0 enemy-attack=0,0
party action uses=8,40 / 2,40
frame=2044 map=35.0 pos=30,12 flags=0
party=2 HP=30/30,26/26 battle=0 battlers=0 outcome=0 PP=0,0 trial=0 donut-ability=0
persistent PP=8,2 status=0,0
growth level/xp/item=8/399/0,8/709/0 stats maxHP/attack,maxHP/magic=30/20,26/13 foesHP=0,0
PASS flag 42 0
pattern trainer=0 turn=0 foePP=0,0 foeAtkDef=0,0 CarlAtk=0 foeLevel=0
support PP=0,0 Carl-defense=0 enemy-attack=0,0
party action uses=8,40 / 2,40
frame=2044 map=35.0 pos=30,12 flags=0
party=2 HP=30/30,26/26 battle=0 battlers=0 outcome=0 PP=0,0 trial=0 donut-ability=0
persistent PP=8,2 status=0,0
growth level/xp/item=8/399/0,8/709/0 stats maxHP/attack,maxHP/magic=30/20,26/13 foesHP=0,0
PASS flag 43 0
pattern trainer=0 turn=0 foePP=0,0 foeAtkDef=0,0 CarlAtk=0 foeLevel=0
support PP=0,0 Carl-defense=0 enemy-attack=0,0
party action uses=8,40 / 2,40
frame=2044 map=35.0 pos=30,12 flags=0
party=2 HP=30/30,26/26 battle=0 battlers=0 outcome=0 PP=0,0 trial=0 donut-ability=0
persistent PP=8,2 status=0,0
growth level/xp/item=8/399/0,8/709/0 stats maxHP/attack,maxHP/magic=30/20,26/13 foesHP=0,0
PASS flag 44 0
pattern trainer=0 turn=0 foePP=0,0 foeAtkDef=0,0 CarlAtk=0 foeLevel=0
support PP=0,0 Carl-defense=0 enemy-attack=0,0
party action uses=8,40 / 2,40
frame=2044 map=35.0 pos=30,12 flags=0
party=2 HP=30/30,26/26 battle=0 battlers=0 outcome=0 PP=0,0 trial=0 donut-ability=0
persistent PP=8,2 status=0,0
growth level/xp/item=8/399/0,8/709/0 stats maxHP/attack,maxHP/magic=30/20,26/13 foesHP=0,0
PASS flag 45 0
pattern trainer=0 turn=0 foePP=0,0 foeAtkDef=0,0 CarlAtk=0 foeLevel=0
support PP=0,0 Carl-defense=0 enemy-attack=0,0
party action uses=8,40 / 2,40
frame=2044 map=35.0 pos=30,12 flags=0
party=2 HP=30/30,26/26 battle=0 battlers=0 outcome=0 PP=0,0 trial=0 donut-ability=0
persistent PP=8,2 status=0,0
growth level/xp/item=8/399/0,8/709/0 stats maxHP/attack,maxHP/magic=30/20,26/13 foesHP=0,0
PASS flag 46 0
pattern trainer=0 turn=0 foePP=0,0 foeAtkDef=0,0 CarlAtk=0 foeLevel=0
support PP=0,0 Carl-defense=0 enemy-attack=0,0
party action uses=8,40 / 2,40
frame=2044 map=35.0 pos=30,12 flags=0
party=2 HP=30/30,26/26 battle=0 battlers=0 outcome=0 PP=0,0 trial=0 donut-ability=0
persistent PP=8,2 status=0,0
growth level/xp/item=8/399/0,8/709/0 stats maxHP/attack,maxHP/magic=30/20,26/13 foesHP=0,0
PASS flag 47 0
pattern trainer=0 turn=0 foePP=0,0 foeAtkDef=0,0 CarlAtk=0 foeLevel=0
support PP=0,0 Carl-defense=0 enemy-attack=0,0
party action uses=8,40 / 2,40
frame=2044 map=35.0 pos=30,12 flags=0
party=2 HP=30/30,26/26 battle=0 battlers=0 outcome=0 PP=0,0 trial=0 donut-ability=0
persistent PP=8,2 status=0,0
growth level/xp/item=8/399/0,8/709/0 stats maxHP/attack,maxHP/magic=30/20,26/13 foesHP=0,0
PASS flag 48 0
pattern trainer=0 turn=0 foePP=0,0 foeAtkDef=0,0 CarlAtk=0 foeLevel=0
support PP=0,0 Carl-defense=0 enemy-attack=0,0
party action uses=8,40 / 2,40
frame=2044 map=35.0 pos=30,12 flags=0
party=2 HP=30/30,26/26 battle=0 battlers=0 outcome=0 PP=0,0 trial=0 donut-ability=0
persistent PP=8,2 status=0,0
growth level/xp/item=8/399/0,8/709/0 stats maxHP/attack,maxHP/magic=30/20,26/13 foesHP=0,0
PASS flag 2135 0
pattern trainer=0 turn=0 foePP=0,0 foeAtkDef=0,0 CarlAtk=0 foeLevel=0
support PP=0,0 Carl-defense=0 enemy-attack=0,0
party action uses=8,40 / 2,40
frame=2044 map=35.0 pos=30,12 flags=0
party=2 HP=30/30,26/26 battle=0 battlers=0 outcome=0 PP=0,0 trial=0 donut-ability=0
persistent PP=8,2 status=0,0
growth level/xp/item=8/399/0,8/709/0 stats maxHP/attack,maxHP/magic=30/20,26/13 foesHP=0,0
PASS flag 2136 0
pattern trainer=0 turn=0 foePP=0,0 foeAtkDef=0,0 CarlAtk=0 foeLevel=0
support PP=0,0 Carl-defense=0 enemy-attack=0,0
party action uses=8,40 / 2,40
frame=2044 map=35.0 pos=30,12 flags=0
party=2 HP=30/30,26/26 battle=0 battlers=0 outcome=0 PP=0,0 trial=0 donut-ability=0
persistent PP=8,2 status=0,0
growth level/xp/item=8/399/0,8/709/0 stats maxHP/attack,maxHP/magic=30/20,26/13 foesHP=0,0
PASS flag 2137 0
pattern trainer=0 turn=0 foePP=0,0 foeAtkDef=0,0 CarlAtk=0 foeLevel=0
support PP=0,0 Carl-defense=0 enemy-attack=0,0
party action uses=8,40 / 2,40
frame=2044 map=35.0 pos=30,12 flags=0
party=2 HP=30/30,26/26 battle=0 battlers=0 outcome=0 PP=0,0 trial=0 donut-ability=0
persistent PP=8,2 status=0,0
growth level/xp/item=8/399/0,8/709/0 stats maxHP/attack,maxHP/magic=30/20,26/13 foesHP=0,0
PASS flag 2138 0
pattern trainer=0 turn=0 foePP=0,0 foeAtkDef=0,0 CarlAtk=0 foeLevel=0
support PP=0,0 Carl-defense=0 enemy-attack=0,0
party action uses=8,40 / 2,40
frame=2044 map=35.0 pos=30,12 flags=0
party=2 HP=30/30,26/26 battle=0 battlers=0 outcome=0 PP=0,0 trial=0 donut-ability=0
persistent PP=8,2 status=0,0
growth level/xp/item=8/399/0,8/709/0 stats maxHP/attack,maxHP/magic=30/20,26/13 foesHP=0,0
PASS flag 2139 0
pattern trainer=0 turn=0 foePP=0,0 foeAtkDef=0,0 CarlAtk=0 foeLevel=0
support PP=0,0 Carl-defense=0 enemy-attack=0,0
party action uses=8,40 / 2,40
PASS extent 79 62
PASS tile 0 0 15916
PASS tile 1 0 15916
PASS tile 2 0 15916
PASS tile 3 0 15916
PASS tile 4 0 15916
PASS tile 5 0 15916
PASS tile 6 0 15916
PASS tile 7 0 15916
PASS tile 8 0 15916
PASS tile 9 0 15916
PASS tile 10 0 15916
PASS tile 11 0 15916
PASS tile 12 0 15916
PASS tile 13 0 15916
PASS tile 14 0 15916
PASS tile 15 0 15916
PASS tile 16 0 15916
PASS tile 17 0 15916
PASS tile 18 0 15916
PASS tile 19 0 15916
PASS tile 20 0 15916
PASS tile 21 0 15916
PASS tile 22 0 15916
PASS tile 23 0 15916
PASS tile 24 0 15916
PASS tile 25 0 15916
PASS tile 26 0 15916
PASS tile 27 0 15916
PASS tile 28 0 15916
PASS tile 29 0 15916
PASS tile 30 0 15916
PASS tile 31 0 15916
PASS tile 32 0 15916
PASS tile 33 0 15916
PASS tile 34 0 15916
PASS tile 35 0 15916
PASS tile 36 0 15916
PASS tile 37 0 15916
PASS tile 38 0 15916
PASS tile 39 0 15916
PASS tile 40 0 15916
PASS tile 41 0 15916
PASS tile 42 0 15916
PASS tile 43 0 15916
PASS tile 44 0 15916
PASS tile 45 0 15916
PASS tile 46 0 15916
PASS tile 47 0 15916
PASS tile 48 0 15916
PASS tile 49 0 15916
PASS tile 50 0 15916
PASS tile 51 0 15916
PASS tile 52 0 15916
PASS tile 53 0 15916
PASS tile 54 0 15916
PASS tile 55 0 15916
PASS tile 56 0 15916
PASS tile 57 0 15916
PASS tile 58 0 15916
PASS tile 59 0 15916
PASS tile 60 0 15916
PASS tile 61 0 15916
PASS tile 62 0 15916
PASS tile 63 0 15916
PASS tile 0 1 15916
PASS tile 1 1 15916
PASS tile 2 1 15916
PASS tile 3 1 15916
PASS tile 4 1 15916
PASS tile 5 1 15916
PASS tile 6 1 15916
PASS tile 7 1 15916
PASS tile 8 1 15916
PASS tile 9 1 15916
PASS tile 10 1 15916
PASS tile 11 1 15916
PASS tile 12 1 15916
PASS tile 13 1 15916
PASS tile 14 1 15916
PASS tile 15 1 15916
PASS tile 16 1 15916
PASS tile 17 1 15916
PASS tile 18 1 15916
PASS tile 19 1 15916
PASS tile 20 1 15916
PASS tile 21 1 15916
PASS tile 22 1 15916
PASS tile 23 1 15916
PASS tile 24 1 15916
PASS tile 25 1 15916
PASS tile 26 1 15916
PASS tile 27 1 15916
PASS tile 28 1 15916
PASS tile 29 1 15916
PASS tile 30 1 15916
PASS tile 31 1 15916
PASS tile 32 1 15916
PASS tile 33 1 15916
PASS tile 34 1 15916
PASS tile 35 1 15916
PASS tile 36 1 15916
PASS tile 37 1 15916
PASS tile 38 1 15916
PASS tile 39 1 15916
PASS tile 40 1 15916
PASS tile 41 1 15916
PASS tile 42 1 15916
PASS tile 43 1 15916
PASS tile 44 1 15916
PASS tile 45 1 15916
PASS tile 46 1 15916
PASS tile 47 1 15916
PASS tile 48 1 15916
PASS tile 49 1 15916
PASS tile 50 1 15916
PASS tile 51 1 15916
PASS tile 52 1 15916
PASS tile 53 1 15916
PASS tile 54 1 15916
PASS tile 55 1 15916
PASS tile 56 1 15916
PASS tile 57 1 15916
PASS tile 58 1 15916
PASS tile 59 1 15916
PASS tile 60 1 15916
PASS tile 61 1 15916
PASS tile 62 1 15916
PASS tile 63 1 15916
PASS tile 0 2 15916
PASS tile 1 2 15916
PASS tile 2 2 15916
PASS tile 3 2 15916
PASS tile 4 2 15916
PASS tile 5 2 15916
PASS tile 6 2 15916
PASS tile 7 2 15916
PASS tile 8 2 15916
PASS tile 9 2 15916
PASS tile 10 2 15916
PASS tile 11 2 15916
PASS tile 12 2 15916
PASS tile 13 2 15916
PASS tile 14 2 15916
PASS tile 15 2 15916
PASS tile 16 2 15916
PASS tile 17 2 15916
PASS tile 18 2 15916
PASS tile 19 2 15916
PASS tile 20 2 15916
PASS tile 21 2 15916
PASS tile 22 2 15916
PASS tile 23 2 15916
PASS tile 24 2 15916
PASS tile 25 2 15916
PASS tile 26 2 15916
PASS tile 27 2 15916
PASS tile 28 2 15916
PASS tile 29 2 15916
PASS tile 30 2 15916
PASS tile 31 2 15916
PASS tile 32 2 15916
PASS tile 33 2 15916
PASS tile 34 2 15916
PASS tile 35 2 15916
PASS tile 36 2 15916
PASS tile 37 2 15916
PASS tile 38 2 15916
PASS tile 39 2 15916
PASS tile 40 2 15916
PASS tile 41 2 15916
PASS tile 42 2 15916
PASS tile 43 2 15916
PASS tile 44 2 15916
PASS tile 45 2 15916
PASS tile 46 2 15916
PASS tile 47 2 15916
PASS tile 48 2 15916
PASS tile 49 2 15916
PASS tile 50 2 15916
PASS tile 51 2 15916
PASS tile 52 2 15916
PASS tile 53 2 15916
PASS tile 54 2 15916
PASS tile 55 2 15916
PASS tile 56 2 15916
PASS tile 57 2 15916
PASS tile 58 2 15916
PASS tile 59 2 15916
PASS tile 60 2 15916
PASS tile 61 2 15916
PASS tile 62 2 15916
PASS tile 63 2 15916
PASS tile 0 3 15916
PASS tile 1 3 15916
PASS tile 2 3 15916
PASS tile 3 3 15916
PASS tile 4 3 15916
PASS tile 5 3 15916
PASS tile 6 3 15916
PASS tile 7 3 15916
PASS tile 8 3 15916
PASS tile 9 3 15916
PASS tile 10 3 15916
PASS tile 11 3 15916
PASS tile 12 3 15916
PASS tile 13 3 15916
PASS tile 14 3 15916
PASS tile 15 3 15916
PASS tile 16 3 15916
PASS tile 17 3 15916
PASS tile 18 3 15916
PASS tile 19 3 15916
PASS tile 20 3 15916
PASS tile 21 3 15916
PASS tile 22 3 15916
PASS tile 23 3 15916
PASS tile 24 3 15916
PASS tile 25 3 15916
PASS tile 26 3 15916
PASS tile 27 3 15916
PASS tile 28 3 15916
PASS tile 29 3 15916
PASS tile 30 3 15916
PASS tile 31 3 15916
PASS tile 32 3 15916
PASS tile 33 3 15916
PASS tile 34 3 15916
PASS tile 35 3 15916
PASS tile 36 3 15916
PASS tile 37 3 15916
PASS tile 38 3 15916
PASS tile 39 3 15916
PASS tile 40 3 15916
PASS tile 41 3 15916
PASS tile 42 3 15916
PASS tile 43 3 15916
PASS tile 44 3 15916
PASS tile 45 3 15916
PASS tile 46 3 15916
PASS tile 47 3 15916
PASS tile 48 3 15916
PASS tile 49 3 15916
PASS tile 50 3 15916
PASS tile 51 3 15916
PASS tile 52 3 15916
PASS tile 53 3 15916
PASS tile 54 3 15916
PASS tile 55 3 15916
PASS tile 56 3 15916
PASS tile 57 3 15916
PASS tile 58 3 15916
PASS tile 59 3 15916
PASS tile 60 3 15916
PASS tile 61 3 15916
PASS tile 62 3 15916
PASS tile 63 3 15916
PASS tile 0 4 15916
PASS tile 1 4 15916
PASS tile 2 4 15916
PASS tile 3 4 15916
PASS tile 4 4 15916
PASS tile 5 4 15916
PASS tile 6 4 15916
PASS tile 7 4 15916
PASS tile 8 4 15916
PASS tile 9 4 15916
PASS tile 10 4 15916
PASS tile 11 4 15916
PASS tile 12 4 15916
PASS tile 13 4 15916
PASS tile 14 4 15916
PASS tile 15 4 15916
PASS tile 16 4 15916
PASS tile 17 4 15916
PASS tile 18 4 15916
PASS tile 19 4 15916
PASS tile 20 4 15916
PASS tile 21 4 15916
PASS tile 22 4 15916
PASS tile 23 4 15916
PASS tile 24 4 15916
PASS tile 25 4 15916
PASS tile 26 4 15916
PASS tile 27 4 15916
PASS tile 28 4 15916
PASS tile 29 4 15916
PASS tile 30 4 15916
PASS tile 31 4 15916
PASS tile 32 4 15916
PASS tile 33 4 15916
PASS tile 34 4 15916
PASS tile 35 4 15916
PASS tile 36 4 15916
PASS tile 37 4 15916
PASS tile 38 4 15916
PASS tile 39 4 15916
PASS tile 40 4 15916
PASS tile 41 4 15916
PASS tile 42 4 15916
PASS tile 43 4 15916
PASS tile 44 4 15916
PASS tile 45 4 15916
PASS tile 46 4 15916
PASS tile 47 4 15916
PASS tile 48 4 15916
PASS tile 49 4 15916
PASS tile 50 4 15916
PASS tile 51 4 15916
PASS tile 52 4 15916
PASS tile 53 4 15916
PASS tile 54 4 15916
PASS tile 55 4 15916
PASS tile 56 4 15916
PASS tile 57 4 15916
PASS tile 58 4 15916
PASS tile 59 4 15916
PASS tile 60 4 15916
PASS tile 61 4 15916
PASS tile 62 4 15916
PASS tile 63 4 15916
PASS tile 0 5 15916
PASS tile 1 5 15916
PASS tile 2 5 15916
PASS tile 3 5 15916
PASS tile 4 5 15916
PASS tile 5 5 15916
PASS tile 6 5 15916
PASS tile 7 5 15916
PASS tile 8 5 15916
PASS tile 9 5 15916
PASS tile 10 5 15916
PASS tile 11 5 15916
PASS tile 12 5 15916
PASS tile 13 5 15916
PASS tile 14 5 15916
PASS tile 15 5 15916
PASS tile 16 5 15916
PASS tile 17 5 15916
PASS tile 18 5 15916
PASS tile 19 5 15916
PASS tile 20 5 15916
PASS tile 21 5 15916
PASS tile 22 5 15916
PASS tile 23 5 15916
PASS tile 24 5 15916
PASS tile 25 5 15916
PASS tile 26 5 15916
PASS tile 27 5 15916
PASS tile 28 5 15916
PASS tile 29 5 15916
PASS tile 30 5 15916
PASS tile 31 5 15916
PASS tile 32 5 15916
PASS tile 33 5 15916
PASS tile 34 5 15916
PASS tile 35 5 15916
PASS tile 36 5 15916
PASS tile 37 5 15916
PASS tile 38 5 15916
PASS tile 39 5 15916
PASS tile 40 5 15916
PASS tile 41 5 15916
PASS tile 42 5 15916
PASS tile 43 5 15916
PASS tile 44 5 15916
PASS tile 45 5 15916
PASS tile 46 5 15916
PASS tile 47 5 15916
PASS tile 48 5 15916
PASS tile 49 5 15916
PASS tile 50 5 15916
PASS tile 51 5 15916
PASS tile 52 5 15916
PASS tile 53 5 15916
PASS tile 54 5 15916
PASS tile 55 5 15916
PASS tile 56 5 15916
PASS tile 57 5 15916
PASS tile 58 5 15916
PASS tile 59 5 15916
PASS tile 60 5 15916
PASS tile 61 5 15916
PASS tile 62 5 15916
PASS tile 63 5 15916
PASS tile 0 6 15916
PASS tile 1 6 15916
PASS tile 2 6 15916
PASS tile 3 6 15916
PASS tile 4 6 15916
PASS tile 5 6 15916
PASS tile 6 6 15916
PASS tile 7 6 15916
PASS tile 8 6 15916
PASS tile 9 6 15916
PASS tile 10 6 15916
PASS tile 11 6 15916
PASS tile 12 6 15916
PASS tile 13 6 15916
PASS tile 14 6 15916
PASS tile 15 6 15916
PASS tile 16 6 15916
PASS tile 17 6 15916
PASS tile 18 6 15916
PASS tile 19 6 15916
PASS tile 20 6 15916
PASS tile 21 6 15916
PASS tile 22 6 15916
PASS tile 23 6 15916
PASS tile 24 6 15916
PASS tile 25 6 15916
PASS tile 26 6 15916
PASS tile 27 6 15916
PASS tile 28 6 15916
PASS tile 29 6 15916
PASS tile 30 6 15916
PASS tile 31 6 15916
PASS tile 32 6 15916
PASS tile 33 6 15916
PASS tile 34 6 15916
PASS tile 35 6 15916
PASS tile 36 6 15916
PASS tile 37 6 15916
PASS tile 38 6 15916
PASS tile 39 6 15916
PASS tile 40 6 15916
PASS tile 41 6 15916
PASS tile 42 6 15916
PASS tile 43 6 15916
PASS tile 44 6 15916
PASS tile 45 6 15916
PASS tile 46 6 15916
PASS tile 47 6 15916
PASS tile 48 6 15916
PASS tile 49 6 15916
PASS tile 50 6 15916
PASS tile 51 6 15916
PASS tile 52 6 15916
PASS tile 53 6 15916
PASS tile 54 6 15916
PASS tile 55 6 15916
PASS tile 56 6 15916
PASS tile 57 6 15916
PASS tile 58 6 15916
PASS tile 59 6 15916
PASS tile 60 6 15916
PASS tile 61 6 15916
PASS tile 62 6 15916
PASS tile 63 6 15916
PASS tile 0 7 15916
PASS tile 1 7 15916
PASS tile 2 7 15916
PASS tile 3 7 15916
PASS tile 4 7 15916
PASS tile 5 7 15916
PASS tile 6 7 15916
PASS tile 7 7 15916
PASS tile 8 7 15916
PASS tile 9 7 15916
PASS tile 10 7 15916
PASS tile 11 7 15916
PASS tile 12 7 15916
PASS tile 13 7 15916
PASS tile 14 7 15916
PASS tile 15 7 15916
PASS tile 16 7 15916
PASS tile 17 7 15916
PASS tile 18 7 15916
PASS tile 19 7 15916
PASS tile 20 7 15916
PASS tile 21 7 15916
PASS tile 22 7 15916
PASS tile 23 7 15916
PASS tile 24 7 15916
PASS tile 25 7 15916
PASS tile 26 7 15916
PASS tile 27 7 15916
PASS tile 28 7 15916
PASS tile 29 7 15916
PASS tile 30 7 15916
PASS tile 31 7 15916
PASS tile 32 7 15916
PASS tile 33 7 15916
PASS tile 34 7 15916
PASS tile 35 7 15916
PASS tile 36 7 15916
PASS tile 37 7 15916
PASS tile 38 7 15916
PASS tile 39 7 15916
PASS tile 40 7 15916
PASS tile 41 7 15916
PASS tile 42 7 15916
PASS tile 43 7 15916
PASS tile 44 7 15916
PASS tile 45 7 15916
PASS tile 46 7 15916
PASS tile 47 7 15916
PASS tile 48 7 15916
PASS tile 49 7 15916
PASS tile 50 7 15916
PASS tile 51 7 15916
PASS tile 52 7 15916
PASS tile 53 7 15916
PASS tile 54 7 15916
PASS tile 55 7 15916
PASS tile 56 7 15916
PASS tile 57 7 15916
PASS tile 58 7 15916
PASS tile 59 7 15916
PASS tile 60 7 15916
PASS tile 61 7 15916
PASS tile 62 7 15916
PASS tile 63 7 15916
PASS tile 0 8 15916
PASS tile 1 8 15916
PASS tile 2 8 15916
PASS tile 3 8 15916
PASS tile 4 8 15916
PASS tile 5 8 15916
PASS tile 6 8 15916
PASS tile 7 8 15916
PASS tile 8 8 15916
PASS tile 9 8 15916
PASS tile 10 8 15916
PASS tile 11 8 15916
PASS tile 12 8 15916
PASS tile 13 8 15916
PASS tile 14 8 15916
PASS tile 15 8 15916
PASS tile 16 8 15916
PASS tile 17 8 15916
PASS tile 18 8 15916
PASS tile 19 8 15916
PASS tile 20 8 15916
PASS tile 21 8 15916
PASS tile 22 8 15916
PASS tile 23 8 15916
PASS tile 24 8 15916
PASS tile 25 8 15916
PASS tile 26 8 15916
PASS tile 27 8 15916
PASS tile 28 8 15916
PASS tile 29 8 15916
PASS tile 30 8 15916
PASS tile 31 8 15916
PASS tile 32 8 15916
PASS tile 33 8 15916
PASS tile 34 8 15916
PASS tile 35 8 15916
PASS tile 36 8 15916
PASS tile 37 8 15916
PASS tile 38 8 15916
PASS tile 39 8 15916
PASS tile 40 8 15916
PASS tile 41 8 15916
PASS tile 42 8 15916
PASS tile 43 8 15916
PASS tile 44 8 15916
PASS tile 45 8 15916
PASS tile 46 8 15916
PASS tile 47 8 15916
PASS tile 48 8 15916
PASS tile 49 8 15916
PASS tile 50 8 15916
PASS tile 51 8 15916
PASS tile 52 8 15916
PASS tile 53 8 15916
PASS tile 54 8 15916
PASS tile 55 8 15916
PASS tile 56 8 15916
PASS tile 57 8 15916
PASS tile 58 8 15916
PASS tile 59 8 15916
PASS tile 60 8 15916
PASS tile 61 8 15916
PASS tile 62 8 15916
PASS tile 63 8 15916
PASS tile 0 9 15916
PASS tile 1 9 15916
PASS tile 2 9 15916
PASS tile 3 9 15916
PASS tile 4 9 15916
PASS tile 5 9 15916
PASS tile 6 9 15916
PASS tile 7 9 15916
PASS tile 8 9 15916
PASS tile 9 9 15916
PASS tile 10 9 15916
PASS tile 11 9 15916
PASS tile 12 9 15916
PASS tile 13 9 15916
PASS tile 14 9 15916
PASS tile 15 9 15916
PASS tile 16 9 15916
PASS tile 17 9 15916
PASS tile 18 9 15916
PASS tile 19 9 15916
PASS tile 20 9 15916
PASS tile 21 9 15916
PASS tile 22 9 15916
PASS tile 23 9 15916
PASS tile 24 9 15916
PASS tile 25 9 15916
PASS tile 26 9 15916
PASS tile 27 9 15916
PASS tile 28 9 15916
PASS tile 29 9 15916
PASS tile 30 9 15916
PASS tile 31 9 15916
PASS tile 32 9 15916
PASS tile 33 9 15916
PASS tile 34 9 15916
PASS tile 35 9 15916
PASS tile 36 9 15916
PASS tile 37 9 15916
PASS tile 38 9 15916
PASS tile 39 9 15916
PASS tile 40 9 15916
PASS tile 41 9 15916
PASS tile 42 9 15916
PASS tile 43 9 15916
PASS tile 44 9 15916
PASS tile 45 9 15916
PASS tile 46 9 15916
PASS tile 47 9 15916
PASS tile 48 9 15916
PASS tile 49 9 15916
PASS tile 50 9 15916
PASS tile 51 9 15916
PASS tile 52 9 15916
PASS tile 53 9 15916
PASS tile 54 9 15916
PASS tile 55 9 15916
PASS tile 56 9 15916
PASS tile 57 9 15916
PASS tile 58 9 15916
PASS tile 59 9 15916
PASS tile 60 9 15916
PASS tile 61 9 15916
PASS tile 62 9 15916
PASS tile 63 9 15916
PASS tile 0 10 15916
PASS tile 1 10 15916
PASS tile 2 10 15916
PASS tile 3 10 15916
PASS tile 4 10 15916
PASS tile 5 10 15916
PASS tile 6 10 15916
PASS tile 7 10 15916
PASS tile 8 10 15916
PASS tile 9 10 15916
PASS tile 10 10 15916
PASS tile 11 10 15916
PASS tile 12 10 15916
PASS tile 13 10 15916
PASS tile 14 10 15916
PASS tile 15 10 15916
PASS tile 16 10 15916
PASS tile 17 10 15916
PASS tile 18 10 15916
PASS tile 19 10 15916
PASS tile 20 10 15916
PASS tile 21 10 15916
PASS tile 22 10 15916
PASS tile 23 10 15916
PASS tile 24 10 15916
PASS tile 25 10 15916
PASS tile 26 10 15916
PASS tile 27 10 15916
PASS tile 28 10 15916
PASS tile 29 10 15916
PASS tile 30 10 15916
PASS tile 31 10 15916
PASS tile 32 10 15916
PASS tile 33 10 15916
PASS tile 34 10 15916
PASS tile 35 10 15916
PASS tile 36 10 15916
PASS tile 37 10 15916
PASS tile 38 10 15916
PASS tile 39 10 15916
PASS tile 40 10 15916
PASS tile 41 10 15916
PASS tile 42 10 15916
PASS tile 43 10 15916
PASS tile 44 10 15916
PASS tile 45 10 15916
PASS tile 46 10 15916
PASS tile 47 10 15916
PASS tile 48 10 15916
PASS tile 49 10 15916
PASS tile 50 10 15916
PASS tile 51 10 15916
PASS tile 52 10 15916
PASS tile 53 10 15916
PASS tile 54 10 15916
PASS tile 55 10 15916
PASS tile 56 10 15916
PASS tile 57 10 15916
PASS tile 58 10 15916
PASS tile 59 10 15916
PASS tile 60 10 15916
PASS tile 61 10 15916
PASS tile 62 10 15916
PASS tile 63 10 15916
PASS tile 0 11 15916
PASS tile 1 11 15916
PASS tile 2 11 15916
PASS tile 3 11 15916
PASS tile 4 11 15916
PASS tile 5 11 15916
PASS tile 6 11 15916
PASS tile 7 11 15916
PASS tile 8 11 15916
PASS tile 9 11 15916
PASS tile 10 11 15916
PASS tile 11 11 15916
PASS tile 12 11 15916
PASS tile 13 11 15916
PASS tile 14 11 15916
PASS tile 15 11 15916
PASS tile 16 11 15916
PASS tile 17 11 15916
PASS tile 18 11 15916
PASS tile 19 11 15916
PASS tile 20 11 15916
PASS tile 21 11 15916
PASS tile 22 11 15916
PASS tile 23 11 15916
PASS tile 24 11 15916
PASS tile 25 11 15916
PASS tile 26 11 15916
PASS tile 27 11 15923
PASS tile 28 11 15923
PASS tile 29 11 15923
PASS tile 30 11 15923
PASS tile 31 11 15923
PASS tile 32 11 15923
PASS tile 33 11 15923
PASS tile 34 11 15916
PASS tile 35 11 15916
PASS tile 36 11 15916
PASS tile 37 11 15916
PASS tile 38 11 15916
PASS tile 39 11 15916
PASS tile 40 11 15916
PASS tile 41 11 15916
PASS tile 42 11 15916
PASS tile 43 11 15916
PASS tile 44 11 15916
PASS tile 45 11 15916
PASS tile 46 11 15916
PASS tile 47 11 15916
PASS tile 48 11 15916
PASS tile 49 11 15916
PASS tile 50 11 15916
PASS tile 51 11 15916
PASS tile 52 11 15916
PASS tile 53 11 15916
PASS tile 54 11 15916
PASS tile 55 11 15916
PASS tile 56 11 15916
PASS tile 57 11 15916
PASS tile 58 11 15916
PASS tile 59 11 15916
PASS tile 60 11 15916
PASS tile 61 11 15916
PASS tile 62 11 15916
PASS tile 63 11 15916
PASS tile 0 12 15916
PASS tile 1 12 15916
PASS tile 2 12 15916
PASS tile 3 12 15916
PASS tile 4 12 15916
PASS tile 5 12 15916
PASS tile 6 12 15916
PASS tile 7 12 15916
PASS tile 8 12 15916
PASS tile 9 12 15916
PASS tile 10 12 15916
PASS tile 11 12 15916
PASS tile 12 12 15916
PASS tile 13 12 15916
PASS tile 14 12 15916
PASS tile 15 12 15916
PASS tile 16 12 15916
PASS tile 17 12 15916
PASS tile 18 12 15916
PASS tile 19 12 15916
PASS tile 20 12 15916
PASS tile 21 12 15916
PASS tile 22 12 15923
PASS tile 23 12 15923
PASS tile 24 12 15923
PASS tile 25 12 15923
PASS tile 26 12 15923
PASS tile 27 12 12859
PASS tile 28 12 12859
PASS tile 29 12 12859
PASS tile 30 12 12859
PASS tile 31 12 12859
PASS tile 32 12 12859
PASS tile 33 12 12859
PASS tile 34 12 15923
PASS tile 35 12 15916
PASS tile 36 12 15923
PASS tile 37 12 15923
PASS tile 38 12 15923
PASS tile 39 12 15923
PASS tile 40 12 15923
PASS tile 41 12 15923
PASS tile 42 12 15923
PASS tile 43 12 15923
PASS tile 44 12 15923
PASS tile 45 12 15923
PASS tile 46 12 15923
PASS tile 47 12 15923
PASS tile 48 12 15923
PASS tile 49 12 15923
PASS tile 50 12 15923
PASS tile 51 12 15916
PASS tile 52 12 15916
PASS tile 53 12 15916
PASS tile 54 12 15916
PASS tile 55 12 15916
PASS tile 56 12 15916
PASS tile 57 12 15916
PASS tile 58 12 15916
PASS tile 59 12 15916
PASS tile 60 12 15916
PASS tile 61 12 15916
PASS tile 62 12 15916
PASS tile 63 12 15916
PASS tile 0 13 15916
PASS tile 1 13 15916
PASS tile 2 13 15916
PASS tile 3 13 15916
PASS tile 4 13 15916
PASS tile 5 13 15916
PASS tile 6 13 15916
PASS tile 7 13 15916
PASS tile 8 13 15916
PASS tile 9 13 15916
PASS tile 10 13 15916
PASS tile 11 13 15916
PASS tile 12 13 15916
PASS tile 13 13 15916
PASS tile 14 13 15916
PASS tile 15 13 15916
PASS tile 16 13 15916
PASS tile 17 13 15916
PASS tile 18 13 15916
PASS tile 19 13 15916
PASS tile 20 13 15916
PASS tile 21 13 15943
PASS tile 22 13 12859
PASS tile 23 13 12859
PASS tile 24 13 12859
PASS tile 25 13 12859
PASS tile 26 13 12859
PASS tile 27 13 12859
PASS tile 28 13 12859
PASS tile 29 13 12859
PASS tile 30 13 12859
PASS tile 31 13 12859
PASS tile 32 13 12859
PASS tile 33 13 12859
PASS tile 34 13 12859
PASS tile 35 13 15943
PASS tile 36 13 12859
PASS tile 37 13 12859
PASS tile 38 13 12859
PASS tile 39 13 12859
PASS tile 40 13 12859
PASS tile 41 13 12859
PASS tile 42 13 12859
PASS tile 43 13 12859
PASS tile 44 13 12859
PASS tile 45 13 12859
PASS tile 46 13 12859
PASS tile 47 13 12859
PASS tile 48 13 12859
PASS tile 49 13 12859
PASS tile 50 13 12859
PASS tile 51 13 15935
PASS tile 52 13 15916
PASS tile 53 13 15916
PASS tile 54 13 15916
PASS tile 55 13 15916
PASS tile 56 13 15916
PASS tile 57 13 15916
PASS tile 58 13 15916
PASS tile 59 13 15916
PASS tile 60 13 15916
PASS tile 61 13 15916
PASS tile 62 13 15916
PASS tile 63 13 15916
PASS tile 0 14 15916
PASS tile 1 14 15916
PASS tile 2 14 15916
PASS tile 3 14 15916
PASS tile 4 14 15916
PASS tile 5 14 15916
PASS tile 6 14 15916
PASS tile 7 14 15916
PASS tile 8 14 15916
PASS tile 9 14 15916
PASS tile 10 14 15916
PASS tile 11 14 15916
PASS tile 12 14 15916
PASS tile 13 14 15916
PASS tile 14 14 15916
PASS tile 15 14 15916
PASS tile 16 14 15916
PASS tile 17 14 15916
PASS tile 18 14 15916
PASS tile 19 14 15916
PASS tile 20 14 15916
PASS tile 21 14 15943
PASS tile 22 14 12859
PASS tile 23 14 12859
PASS tile 24 14 12859
PASS tile 25 14 12859
PASS tile 26 14 12859
PASS tile 27 14 12859
PASS tile 28 14 12859
PASS tile 29 14 12859
PASS tile 30 14 12859
PASS tile 31 14 12859
PASS tile 32 14 12859
PASS tile 33 14 12859
PASS tile 34 14 12859
PASS tile 35 14 15943
PASS tile 36 14 12859
PASS tile 37 14 12859
PASS tile 38 14 12859
PASS tile 39 14 12859
PASS tile 40 14 12859
PASS tile 41 14 12859
PASS tile 42 14 12859
PASS tile 43 14 12859
PASS tile 44 14 12859
PASS tile 45 14 12859
PASS tile 46 14 12859
PASS tile 47 14 12859
PASS tile 48 14 12859
PASS tile 49 14 12859
PASS tile 50 14 12859
PASS tile 51 14 15923
PASS tile 52 14 15923
PASS tile 53 14 15923
PASS tile 54 14 15923
PASS tile 55 14 15923
PASS tile 56 14 15923
PASS tile 57 14 15923
PASS tile 58 14 15916
PASS tile 59 14 15916
PASS tile 60 14 15916
PASS tile 61 14 15916
PASS tile 62 14 15916
PASS tile 63 14 15916
PASS tile 0 15 15916
PASS tile 1 15 15916
PASS tile 2 15 15916
PASS tile 3 15 15916
PASS tile 4 15 15916
PASS tile 5 15 15916
PASS tile 6 15 15916
PASS tile 7 15 15916
PASS tile 8 15 15916
PASS tile 9 15 15916
PASS tile 10 15 15916
PASS tile 11 15 15916
PASS tile 12 15 15916
PASS tile 13 15 15916
PASS tile 14 15 15916
PASS tile 15 15 15916
PASS tile 16 15 15923
PASS tile 17 15 15923
PASS tile 18 15 15923
PASS tile 19 15 15923
PASS tile 20 15 15923
PASS tile 21 15 15923
PASS tile 22 15 12859
PASS tile 23 15 12859
PASS tile 24 15 12859
PASS tile 25 15 12859
PASS tile 26 15 12859
PASS tile 27 15 12859
PASS tile 28 15 12859
PASS tile 29 15 12859
PASS tile 30 15 12859
PASS tile 31 15 12859
PASS tile 32 15 12859
PASS tile 33 15 12859
PASS tile 34 15 12859
PASS tile 35 15 15943
PASS tile 36 15 12859
PASS tile 37 15 12859
PASS tile 38 15 12859
PASS tile 39 15 12859
PASS tile 40 15 12859
PASS tile 41 15 12859
PASS tile 42 15 12859
PASS tile 43 15 12859
PASS tile 44 15 12859
PASS tile 45 15 12859
PASS tile 46 15 12859
PASS tile 47 15 12859
PASS tile 48 15 12859
PASS tile 49 15 12859
PASS tile 50 15 12859
PASS tile 51 15 12859
PASS tile 52 15 12859
PASS tile 53 15 12859
PASS tile 54 15 12859
PASS tile 55 15 12859
PASS tile 56 15 12859
PASS tile 57 15 12859
PASS tile 58 15 15935
PASS tile 59 15 15916
PASS tile 60 15 15916
PASS tile 61 15 15916
PASS tile 62 15 15916
PASS tile 63 15 15916
PASS tile 0 16 15916
PASS tile 1 16 15916
PASS tile 2 16 15916
PASS tile 3 16 15916
PASS tile 4 16 15916
PASS tile 5 16 15916
PASS tile 6 16 15916
PASS tile 7 16 15916
PASS tile 8 16 15916
PASS tile 9 16 15916
PASS tile 10 16 15916
PASS tile 11 16 15916
PASS tile 12 16 15916
PASS tile 13 16 15916
PASS tile 14 16 15916
PASS tile 15 16 15943
PASS tile 16 16 12859
PASS tile 17 16 12859
PASS tile 18 16 12859
PASS tile 19 16 12859
PASS tile 20 16 12859
PASS tile 21 16 12859
PASS tile 22 16 12859
PASS tile 23 16 12859
PASS tile 24 16 12859
PASS tile 25 16 12859
PASS tile 26 16 12859
PASS tile 27 16 12859
PASS tile 28 16 12859
PASS tile 29 16 12859
PASS tile 30 16 12859
PASS tile 31 16 12859
PASS tile 32 16 12859
PASS tile 33 16 12859
PASS tile 34 16 12859
PASS tile 35 16 15943
PASS tile 36 16 12859
PASS tile 37 16 12859
PASS tile 38 16 12859
PASS tile 39 16 12859
PASS tile 40 16 12859
PASS tile 41 16 12859
PASS tile 42 16 12859
PASS tile 43 16 12859
PASS tile 44 16 12859
PASS tile 45 16 12859
PASS tile 46 16 12859
PASS tile 47 16 12859
PASS tile 48 16 12859
PASS tile 49 16 12859
PASS tile 50 16 12859
PASS tile 51 16 12859
PASS tile 52 16 12859
PASS tile 53 16 12859
PASS tile 54 16 12859
PASS tile 55 16 12859
PASS tile 56 16 12859
PASS tile 57 16 12859
PASS tile 58 16 15935
PASS tile 59 16 15916
PASS tile 60 16 15916
PASS tile 61 16 15916
PASS tile 62 16 15916
PASS tile 63 16 15916
PASS tile 0 17 15916
PASS tile 1 17 15916
PASS tile 2 17 15916
PASS tile 3 17 15916
PASS tile 4 17 15916
PASS tile 5 17 15916
PASS tile 6 17 15916
PASS tile 7 17 15916
PASS tile 8 17 15916
PASS tile 9 17 15916
PASS tile 10 17 15916
PASS tile 11 17 15916
PASS tile 12 17 15916
PASS tile 13 17 15916
PASS tile 14 17 15916
PASS tile 15 17 15943
PASS tile 16 17 12859
PASS tile 17 17 12859
PASS tile 18 17 12859
PASS tile 19 17 12859
PASS tile 20 17 12859
PASS tile 21 17 12859
PASS tile 22 17 12859
PASS tile 23 17 12859
PASS tile 24 17 12859
PASS tile 25 17 12859
PASS tile 26 17 12859
PASS tile 27 17 12859
PASS tile 28 17 12859
PASS tile 29 17 12859
PASS tile 30 17 12859
PASS tile 31 17 12859
PASS tile 32 17 12859
PASS tile 33 17 12859
PASS tile 34 17 12859
PASS tile 35 17 15943
PASS tile 36 17 12859
PASS tile 37 17 12859
PASS tile 38 17 12859
PASS tile 39 17 12859
PASS tile 40 17 12859
PASS tile 41 17 12859
PASS tile 42 17 12859
PASS tile 43 17 12859
PASS tile 44 17 12859
PASS tile 45 17 12859
PASS tile 46 17 12859
PASS tile 47 17 12859
PASS tile 48 17 12859
PASS tile 49 17 12859
PASS tile 50 17 12859
PASS tile 51 17 12859
PASS tile 52 17 12859
PASS tile 53 17 12859
PASS tile 54 17 12859
PASS tile 55 17 12859
PASS tile 56 17 12859
PASS tile 57 17 12859
PASS tile 58 17 15935
PASS tile 59 17 15916
PASS tile 60 17 15916
PASS tile 61 17 15916
PASS tile 62 17 15916
PASS tile 63 17 15916
PASS tile 0 18 15916
PASS tile 1 18 15916
PASS tile 2 18 15916
PASS tile 3 18 15916
PASS tile 4 18 15916
PASS tile 5 18 15916
PASS tile 6 18 15916
PASS tile 7 18 15916
PASS tile 8 18 15916
PASS tile 9 18 15916
PASS tile 10 18 15916
PASS tile 11 18 15916
PASS tile 12 18 15916
PASS tile 13 18 15916
PASS tile 14 18 15916
PASS tile 15 18 15943
PASS tile 16 18 12859
PASS tile 17 18 12859
PASS tile 18 18 12859
PASS tile 19 18 12859
PASS tile 20 18 12859
PASS tile 21 18 12859
PASS tile 22 18 12859
PASS tile 23 18 12859
PASS tile 24 18 12859
PASS tile 25 18 12859
PASS tile 26 18 12859
PASS tile 27 18 12859
PASS tile 28 18 12859
PASS tile 29 18 12859
PASS tile 30 18 12859
PASS tile 31 18 12859
PASS tile 32 18 12859
PASS tile 33 18 12859
PASS tile 34 18 12859
PASS tile 35 18 15943
PASS tile 36 18 12859
PASS tile 37 18 12859
PASS tile 38 18 12859
PASS tile 39 18 12859
PASS tile 40 18 12859
PASS tile 41 18 12859
PASS tile 42 18 12859
PASS tile 43 18 12859
PASS tile 44 18 12859
PASS tile 45 18 12859
PASS tile 46 18 12859
PASS tile 47 18 12859
PASS tile 48 18 12859
PASS tile 49 18 15923
PASS tile 50 18 12859
PASS tile 51 18 12859
PASS tile 52 18 12859
PASS tile 53 18 12859
PASS tile 54 18 12859
PASS tile 55 18 12859
PASS tile 56 18 12859
PASS tile 57 18 12859
PASS tile 58 18 15935
PASS tile 59 18 15916
PASS tile 60 18 15916
PASS tile 61 18 15916
PASS tile 62 18 15916
PASS tile 63 18 15916
PASS tile 0 19 15916
PASS tile 1 19 15916
PASS tile 2 19 15916
PASS tile 3 19 15916
PASS tile 4 19 15916
PASS tile 5 19 15916
PASS tile 6 19 15916
PASS tile 7 19 15916
PASS tile 8 19 15916
PASS tile 9 19 15916
PASS tile 10 19 15916
PASS tile 11 19 15916
PASS tile 12 19 15916
PASS tile 13 19 15916
PASS tile 14 19 15916
PASS tile 15 19 15943
PASS tile 16 19 12859
PASS tile 17 19 12859
PASS tile 18 19 12859
PASS tile 19 19 12859
PASS tile 20 19 12859
PASS tile 21 19 12859
PASS tile 22 19 12859
PASS tile 23 19 12859
PASS tile 24 19 12859
PASS tile 25 19 12859
PASS tile 26 19 12859
PASS tile 27 19 12859
PASS tile 28 19 12859
PASS tile 29 19 12859
PASS tile 30 19 12859
PASS tile 31 19 12859
PASS tile 32 19 12859
PASS tile 33 19 12859
PASS tile 34 19 12859
PASS tile 35 19 15943
PASS tile 36 19 12859
PASS tile 37 19 12859
PASS tile 38 19 12859
PASS tile 39 19 12859
PASS tile 40 19 12859
PASS tile 41 19 12859
PASS tile 42 19 12859
PASS tile 43 19 12859
PASS tile 44 19 12859
PASS tile 45 19 12859
PASS tile 46 19 12859
PASS tile 47 19 12859
PASS tile 48 19 12859
PASS tile 49 19 12859
PASS tile 50 19 12859
PASS tile 51 19 12859
PASS tile 52 19 12859
PASS tile 53 19 12859
PASS tile 54 19 12859
PASS tile 55 19 12859
PASS tile 56 19 12859
PASS tile 57 19 12859
PASS tile 58 19 15935
PASS tile 59 19 15916
PASS tile 60 19 15916
PASS tile 61 19 15916
PASS tile 62 19 15916
PASS tile 63 19 15916
PASS tile 0 20 15916
PASS tile 1 20 15916
PASS tile 2 20 15916
PASS tile 3 20 15916
PASS tile 4 20 15916
PASS tile 5 20 15916
PASS tile 6 20 15916
PASS tile 7 20 15916
PASS tile 8 20 15916
PASS tile 9 20 15916
PASS tile 10 20 15916
PASS tile 11 20 15916
PASS tile 12 20 15916
PASS tile 13 20 15916
PASS tile 14 20 15916
PASS tile 15 20 15943
PASS tile 16 20 12859
PASS tile 17 20 12859
PASS tile 18 20 12859
PASS tile 19 20 12859
PASS tile 20 20 12859
PASS tile 21 20 12859
PASS tile 22 20 12859
PASS tile 23 20 12859
PASS tile 24 20 12859
PASS tile 25 20 12859
PASS tile 26 20 12859
PASS tile 27 20 12859
PASS tile 28 20 12859
PASS tile 29 20 12859
PASS tile 30 20 12859
PASS tile 31 20 12859
PASS tile 32 20 12859
PASS tile 33 20 12859
PASS tile 34 20 12859
PASS tile 35 20 15935
PASS tile 36 20 15947
PASS tile 37 20 15947
PASS tile 38 20 15947
PASS tile 39 20 15947
PASS tile 40 20 15947
PASS tile 41 20 15947
PASS tile 42 20 12859
PASS tile 43 20 12859
PASS tile 44 20 12859
PASS tile 45 20 12859
PASS tile 46 20 12859
PASS tile 47 20 12859
PASS tile 48 20 12859
PASS tile 49 20 12859
PASS tile 50 20 12859
PASS tile 51 20 12859
PASS tile 52 20 12859
PASS tile 53 20 12859
PASS tile 54 20 12859
PASS tile 55 20 12859
PASS tile 56 20 12859
PASS tile 57 20 12859
PASS tile 58 20 15935
PASS tile 59 20 15916
PASS tile 60 20 15916
PASS tile 61 20 15916
PASS tile 62 20 15916
PASS tile 63 20 15916
PASS tile 0 21 15916
PASS tile 1 21 15916
PASS tile 2 21 15916
PASS tile 3 21 15916
PASS tile 4 21 15916
PASS tile 5 21 15916
PASS tile 6 21 15916
PASS tile 7 21 15916
PASS tile 8 21 15916
PASS tile 9 21 15916
PASS tile 10 21 15916
PASS tile 11 21 15916
PASS tile 12 21 15916
PASS tile 13 21 15916
PASS tile 14 21 15916
PASS tile 15 21 15943
PASS tile 16 21 12859
PASS tile 17 21 12859
PASS tile 18 21 12859
PASS tile 19 21 12859
PASS tile 20 21 12859
PASS tile 21 21 12859
PASS tile 22 21 12859
PASS tile 23 21 12859
PASS tile 24 21 12859
PASS tile 25 21 12859
PASS tile 26 21 12859
PASS tile 27 21 12859
PASS tile 28 21 12859
PASS tile 29 21 12859
PASS tile 30 21 12859
PASS tile 31 21 12859
PASS tile 32 21 12859
PASS tile 33 21 12859
PASS tile 34 21 12859
PASS tile 35 21 15935
PASS tile 36 21 15916
PASS tile 37 21 15916
PASS tile 38 21 15916
PASS tile 39 21 15916
PASS tile 40 21 15916
PASS tile 41 21 15943
PASS tile 42 21 12859
PASS tile 43 21 12859
PASS tile 44 21 12859
PASS tile 45 21 12859
PASS tile 46 21 12859
PASS tile 47 21 12859
PASS tile 48 21 12859
PASS tile 49 21 12859
PASS tile 50 21 12859
PASS tile 51 21 12859
PASS tile 52 21 12859
PASS tile 53 21 12859
PASS tile 54 21 12859
PASS tile 55 21 12859
PASS tile 56 21 12859
PASS tile 57 21 12859
PASS tile 58 21 15935
PASS tile 59 21 15916
PASS tile 60 21 15916
PASS tile 61 21 15916
PASS tile 62 21 15916
PASS tile 63 21 15916
PASS tile 0 22 15916
PASS tile 1 22 15916
PASS tile 2 22 15916
PASS tile 3 22 15916
PASS tile 4 22 15916
PASS tile 5 22 15916
PASS tile 6 22 15916
PASS tile 7 22 15916
PASS tile 8 22 15916
PASS tile 9 22 15916
PASS tile 10 22 15916
PASS tile 11 22 15916
PASS tile 12 22 15916
PASS tile 13 22 15916
PASS tile 14 22 15916
PASS tile 15 22 15943
PASS tile 16 22 12859
PASS tile 17 22 12859
PASS tile 18 22 12859
PASS tile 19 22 12859
PASS tile 20 22 12859
PASS tile 21 22 12859
PASS tile 22 22 12859
PASS tile 23 22 12859
PASS tile 24 22 15947
PASS tile 25 22 15947
PASS tile 26 22 15947
PASS tile 27 22 12859
PASS tile 28 22 12859
PASS tile 29 22 12859
PASS tile 30 22 12859
PASS tile 31 22 12859
PASS tile 32 22 12859
PASS tile 33 22 12859
PASS tile 34 22 12859
PASS tile 35 22 15923
PASS tile 36 22 15923
PASS tile 37 22 15923
PASS tile 38 22 15923
PASS tile 39 22 15923
PASS tile 40 22 15923
PASS tile 41 22 15923
PASS tile 42 22 12859
PASS tile 43 22 12859
PASS tile 44 22 12859
PASS tile 45 22 12859
PASS tile 46 22 12859
PASS tile 47 22 12859
PASS tile 48 22 12859
PASS tile 49 22 12859
PASS tile 50 22 12859
PASS tile 51 22 12859
PASS tile 52 22 12859
PASS tile 53 22 12859
PASS tile 54 22 12859
PASS tile 55 22 12859
PASS tile 56 22 12859
PASS tile 57 22 12859
PASS tile 58 22 15935
PASS tile 59 22 15916
PASS tile 60 22 15916
PASS tile 61 22 15916
PASS tile 62 22 15916
PASS tile 63 22 15916
PASS tile 0 23 15916
PASS tile 1 23 15916
PASS tile 2 23 15916
PASS tile 3 23 15916
PASS tile 4 23 15916
PASS tile 5 23 15916
PASS tile 6 23 15916
PASS tile 7 23 15916
PASS tile 8 23 15916
PASS tile 9 23 15916
PASS tile 10 23 15916
PASS tile 11 23 15916
PASS tile 12 23 15916
PASS tile 13 23 15916
PASS tile 14 23 15916
PASS tile 15 23 15943
PASS tile 16 23 12859
PASS tile 17 23 12859
PASS tile 18 23 12859
PASS tile 19 23 12859
PASS tile 20 23 12859
PASS tile 21 23 12859
PASS tile 22 23 12859
PASS tile 23 23 12859
PASS tile 24 23 15935
PASS tile 25 23 15916
PASS tile 26 23 15943
PASS tile 27 23 12859
PASS tile 28 23 12859
PASS tile 29 23 12859
PASS tile 30 23 12859
PASS tile 31 23 12859
PASS tile 32 23 12859
PASS tile 33 23 12859
PASS tile 34 23 12859
PASS tile 35 23 12859
PASS tile 36 23 12859
PASS tile 37 23 12859
PASS tile 38 23 12859
PASS tile 39 23 12859
PASS tile 40 23 12859
PASS tile 41 23 12859
PASS tile 42 23 12859
PASS tile 43 23 12859
PASS tile 44 23 12859
PASS tile 45 23 12859
PASS tile 46 23 12859
PASS tile 47 23 12859
PASS tile 48 23 12859
PASS tile 49 23 12859
PASS tile 50 23 12859
PASS tile 51 23 12859
PASS tile 52 23 12859
PASS tile 53 23 12859
PASS tile 54 23 12859
PASS tile 55 23 12859
PASS tile 56 23 12859
PASS tile 57 23 12859
PASS tile 58 23 15935
PASS tile 59 23 15916
PASS tile 60 23 15916
PASS tile 61 23 15916
PASS tile 62 23 15916
PASS tile 63 23 15916
PASS tile 0 24 15916
PASS tile 1 24 15916
PASS tile 2 24 15916
PASS tile 3 24 15916
PASS tile 4 24 15916
PASS tile 5 24 15916
PASS tile 6 24 15916
PASS tile 7 24 15916
PASS tile 8 24 15916
PASS tile 9 24 15916
PASS tile 10 24 15916
PASS tile 11 24 15916
PASS tile 12 24 15916
PASS tile 13 24 15916
PASS tile 14 24 15916
PASS tile 15 24 15943
PASS tile 16 24 12859
PASS tile 17 24 12859
PASS tile 18 24 12859
PASS tile 19 24 12859
PASS tile 20 24 12859
PASS tile 21 24 12859
PASS tile 22 24 12859
PASS tile 23 24 12859
PASS tile 24 24 15923
PASS tile 25 24 15923
PASS tile 26 24 15923
PASS tile 27 24 12859
PASS tile 28 24 12859
PASS tile 29 24 12859
PASS tile 30 24 12859
PASS tile 31 24 12859
PASS tile 32 24 12859
PASS tile 33 24 12859
PASS tile 34 24 12859
PASS tile 35 24 12859
PASS tile 36 24 12859
PASS tile 37 24 12859
PASS tile 38 24 12859
PASS tile 39 24 12859
PASS tile 40 24 12859
PASS tile 41 24 12859
PASS tile 42 24 12859
PASS tile 43 24 12859
PASS tile 44 24 12859
PASS tile 45 24 12859
PASS tile 46 24 12859
PASS tile 47 24 12859
PASS tile 48 24 12859
PASS tile 49 24 12859
PASS tile 50 24 12859
PASS tile 51 24 12859
PASS tile 52 24 12859
PASS tile 53 24 12859
PASS tile 54 24 12859
PASS tile 55 24 12859
PASS tile 56 24 12859
PASS tile 57 24 12859
PASS tile 58 24 15935
PASS tile 59 24 15916
PASS tile 60 24 15916
PASS tile 61 24 15916
PASS tile 62 24 15916
PASS tile 63 24 15916
PASS tile 0 25 15916
PASS tile 1 25 15916
PASS tile 2 25 15916
PASS tile 3 25 15916
PASS tile 4 25 15916
PASS tile 5 25 15916
PASS tile 6 25 15916
PASS tile 7 25 15916
PASS tile 8 25 15916
PASS tile 9 25 15916
PASS tile 10 25 15916
PASS tile 11 25 15916
PASS tile 12 25 15916
PASS tile 13 25 15916
PASS tile 14 25 15916
PASS tile 15 25 15943
PASS tile 16 25 12859
PASS tile 17 25 12859
PASS tile 18 25 12859
PASS tile 19 25 12859
PASS tile 20 25 12859
PASS tile 21 25 12859
PASS tile 22 25 12859
PASS tile 23 25 12859
PASS tile 24 25 12859
PASS tile 25 25 12859
PASS tile 26 25 12859
PASS tile 27 25 12859
PASS tile 28 25 12859
PASS tile 29 25 12859
PASS tile 30 25 12859
PASS tile 31 25 12859
PASS tile 32 25 12859
PASS tile 33 25 12859
PASS tile 34 25 12859
PASS tile 35 25 12859
PASS tile 36 25 12859
PASS tile 37 25 12859
PASS tile 38 25 12859
PASS tile 39 25 12859
PASS tile 40 25 12859
PASS tile 41 25 12859
PASS tile 42 25 12859
PASS tile 43 25 12859
PASS tile 44 25 12859
PASS tile 45 25 12859
PASS tile 46 25 12859
PASS tile 47 25 12859
PASS tile 48 25 12859
PASS tile 49 25 12859
PASS tile 50 25 12859
PASS tile 51 25 12859
PASS tile 52 25 12859
PASS tile 53 25 12859
PASS tile 54 25 12859
PASS tile 55 25 12859
PASS tile 56 25 12859
PASS tile 57 25 12859
PASS tile 58 25 15935
PASS tile 59 25 15916
PASS tile 60 25 15916
PASS tile 61 25 15916
PASS tile 62 25 15916
PASS tile 63 25 15916
PASS tile 0 26 15916
PASS tile 1 26 15916
PASS tile 2 26 15916
PASS tile 3 26 15916
PASS tile 4 26 15916
PASS tile 5 26 15916
PASS tile 6 26 15916
PASS tile 7 26 15916
PASS tile 8 26 15916
PASS tile 9 26 15916
PASS tile 10 26 15916
PASS tile 11 26 15916
PASS tile 12 26 15916
PASS tile 13 26 15916
PASS tile 14 26 15916
PASS tile 15 26 15943
PASS tile 16 26 12859
PASS tile 17 26 12859
PASS tile 18 26 12859
PASS tile 19 26 12859
PASS tile 20 26 12859
PASS tile 21 26 12859
PASS tile 22 26 12859
PASS tile 23 26 12859
PASS tile 24 26 12859
PASS tile 25 26 12859
PASS tile 26 26 12859
PASS tile 27 26 12859
PASS tile 28 26 12859
PASS tile 29 26 12859
PASS tile 30 26 12859
PASS tile 31 26 12859
PASS tile 32 26 12859
PASS tile 33 26 12859
PASS tile 34 26 12859
PASS tile 35 26 12859
PASS tile 36 26 12859
PASS tile 37 26 12859
PASS tile 38 26 15923
PASS tile 39 26 12859
PASS tile 40 26 12859
PASS tile 41 26 12859
PASS tile 42 26 12859
PASS tile 43 26 12859
PASS tile 44 26 12859
PASS tile 45 26 12859
PASS tile 46 26 12859
PASS tile 47 26 12859
PASS tile 48 26 12859
PASS tile 49 26 12859
PASS tile 50 26 12859
PASS tile 51 26 12859
PASS tile 52 26 12859
PASS tile 53 26 12859
PASS tile 54 26 12859
PASS tile 55 26 12859
PASS tile 56 26 12859
PASS tile 57 26 12859
PASS tile 58 26 15935
PASS tile 59 26 15916
PASS tile 60 26 15916
PASS tile 61 26 15916
PASS tile 62 26 15916
PASS tile 63 26 15916
PASS tile 0 27 15916
PASS tile 1 27 15916
PASS tile 2 27 15916
PASS tile 3 27 15916
PASS tile 4 27 15916
PASS tile 5 27 15916
PASS tile 6 27 15916
PASS tile 7 27 15916
PASS tile 8 27 15916
PASS tile 9 27 15916
PASS tile 10 27 15916
PASS tile 11 27 15916
PASS tile 12 27 15916
PASS tile 13 27 15916
PASS tile 14 27 15916
PASS tile 15 27 15943
PASS tile 16 27 12859
PASS tile 17 27 12859
PASS tile 18 27 12859
PASS tile 19 27 12859
PASS tile 20 27 12859
PASS tile 21 27 12859
PASS tile 22 27 12859
PASS tile 23 27 12859
PASS tile 24 27 12859
PASS tile 25 27 12859
PASS tile 26 27 12859
PASS tile 27 27 12859
PASS tile 28 27 12859
PASS tile 29 27 12859
PASS tile 30 27 12859
PASS tile 31 27 12859
PASS tile 32 27 12859
PASS tile 33 27 12859
PASS tile 34 27 12859
PASS tile 35 27 12859
PASS tile 36 27 12859
PASS tile 37 27 12859
PASS tile 38 27 12859
PASS tile 39 27 12859
PASS tile 40 27 12859
PASS tile 41 27 12859
PASS tile 42 27 12859
PASS tile 43 27 12859
PASS tile 44 27 12859
PASS tile 45 27 12859
PASS tile 46 27 12859
PASS tile 47 27 12859
PASS tile 48 27 12859
PASS tile 49 27 12859
PASS tile 50 27 12859
PASS tile 51 27 12859
PASS tile 52 27 12859
PASS tile 53 27 12859
PASS tile 54 27 12859
PASS tile 55 27 12859
PASS tile 56 27 12859
PASS tile 57 27 12859
PASS tile 58 27 15935
PASS tile 59 27 15916
PASS tile 60 27 15916
PASS tile 61 27 15916
PASS tile 62 27 15916
PASS tile 63 27 15916
PASS tile 0 28 15916
PASS tile 1 28 15916
PASS tile 2 28 15916
PASS tile 3 28 15916
PASS tile 4 28 15916
PASS tile 5 28 15916
PASS tile 6 28 15916
PASS tile 7 28 15916
PASS tile 8 28 15916
PASS tile 9 28 15916
PASS tile 10 28 15916
PASS tile 11 28 15916
PASS tile 12 28 15916
PASS tile 13 28 15916
PASS tile 14 28 15916
PASS tile 15 28 15943
PASS tile 16 28 12859
PASS tile 17 28 12859
PASS tile 18 28 12859
PASS tile 19 28 12859
PASS tile 20 28 12859
PASS tile 21 28 12859
PASS tile 22 28 12859
PASS tile 23 28 12859
PASS tile 24 28 12859
PASS tile 25 28 12859
PASS tile 26 28 12859
PASS tile 27 28 12859
PASS tile 28 28 12859
PASS tile 29 28 12859
PASS tile 30 28 12859
PASS tile 31 28 12859
PASS tile 32 28 12859
PASS tile 33 28 12859
PASS tile 34 28 12859
PASS tile 35 28 12859
PASS tile 36 28 12859
PASS tile 37 28 12859
PASS tile 38 28 12859
PASS tile 39 28 12859
PASS tile 40 28 12859
PASS tile 41 28 12859
PASS tile 42 28 12859
PASS tile 43 28 12859
PASS tile 44 28 12859
PASS tile 45 28 12859
PASS tile 46 28 12859
PASS tile 47 28 12859
PASS tile 48 28 12859
PASS tile 49 28 12859
PASS tile 50 28 12859
PASS tile 51 28 12859
PASS tile 52 28 12859
PASS tile 53 28 12859
PASS tile 54 28 12859
PASS tile 55 28 12859
PASS tile 56 28 12859
PASS tile 57 28 12859
PASS tile 58 28 15935
PASS tile 59 28 15916
PASS tile 60 28 15916
PASS tile 61 28 15916
PASS tile 62 28 15916
PASS tile 63 28 15916
PASS tile 0 29 15916
PASS tile 1 29 15916
PASS tile 2 29 15916
PASS tile 3 29 15916
PASS tile 4 29 15916
PASS tile 5 29 15916
PASS tile 6 29 15916
PASS tile 7 29 15916
PASS tile 8 29 15916
PASS tile 9 29 15916
PASS tile 10 29 15916
PASS tile 11 29 15916
PASS tile 12 29 15916
PASS tile 13 29 15916
PASS tile 14 29 15916
PASS tile 15 29 15943
PASS tile 16 29 12859
PASS tile 17 29 12859
PASS tile 18 29 12859
PASS tile 19 29 12859
PASS tile 20 29 12859
PASS tile 21 29 12859
PASS tile 22 29 12859
PASS tile 23 29 12859
PASS tile 24 29 12859
PASS tile 25 29 12859
PASS tile 26 29 12859
PASS tile 27 29 12859
PASS tile 28 29 12859
PASS tile 29 29 12859
PASS tile 30 29 12859
PASS tile 31 29 12859
PASS tile 32 29 12859
PASS tile 33 29 12859
PASS tile 34 29 12859
PASS tile 35 29 12859
PASS tile 36 29 12859
PASS tile 37 29 12859
PASS tile 38 29 12859
PASS tile 39 29 12859
PASS tile 40 29 12859
PASS tile 41 29 12859
PASS tile 42 29 12859
PASS tile 43 29 12859
PASS tile 44 29 12859
PASS tile 45 29 12859
PASS tile 46 29 12859
PASS tile 47 29 12859
PASS tile 48 29 12859
PASS tile 49 29 12859
PASS tile 50 29 12859
PASS tile 51 29 12859
PASS tile 52 29 12859
PASS tile 53 29 12859
PASS tile 54 29 12859
PASS tile 55 29 12859
PASS tile 56 29 12859
PASS tile 57 29 12859
PASS tile 58 29 15935
PASS tile 59 29 15916
PASS tile 60 29 15916
PASS tile 61 29 15916
PASS tile 62 29 15916
PASS tile 63 29 15916
PASS tile 0 30 15916
PASS tile 1 30 15916
PASS tile 2 30 15916
PASS tile 3 30 15916
PASS tile 4 30 15916
PASS tile 5 30 15916
PASS tile 6 30 15916
PASS tile 7 30 15916
PASS tile 8 30 15916
PASS tile 9 30 15916
PASS tile 10 30 15916
PASS tile 11 30 15916
PASS tile 12 30 15916
PASS tile 13 30 15916
PASS tile 14 30 15916
PASS tile 15 30 15943
PASS tile 16 30 12859
PASS tile 17 30 12859
PASS tile 18 30 12859
PASS tile 19 30 12859
PASS tile 20 30 12859
PASS tile 21 30 12859
PASS tile 22 30 12859
PASS tile 23 30 12859
PASS tile 24 30 12859
PASS tile 25 30 12859
PASS tile 26 30 12859
PASS tile 27 30 12859
PASS tile 28 30 12859
PASS tile 29 30 12859
PASS tile 30 30 12859
PASS tile 31 30 12859
PASS tile 32 30 12859
PASS tile 33 30 12859
PASS tile 34 30 12859
PASS tile 35 30 12859
PASS tile 36 30 12859
PASS tile 37 30 12859
PASS tile 38 30 12859
PASS tile 39 30 12859
PASS tile 40 30 12859
PASS tile 41 30 12859
PASS tile 42 30 12859
PASS tile 43 30 12859
PASS tile 44 30 12859
PASS tile 45 30 12859
PASS tile 46 30 12859
PASS tile 47 30 12859
PASS tile 48 30 12859
PASS tile 49 30 12859
PASS tile 50 30 12859
PASS tile 51 30 12859
PASS tile 52 30 12859
PASS tile 53 30 12859
PASS tile 54 30 12859
PASS tile 55 30 12859
PASS tile 56 30 12859
PASS tile 57 30 12859
PASS tile 58 30 15935
PASS tile 59 30 15916
PASS tile 60 30 15916
PASS tile 61 30 15916
PASS tile 62 30 15916
PASS tile 63 30 15916
PASS tile 0 31 15916
PASS tile 1 31 15916
PASS tile 2 31 15916
PASS tile 3 31 15916
PASS tile 4 31 15916
PASS tile 5 31 15916
PASS tile 6 31 15916
PASS tile 7 31 15916
PASS tile 8 31 15916
PASS tile 9 31 15916
PASS tile 10 31 15916
PASS tile 11 31 15916
PASS tile 12 31 15916
PASS tile 13 31 15916
PASS tile 14 31 15916
PASS tile 15 31 15916
PASS tile 16 31 15947
PASS tile 17 31 15947
PASS tile 18 31 12859
PASS tile 19 31 12859
PASS tile 20 31 12859
PASS tile 21 31 12859
PASS tile 22 31 12859
PASS tile 23 31 12859
PASS tile 24 31 12859
PASS tile 25 31 15947
PASS tile 26 31 15947
PASS tile 27 31 15947
PASS tile 28 31 15947
PASS tile 29 31 15947
PASS tile 30 31 15947
PASS tile 31 31 12859
PASS tile 32 31 12859
PASS tile 33 31 12859
PASS tile 34 31 12859
PASS tile 35 31 12859
PASS tile 36 31 12859
PASS tile 37 31 12859
PASS tile 38 31 12859
PASS tile 39 31 12859
PASS tile 40 31 12859
PASS tile 41 31 12859
PASS tile 42 31 12859
PASS tile 43 31 12859
PASS tile 44 31 12859
PASS tile 45 31 12859
PASS tile 46 31 12859
PASS tile 47 31 12859
PASS tile 48 31 12859
PASS tile 49 31 12859
PASS tile 50 31 12859
PASS tile 51 31 12859
PASS tile 52 31 12859
PASS tile 53 31 12859
PASS tile 54 31 15947
PASS tile 55 31 15947
PASS tile 56 31 15947
PASS tile 57 31 15947
PASS tile 58 31 15916
PASS tile 59 31 15916
PASS tile 60 31 15916
PASS tile 61 31 15916
PASS tile 62 31 15916
PASS tile 63 31 15916
PASS tile 0 32 15916
PASS tile 1 32 15916
PASS tile 2 32 15916
PASS tile 3 32 15916
PASS tile 4 32 15916
PASS tile 5 32 15916
PASS tile 6 32 15916
PASS tile 7 32 15916
PASS tile 8 32 15916
PASS tile 9 32 15916
PASS tile 10 32 15916
PASS tile 11 32 15916
PASS tile 12 32 15916
PASS tile 13 32 15916
PASS tile 14 32 15916
PASS tile 15 32 15916
PASS tile 16 32 15916
PASS tile 17 32 15943
PASS tile 18 32 12859
PASS tile 19 32 12859
PASS tile 20 32 12859
PASS tile 21 32 12859
PASS tile 22 32 12859
PASS tile 23 32 12859
PASS tile 24 32 12859
PASS tile 25 32 15935
PASS tile 26 32 15916
PASS tile 27 32 15916
PASS tile 28 32 15916
PASS tile 29 32 15916
PASS tile 30 32 15943
PASS tile 31 32 12859
PASS tile 32 32 12859
PASS tile 33 32 12859
PASS tile 34 32 12859
PASS tile 35 32 12859
PASS tile 36 32 12859
PASS tile 37 32 12859
PASS tile 38 32 12859
PASS tile 39 32 12859
PASS tile 40 32 12859
PASS tile 41 32 12859
PASS tile 42 32 12859
PASS tile 43 32 12859
PASS tile 44 32 12859
PASS tile 45 32 12859
PASS tile 46 32 12859
PASS tile 47 32 12859
PASS tile 48 32 12859
PASS tile 49 32 12859
PASS tile 50 32 12859
PASS tile 51 32 12859
PASS tile 52 32 12859
PASS tile 53 32 12859
PASS tile 54 32 15935
PASS tile 55 32 15916
PASS tile 56 32 15916
PASS tile 57 32 15916
PASS tile 58 32 15916
PASS tile 59 32 15916
PASS tile 60 32 15916
PASS tile 61 32 15916
PASS tile 62 32 15916
PASS tile 63 32 15916
PASS tile 0 33 15916
PASS tile 1 33 15916
PASS tile 2 33 15916
PASS tile 3 33 15916
PASS tile 4 33 15916
PASS tile 5 33 15916
PASS tile 6 33 15923
PASS tile 7 33 15923
PASS tile 8 33 15923
PASS tile 9 33 15923
PASS tile 10 33 15923
PASS tile 11 33 15923
PASS tile 12 33 15923
PASS tile 13 33 15923
PASS tile 14 33 15923
PASS tile 15 33 15923
PASS tile 16 33 15923
PASS tile 17 33 15923
PASS tile 18 33 12859
PASS tile 19 33 12859
PASS tile 20 33 12859
PASS tile 21 33 12859
PASS tile 22 33 12859
PASS tile 23 33 12859
PASS tile 24 33 12859
PASS tile 25 33 15935
PASS tile 26 33 15916
PASS tile 27 33 15916
PASS tile 28 33 15916
PASS tile 29 33 15916
PASS tile 30 33 15943
PASS tile 31 33 12859
PASS tile 32 33 12859
PASS tile 33 33 12859
PASS tile 34 33 12859
PASS tile 35 33 12859
PASS tile 36 33 12859
PASS tile 37 33 12859
PASS tile 38 33 12859
PASS tile 39 33 12859
PASS tile 40 33 12859
PASS tile 41 33 12859
PASS tile 42 33 12859
PASS tile 43 33 12859
PASS tile 44 33 12859
PASS tile 45 33 12859
PASS tile 46 33 12859
PASS tile 47 33 12859
PASS tile 48 33 12859
PASS tile 49 33 12859
PASS tile 50 33 12859
PASS tile 51 33 12859
PASS tile 52 33 12859
PASS tile 53 33 12859
PASS tile 54 33 15935
PASS tile 55 33 15916
PASS tile 56 33 15916
PASS tile 57 33 15916
PASS tile 58 33 15916
PASS tile 59 33 15916
PASS tile 60 33 15916
PASS tile 61 33 15916
PASS tile 62 33 15916
PASS tile 63 33 15916
PASS tile 0 34 15916
PASS tile 1 34 15916
PASS tile 2 34 15916
PASS tile 3 34 15916
PASS tile 4 34 15916
PASS tile 5 34 15943
PASS tile 6 34 12859
PASS tile 7 34 12859
PASS tile 8 34 12859
PASS tile 9 34 12859
PASS tile 10 34 12859
PASS tile 11 34 12859
PASS tile 12 34 12859
PASS tile 13 34 12859
PASS tile 14 34 12859
PASS tile 15 34 12859
PASS tile 16 34 12859
PASS tile 17 34 12859
PASS tile 18 34 12859
PASS tile 19 34 12859
PASS tile 20 34 12859
PASS tile 21 34 12859
PASS tile 22 34 12859
PASS tile 23 34 12859
PASS tile 24 34 12859
PASS tile 25 34 15935
PASS tile 26 34 15916
PASS tile 27 34 15916
PASS tile 28 34 15916
PASS tile 29 34 15916
PASS tile 30 34 15943
PASS tile 31 34 12859
PASS tile 32 34 12859
PASS tile 33 34 12859
PASS tile 34 34 12859
PASS tile 35 34 12859
PASS tile 36 34 12859
PASS tile 37 34 12859
PASS tile 38 34 12859
PASS tile 39 34 12859
PASS tile 40 34 12859
PASS tile 41 34 12859
PASS tile 42 34 12859
PASS tile 43 34 15923
PASS tile 44 34 12859
PASS tile 45 34 12859
PASS tile 46 34 12859
PASS tile 47 34 12859
PASS tile 48 34 12859
PASS tile 49 34 12859
PASS tile 50 34 12859
PASS tile 51 34 12859
PASS tile 52 34 12859
PASS tile 53 34 12859
PASS tile 54 34 15935
PASS tile 55 34 15916
PASS tile 56 34 15916
PASS tile 57 34 15916
PASS tile 58 34 15916
PASS tile 59 34 15916
PASS tile 60 34 15916
PASS tile 61 34 15916
PASS tile 62 34 15916
PASS tile 63 34 15916
PASS tile 0 35 15916
PASS tile 1 35 15916
PASS tile 2 35 15916
PASS tile 3 35 15916
PASS tile 4 35 15916
PASS tile 5 35 15943
PASS tile 6 35 12859
PASS tile 7 35 12859
PASS tile 8 35 12859
PASS tile 9 35 12859
PASS tile 10 35 12859
PASS tile 11 35 12859
PASS tile 12 35 12859
PASS tile 13 35 12859
PASS tile 14 35 12859
PASS tile 15 35 12859
PASS tile 16 35 12859
PASS tile 17 35 12859
PASS tile 18 35 12859
PASS tile 19 35 12859
PASS tile 20 35 12859
PASS tile 21 35 12859
PASS tile 22 35 12859
PASS tile 23 35 12859
PASS tile 24 35 12859
PASS tile 25 35 15935
PASS tile 26 35 15916
PASS tile 27 35 15916
PASS tile 28 35 15916
PASS tile 29 35 15916
PASS tile 30 35 15943
PASS tile 31 35 12859
PASS tile 32 35 12859
PASS tile 33 35 12859
PASS tile 34 35 12859
PASS tile 35 35 12859
PASS tile 36 35 12859
PASS tile 37 35 12859
PASS tile 38 35 12859
PASS tile 39 35 12859
PASS tile 40 35 12859
PASS tile 41 35 12859
PASS tile 42 35 12859
PASS tile 43 35 12859
PASS tile 44 35 12859
PASS tile 45 35 12859
PASS tile 46 35 12859
PASS tile 47 35 12859
PASS tile 48 35 12859
PASS tile 49 35 12859
PASS tile 50 35 12859
PASS tile 51 35 12859
PASS tile 52 35 12859
PASS tile 53 35 12859
PASS tile 54 35 15935
PASS tile 55 35 15916
PASS tile 56 35 15916
PASS tile 57 35 15916
PASS tile 58 35 15916
PASS tile 59 35 15916
PASS tile 60 35 15916
PASS tile 61 35 15916
PASS tile 62 35 15916
PASS tile 63 35 15916
PASS tile 0 36 15916
PASS tile 1 36 15916
PASS tile 2 36 15916
PASS tile 3 36 15916
PASS tile 4 36 15916
PASS tile 5 36 15943
PASS tile 6 36 12859
PASS tile 7 36 12859
PASS tile 8 36 12859
PASS tile 9 36 12859
PASS tile 10 36 12859
PASS tile 11 36 12859
PASS tile 12 36 12859
PASS tile 13 36 12859
PASS tile 14 36 12859
PASS tile 15 36 12859
PASS tile 16 36 12859
PASS tile 17 36 12859
PASS tile 18 36 12859
PASS tile 19 36 12859
PASS tile 20 36 12859
PASS tile 21 36 12859
PASS tile 22 36 12859
PASS tile 23 36 12859
PASS tile 24 36 12859
PASS tile 25 36 15935
PASS tile 26 36 15916
PASS tile 27 36 15916
PASS tile 28 36 15916
PASS tile 29 36 15916
PASS tile 30 36 15943
PASS tile 31 36 12859
PASS tile 32 36 12859
PASS tile 33 36 12859
PASS tile 34 36 12859
PASS tile 35 36 12859
PASS tile 36 36 12859
PASS tile 37 36 12859
PASS tile 38 36 12859
PASS tile 39 36 12859
PASS tile 40 36 12859
PASS tile 41 36 12859
PASS tile 42 36 12859
PASS tile 43 36 12859
PASS tile 44 36 12859
PASS tile 45 36 12859
PASS tile 46 36 12859
PASS tile 47 36 12859
PASS tile 48 36 12859
PASS tile 49 36 12859
PASS tile 50 36 12859
PASS tile 51 36 12859
PASS tile 52 36 12859
PASS tile 53 36 12859
PASS tile 54 36 15935
PASS tile 55 36 15916
PASS tile 56 36 15916
PASS tile 57 36 15916
PASS tile 58 36 15916
PASS tile 59 36 15916
PASS tile 60 36 15916
PASS tile 61 36 15916
PASS tile 62 36 15916
PASS tile 63 36 15916
PASS tile 0 37 15916
PASS tile 1 37 15916
PASS tile 2 37 15916
PASS tile 3 37 15916
PASS tile 4 37 15916
PASS tile 5 37 15943
PASS tile 6 37 12859
PASS tile 7 37 12859
PASS tile 8 37 12859
PASS tile 9 37 12859
PASS tile 10 37 12859
PASS tile 11 37 12859
PASS tile 12 37 12859
PASS tile 13 37 12859
PASS tile 14 37 12859
PASS tile 15 37 12859
PASS tile 16 37 12859
PASS tile 17 37 12859
PASS tile 18 37 12859
PASS tile 19 37 12859
PASS tile 20 37 12859
PASS tile 21 37 12859
PASS tile 22 37 12859
PASS tile 23 37 12859
PASS tile 24 37 12859
PASS tile 25 37 15935
PASS tile 26 37 15916
PASS tile 27 37 15916
PASS tile 28 37 15916
PASS tile 29 37 15916
PASS tile 30 37 15943
PASS tile 31 37 12859
PASS tile 32 37 12859
PASS tile 33 37 12859
PASS tile 34 37 12859
PASS tile 35 37 12859
PASS tile 36 37 12859
PASS tile 37 37 12859
PASS tile 38 37 12859
PASS tile 39 37 12859
PASS tile 40 37 12859
PASS tile 41 37 12859
PASS tile 42 37 12859
PASS tile 43 37 12859
PASS tile 44 37 12859
PASS tile 45 37 12859
PASS tile 46 37 12859
PASS tile 47 37 12859
PASS tile 48 37 12859
PASS tile 49 37 12859
PASS tile 50 37 12859
PASS tile 51 37 12859
PASS tile 52 37 12859
PASS tile 53 37 12859
PASS tile 54 37 15935
PASS tile 55 37 15916
PASS tile 56 37 15916
PASS tile 57 37 15916
PASS tile 58 37 15916
PASS tile 59 37 15916
PASS tile 60 37 15916
PASS tile 61 37 15916
PASS tile 62 37 15916
PASS tile 63 37 15916
PASS tile 0 38 15916
PASS tile 1 38 15916
PASS tile 2 38 15916
PASS tile 3 38 15916
PASS tile 4 38 15916
PASS tile 5 38 15943
PASS tile 6 38 12859
PASS tile 7 38 12859
PASS tile 8 38 12859
PASS tile 9 38 12859
PASS tile 10 38 12859
PASS tile 11 38 12859
PASS tile 12 38 12859
PASS tile 13 38 12859
PASS tile 14 38 12859
PASS tile 15 38 12859
PASS tile 16 38 12859
PASS tile 17 38 12859
PASS tile 18 38 12859
PASS tile 19 38 12859
PASS tile 20 38 12859
PASS tile 21 38 12859
PASS tile 22 38 12859
PASS tile 23 38 12859
PASS tile 24 38 12859
PASS tile 25 38 15935
PASS tile 26 38 15916
PASS tile 27 38 15916
PASS tile 28 38 15916
PASS tile 29 38 15916
PASS tile 30 38 15943
PASS tile 31 38 12859
PASS tile 32 38 12859
PASS tile 33 38 12859
PASS tile 34 38 12859
PASS tile 35 38 12859
PASS tile 36 38 12859
PASS tile 37 38 12859
PASS tile 38 38 12859
PASS tile 39 38 12859
PASS tile 40 38 12859
PASS tile 41 38 12859
PASS tile 42 38 12859
PASS tile 43 38 12859
PASS tile 44 38 12859
PASS tile 45 38 12859
PASS tile 46 38 12859
PASS tile 47 38 12859
PASS tile 48 38 12859
PASS tile 49 38 12859
PASS tile 50 38 12859
PASS tile 51 38 12859
PASS tile 52 38 12859
PASS tile 53 38 12859
PASS tile 54 38 15935
PASS tile 55 38 15916
PASS tile 56 38 15916
PASS tile 57 38 15916
PASS tile 58 38 15916
PASS tile 59 38 15916
PASS tile 60 38 15916
PASS tile 61 38 15916
PASS tile 62 38 15916
PASS tile 63 38 15916
PASS tile 0 39 15916
PASS tile 1 39 15916
PASS tile 2 39 15916
PASS tile 3 39 15916
PASS tile 4 39 15916
PASS tile 5 39 15943
PASS tile 6 39 12859
PASS tile 7 39 12859
PASS tile 8 39 12859
PASS tile 9 39 12859
PASS tile 10 39 12859
PASS tile 11 39 12859
PASS tile 12 39 12859
PASS tile 13 39 12859
PASS tile 14 39 12859
PASS tile 15 39 12859
PASS tile 16 39 12859
PASS tile 17 39 12859
PASS tile 18 39 12859
PASS tile 19 39 12859
PASS tile 20 39 12859
PASS tile 21 39 12859
PASS tile 22 39 12859
PASS tile 23 39 12859
PASS tile 24 39 12859
PASS tile 25 39 15935
PASS tile 26 39 15916
PASS tile 27 39 15916
PASS tile 28 39 15916
PASS tile 29 39 15916
PASS tile 30 39 15943
PASS tile 31 39 12859
PASS tile 32 39 12859
PASS tile 33 39 12859
PASS tile 34 39 12859
PASS tile 35 39 15947
PASS tile 36 39 15947
PASS tile 37 39 15947
PASS tile 38 39 15947
PASS tile 39 39 15947
PASS tile 40 39 12859
PASS tile 41 39 12859
PASS tile 42 39 12859
PASS tile 43 39 12859
PASS tile 44 39 12859
PASS tile 45 39 12859
PASS tile 46 39 12859
PASS tile 47 39 12859
PASS tile 48 39 12859
PASS tile 49 39 12859
PASS tile 50 39 12859
PASS tile 51 39 15947
PASS tile 52 39 15947
PASS tile 53 39 15947
PASS tile 54 39 15916
PASS tile 55 39 15916
PASS tile 56 39 15916
PASS tile 57 39 15916
PASS tile 58 39 15916
PASS tile 59 39 15916
PASS tile 60 39 15916
PASS tile 61 39 15916
PASS tile 62 39 15916
PASS tile 63 39 15916
PASS tile 0 40 15916
PASS tile 1 40 15916
PASS tile 2 40 15916
PASS tile 3 40 15916
PASS tile 4 40 15916
PASS tile 5 40 15943
PASS tile 6 40 12859
PASS tile 7 40 12859
PASS tile 8 40 12859
PASS tile 9 40 12859
PASS tile 10 40 12859
PASS tile 11 40 12859
PASS tile 12 40 12859
PASS tile 13 40 12859
PASS tile 14 40 12859
PASS tile 15 40 12859
PASS tile 16 40 12859
PASS tile 17 40 12859
PASS tile 18 40 12859
PASS tile 19 40 12859
PASS tile 20 40 12859
PASS tile 21 40 12859
PASS tile 22 40 12859
PASS tile 23 40 12859
PASS tile 24 40 12859
PASS tile 25 40 15935
PASS tile 26 40 15916
PASS tile 27 40 15916
PASS tile 28 40 15916
PASS tile 29 40 15916
PASS tile 30 40 15943
PASS tile 31 40 12859
PASS tile 32 40 12859
PASS tile 33 40 12859
PASS tile 34 40 12859
PASS tile 35 40 15923
PASS tile 36 40 15923
PASS tile 37 40 15923
PASS tile 38 40 15923
PASS tile 39 40 15923
PASS tile 40 40 15923
PASS tile 41 40 15923
PASS tile 42 40 12859
PASS tile 43 40 15923
PASS tile 44 40 15923
PASS tile 45 40 15923
PASS tile 46 40 15923
PASS tile 47 40 15923
PASS tile 48 40 15923
PASS tile 49 40 15923
PASS tile 50 40 15923
PASS tile 51 40 15923
PASS tile 52 40 15923
PASS tile 53 40 15923
PASS tile 54 40 15916
PASS tile 55 40 15923
PASS tile 56 40 15916
PASS tile 57 40 15916
PASS tile 58 40 15916
PASS tile 59 40 15916
PASS tile 60 40 15916
PASS tile 61 40 15916
PASS tile 62 40 15916
PASS tile 63 40 15916
PASS tile 0 41 15916
PASS tile 1 41 15916
PASS tile 2 41 15916
PASS tile 3 41 15916
PASS tile 4 41 15916
PASS tile 5 41 15916
PASS tile 6 41 15947
PASS tile 7 41 15947
PASS tile 8 41 15947
PASS tile 9 41 15947
PASS tile 10 41 15947
PASS tile 11 41 15947
PASS tile 12 41 15947
PASS tile 13 41 15947
PASS tile 14 41 15947
PASS tile 15 41 15947
PASS tile 16 41 15947
PASS tile 17 41 15947
PASS tile 18 41 15947
PASS tile 19 41 15947
PASS tile 20 41 15947
PASS tile 21 41 15947
PASS tile 22 41 15947
PASS tile 23 41 15947
PASS tile 24 41 15947
PASS tile 25 41 15916
PASS tile 26 41 15916
PASS tile 27 41 15916
PASS tile 28 41 15916
PASS tile 29 41 15916
PASS tile 30 41 15943
PASS tile 31 41 12859
PASS tile 32 41 12859
PASS tile 33 41 12859
PASS tile 34 41 12859
PASS tile 35 41 12859
PASS tile 36 41 12859
PASS tile 37 41 12859
PASS tile 38 41 12859
PASS tile 39 41 12859
PASS tile 40 41 12859
PASS tile 41 41 12859
PASS tile 42 41 12859
PASS tile 43 41 12859
PASS tile 44 41 12859
PASS tile 45 41 12859
PASS tile 46 41 12859
PASS tile 47 41 12859
PASS tile 48 41 12859
PASS tile 49 41 12859
PASS tile 50 41 12859
PASS tile 51 41 12859
PASS tile 52 41 12859
PASS tile 53 41 12859
PASS tile 54 41 15923
PASS tile 55 41 12859
PASS tile 56 41 15935
PASS tile 57 41 15916
PASS tile 58 41 15916
PASS tile 59 41 15916
PASS tile 60 41 15916
PASS tile 61 41 15916
PASS tile 62 41 15916
PASS tile 63 41 15916
PASS tile 0 42 15916
PASS tile 1 42 15916
PASS tile 2 42 15916
PASS tile 3 42 15916
PASS tile 4 42 15916
PASS tile 5 42 15916
PASS tile 6 42 15916
PASS tile 7 42 15916
PASS tile 8 42 15916
PASS tile 9 42 15916
PASS tile 10 42 15916
PASS tile 11 42 15916
PASS tile 12 42 15916
PASS tile 13 42 15916
PASS tile 14 42 15916
PASS tile 15 42 15916
PASS tile 16 42 15916
PASS tile 17 42 15916
PASS tile 18 42 15916
PASS tile 19 42 15916
PASS tile 20 42 15916
PASS tile 21 42 15916
PASS tile 22 42 15916
PASS tile 23 42 15916
PASS tile 24 42 15916
PASS tile 25 42 15916
PASS tile 26 42 15916
PASS tile 27 42 15916
PASS tile 28 42 15916
PASS tile 29 42 15916
PASS tile 30 42 15943
PASS tile 31 42 12859
PASS tile 32 42 12859
PASS tile 33 42 12859
PASS tile 34 42 12859
PASS tile 35 42 12859
PASS tile 36 42 12859
PASS tile 37 42 12859
PASS tile 38 42 12859
PASS tile 39 42 12859
PASS tile 40 42 12859
PASS tile 41 42 12859
PASS tile 42 42 12859
PASS tile 43 42 12859
PASS tile 44 42 12859
PASS tile 45 42 12859
PASS tile 46 42 12859
PASS tile 47 42 12859
PASS tile 48 42 12859
PASS tile 49 42 12859
PASS tile 50 42 12859
PASS tile 51 42 12859
PASS tile 52 42 12859
PASS tile 53 42 12859
PASS tile 54 42 12859
PASS tile 55 42 12859
PASS tile 56 42 15935
PASS tile 57 42 15916
PASS tile 58 42 15916
PASS tile 59 42 15916
PASS tile 60 42 15916
PASS tile 61 42 15916
PASS tile 62 42 15916
PASS tile 63 42 15916
PASS tile 0 43 15916
PASS tile 1 43 15916
PASS tile 2 43 15916
PASS tile 3 43 15916
PASS tile 4 43 15916
PASS tile 5 43 15916
PASS tile 6 43 15916
PASS tile 7 43 15916
PASS tile 8 43 15916
PASS tile 9 43 15916
PASS tile 10 43 15916
PASS tile 11 43 15916
PASS tile 12 43 15916
PASS tile 13 43 15916
PASS tile 14 43 15916
PASS tile 15 43 15916
PASS tile 16 43 15916
PASS tile 17 43 15916
PASS tile 18 43 15916
PASS tile 19 43 15916
PASS tile 20 43 15916
PASS tile 21 43 15916
PASS tile 22 43 15916
PASS tile 23 43 15916
PASS tile 24 43 15916
PASS tile 25 43 15916
PASS tile 26 43 15916
PASS tile 27 43 15916
PASS tile 28 43 15916
PASS tile 29 43 15916
PASS tile 30 43 15943
PASS tile 31 43 12859
PASS tile 32 43 12859
PASS tile 33 43 12859
PASS tile 34 43 12859
PASS tile 35 43 12859
PASS tile 36 43 12859
PASS tile 37 43 12859
PASS tile 38 43 12859
PASS tile 39 43 12859
PASS tile 40 43 12859
PASS tile 41 43 12859
PASS tile 42 43 12859
PASS tile 43 43 12859
PASS tile 44 43 12859
PASS tile 45 43 12859
PASS tile 46 43 12859
PASS tile 47 43 12859
PASS tile 48 43 12859
PASS tile 49 43 12859
PASS tile 50 43 12859
PASS tile 51 43 12859
PASS tile 52 43 12859
PASS tile 53 43 12859
PASS tile 54 43 12859
PASS tile 55 43 12859
PASS tile 56 43 15935
PASS tile 57 43 15916
PASS tile 58 43 15916
PASS tile 59 43 15916
PASS tile 60 43 15916
PASS tile 61 43 15916
PASS tile 62 43 15916
PASS tile 63 43 15916
PASS tile 0 44 15916
PASS tile 1 44 15916
PASS tile 2 44 15916
PASS tile 3 44 15916
PASS tile 4 44 15916
PASS tile 5 44 15916
PASS tile 6 44 15916
PASS tile 7 44 15916
PASS tile 8 44 15916
PASS tile 9 44 15916
PASS tile 10 44 15916
PASS tile 11 44 15916
PASS tile 12 44 15916
PASS tile 13 44 15916
PASS tile 14 44 15916
PASS tile 15 44 15916
PASS tile 16 44 15916
PASS tile 17 44 15916
PASS tile 18 44 15916
PASS tile 19 44 15916
PASS tile 20 44 15916
PASS tile 21 44 15916
PASS tile 22 44 15916
PASS tile 23 44 15916
PASS tile 24 44 15916
PASS tile 25 44 15916
PASS tile 26 44 15916
PASS tile 27 44 15916
PASS tile 28 44 15916
PASS tile 29 44 15916
PASS tile 30 44 15943
PASS tile 31 44 12859
PASS tile 32 44 12859
PASS tile 33 44 12859
PASS tile 34 44 12859
PASS tile 35 44 12859
PASS tile 36 44 12859
PASS tile 37 44 12859
PASS tile 38 44 12859
PASS tile 39 44 12859
PASS tile 40 44 12859
PASS tile 41 44 12859
PASS tile 42 44 12859
PASS tile 43 44 12859
PASS tile 44 44 12859
PASS tile 45 44 12859
PASS tile 46 44 12859
PASS tile 47 44 12859
PASS tile 48 44 12859
PASS tile 49 44 12859
PASS tile 50 44 12859
PASS tile 51 44 12859
PASS tile 52 44 12859
PASS tile 53 44 12859
PASS tile 54 44 12859
PASS tile 55 44 12859
PASS tile 56 44 15935
PASS tile 57 44 15916
PASS tile 58 44 15916
PASS tile 59 44 15916
PASS tile 60 44 15916
PASS tile 61 44 15916
PASS tile 62 44 15916
PASS tile 63 44 15916
PASS tile 0 45 15916
PASS tile 1 45 15916
PASS tile 2 45 15916
PASS tile 3 45 15916
PASS tile 4 45 15916
PASS tile 5 45 15916
PASS tile 6 45 15916
PASS tile 7 45 15916
PASS tile 8 45 15916
PASS tile 9 45 15916
PASS tile 10 45 15916
PASS tile 11 45 15916
PASS tile 12 45 15916
PASS tile 13 45 15916
PASS tile 14 45 15916
PASS tile 15 45 15916
PASS tile 16 45 15916
PASS tile 17 45 15916
PASS tile 18 45 15916
PASS tile 19 45 15916
PASS tile 20 45 15916
PASS tile 21 45 15916
PASS tile 22 45 15916
PASS tile 23 45 15916
PASS tile 24 45 15916
PASS tile 25 45 15916
PASS tile 26 45 15916
PASS tile 27 45 15916
PASS tile 28 45 15916
PASS tile 29 45 15916
PASS tile 30 45 15916
PASS tile 31 45 15947
PASS tile 32 45 15947
PASS tile 33 45 15947
PASS tile 34 45 15947
PASS tile 35 45 15947
PASS tile 36 45 15947
PASS tile 37 45 15947
PASS tile 38 45 15947
PASS tile 39 45 15947
PASS tile 40 45 15947
PASS tile 41 45 15947
PASS tile 42 45 15947
PASS tile 43 45 15947
PASS tile 44 45 15947
PASS tile 45 45 15947
PASS tile 46 45 15947
PASS tile 47 45 15947
PASS tile 48 45 15947
PASS tile 49 45 15947
PASS tile 50 45 15947
PASS tile 51 45 15947
PASS tile 52 45 15947
PASS tile 53 45 15947
PASS tile 54 45 15947
PASS tile 55 45 15947
PASS tile 56 45 15916
PASS tile 57 45 15916
PASS tile 58 45 15916
PASS tile 59 45 15916
PASS tile 60 45 15916
PASS tile 61 45 15916
PASS tile 62 45 15916
PASS tile 63 45 15916
PASS tile 0 46 15916
PASS tile 1 46 15916
PASS tile 2 46 15916
PASS tile 3 46 15916
PASS tile 4 46 15916
PASS tile 5 46 15916
PASS tile 6 46 15916
PASS tile 7 46 15916
PASS tile 8 46 15916
PASS tile 9 46 15916
PASS tile 10 46 15916
PASS tile 11 46 15916
PASS tile 12 46 15916
PASS tile 13 46 15916
PASS tile 14 46 15916
PASS tile 15 46 15916
PASS tile 16 46 15916
PASS tile 17 46 15916
PASS tile 18 46 15916
PASS tile 19 46 15916
PASS tile 20 46 15916
PASS tile 21 46 15916
PASS tile 22 46 15916
PASS tile 23 46 15916
PASS tile 24 46 15916
PASS tile 25 46 15916
PASS tile 26 46 15916
PASS tile 27 46 15916
PASS tile 28 46 15916
PASS tile 29 46 15916
PASS tile 30 46 15916
PASS tile 31 46 15916
PASS tile 32 46 15916
PASS tile 33 46 15916
PASS tile 34 46 15916
PASS tile 35 46 15916
PASS tile 36 46 15916
PASS tile 37 46 15916
PASS tile 38 46 15916
PASS tile 39 46 15916
PASS tile 40 46 15916
PASS tile 41 46 15916
PASS tile 42 46 15916
PASS tile 43 46 15916
PASS tile 44 46 15916
PASS tile 45 46 15916
PASS tile 46 46 15916
PASS tile 47 46 15916
PASS tile 48 46 15916
PASS tile 49 46 15916
PASS tile 50 46 15916
PASS tile 51 46 15916
PASS tile 52 46 15916
PASS tile 53 46 15916
PASS tile 54 46 15916
PASS tile 55 46 15916
PASS tile 56 46 15916
PASS tile 57 46 15916
PASS tile 58 46 15916
PASS tile 59 46 15916
PASS tile 60 46 15916
PASS tile 61 46 15916
PASS tile 62 46 15916
PASS tile 63 46 15916
PASS tile 0 47 15916
PASS tile 1 47 15916
PASS tile 2 47 15916
PASS tile 3 47 15916
PASS tile 4 47 15916
PASS tile 5 47 15916
PASS tile 6 47 15916
PASS tile 7 47 15916
PASS tile 8 47 15916
PASS tile 9 47 15916
PASS tile 10 47 15916
PASS tile 11 47 15916
PASS tile 12 47 15916
PASS tile 13 47 15916
PASS tile 14 47 15916
PASS tile 15 47 15916
PASS tile 16 47 15916
PASS tile 17 47 15916
PASS tile 18 47 15916
PASS tile 19 47 15916
PASS tile 20 47 15916
PASS tile 21 47 15916
PASS tile 22 47 15916
PASS tile 23 47 15916
PASS tile 24 47 15916
PASS tile 25 47 15916
PASS tile 26 47 15916
PASS tile 27 47 15916
PASS tile 28 47 15916
PASS tile 29 47 15916
PASS tile 30 47 15916
PASS tile 31 47 15916
PASS tile 32 47 15916
PASS tile 33 47 15916
PASS tile 34 47 15916
PASS tile 35 47 15916
PASS tile 36 47 15916
PASS tile 37 47 15916
PASS tile 38 47 15916
PASS tile 39 47 15916
PASS tile 40 47 15916
PASS tile 41 47 15916
PASS tile 42 47 15916
PASS tile 43 47 15916
PASS tile 44 47 15916
PASS tile 45 47 15916
PASS tile 46 47 15916
PASS tile 47 47 15916
PASS tile 48 47 15916
PASS tile 49 47 15916
PASS tile 50 47 15916
PASS tile 51 47 15916
PASS tile 52 47 15916
PASS tile 53 47 15916
PASS tile 54 47 15916
PASS tile 55 47 15916
PASS tile 56 47 15916
PASS tile 57 47 15916
PASS tile 58 47 15916
PASS tile 59 47 15916
PASS tile 60 47 15916
PASS tile 61 47 15916
PASS tile 62 47 15916
PASS tile 63 47 15916
observed map-frame samples=520 peak-active-objects=2 peak-used-sprites=6
result=0 assertions=3098
