mGBA 0.10.5; 240x160; save=../prepared.sav; read-only RAM diagnostics
frame=720 map=34.4 pos=8,5 flags=7
party=2 HP=38/38,30/30 battle=0 battlers=0 outcome=0 PP=0,0 trial=1 donut-ability=0
persistent PP=8,2 status=0,0
growth level/xp/item=11/748/0,10/1058/0 stats maxHP/attack,maxHP/magic=38/26,30/15 foesHP=0,0
pattern trainer=0 turn=0 foePP=0,0 foeAtkDef=0,0 CarlAtk=0 foeLevel=0
support PP=0,0 Carl-defense=0 enemy-attack=0,0
party action uses=8,40 / 2,40
frame=721 map=34.4 pos=8,5 flags=7
party=2 HP=38/38,30/30 battle=0 battlers=0 outcome=0 PP=0,0 trial=1 donut-ability=0
persistent PP=8,2 status=0,0
growth level/xp/item=11/748/0,10/1058/0 stats maxHP/attack,maxHP/magic=38/26,30/15 foesHP=0,0
pattern trainer=0 turn=0 foePP=0,0 foeAtkDef=0,0 CarlAtk=0 foeLevel=0
support PP=0,0 Carl-defense=0 enemy-attack=0,0
party action uses=8,40 / 2,40
frame=1081 map=34.4 pos=8,5 flags=7
party=2 HP=38/38,30/30 battle=0 battlers=0 outcome=0 PP=0,0 trial=1 donut-ability=0
persistent PP=8,2 status=0,0
growth level/xp/item=11/748/0,10/1058/0 stats maxHP/attack,maxHP/magic=38/26,30/15 foesHP=0,0
pattern trainer=0 turn=0 foePP=0,0 foeAtkDef=0,0 CarlAtk=0 foeLevel=0
support PP=0,0 Carl-defense=0 enemy-attack=0,0
party action uses=8,40 / 2,40
frame=1082 map=34.4 pos=8,5 flags=7
party=2 HP=38/38,30/30 battle=0 battlers=0 outcome=0 PP=0,0 trial=1 donut-ability=0
persistent PP=8,2 status=0,0
growth level/xp/item=11/748/0,10/1058/0 stats maxHP/attack,maxHP/magic=38/26,30/15 foesHP=0,0
pattern trainer=0 turn=0 foePP=0,0 foeAtkDef=0,0 CarlAtk=0 foeLevel=0
support PP=0,0 Carl-defense=0 enemy-attack=0,0
party action uses=8,40 / 2,40
frame=1262 map=34.4 pos=8,5 flags=7
party=2 HP=38/38,30/30 battle=0 battlers=0 outcome=0 PP=0,0 trial=1 donut-ability=0
persistent PP=8,2 status=0,0
growth level/xp/item=11/748/0,10/1058/0 stats maxHP/attack,maxHP/magic=38/26,30/15 foesHP=0,0
pattern trainer=0 turn=0 foePP=0,0 foeAtkDef=0,0 CarlAtk=0 foeLevel=0
support PP=0,0 Carl-defense=0 enemy-attack=0,0
party action uses=8,40 / 2,40
frame=1263 map=34.4 pos=8,5 flags=7
party=2 HP=38/38,30/30 battle=0 battlers=0 outcome=0 PP=0,0 trial=1 donut-ability=0
persistent PP=8,2 status=0,0
growth level/xp/item=11/748/0,10/1058/0 stats maxHP/attack,maxHP/magic=38/26,30/15 foesHP=0,0
pattern trainer=0 turn=0 foePP=0,0 foeAtkDef=0,0 CarlAtk=0 foeLevel=0
support PP=0,0 Carl-defense=0 enemy-attack=0,0
party action uses=8,40 / 2,40
frame=1443 map=34.4 pos=8,5 flags=7
party=2 HP=38/38,30/30 battle=0 battlers=0 outcome=0 PP=0,0 trial=1 donut-ability=0
persistent PP=8,2 status=0,0
growth level/xp/item=11/748/0,10/1058/0 stats maxHP/attack,maxHP/magic=38/26,30/15 foesHP=0,0
pattern trainer=0 turn=0 foePP=0,0 foeAtkDef=0,0 CarlAtk=0 foeLevel=0
support PP=0,0 Carl-defense=0 enemy-attack=0,0
party action uses=8,40 / 2,40
frame=1444 map=34.4 pos=8,5 flags=7
party=2 HP=38/38,30/30 battle=0 battlers=0 outcome=0 PP=0,0 trial=1 donut-ability=0
persistent PP=8,2 status=0,0
growth level/xp/item=11/748/0,10/1058/0 stats maxHP/attack,maxHP/magic=38/26,30/15 foesHP=0,0
pattern trainer=0 turn=0 foePP=0,0 foeAtkDef=0,0 CarlAtk=0 foeLevel=0
support PP=0,0 Carl-defense=0 enemy-attack=0,0
party action uses=8,40 / 2,40
frame=2044 map=34.4 pos=8,5 flags=7
party=2 HP=38/38,30/30 battle=0 battlers=0 outcome=0 PP=0,0 trial=1 donut-ability=0
persistent PP=8,2 status=0,0
growth level/xp/item=11/748/0,10/1058/0 stats maxHP/attack,maxHP/magic=38/26,30/15 foesHP=0,0
pattern trainer=0 turn=0 foePP=0,0 foeAtkDef=0,0 CarlAtk=0 foeLevel=0
support PP=0,0 Carl-defense=0 enemy-attack=0,0
party action uses=8,40 / 2,40
frame=2044 map=34.4 pos=8,5 flags=7
party=2 HP=38/38,30/30 battle=0 battlers=0 outcome=0 PP=0,0 trial=1 donut-ability=0
persistent PP=8,2 status=0,0
growth level/xp/item=11/748/0,10/1058/0 stats maxHP/attack,maxHP/magic=38/26,30/15 foesHP=0,0
pattern trainer=0 turn=0 foePP=0,0 foeAtkDef=0,0 CarlAtk=0 foeLevel=0
support PP=0,0 Carl-defense=0 enemy-attack=0,0
party action uses=8,40 / 2,40
PASS expect 34 4 8 5 7
frame=2044 map=34.4 pos=8,5 flags=7
party=2 HP=38/38,30/30 battle=0 battlers=0 outcome=0 PP=0,0 trial=1 donut-ability=0
persistent PP=8,2 status=0,0
growth level/xp/item=11/748/0,10/1058/0 stats maxHP/attack,maxHP/magic=38/26,30/15 foesHP=0,0
PASS flag 46 1
pattern trainer=0 turn=0 foePP=0,0 foeAtkDef=0,0 CarlAtk=0 foeLevel=0
support PP=0,0 Carl-defense=0 enemy-attack=0,0
party action uses=8,40 / 2,40
PASS tile 13 6 12837
frame=2044 map=34.4 pos=8,5 flags=7
party=2 HP=38/38,30/30 battle=0 battlers=0 outcome=0 PP=0,0 trial=1 donut-ability=0
persistent PP=8,2 status=0,0
growth level/xp/item=11/748/0,10/1058/0 stats maxHP/attack,maxHP/magic=38/26,30/15 foesHP=0,0
PASS flag 47 0
pattern trainer=0 turn=0 foePP=0,0 foeAtkDef=0,0 CarlAtk=0 foeLevel=0
support PP=0,0 Carl-defense=0 enemy-attack=0,0
party action uses=8,40 / 2,40
PASS tile 11 3 12816
PASS tile 12 3 12817
PASS tile 13 3 12818
PASS tile 11 4 12823
PASS tile 12 4 13848
PASS tile 13 4 12825
frame=2044 map=34.4 pos=8,5 flags=7
party=2 HP=38/38,30/30 battle=0 battlers=0 outcome=0 PP=0,0 trial=1 donut-ability=0
persistent PP=8,2 status=0,0
growth level/xp/item=11/748/0,10/1058/0 stats maxHP/attack,maxHP/magic=38/26,30/15 foesHP=0,0
pattern trainer=0 turn=0 foePP=0,0 foeAtkDef=0,0 CarlAtk=0 foeLevel=0
support PP=0,0 Carl-defense=0 enemy-attack=0,0
party action uses=8,40 / 2,40
PASS duo healthy
frame=2045 map=34.4 pos=8,5 flags=7
party=2 HP=38/38,30/30 battle=0 battlers=0 outcome=0 PP=0,0 trial=1 donut-ability=0
persistent PP=8,2 status=0,0
growth level/xp/item=11/748/0,10/1058/0 stats maxHP/attack,maxHP/magic=38/26,30/15 foesHP=0,0
pattern trainer=859 turn=0 foePP=0,0 foeAtkDef=0,0 CarlAtk=0 foeLevel=0
support PP=0,0 Carl-defense=0 enemy-attack=0,0
party action uses=8,40 / 2,40
frame=2445 map=34.4 pos=8,5 flags=7
party=2 HP=38/38,30/30 battle=0 battlers=0 outcome=0 PP=0,0 trial=1 donut-ability=0
persistent PP=8,2 status=0,0
growth level/xp/item=11/748/0,10/1058/0 stats maxHP/attack,maxHP/magic=38/26,30/15 foesHP=0,0
pattern trainer=859 turn=0 foePP=0,0 foeAtkDef=0,0 CarlAtk=0 foeLevel=0
support PP=0,0 Carl-defense=0 enemy-attack=0,0
party action uses=8,40 / 2,40
frame=2446 map=34.4 pos=8,5 flags=7
party=2 HP=38/38,30/30 battle=0 battlers=0 outcome=0 PP=0,0 trial=1 donut-ability=0
persistent PP=8,2 status=0,0
growth level/xp/item=11/748/0,10/1058/0 stats maxHP/attack,maxHP/magic=38/26,30/15 foesHP=0,0
pattern trainer=859 turn=0 foePP=0,0 foeAtkDef=0,0 CarlAtk=0 foeLevel=0
support PP=0,0 Carl-defense=0 enemy-attack=0,0
party action uses=8,40 / 2,40
frame=2846 map=34.4 pos=8,5 flags=7
party=2 HP=38/38,30/30 battle=0 battlers=0 outcome=0 PP=0,0 trial=1 donut-ability=0
persistent PP=8,2 status=0,0
growth level/xp/item=11/748/0,10/1058/0 stats maxHP/attack,maxHP/magic=38/26,30/15 foesHP=0,0
pattern trainer=859 turn=0 foePP=0,0 foeAtkDef=0,0 CarlAtk=0 foeLevel=0
support PP=0,0 Carl-defense=0 enemy-attack=0,0
party action uses=8,40 / 2,40
frame=2847 map=34.4 pos=8,5 flags=7
party=2 HP=38/38,30/30 battle=0 battlers=0 outcome=0 PP=0,0 trial=1 donut-ability=0
persistent PP=8,2 status=0,0
growth level/xp/item=11/748/0,10/1058/0 stats maxHP/attack,maxHP/magic=38/26,30/15 foesHP=0,0
pattern trainer=859 turn=0 foePP=0,0 foeAtkDef=0,0 CarlAtk=0 foeLevel=0
support PP=0,0 Carl-defense=0 enemy-attack=0,0
party action uses=8,40 / 2,40
frame=3747 map=34.4 pos=8,5 flags=7
party=2 HP=38/38,30/30 battle=1 battlers=4 outcome=0 PP=8,2 trial=1 donut-ability=0
persistent PP=8,2 status=0,0
growth level/xp/item=11/748/0,10/1058/0 stats maxHP/attack,maxHP/magic=38/26,30/15 foesHP=36,28
pattern trainer=859 turn=0 foePP=40,40 foeAtkDef=6,6 CarlAtk=6 foeLevel=10
support PP=40,40 Carl-defense=6 enemy-attack=6,6
party action uses=8,40 / 2,40
frame=3748 map=34.4 pos=8,5 flags=7
party=2 HP=38/38,30/30 battle=1 battlers=4 outcome=0 PP=8,2 trial=1 donut-ability=0
persistent PP=8,2 status=0,0
growth level/xp/item=11/748/0,10/1058/0 stats maxHP/attack,maxHP/magic=38/26,30/15 foesHP=36,28
pattern trainer=859 turn=0 foePP=40,40 foeAtkDef=6,6 CarlAtk=6 foeLevel=10
support PP=40,40 Carl-defense=6 enemy-attack=6,6
party action uses=8,40 / 2,40
frame=4348 map=34.4 pos=8,5 flags=7
party=2 HP=38/38,30/30 battle=1 battlers=4 outcome=0 PP=8,2 trial=1 donut-ability=0
persistent PP=8,2 status=0,0
growth level/xp/item=11/748/0,10/1058/0 stats maxHP/attack,maxHP/magic=38/26,30/15 foesHP=36,28
pattern trainer=859 turn=0 foePP=40,40 foeAtkDef=6,6 CarlAtk=6 foeLevel=10
support PP=40,40 Carl-defense=6 enemy-attack=6,6
party action uses=8,40 / 2,40
frame=4349 map=34.4 pos=8,5 flags=7
party=2 HP=38/38,30/30 battle=1 battlers=4 outcome=0 PP=8,2 trial=1 donut-ability=0
persistent PP=8,2 status=0,0
growth level/xp/item=11/748/0,10/1058/0 stats maxHP/attack,maxHP/magic=38/26,30/15 foesHP=36,28
pattern trainer=859 turn=0 foePP=40,40 foeAtkDef=6,6 CarlAtk=6 foeLevel=10
support PP=40,40 Carl-defense=6 enemy-attack=6,6
party action uses=8,40 / 2,40
frame=4949 map=34.4 pos=8,5 flags=7
party=2 HP=38/38,30/30 battle=1 battlers=4 outcome=0 PP=8,2 trial=1 donut-ability=0
persistent PP=8,2 status=0,0
growth level/xp/item=11/748/0,10/1058/0 stats maxHP/attack,maxHP/magic=38/26,30/15 foesHP=36,28
pattern trainer=859 turn=0 foePP=40,40 foeAtkDef=6,6 CarlAtk=6 foeLevel=10
support PP=40,40 Carl-defense=6 enemy-attack=6,6
party action uses=8,40 / 2,40
frame=4949 map=34.4 pos=8,5 flags=7
party=2 HP=38/38,30/30 battle=1 battlers=4 outcome=0 PP=8,2 trial=1 donut-ability=0
persistent PP=8,2 status=0,0
growth level/xp/item=11/748/0,10/1058/0 stats maxHP/attack,maxHP/magic=38/26,30/15 foesHP=36,28
pattern trainer=859 turn=0 foePP=40,40 foeAtkDef=6,6 CarlAtk=6 foeLevel=10
PASS pattern 859 0 40 40 6 6 6 10
support PP=40,40 Carl-defense=6 enemy-attack=6,6
party action uses=8,40 / 2,40
pilot frame=4949 turn=0 actor=0 menu=1 selection=0 key=1
pilot turn=0 HP=38,30 foeHP=36,28 foeAtk=6 foeDef=6 CarlAtk=6
pilot frame=4961 turn=0 actor=0 menu=2 selection=0 key=1
pilot frame=4973 turn=0 actor=0 menu=3 selection=1 key=1
pilot frame=4985 turn=0 actor=2 menu=1 selection=0 key=1
pilot frame=4997 turn=0 actor=2 menu=2 selection=0 key=1
pilot turn=1 HP=33,30 foeHP=23,22 foeAtk=7 foeDef=6 CarlAtk=6
pilot frame=6161 turn=1 actor=0 menu=1 selection=0 key=1
pilot frame=6173 turn=1 actor=0 menu=2 selection=0 key=1
pilot frame=6185 turn=1 actor=0 menu=3 selection=1 key=1
pilot frame=6197 turn=1 actor=2 menu=1 selection=0 key=1
pilot frame=6209 turn=1 actor=2 menu=2 selection=0 key=1
pilot turn=2 HP=10,30 foeHP=10,15 foeAtk=7 foeDef=6 CarlAtk=6
pilot frame=7109 turn=2 actor=0 menu=1 selection=0 key=1
pilot frame=7121 turn=2 actor=0 menu=2 selection=0 key=1
pilot frame=7133 turn=2 actor=0 menu=3 selection=1 key=1
pilot frame=7145 turn=2 actor=2 menu=1 selection=0 key=1
pilot frame=7157 turn=2 actor=2 menu=2 selection=1 key=16
pilot frame=7169 turn=2 actor=2 menu=2 selection=1 key=1
pilot turn=3 HP=10,25 foeHP=0,15 foeAtk=6 foeDef=6 CarlAtk=6
pilot frame=8681 turn=3 actor=0 menu=1 selection=0 key=1
pilot frame=8693 turn=3 actor=0 menu=2 selection=0 key=1
pilot frame=8705 turn=3 actor=0 menu=3 selection=3 key=1
pilot frame=8717 turn=3 actor=2 menu=1 selection=0 key=1
pilot frame=8729 turn=3 actor=2 menu=2 selection=1 key=1
pilot completed policy=offensive frames=5379 outcome=1 incapacitation=0
frame=10568 map=34.4 pos=8,5 flags=7
party=2 HP=10/38,25/30 battle=0 battlers=4 outcome=1 PP=4,0 trial=1 donut-ability=0
persistent PP=4,0 status=0,0
growth level/xp/item=11/940/0,10/1250/0 stats maxHP/attack,maxHP/magic=38/26,30/15 foesHP=0,0
pattern trainer=859 turn=3 foePP=39,39 foeAtkDef=6,6 CarlAtk=6 foeLevel=10
support PP=40,38 Carl-defense=6 enemy-attack=6,6
party action uses=4,40 / 0,38
frame=10569 map=34.4 pos=8,5 flags=7
party=2 HP=10/38,25/30 battle=0 battlers=4 outcome=1 PP=4,0 trial=1 donut-ability=0
persistent PP=4,0 status=0,0
growth level/xp/item=11/940/0,10/1250/0 stats maxHP/attack,maxHP/magic=38/26,30/15 foesHP=0,0
pattern trainer=859 turn=3 foePP=39,39 foeAtkDef=6,6 CarlAtk=6 foeLevel=10
support PP=40,38 Carl-defense=6 enemy-attack=6,6
party action uses=4,40 / 0,38
frame=10969 map=34.4 pos=8,5 flags=7
party=2 HP=10/38,25/30 battle=0 battlers=4 outcome=1 PP=4,0 trial=1 donut-ability=0
persistent PP=4,0 status=0,0
growth level/xp/item=11/940/0,10/1250/0 stats maxHP/attack,maxHP/magic=38/26,30/15 foesHP=0,0
pattern trainer=859 turn=3 foePP=39,39 foeAtkDef=6,6 CarlAtk=6 foeLevel=10
support PP=40,38 Carl-defense=6 enemy-attack=6,6
party action uses=4,40 / 0,38
frame=10970 map=34.4 pos=8,5 flags=7
party=2 HP=10/38,25/30 battle=0 battlers=4 outcome=1 PP=4,0 trial=1 donut-ability=0
persistent PP=4,0 status=0,0
growth level/xp/item=11/940/0,10/1250/0 stats maxHP/attack,maxHP/magic=38/26,30/15 foesHP=0,0
pattern trainer=859 turn=3 foePP=39,39 foeAtkDef=6,6 CarlAtk=6 foeLevel=10
support PP=40,38 Carl-defense=6 enemy-attack=6,6
party action uses=4,40 / 0,38
frame=11370 map=34.4 pos=8,5 flags=7
party=2 HP=10/38,25/30 battle=0 battlers=4 outcome=1 PP=4,0 trial=1 donut-ability=0
persistent PP=4,0 status=0,0
growth level/xp/item=11/940/0,10/1250/0 stats maxHP/attack,maxHP/magic=38/26,30/15 foesHP=0,0
pattern trainer=859 turn=3 foePP=39,39 foeAtkDef=6,6 CarlAtk=6 foeLevel=10
support PP=40,38 Carl-defense=6 enemy-attack=6,6
party action uses=4,40 / 0,38
frame=11371 map=34.4 pos=8,5 flags=7
party=2 HP=10/38,25/30 battle=0 battlers=4 outcome=1 PP=4,0 trial=1 donut-ability=0
persistent PP=4,0 status=0,0
growth level/xp/item=11/940/0,10/1250/0 stats maxHP/attack,maxHP/magic=38/26,30/15 foesHP=0,0
pattern trainer=859 turn=3 foePP=39,39 foeAtkDef=6,6 CarlAtk=6 foeLevel=10
support PP=40,38 Carl-defense=6 enemy-attack=6,6
party action uses=4,40 / 0,38
frame=11771 map=34.4 pos=8,5 flags=7
party=2 HP=10/38,25/30 battle=0 battlers=4 outcome=1 PP=4,0 trial=1 donut-ability=0
persistent PP=4,0 status=0,0
growth level/xp/item=11/940/0,10/1250/0 stats maxHP/attack,maxHP/magic=38/26,30/15 foesHP=0,0
pattern trainer=859 turn=3 foePP=39,39 foeAtkDef=6,6 CarlAtk=6 foeLevel=10
support PP=40,38 Carl-defense=6 enemy-attack=6,6
party action uses=4,40 / 0,38
frame=11772 map=34.4 pos=8,5 flags=7
party=2 HP=10/38,25/30 battle=0 battlers=4 outcome=1 PP=4,0 trial=1 donut-ability=0
persistent PP=4,0 status=0,0
growth level/xp/item=11/940/0,10/1250/0 stats maxHP/attack,maxHP/magic=38/26,30/15 foesHP=0,0
pattern trainer=859 turn=3 foePP=39,39 foeAtkDef=6,6 CarlAtk=6 foeLevel=10
support PP=40,38 Carl-defense=6 enemy-attack=6,6
party action uses=4,40 / 0,38
frame=11892 map=34.4 pos=8,5 flags=7
party=2 HP=10/38,25/30 battle=0 battlers=4 outcome=1 PP=4,0 trial=1 donut-ability=0
persistent PP=4,0 status=0,0
growth level/xp/item=11/940/0,10/1250/0 stats maxHP/attack,maxHP/magic=38/26,30/15 foesHP=0,0
pattern trainer=859 turn=3 foePP=39,39 foeAtkDef=6,6 CarlAtk=6 foeLevel=10
support PP=40,38 Carl-defense=6 enemy-attack=6,6
party action uses=4,40 / 0,38
frame=11892 map=34.4 pos=8,5 flags=7
party=2 HP=10/38,25/30 battle=0 battlers=4 outcome=1 PP=4,0 trial=1 donut-ability=0
persistent PP=4,0 status=0,0
growth level/xp/item=11/940/0,10/1250/0 stats maxHP/attack,maxHP/magic=38/26,30/15 foesHP=0,0
PASS flag 47 1
pattern trainer=859 turn=3 foePP=39,39 foeAtkDef=6,6 CarlAtk=6 foeLevel=10
support PP=40,38 Carl-defense=6 enemy-attack=6,6
party action uses=4,40 / 0,38
PASS tile 11 3 12838
PASS tile 12 3 12839
PASS tile 13 3 12840
PASS tile 11 4 12841
PASS tile 12 4 13866
PASS tile 13 4 12843
frame=11892 map=34.4 pos=8,5 flags=7
party=2 HP=10/38,25/30 battle=0 battlers=4 outcome=1 PP=4,0 trial=1 donut-ability=0
persistent PP=4,0 status=0,0
growth level/xp/item=11/940/0,10/1250/0 stats maxHP/attack,maxHP/magic=38/26,30/15 foesHP=0,0
pattern trainer=859 turn=3 foePP=39,39 foeAtkDef=6,6 CarlAtk=6 foeLevel=10
support PP=40,38 Carl-defense=6 enemy-attack=6,6
party action uses=4,40 / 0,38
PASS battle 0 4 1 4 0 1 0
frame=11892 map=34.4 pos=8,5 flags=7
party=2 HP=10/38,25/30 battle=0 battlers=4 outcome=1 PP=4,0 trial=1 donut-ability=0
persistent PP=4,0 status=0,0
PASS roster 10 25 4 0 0 0
growth level/xp/item=11/940/0,10/1250/0 stats maxHP/attack,maxHP/magic=38/26,30/15 foesHP=0,0
pattern trainer=859 turn=3 foePP=39,39 foeAtkDef=6,6 CarlAtk=6 foeLevel=10
support PP=40,38 Carl-defense=6 enemy-attack=6,6
party action uses=4,40 / 0,38
frame=11892 map=34.4 pos=8,5 flags=7
party=2 HP=10/38,25/30 battle=0 battlers=4 outcome=1 PP=4,0 trial=1 donut-ability=0
persistent PP=4,0 status=0,0
growth level/xp/item=11/940/0,10/1250/0 stats maxHP/attack,maxHP/magic=38/26,30/15 foesHP=0,0
pattern trainer=859 turn=3 foePP=39,39 foeAtkDef=6,6 CarlAtk=6 foeLevel=10
support PP=40,38 Carl-defense=6 enemy-attack=6,6
party action uses=4,40 / 0,38
PASS uses 4 40 0 38
frame=11892 map=34.4 pos=8,5 flags=7
party=2 HP=10/38,25/30 battle=0 battlers=4 outcome=1 PP=4,0 trial=1 donut-ability=0
persistent PP=4,0 status=0,0
growth level/xp/item=11/940/0,10/1250/0 stats maxHP/attack,maxHP/magic=38/26,30/15 foesHP=0,0
PASS flag 48 0
pattern trainer=859 turn=3 foePP=39,39 foeAtkDef=6,6 CarlAtk=6 foeLevel=10
support PP=40,38 Carl-defense=6 enemy-attack=6,6
party action uses=4,40 / 0,38
frame=11892 map=34.4 pos=8,5 flags=7
party=2 HP=10/38,25/30 battle=0 battlers=4 outcome=1 PP=4,0 trial=1 donut-ability=0
persistent PP=4,0 status=0,0
growth level/xp/item=11/940/0,10/1250/0 stats maxHP/attack,maxHP/magic=38/26,30/15 foesHP=0,0
PASS flag 2138 0
pattern trainer=859 turn=3 foePP=39,39 foeAtkDef=6,6 CarlAtk=6 foeLevel=10
support PP=40,38 Carl-defense=6 enemy-attack=6,6
party action uses=4,40 / 0,38
frame=11892 map=34.4 pos=8,5 flags=7
party=2 HP=10/38,25/30 battle=0 battlers=4 outcome=1 PP=4,0 trial=1 donut-ability=0
persistent PP=4,0 status=0,0
growth level/xp/item=11/940/0,10/1250/0 stats maxHP/attack,maxHP/magic=38/26,30/15 foesHP=0,0
PASS flag 2139 1
pattern trainer=859 turn=3 foePP=39,39 foeAtkDef=6,6 CarlAtk=6 foeLevel=10
support PP=40,38 Carl-defense=6 enemy-attack=6,6
party action uses=4,40 / 0,38
frame=11892 map=34.4 pos=8,5 flags=7
party=2 HP=10/38,25/30 battle=0 battlers=4 outcome=1 PP=4,0 trial=1 donut-ability=0
persistent PP=4,0 status=0,0
growth level/xp/item=11/940/0,10/1250/0 stats maxHP/attack,maxHP/magic=38/26,30/15 foesHP=0,0
PASS growth 11 940 0 10 1250 0
pattern trainer=859 turn=3 foePP=39,39 foeAtkDef=6,6 CarlAtk=6 foeLevel=10
support PP=40,38 Carl-defense=6 enemy-attack=6,6
party action uses=4,40 / 0,38
frame=11892 map=34.4 pos=8,5 flags=7
party=2 HP=10/38,25/30 battle=0 battlers=4 outcome=1 PP=4,0 trial=1 donut-ability=0
persistent PP=4,0 status=0,0
growth level/xp/item=11/940/0,10/1250/0 stats maxHP/attack,maxHP/magic=38/26,30/15 foesHP=0,0
PASS item 13 1
pattern trainer=859 turn=3 foePP=39,39 foeAtkDef=6,6 CarlAtk=6 foeLevel=10
support PP=40,38 Carl-defense=6 enemy-attack=6,6
party action uses=4,40 / 0,38
frame=11892 map=34.4 pos=8,5 flags=7
party=2 HP=10/38,25/30 battle=0 battlers=4 outcome=1 PP=4,0 trial=1 donut-ability=0
persistent PP=4,0 status=0,0
growth level/xp/item=11/940/0,10/1250/0 stats maxHP/attack,maxHP/magic=38/26,30/15 foesHP=0,0
PASS item 22 1
pattern trainer=859 turn=3 foePP=39,39 foeAtkDef=6,6 CarlAtk=6 foeLevel=10
support PP=40,38 Carl-defense=6 enemy-attack=6,6
party action uses=4,40 / 0,38
frame=11892 map=34.4 pos=8,5 flags=7
party=2 HP=10/38,25/30 battle=0 battlers=4 outcome=1 PP=4,0 trial=1 donut-ability=0
persistent PP=4,0 status=0,0
growth level/xp/item=11/940/0,10/1250/0 stats maxHP/attack,maxHP/magic=38/26,30/15 foesHP=0,0
PASS item 378 0
pattern trainer=859 turn=3 foePP=39,39 foeAtkDef=6,6 CarlAtk=6 foeLevel=10
support PP=40,38 Carl-defense=6 enemy-attack=6,6
party action uses=4,40 / 0,38
frame=11892 map=34.4 pos=8,5 flags=7
party=2 HP=10/38,25/30 battle=0 battlers=4 outcome=1 PP=4,0 trial=1 donut-ability=0
persistent PP=4,0 status=0,0
growth level/xp/item=11/940/0,10/1250/0 stats maxHP/attack,maxHP/magic=38/26,30/15 foesHP=0,0
PASS item 380 0
pattern trainer=859 turn=3 foePP=39,39 foeAtkDef=6,6 CarlAtk=6 foeLevel=10
support PP=40,38 Carl-defense=6 enemy-attack=6,6
party action uses=4,40 / 0,38
frame=11893 map=34.4 pos=8,5 flags=7
party=2 HP=10/38,25/30 battle=0 battlers=4 outcome=1 PP=4,0 trial=1 donut-ability=0
persistent PP=4,0 status=0,0
growth level/xp/item=11/940/0,10/1250/0 stats maxHP/attack,maxHP/magic=38/26,30/15 foesHP=0,0
pattern trainer=859 turn=3 foePP=39,39 foeAtkDef=6,6 CarlAtk=6 foeLevel=10
support PP=40,38 Carl-defense=6 enemy-attack=6,6
party action uses=4,40 / 0,38
frame=12293 map=34.4 pos=8,5 flags=7
party=2 HP=10/38,25/30 battle=0 battlers=4 outcome=1 PP=4,0 trial=1 donut-ability=0
persistent PP=4,0 status=0,0
growth level/xp/item=11/940/0,10/1250/0 stats maxHP/attack,maxHP/magic=38/26,30/15 foesHP=0,0
pattern trainer=859 turn=3 foePP=39,39 foeAtkDef=6,6 CarlAtk=6 foeLevel=10
support PP=40,38 Carl-defense=6 enemy-attack=6,6
party action uses=4,40 / 0,38
frame=12293 map=34.4 pos=8,5 flags=7
party=2 HP=10/38,25/30 battle=0 battlers=4 outcome=1 PP=4,0 trial=1 donut-ability=0
persistent PP=4,0 status=0,0
growth level/xp/item=11/940/0,10/1250/0 stats maxHP/attack,maxHP/magic=38/26,30/15 foesHP=0,0
PASS growth 11 940 0 10 1250 0
pattern trainer=859 turn=3 foePP=39,39 foeAtkDef=6,6 CarlAtk=6 foeLevel=10
support PP=40,38 Carl-defense=6 enemy-attack=6,6
party action uses=4,40 / 0,38
frame=12294 map=34.4 pos=8,5 flags=7
party=2 HP=10/38,25/30 battle=0 battlers=4 outcome=1 PP=4,0 trial=1 donut-ability=0
persistent PP=4,0 status=0,0
growth level/xp/item=11/940/0,10/1250/0 stats maxHP/attack,maxHP/magic=38/26,30/15 foesHP=0,0
pattern trainer=859 turn=3 foePP=39,39 foeAtkDef=6,6 CarlAtk=6 foeLevel=10
support PP=40,38 Carl-defense=6 enemy-attack=6,6
party action uses=4,40 / 0,38
frame=12414 map=34.4 pos=8,5 flags=7
party=2 HP=10/38,25/30 battle=0 battlers=4 outcome=1 PP=4,0 trial=1 donut-ability=0
persistent PP=4,0 status=0,0
growth level/xp/item=11/940/0,10/1250/0 stats maxHP/attack,maxHP/magic=38/26,30/15 foesHP=0,0
pattern trainer=859 turn=3 foePP=39,39 foeAtkDef=6,6 CarlAtk=6 foeLevel=10
support PP=40,38 Carl-defense=6 enemy-attack=6,6
party action uses=4,40 / 0,38
frame=12415 map=34.4 pos=8,5 flags=7
party=2 HP=10/38,25/30 battle=0 battlers=4 outcome=1 PP=4,0 trial=1 donut-ability=0
persistent PP=4,0 status=0,0
growth level/xp/item=11/940/0,10/1250/0 stats maxHP/attack,maxHP/magic=38/26,30/15 foesHP=0,0
pattern trainer=859 turn=3 foePP=39,39 foeAtkDef=6,6 CarlAtk=6 foeLevel=10
support PP=40,38 Carl-defense=6 enemy-attack=6,6
party action uses=4,40 / 0,38
frame=12535 map=34.4 pos=8,5 flags=7
party=2 HP=10/38,25/30 battle=0 battlers=4 outcome=1 PP=4,0 trial=1 donut-ability=0
persistent PP=4,0 status=0,0
growth level/xp/item=11/940/0,10/1250/0 stats maxHP/attack,maxHP/magic=38/26,30/15 foesHP=0,0
pattern trainer=859 turn=3 foePP=39,39 foeAtkDef=6,6 CarlAtk=6 foeLevel=10
support PP=40,38 Carl-defense=6 enemy-attack=6,6
party action uses=4,40 / 0,38
frame=12536 map=34.4 pos=8,5 flags=7
party=2 HP=10/38,25/30 battle=0 battlers=4 outcome=1 PP=4,0 trial=1 donut-ability=0
persistent PP=4,0 status=0,0
growth level/xp/item=11/940/0,10/1250/0 stats maxHP/attack,maxHP/magic=38/26,30/15 foesHP=0,0
pattern trainer=859 turn=3 foePP=39,39 foeAtkDef=6,6 CarlAtk=6 foeLevel=10
support PP=40,38 Carl-defense=6 enemy-attack=6,6
party action uses=4,40 / 0,38
frame=12556 map=34.4 pos=8,5 flags=7
party=2 HP=10/38,25/30 battle=0 battlers=4 outcome=1 PP=4,0 trial=1 donut-ability=0
persistent PP=4,0 status=0,0
growth level/xp/item=11/940/0,10/1250/0 stats maxHP/attack,maxHP/magic=38/26,30/15 foesHP=0,0
pattern trainer=859 turn=3 foePP=39,39 foeAtkDef=6,6 CarlAtk=6 foeLevel=10
support PP=40,38 Carl-defense=6 enemy-attack=6,6
party action uses=4,40 / 0,38
frame=12557 map=34.4 pos=8,5 flags=7
party=2 HP=10/38,25/30 battle=0 battlers=4 outcome=1 PP=4,0 trial=1 donut-ability=0
persistent PP=4,0 status=0,0
growth level/xp/item=11/940/0,10/1250/0 stats maxHP/attack,maxHP/magic=38/26,30/15 foesHP=0,0
pattern trainer=859 turn=3 foePP=39,39 foeAtkDef=6,6 CarlAtk=6 foeLevel=10
support PP=40,38 Carl-defense=6 enemy-attack=6,6
party action uses=4,40 / 0,38
frame=12577 map=34.4 pos=8,5 flags=7
party=2 HP=10/38,25/30 battle=0 battlers=4 outcome=1 PP=4,0 trial=1 donut-ability=0
persistent PP=4,0 status=0,0
growth level/xp/item=11/940/0,10/1250/0 stats maxHP/attack,maxHP/magic=38/26,30/15 foesHP=0,0
pattern trainer=859 turn=3 foePP=39,39 foeAtkDef=6,6 CarlAtk=6 foeLevel=10
support PP=40,38 Carl-defense=6 enemy-attack=6,6
party action uses=4,40 / 0,38
frame=12578 map=34.4 pos=8,5 flags=7
party=2 HP=10/38,25/30 battle=0 battlers=4 outcome=1 PP=4,0 trial=1 donut-ability=0
persistent PP=4,0 status=0,0
growth level/xp/item=11/940/0,10/1250/0 stats maxHP/attack,maxHP/magic=38/26,30/15 foesHP=0,0
pattern trainer=859 turn=3 foePP=39,39 foeAtkDef=6,6 CarlAtk=6 foeLevel=10
support PP=40,38 Carl-defense=6 enemy-attack=6,6
party action uses=4,40 / 0,38
frame=12738 map=34.4 pos=8,5 flags=7
party=2 HP=10/38,25/30 battle=0 battlers=4 outcome=1 PP=4,0 trial=1 donut-ability=0
persistent PP=4,0 status=0,0
growth level/xp/item=11/940/0,10/1250/0 stats maxHP/attack,maxHP/magic=38/26,30/15 foesHP=0,0
pattern trainer=859 turn=3 foePP=39,39 foeAtkDef=6,6 CarlAtk=6 foeLevel=10
support PP=40,38 Carl-defense=6 enemy-attack=6,6
party action uses=4,40 / 0,38
frame=12739 map=34.4 pos=8,5 flags=7
party=2 HP=10/38,25/30 battle=0 battlers=4 outcome=1 PP=4,0 trial=1 donut-ability=0
persistent PP=4,0 status=0,0
growth level/xp/item=11/940/0,10/1250/0 stats maxHP/attack,maxHP/magic=38/26,30/15 foesHP=0,0
pattern trainer=859 turn=3 foePP=39,39 foeAtkDef=6,6 CarlAtk=6 foeLevel=10
support PP=40,38 Carl-defense=6 enemy-attack=6,6
party action uses=4,40 / 0,38
frame=12919 map=34.4 pos=8,5 flags=7
party=2 HP=10/38,25/30 battle=0 battlers=4 outcome=1 PP=4,0 trial=1 donut-ability=0
persistent PP=4,0 status=0,0
growth level/xp/item=11/940/0,10/1250/0 stats maxHP/attack,maxHP/magic=38/26,30/15 foesHP=0,0
pattern trainer=859 turn=3 foePP=39,39 foeAtkDef=6,6 CarlAtk=6 foeLevel=10
support PP=40,38 Carl-defense=6 enemy-attack=6,6
party action uses=4,40 / 0,38
frame=12920 map=34.4 pos=8,5 flags=7
party=2 HP=10/38,25/30 battle=0 battlers=4 outcome=1 PP=4,0 trial=1 donut-ability=0
persistent PP=4,0 status=0,0
growth level/xp/item=11/940/0,10/1250/0 stats maxHP/attack,maxHP/magic=38/26,30/15 foesHP=0,0
pattern trainer=859 turn=3 foePP=39,39 foeAtkDef=6,6 CarlAtk=6 foeLevel=10
support PP=40,38 Carl-defense=6 enemy-attack=6,6
party action uses=4,40 / 0,38
frame=13520 map=34.4 pos=8,5 flags=7
party=2 HP=10/38,25/30 battle=0 battlers=4 outcome=1 PP=4,0 trial=1 donut-ability=0
persistent PP=4,0 status=0,0
growth level/xp/item=11/940/0,10/1250/0 stats maxHP/attack,maxHP/magic=38/26,30/15 foesHP=0,0
pattern trainer=859 turn=3 foePP=39,39 foeAtkDef=6,6 CarlAtk=6 foeLevel=10
support PP=40,38 Carl-defense=6 enemy-attack=6,6
party action uses=4,40 / 0,38
frame=13521 map=34.4 pos=8,5 flags=7
party=2 HP=10/38,25/30 battle=0 battlers=4 outcome=1 PP=4,0 trial=1 donut-ability=0
persistent PP=4,0 status=0,0
growth level/xp/item=11/940/0,10/1250/0 stats maxHP/attack,maxHP/magic=38/26,30/15 foesHP=0,0
pattern trainer=859 turn=3 foePP=39,39 foeAtkDef=6,6 CarlAtk=6 foeLevel=10
support PP=40,38 Carl-defense=6 enemy-attack=6,6
party action uses=4,40 / 0,38
frame=14121 map=34.4 pos=8,5 flags=7
party=2 HP=10/38,25/30 battle=0 battlers=4 outcome=1 PP=4,0 trial=1 donut-ability=0
persistent PP=4,0 status=0,0
growth level/xp/item=11/940/0,10/1250/0 stats maxHP/attack,maxHP/magic=38/26,30/15 foesHP=0,0
pattern trainer=859 turn=3 foePP=39,39 foeAtkDef=6,6 CarlAtk=6 foeLevel=10
support PP=40,38 Carl-defense=6 enemy-attack=6,6
party action uses=4,40 / 0,38
frame=14121 map=34.4 pos=8,5 flags=7
party=2 HP=10/38,25/30 battle=0 battlers=4 outcome=1 PP=4,0 trial=1 donut-ability=0
persistent PP=4,0 status=0,0
growth level/xp/item=11/940/0,10/1250/0 stats maxHP/attack,maxHP/magic=38/26,30/15 foesHP=0,0
pattern trainer=859 turn=3 foePP=39,39 foeAtkDef=6,6 CarlAtk=6 foeLevel=10
support PP=40,38 Carl-defense=6 enemy-attack=6,6
party action uses=4,40 / 0,38
PASS expect 34 4 8 5 7
result=0 assertions=33
